Unity Editor version:    6000.4.0f1 (8cf496087c8f)
Branch:                  6000.4/staging
Build type:              Release
Batch mode:              YES
macOS version:           Version 26.5.1 (Build 25F80)
Darwin version:          25.5.0
Architecture:            arm64
Running under Rosetta:   NO
Available memory:        16384 MB
Date:                    2026-06-23T13:45:45Z
[Licensing::Module] Trying to connect to existing licensing client channel...
[Licensing::IpcConnector] Successfully connected to: "LicenseClient-farhad" at "2026-06-23T13:45:45.726079Z"
Launching external process: /Applications/Unity/Hub/Editor/6000.4.0f1/Unity.app/Contents/Helpers/PackageManager/Server/UnityPackageManager

COMMAND LINE ARGUMENTS:
/Applications/Unity/Hub/Editor/6000.4.0f1/Unity.app/Contents/MacOS/Unity
-batchmode
-projectPath
/Users/farhad/Projects/WarlineCapture-CodexUnity1
-executeMethod
CanvasMenuFallbackValidation.RunRouteCapture
-logFile
/Users/farhad/Projects/WarlineCapture/Design/VisualLockLayered/_CanvasTargetLockVisualMatch/SCN-19_Armory/iteration_18/shadow_canvas_scn19_armory_final_1920x1080.log
Successfully changed project path to: /Users/farhad/Projects/WarlineCapture-CodexUnity1
/Users/farhad/Projects/WarlineCapture-CodexUnity1
[UnityMemory] Configuration Parameters - Can be set up in boot.config
    "memorysetup-temp-allocator-size-gi-baking-worker=262144"
    "memorysetup-temp-allocator-size-gi-baking-worker=262144"
    "memorysetup-temp-allocator-size-gi-baking-worker=262144"
    "memorysetup-temp-allocator-size-gi-baking-worker=262144"
    "memorysetup-temp-allocator-size-gi-baking-worker=262144"
    "memorysetup-temp-allocator-size-nav-mesh-worker=65536"
    "memorysetup-temp-allocator-size-audio-worker=65536"
    "memorysetup-temp-allocator-size-cloud-worker=32768"
    "memorysetup-allocator-temp-initial-block-size-main=262144"
    "memorysetup-allocator-temp-initial-block-size-worker=262144"
    "memorysetup-temp-allocator-size-background-worker=32768"
    "memorysetup-temp-allocator-size-job-worker=262144"
    "memorysetup-temp-allocator-size-preload-manager=33554432"
    "memorysetup-temp-allocator-size-gfx=262144"
    "memorysetup-bucket-allocator-granularity=16"
    "memorysetup-bucket-allocator-bucket-count=8"
    "memorysetup-bucket-allocator-block-size=33554432"
    "memorysetup-bucket-allocator-block-count=8"
    "memorysetup-main-allocator-block-size=16777216"
    "memorysetup-thread-allocator-block-size=16777216"
    "memorysetup-gfx-main-allocator-block-size=16777216"
    "memorysetup-gfx-thread-allocator-block-size=16777216"
    "memorysetup-cache-allocator-block-size=4194304"
    "memorysetup-typetree-allocator-block-size=2097152"
    "memorysetup-profiler-bucket-allocator-granularity=16"
    "memorysetup-profiler-bucket-allocator-bucket-count=8"
    "memorysetup-profiler-bucket-allocator-block-size=33554432"
    "memorysetup-profiler-bucket-allocator-block-count=8"
    "memorysetup-profiler-allocator-block-size=16777216"
    "memorysetup-profiler-editor-allocator-block-size=1048576"
    "memorysetup-temp-allocator-size-main=16777216"
    "memorysetup-job-temp-allocator-block-size=2097152"
    "memorysetup-job-temp-allocator-block-size-background=1048576"
    "memorysetup-job-temp-allocator-reduction-small-platforms=262144"
Player connection [8301764224]  Target information:

Player connection [8301764224]  * "[IP] 192.168.2.175 [Port] 55504 [Flags] 2 [Guid] 1999970532 [EditorId] 1999970532 [Version] 1048832 [Id] OSXEditor(0,Farhads-Air-2) [Debug] 1 [PackageName] OSXEditor [ProjectName] Editor" 

Player connection [8301764224] Host joined multi-casting on [225.0.0.222:54997]...
Player connection [8301764224] Host joined alternative multi-casting on [225.0.0.222:34997]...
Input System module state changed to: Initialized.
[Physics::Module] Initialized fallback backend.
[Physics::Module] Id: 0xdecafbad
[Package Manager] Connected to IPC stream "Upm-20710" after 0.3 seconds.
[Licensing::Module] Licensing is not yet initialized.
[Licensing::Client] Error: HandshakeResponse reported an error:
	ResponseCode: 505
	ResponseStatus: Unsupported protocol version '1.18.1'.
[Licensing::Module] Error: Failed to handshake to channel: "LicenseClient-farhad"
[Licensing::IpcConnector] LicenseClient-farhad channel disconnected successfully.
[Licensing::IpcConnector] Channel LicenseClient-farhad-6000.4.0 doesn't exist
Launching external process: /Applications/Unity/Hub/Editor/6000.4.0f1/Unity.app/Contents/Helpers/UnityLicensingClient.app/Contents/MacOS/Unity.Licensing.Client
[Licensing::Module] Successfully launched the LicensingClient (PId: 20754)
[Licensing::IpcConnector] Successfully connected to: "LicenseClient-farhad-6000.4.0" at "2026-06-23T13:45:47.194213Z"
[Licensing::Client] Handshaking with LicensingClient:
  Version:                 1.18.1+9fbee8e
  Session Id:              6315a6aad38645e7b531d975238d6c28
  Correlation Id:          f4034d8fc90a3bb16652db27d479714c
  External correlation Id: 1547264232792636135
  Machine Id:              10T5sSSYWiUOOlqtQecUz0BYTYA=
[Licensing::Module] Successfully connected to LicensingClient on channel: "LicenseClient-farhad-6000.4.0" (connect: 0.88s, validation: 0.07s, handshake: 0.71s)
[Licensing::IpcConnector] Successfully connected to: "LicenseClient-farhad-6000.4.0-notifications" at "2026-06-23T13:45:47.978852Z"
[Licensing::Module] Connected to LicensingClient (PId: 20754, launch time: 0.00, total connection time: 1.66s)
[Licensing::Module] Error: Access token is unavailable; failed to update
[Licensing::Client] Successfully resolved entitlement details
[Licensing::Module] License group:
  Id: 2197950-UnityPersXXXX
  Product: Unity Personal
  Type: Assigned
  Expiration: Unlimited
[Licensing::Client] Successfully updated license, isAsync: True, time: 0.01
[Licensing::Client] Successfully resolved entitlement details
[Licensing::Module] Licensing Background thread has ended after 2.30s
[Licensing::Module] Licensing is initialized (took 1.82s).
[Licensing::Client] Successfully resolved entitlement details
Library Redirect Path: Library/
[Physics::Module] Selected backend.
[Physics::Module] Name: PhysX
[Physics::Module] Id: 0xf2b8ea05
[Physics::Module] SDK Version: 4.1.2
[Physics::Module] Integration Version: 1.0.0
[Physics::Module] Threading Mode: Multi-Threaded
Initialize engine version: 6000.4.0f1 (8cf496087c8f)
[Subsystems] Discovering subsystems at path /Applications/Unity/Hub/Editor/6000.4.0f1/Unity.app/Contents/Resources/UnitySubsystems
[Subsystems] Discovering subsystems at path /Users/farhad/Projects/WarlineCapture-CodexUnity1/Assets
GfxDevice: creating device client; kGfxThreadingModeNonThreaded
 preferred device: Apple M5 (high power)
Metal devices available: 1
0: Apple M5 (high power)
Using device Apple M5 (high power)
Initializing Metal device caps: Apple M5
Mac GPU Family: 2
Apple GPU Family: 9
MSL Version: 3.0
Has Float MSAA: 1
Has Float Filtering: 1
ReadWrite Texture Tier: 2
Initialize mono
Mono path[0] = '/Applications/Unity/Hub/Editor/6000.4.0f1/Unity.app/Contents/Resources/Scripting/Managed'
Mono path[1] = '/Applications/Unity/Hub/Editor/6000.4.0f1/Unity.app/Contents/Resources/Scripting/MonoBleedingEdge/lib/mono/unityjit-macos'
Mono config path = '/Applications/Unity/Hub/Editor/6000.4.0f1/Unity.app/Contents/Resources/Scripting/MonoBleedingEdge/etc'
Using monoOptions --debugger-agent=transport=dt_socket,embedding=1,server=y,suspend=n,address=127.0.0.1:56710
CodeReloadManager initialized
Using cacheserver namespaces - metadata:defaultmetadata, artifacts:defaultartifacts
Using cacheserver namespaces - metadata:defaultmetadata, artifacts:defaultartifacts
ImportWorker Server TCP listen port: 0
AcceleratorClientConnectionCallback - disconnected - :0
Begin MonoManager ReloadAssembly
Registering precompiled unity dll's ...
Register platform support module: /Applications/Unity/Hub/Editor/6000.4.0f1/Unity.app/Contents/PlaybackEngines/MacStandaloneSupport/UnityEditor.OSXStandalone.Extensions.dll
Register platform support module: /Applications/Unity/Hub/Editor/6000.4.0f1/PlaybackEngines/WindowsStandaloneSupport/UnityEditor.WindowsStandalone.Extensions.dll
[Licensing::Client] Successfully resolved entitlement details
Register platform support module: /Applications/Unity/Hub/Editor/6000.4.0f1/PlaybackEngines/AndroidPlayer/UnityEditor.Android.Extensions.dll
[Licensing::Client] Successfully resolved entitlement details
Register platform support module: /Applications/Unity/Hub/Editor/6000.4.0f1/PlaybackEngines/iOSSupport/UnityEditor.iOS.Extensions.dll
Registered in 0.009160 seconds.
[usbmuxd] Start listen thread
[usbmuxd] Listen thread started
[usbmuxd] Send listen message
Native extension for iOS target not found
Native extension for Android target not found
Android Extension - Scanning For ADB Devices 3130 ms
Native extension for WindowsStandalone target not found
Native extension for OSXStandalone target not found
Package Manager log level set to [2]
ScheduleIndexationOnStartup MainProcess:False IndexOnStartup:True
Mono: successfully reloaded assembly
- Finished resetting the current domain, in  3.839 seconds
Domain Reload Profiling: 4491ms
	BeginReloadAssembly (156ms)
		CreateAndSetChildDomain (8ms)
	RebuildCommonClasses (54ms)
	RebuildNativeTypeToScriptingClass (22ms)
	initialDomainReloadingComplete (87ms)
	LoadAllAssembliesAndSetupDomain (332ms)
		LoadAssemblies (150ms)
		AnalyzeDomain (314ms)
			TypeCache.Refresh (313ms)
				TypeCache.ScanAssembly (293ms)
	FinalizeReload (3840ms)
		SetupLoadedEditorAssemblies (0ms)
			InitializePlatformSupportModulesInManaged (3358ms)
			BeforeProcessingInitializeOnLoad (132ms)
			ProcessInitializeOnLoadAttributes (130ms)
			ProcessInitializeOnLoadMethodAttributes (120ms)
[Licensing::Client] Successfully resolved entitlement details
Application.AssetDatabase Initial Refresh Start
[Package Manager] Restoring resolved packages state from cache
[Licensing::Client] Successfully resolved entitlement details
[Package Manager] Registered 65 packages:
  Packages from [https://packages.unity.com]:
    com.unity.collab-proxy@2.11.4 (location: /Users/farhad/Projects/WarlineCapture-CodexUnity1/Library/PackageCache/com.unity.collab-proxy@a5329f833fa8)
    com.unity.ide.rider@3.0.40 (location: /Users/farhad/Projects/WarlineCapture-CodexUnity1/Library/PackageCache/com.unity.ide.rider@e4950c6d131b)
    com.unity.ide.visualstudio@2.0.27 (location: /Users/farhad/Projects/WarlineCapture-CodexUnity1/Library/PackageCache/com.unity.ide.visualstudio@dc1ddd4f09b6)
    com.unity.inputsystem@1.19.0 (location: /Users/farhad/Projects/WarlineCapture-CodexUnity1/Library/PackageCache/com.unity.inputsystem@21a28c3a6c83)
    com.unity.postprocessing@3.5.4 (location: /Users/farhad/Projects/WarlineCapture-CodexUnity1/Library/PackageCache/com.unity.postprocessing@141166b789e3)
    com.unity.probuilder@6.0.9 (location: /Users/farhad/Projects/WarlineCapture-CodexUnity1/Library/PackageCache/com.unity.probuilder@1f279ab829b7)
    com.unity.serialization@3.1.2 (location: /Users/farhad/Projects/WarlineCapture-CodexUnity1/Library/PackageCache/com.unity.serialization@582cbf30bbfd)
    com.unity.timeline@1.8.11 (location: /Users/farhad/Projects/WarlineCapture-CodexUnity1/Library/PackageCache/com.unity.timeline@bfd27f8016ff)
    com.unity.visualscripting@1.9.10 (location: /Users/farhad/Projects/WarlineCapture-CodexUnity1/Library/PackageCache/com.unity.visualscripting@eb6004dcc707)
    com.unity.burst@1.8.28 (location: /Users/farhad/Projects/WarlineCapture-CodexUnity1/Library/PackageCache/com.unity.burst@07790c2d06d9)
    com.unity.searcher@4.9.4 (location: /Users/farhad/Projects/WarlineCapture-CodexUnity1/Library/PackageCache/com.unity.searcher@d45a78918735)
    com.unity.settings-manager@2.1.1 (location: /Users/farhad/Projects/WarlineCapture-CodexUnity1/Library/PackageCache/com.unity.settings-manager@0b8638c5ce86)
    com.unity.mathematics@1.3.3 (location: /Users/farhad/Projects/WarlineCapture-CodexUnity1/Library/PackageCache/com.unity.mathematics@19a9377c4ffa)
    com.unity.nuget.mono-cecil@1.11.6 (location: /Users/farhad/Projects/WarlineCapture-CodexUnity1/Library/PackageCache/com.unity.nuget.mono-cecil@ecb9724e46ff)
    com.unity.profiling.core@1.0.3 (location: /Users/farhad/Projects/WarlineCapture-CodexUnity1/Library/PackageCache/com.unity.profiling.core@8a49f7027d06)
    com.unity.scriptablebuildpipeline@2.6.1 (location: /Users/farhad/Projects/WarlineCapture-CodexUnity1/Library/PackageCache/com.unity.scriptablebuildpipeline@36e3b5898ee2)
    com.unity.test-framework.performance@3.2.0 (location: /Users/farhad/Projects/WarlineCapture-CodexUnity1/Library/PackageCache/com.unity.test-framework.performance@0840f58e4562)
  Built-in packages:
    com.unity.2d.sprite@1.0.0 (location: /Users/farhad/Projects/WarlineCapture-CodexUnity1/Library/PackageCache/com.unity.2d.sprite@929df5adbb1f)
    com.unity.entities@6.4.0 (location: /Users/farhad/Projects/WarlineCapture-CodexUnity1/Library/PackageCache/com.unity.entities@d66668920c3f)
    com.unity.entities.graphics@6.4.0 (location: /Users/farhad/Projects/WarlineCapture-CodexUnity1/Library/PackageCache/com.unity.entities.graphics@2ad17cac7401)
    com.unity.multiplayer.center@1.0.1 (location: /Users/farhad/Projects/WarlineCapture-CodexUnity1/Library/PackageCache/com.unity.multiplayer.center@f01f4ba8d00a)
    com.unity.render-pipelines.universal@17.4.0 (location: /Users/farhad/Projects/WarlineCapture-CodexUnity1/Library/PackageCache/com.unity.render-pipelines.universal@0c5162adfb45)
    com.unity.shadergraph@17.4.0 (location: /Users/farhad/Projects/WarlineCapture-CodexUnity1/Library/PackageCache/com.unity.shadergraph@c6e5f4d3afa5)
    com.unity.test-framework@1.6.0 (location: /Users/farhad/Projects/WarlineCapture-CodexUnity1/Library/PackageCache/com.unity.test-framework@629486125cfc)
    com.unity.ugui@2.0.0 (location: /Users/farhad/Projects/WarlineCapture-CodexUnity1/Library/PackageCache/com.unity.ugui@3dd2fbd8c1f1)
    com.unity.modules.accessibility@1.0.0 (location: /Users/farhad/Projects/WarlineCapture-CodexUnity1/Library/PackageCache/com.unity.modules.accessibility)
    com.unity.modules.adaptiveperformance@1.0.0 (location: /Users/farhad/Projects/WarlineCapture-CodexUnity1/Library/PackageCache/com.unity.modules.adaptiveperformance)
    com.unity.modules.ai@1.0.0 (location: /Users/farhad/Projects/WarlineCapture-CodexUnity1/Library/PackageCache/com.unity.modules.ai)
    com.unity.modules.androidjni@1.0.0 (location: /Users/farhad/Projects/WarlineCapture-CodexUnity1/Library/PackageCache/com.unity.modules.androidjni)
    com.unity.modules.animation@1.0.0 (location: /Users/farhad/Projects/WarlineCapture-CodexUnity1/Library/PackageCache/com.unity.modules.animation)
    com.unity.modules.assetbundle@1.0.0 (location: /Users/farhad/Projects/WarlineCapture-CodexUnity1/Library/PackageCache/com.unity.modules.assetbundle)
    com.unity.modules.audio@1.0.0 (location: /Users/farhad/Projects/WarlineCapture-CodexUnity1/Library/PackageCache/com.unity.modules.audio)
    com.unity.modules.cloth@1.0.0 (location: /Users/farhad/Projects/WarlineCapture-CodexUnity1/Library/PackageCache/com.unity.modules.cloth)
    com.unity.modules.director@1.0.0 (location: /Users/farhad/Projects/WarlineCapture-CodexUnity1/Library/PackageCache/com.unity.modules.director)
    com.unity.modules.imageconversion@1.0.0 (location: /Users/farhad/Projects/WarlineCapture-CodexUnity1/Library/PackageCache/com.unity.modules.imageconversion)
    com.unity.modules.imgui@1.0.0 (location: /Users/farhad/Projects/WarlineCapture-CodexUnity1/Library/PackageCache/com.unity.modules.imgui)
    com.unity.modules.jsonserialize@1.0.0 (location: /Users/farhad/Projects/WarlineCapture-CodexUnity1/Library/PackageCache/com.unity.modules.jsonserialize)
    com.unity.modules.screencapture@1.0.0 (location: /Users/farhad/Projects/WarlineCapture-CodexUnity1/Library/PackageCache/com.unity.modules.screencapture)
    com.unity.modules.tilemap@1.0.0 (location: /Users/farhad/Projects/WarlineCapture-CodexUnity1/Library/PackageCache/com.unity.modules.tilemap)
    com.unity.modules.ui@1.0.0 (location: /Users/farhad/Projects/WarlineCapture-CodexUnity1/Library/PackageCache/com.unity.modules.ui)
    com.unity.modules.uielements@1.0.0 (location: /Users/farhad/Projects/WarlineCapture-CodexUnity1/Library/PackageCache/com.unity.modules.uielements)
    com.unity.modules.umbra@1.0.0 (location: /Users/farhad/Projects/WarlineCapture-CodexUnity1/Library/PackageCache/com.unity.modules.umbra)
    com.unity.modules.unityanalytics@1.0.0 (location: /Users/farhad/Projects/WarlineCapture-CodexUnity1/Library/PackageCache/com.unity.modules.unityanalytics)
    com.unity.modules.unitywebrequest@1.0.0 (location: /Users/farhad/Projects/WarlineCapture-CodexUnity1/Library/PackageCache/com.unity.modules.unitywebrequest)
    com.unity.modules.unitywebrequestassetbundle@1.0.0 (location: /Users/farhad/Projects/WarlineCapture-CodexUnity1/Library/PackageCache/com.unity.modules.unitywebrequestassetbundle)
    com.unity.modules.unitywebrequestaudio@1.0.0 (location: /Users/farhad/Projects/WarlineCapture-CodexUnity1/Library/PackageCache/com.unity.modules.unitywebrequestaudio)
    com.unity.modules.unitywebrequesttexture@1.0.0 (location: /Users/farhad/Projects/WarlineCapture-CodexUnity1/Library/PackageCache/com.unity.modules.unitywebrequesttexture)
    com.unity.modules.unitywebrequestwww@1.0.0 (location: /Users/farhad/Projects/WarlineCapture-CodexUnity1/Library/PackageCache/com.unity.modules.unitywebrequestwww)
    com.unity.modules.vectorgraphics@1.0.0 (location: /Users/farhad/Projects/WarlineCapture-CodexUnity1/Library/PackageCache/com.unity.modules.vectorgraphics)
    com.unity.modules.vehicles@1.0.0 (location: /Users/farhad/Projects/WarlineCapture-CodexUnity1/Library/PackageCache/com.unity.modules.vehicles)
    com.unity.modules.video@1.0.0 (location: /Users/farhad/Projects/WarlineCapture-CodexUnity1/Library/PackageCache/com.unity.modules.video)
    com.unity.modules.vr@1.0.0 (location: /Users/farhad/Projects/WarlineCapture-CodexUnity1/Library/PackageCache/com.unity.modules.vr)
    com.unity.modules.wind@1.0.0 (location: /Users/farhad/Projects/WarlineCapture-CodexUnity1/Library/PackageCache/com.unity.modules.wind)
    com.unity.modules.xr@1.0.0 (location: /Users/farhad/Projects/WarlineCapture-CodexUnity1/Library/PackageCache/com.unity.modules.xr)
    com.unity.modules.physics@1.0.0 (location: /Users/farhad/Projects/WarlineCapture-CodexUnity1/Library/PackageCache/com.unity.modules.physics)
    com.unity.modules.subsystems@1.0.0 (location: /Users/farhad/Projects/WarlineCapture-CodexUnity1/Library/PackageCache/com.unity.modules.subsystems)
    com.unity.modules.hierarchycore@1.0.0 (location: /Users/farhad/Projects/WarlineCapture-CodexUnity1/Library/PackageCache/com.unity.modules.hierarchycore)
    com.unity.modules.physics2d@1.0.0 (location: /Users/farhad/Projects/WarlineCapture-CodexUnity1/Library/PackageCache/com.unity.modules.physics2d)
    com.unity.modules.particlesystem@1.0.0 (location: /Users/farhad/Projects/WarlineCapture-CodexUnity1/Library/PackageCache/com.unity.modules.particlesystem)
    com.unity.ext.nunit@2.0.5 (location: /Users/farhad/Projects/WarlineCapture-CodexUnity1/Library/PackageCache/com.unity.ext.nunit@d8c07649098d)
    com.unity.render-pipelines.core@17.4.0 (location: /Users/farhad/Projects/WarlineCapture-CodexUnity1/Library/PackageCache/com.unity.render-pipelines.core@6a60abc179f8)
    com.unity.collections@6.4.0 (location: /Users/farhad/Projects/WarlineCapture-CodexUnity1/Library/PackageCache/com.unity.collections@538ace9075bc)
    com.unity.render-pipelines.universal-config@17.4.0 (location: /Users/farhad/Projects/WarlineCapture-CodexUnity1/Library/PackageCache/com.unity.render-pipelines.universal-config@0db4263b9e6b)
    com.unity.modules.terrain@1.0.0 (location: /Users/farhad/Projects/WarlineCapture-CodexUnity1/Library/PackageCache/com.unity.modules.terrain)
  Embedded packages:
    com.sniveler-code.gpu-animation@file:/Users/farhad/Projects/WarlineCapture-CodexUnity1/Packages/com.sniveler-code.gpu-animation (location: /Users/farhad/Projects/WarlineCapture-CodexUnity1/Packages/com.sniveler-code.gpu-animation)
[Subsystems] No new subsystems found in resolved package list.
[Package Manager] Done registering packages in 0.01 seconds
Assembly reference Packages/com.unity.entities/Unity.Scenes.Editor/Internals/Properties/Unity.Properties.Internals.asmref has no target assembly definition
Assembly reference Packages/com.unity.entities/Unity.Scenes.Editor/Internals/Properties/Unity.Properties.Internals.asmref has no target assembly definition
info: Microsoft.Hosting.Lifetime[14]
      Now listening on: http://unix:/tmp/ilpp.sock-b4ec84c031c239252d01ca6208c174fd
info: Microsoft.Hosting.Lifetime[0]
      Application started. Press Ctrl+C to shut down.
info: Microsoft.Hosting.Lifetime[0]
      Hosting environment: Production
info: Microsoft.Hosting.Lifetime[0]
      Content root path: /Users/farhad/Projects/WarlineCapture-CodexUnity1
info: Microsoft.AspNetCore.Hosting.Diagnostics[1]
      Request starting HTTP/2 POST http://ilpp/UnityILPP.PostProcessing/Ping - application/grpc -
info: Microsoft.AspNetCore.Routing.EndpointMiddleware[0]
      Executing endpoint 'gRPC - /UnityILPP.PostProcessing/Ping'
info: Microsoft.AspNetCore.Routing.EndpointMiddleware[1]
      Executed endpoint 'gRPC - /UnityILPP.PostProcessing/Ping'
info: Microsoft.AspNetCore.Hosting.Diagnostics[2]
      Request finished HTTP/2 POST http://ilpp/UnityILPP.PostProcessing/Ping - 200 - application/grpc 25.2210ms
Starting: /Applications/Unity/Hub/Editor/6000.4.0f1/Unity.app/Contents/Resources/BuildPipeline/bee_backend --ipc --defer-dag-verification --dagfile="Library/Bee/200b0aEDbg.dag" --continue-on-failure --profile="Library/Bee/backend1.traceevents" ScriptAssemblies
WorkingDir: /Users/farhad/Projects/WarlineCapture-CodexUnity1
DisplayProgressbar: Compiling Scripts
info: Microsoft.AspNetCore.Hosting.Diagnostics[1]
      Request starting HTTP/2 POST http://ilpp/UnityILPP.PostProcessing/ConfigurePostProcessors - application/grpc -
info: Microsoft.AspNetCore.Routing.EndpointMiddleware[0]
      Executing endpoint 'gRPC - /UnityILPP.PostProcessing/ConfigurePostProcessors'
warn: Unity.ILPP.Runner.PostProcessingAssemblyLoadContext[0]
      Assembly unityeditor.ios.extensions.xcode has duplicate hint path. Ignoring "/Applications/Unity/Hub/Editor/6000.4.0f1/Unity.app/Contents/PlaybackEngines/MacStandaloneSupport/UnityEditor.iOS.Extensions.Xcode.dll" in favor of "/Applications/Unity/Hub/Editor/6000.4.0f1/PlaybackEngines/iOSSupport/UnityEditor.iOS.Extensions.Xcode.dll"
warn: Unity.ILPP.Runner.PostProcessingAssemblyLoadContext[0]
      Assembly system.runtime.interopservices.windowsruntime has duplicate hint path. Ignoring "/Applications/Unity/Hub/Editor/6000.4.0f1/Unity.app/Contents/Resources/Scripting/UnityReferenceAssemblies/unity-4.8-api/Facades/System.Runtime.InteropServices.WindowsRuntime.dll" in favor of "/Applications/Unity/Hub/Editor/6000.4.0f1/Unity.app/Contents/Resources/Scripting/NetStandard/Extensions/2.0.0/System.Runtime.InteropServices.WindowsRuntime.dll"
warn: Unity.ILPP.Runner.PostProcessingAssemblyLoadContext[0]
      Assembly system.componentmodel.composition has duplicate hint path. Ignoring "/Applications/Unity/Hub/Editor/6000.4.0f1/Unity.app/Contents/Resources/Scripting/UnityReferenceAssemblies/unity-4.8-api/System.ComponentModel.Composition.dll" in favor of "/Applications/Unity/Hub/Editor/6000.4.0f1/Unity.app/Contents/Resources/Scripting/NetStandard/compat/2.1.0/shims/netfx/System.ComponentModel.Composition.dll"
info: Unity.ILPP.Runner.PostProcessingAssemblyLoadContext[0]
      Resolved Unity.Burst.Cecil, Version=0.11.4.0, Culture=neutral, PublicKeyToken=50cebf1cceb9d05e with Library/PackageCache/com.unity.burst@07790c2d06d9/Unity.Burst.CodeGen/Unity.Burst.Cecil.dll
info: Unity.ILPP.Runner.PostProcessingAssemblyLoadContext[0]
      Resolved Mono.Cecil, Version=0.11.5.0, Culture=neutral, PublicKeyToken=50cebf1cceb9d05e with Library/PackageCache/com.unity.nuget.mono-cecil@ecb9724e46ff/Mono.Cecil.dll
info: Unity.ILPP.Runner.PostProcessingAssemblyLoadContext[0]
      Resolved Unity.Entities, Version=0.0.0.0, Culture=neutral, PublicKeyToken=null with Library/Bee/artifacts/200b0aEDbg.dag/Unity.Entities.dll
info: Microsoft.AspNetCore.Routing.EndpointMiddleware[1]
      Executed endpoint 'gRPC - /UnityILPP.PostProcessing/ConfigurePostProcessors'
info: Microsoft.AspNetCore.Hosting.Diagnostics[2]
      Request finished HTTP/2 POST http://ilpp/UnityILPP.PostProcessing/ConfigurePostProcessors - 200 - application/grpc 26.8638ms
ExitCode: 0 Duration: 0s571ms
[1025/1392  0s] ILPP-Configuration Library/ilpp-configuration.nevergeneratedoutput
*** Tundra build success (0.55 seconds), 1 items updated, 1392 evaluated
AssetDatabase: script compilation time: 1.132656s
Begin MonoManager ReloadAssembly
Total cache size 268255558
Total cache size after purge 268255558, took 00:00:00.2729743
Assembly Assembly-CSharp-Editor-firstpass.dll at Library/ScriptAssemblies/Assembly-CSharp-Editor-firstpass.dll not valid. Loading of assembly skipped.
Assembly Assembly-CSharp-Editor.dll at Library/ScriptAssemblies/Assembly-CSharp-Editor.dll not valid. Loading of assembly skipped.
Assembly Assembly-CSharp-firstpass.dll at Library/ScriptAssemblies/Assembly-CSharp-firstpass.dll not valid. Loading of assembly skipped.
Assembly Assembly-CSharp.dll at Library/ScriptAssemblies/Assembly-CSharp.dll not valid. Loading of assembly skipped.
Assembly DocCodeExamples.dll at Library/ScriptAssemblies/DocCodeExamples.dll not valid. Loading of assembly skipped.
Assembly DocCodeSamples.dll at Library/ScriptAssemblies/DocCodeSamples.dll not valid. Loading of assembly skipped.
Assembly MockTests.dll at Library/ScriptAssemblies/MockTests.dll not valid. Loading of assembly skipped.
Assembly TestNewCustomAssembly.dll at Library/ScriptAssemblies/TestNewCustomAssembly.dll not valid. Loading of assembly skipped.
Assembly TypeDependencyCacheTestAssembly.dll at Library/ScriptAssemblies/TypeDependencyCacheTestAssembly.dll not valid. Loading of assembly skipped.
Assembly Unity.2D.Sprite.Package.EditorTests.dll at Library/ScriptAssemblies/Unity.2D.Sprite.Package.EditorTests.dll not valid. Loading of assembly skipped.
Assembly Unity.Burst.Tests.dll at Library/ScriptAssemblies/Unity.Burst.Tests.dll not valid. Loading of assembly skipped.
Assembly Unity.Collections.BurstCompatibilityGen.dll at Library/ScriptAssemblies/Unity.Collections.BurstCompatibilityGen.dll not valid. Loading of assembly skipped.
Assembly Unity.Collections.DocCodeSamples.dll at Library/ScriptAssemblies/Unity.Collections.DocCodeSamples.dll not valid. Loading of assembly skipped.
Assembly Unity.Collections.PerformanceTests.dll at Library/ScriptAssemblies/Unity.Collections.PerformanceTests.dll not valid. Loading of assembly skipped.
Assembly Unity.Collections.Tests.dll at Library/ScriptAssemblies/Unity.Collections.Tests.dll not valid. Loading of assembly skipped.
Assembly Unity.Collections.Tests.Playmode.dll at Library/ScriptAssemblies/Unity.Collections.Tests.Playmode.dll not valid. Loading of assembly skipped.
Assembly Unity.Entities.CodeGen.Tests.dll at Library/ScriptAssemblies/Unity.Entities.CodeGen.Tests.dll not valid. Loading of assembly skipped.
Assembly Unity.Entities.ContentDelivery.Tests.dll at Library/ScriptAssemblies/Unity.Entities.ContentDelivery.Tests.dll not valid. Loading of assembly skipped.
Assembly Unity.Entities.Editor.PerformanceTests.dll at Library/ScriptAssemblies/Unity.Entities.Editor.PerformanceTests.dll not valid. Loading of assembly skipped.
Assembly Unity.Entities.Editor.Tests.dll at Library/ScriptAssemblies/Unity.Entities.Editor.Tests.dll not valid. Loading of assembly skipped.
Assembly Unity.Entities.Graphics.Tests.dll at Library/ScriptAssemblies/Unity.Entities.Graphics.Tests.dll not valid. Loading of assembly skipped.
Assembly Unity.Entities.Hybrid.EndToEnd.Tests.dll at Library/ScriptAssemblies/Unity.Entities.Hybrid.EndToEnd.Tests.dll not valid. Loading of assembly skipped.
Assembly Unity.Entities.Hybrid.PerformanceTests.dll at Library/ScriptAssemblies/Unity.Entities.Hybrid.PerformanceTests.dll not valid. Loading of assembly skipped.
Assembly Unity.Entities.Hybrid.Tests.dll at Library/ScriptAssemblies/Unity.Entities.Hybrid.Tests.dll not valid. Loading of assembly skipped.
Assembly Unity.Entities.Hybrid.Tests.ExcludedAssembly.dll at Library/ScriptAssemblies/Unity.Entities.Hybrid.Tests.ExcludedAssembly.dll not valid. Loading of assembly skipped.
Assembly Unity.Entities.Hybrid.Tests.SeparateAssembly.dll at Library/ScriptAssemblies/Unity.Entities.Hybrid.Tests.SeparateAssembly.dll not valid. Loading of assembly skipped.
Assembly Unity.Entities.PerformanceTests.dll at Library/ScriptAssemblies/Unity.Entities.PerformanceTests.dll not valid. Loading of assembly skipped.
Assembly Unity.Entities.TestComponents.dll at Library/ScriptAssemblies/Unity.Entities.TestComponents.dll not valid. Loading of assembly skipped.
Assembly Unity.Entities.Tests.dll at Library/ScriptAssemblies/Unity.Entities.Tests.dll not valid. Loading of assembly skipped.
Assembly Unity.Entities.Tests.InAnotherAssembly.dll at Library/ScriptAssemblies/Unity.Entities.Tests.InAnotherAssembly.dll not valid. Loading of assembly skipped.
Assembly Unity.Entities.Tests.InAnotherEmptyAssembly.dll at Library/ScriptAssemblies/Unity.Entities.Tests.InAnotherEmptyAssembly.dll not valid. Loading of assembly skipped.
Assembly Unity.InputSystem.IntegrationTests.dll at Library/ScriptAssemblies/Unity.InputSystem.IntegrationTests.dll not valid. Loading of assembly skipped.
Assembly Unity.Mathematics.Extensions.Tests.dll at Library/ScriptAssemblies/Unity.Mathematics.Extensions.Tests.dll not valid. Loading of assembly skipped.
Assembly Unity.Mathematics.Tests.dll at Library/ScriptAssemblies/Unity.Mathematics.Tests.dll not valid. Loading of assembly skipped.
Assembly Unity.Multiplayer.Center.Editor.Tests.dll at Library/ScriptAssemblies/Unity.Multiplayer.Center.Editor.Tests.dll not valid. Loading of assembly skipped.
Assembly Unity.Multiplayer.Center.Tests.dll at Library/ScriptAssemblies/Unity.Multiplayer.Center.Tests.dll not valid. Loading of assembly skipped.
Assembly Unity.Nuget.Mono-Cecil.dll at Library/ScriptAssemblies/Unity.Nuget.Mono-Cecil.dll not valid. Loading of assembly skipped.
Assembly Unity.PathTracing.Editor.Tests.dll at Library/ScriptAssemblies/Unity.PathTracing.Editor.Tests.dll not valid. Loading of assembly skipped.
Assembly Unity.PathTracing.Runtime.Tests.dll at Library/ScriptAssemblies/Unity.PathTracing.Runtime.Tests.dll not valid. Loading of assembly skipped.
Assembly Unity.Postprocessing.Editor.Tests.dll at Library/ScriptAssemblies/Unity.Postprocessing.Editor.Tests.dll not valid. Loading of assembly skipped.
Assembly Unity.Postprocessing.Runtime.Tests.dll at Library/ScriptAssemblies/Unity.Postprocessing.Runtime.Tests.dll not valid. Loading of assembly skipped.
Assembly Unity.RenderPipelines.Core.Editor.Tests.dll at Library/ScriptAssemblies/Unity.RenderPipelines.Core.Editor.Tests.dll not valid. Loading of assembly skipped.
Assembly Unity.RenderPipelines.Core.Runtime.Tests.dll at Library/ScriptAssemblies/Unity.RenderPipelines.Core.Runtime.Tests.dll not valid. Loading of assembly skipped.
Assembly Unity.RenderPipelines.Universal.Config.Editor.Tests.dll at Library/ScriptAssemblies/Unity.RenderPipelines.Universal.Config.Editor.Tests.dll not valid. Loading of assembly skipped.
Assembly Unity.RenderPipelines.Universal.Editor.Tests.dll at Library/ScriptAssemblies/Unity.RenderPipelines.Universal.Editor.Tests.dll not valid. Loading of assembly skipped.
Assembly Unity.RenderPipelines.Universal.Runtime.Tests.dll at Library/ScriptAssemblies/Unity.RenderPipelines.Universal.Runtime.Tests.dll not valid. Loading of assembly skipped.
Assembly Unity.Scenes.Editor.PerformanceTests.dll at Library/ScriptAssemblies/Unity.Scenes.Editor.PerformanceTests.dll not valid. Loading of assembly skipped.
Assembly Unity.Scenes.Editor.Tests.dll at Library/ScriptAssemblies/Unity.Scenes.Editor.Tests.dll not valid. Loading of assembly skipped.
Assembly Unity.Scenes.Hybrid.Tests.dll at Library/ScriptAssemblies/Unity.Scenes.Hybrid.Tests.dll not valid. Loading of assembly skipped.
Assembly Unity.Scenes.Hybrid.Tests.Editmode.Content.dll at Library/ScriptAssemblies/Unity.Scenes.Hybrid.Tests.Editmode.Content.dll not valid. Loading of assembly skipped.
Assembly Unity.Scenes.Hybrid.Tests.Playmode.dll at Library/ScriptAssemblies/Unity.Scenes.Hybrid.Tests.Playmode.dll not valid. Loading of assembly skipped.
Assembly Unity.Scenes.PerformanceTests.dll at Library/ScriptAssemblies/Unity.Scenes.PerformanceTests.dll not valid. Loading of assembly skipped.
Assembly Unity.Scenes.Tests.dll at Library/ScriptAssemblies/Unity.Scenes.Tests.dll not valid. Loading of assembly skipped.
Assembly Unity.ScriptableBuildPipeline.Editor.Tests.dll at Library/ScriptAssemblies/Unity.ScriptableBuildPipeline.Editor.Tests.dll not valid. Loading of assembly skipped.
Assembly Unity.ScriptableBuildPipeline.Tests.dll at Library/ScriptAssemblies/Unity.ScriptableBuildPipeline.Tests.dll not valid. Loading of assembly skipped.
Assembly Unity.ScriptableBuildPipelineTests.Runtime.Tests.dll at Library/ScriptAssemblies/Unity.ScriptableBuildPipelineTests.Runtime.Tests.dll not valid. Loading of assembly skipped.
Assembly Unity.Searcher.EditorTests.dll at Library/ScriptAssemblies/Unity.Searcher.EditorTests.dll not valid. Loading of assembly skipped.
Assembly Unity.Serialization.Tests.dll at Library/ScriptAssemblies/Unity.Serialization.Tests.dll not valid. Loading of assembly skipped.
Assembly Unity.Settings.Tests.dll at Library/ScriptAssemblies/Unity.Settings.Tests.dll not valid. Loading of assembly skipped.
Assembly Unity.ShaderGraph.Editor.Tests.dll at Library/ScriptAssemblies/Unity.ShaderGraph.Editor.Tests.dll not valid. Loading of assembly skipped.
Assembly Unity.TextMeshPro.Editor.Tests.dll at Library/ScriptAssemblies/Unity.TextMeshPro.Editor.Tests.dll not valid. Loading of assembly skipped.
Assembly Unity.TextMeshPro.Tests.dll at Library/ScriptAssemblies/Unity.TextMeshPro.Tests.dll not valid. Loading of assembly skipped.
Assembly Unity.Transforms.Hybrid.Tests.dll at Library/ScriptAssemblies/Unity.Transforms.Hybrid.Tests.dll not valid. Loading of assembly skipped.
Assembly Unity.Transforms.PerformanceTests.dll at Library/ScriptAssemblies/Unity.Transforms.PerformanceTests.dll not valid. Loading of assembly skipped.
Assembly Unity.Transforms.Tests.dll at Library/ScriptAssemblies/Unity.Transforms.Tests.dll not valid. Loading of assembly skipped.
Assembly Unity.UnifiedRayTracing.Editor.Tests.dll at Library/ScriptAssemblies/Unity.UnifiedRayTracing.Editor.Tests.dll not valid. Loading of assembly skipped.
Assembly UnityEditor.UI.Common.Tests.dll at Library/ScriptAssemblies/UnityEditor.UI.Common.Tests.dll not valid. Loading of assembly skipped.
Assembly UnityEditor.UI.EditorTests.dll at Library/ScriptAssemblies/UnityEditor.UI.EditorTests.dll not valid. Loading of assembly skipped.
Assembly UnityEngine.UI.Tests.dll at Library/ScriptAssemblies/UnityEngine.UI.Tests.dll not valid. Loading of assembly skipped.
Native extension for iOS target not found
Native extension for Android target not found
Native extension for WindowsStandalone target not found
Native extension for OSXStandalone target not found
Assembly reference Packages/com.unity.entities/Unity.Scenes.Editor/Internals/Properties/Unity.Properties.Internals.asmref has no target assembly definition
TypeManager.Initialize took: 472ms
[MODES] ModeService[none].Initialize
[MODES] ModeService[none].LoadModes
[MODES] Loading mode Default (0) for mode-current-id-WarlineCapture
ScheduleIndexationOnStartup MainProcess:True IndexOnStartup:True
Mono: successfully reloaded assembly
- Finished resetting the current domain, in 12.421 seconds
Domain Reload Profiling: 13283ms
	BeginReloadAssembly (165ms)
		DisableScriptedObjects (13ms)
		CreateAndSetChildDomain (49ms)
	RebuildCommonClasses (39ms)
	RebuildNativeTypeToScriptingClass (14ms)
	initialDomainReloadingComplete (61ms)
	LoadAllAssembliesAndSetupDomain (582ms)
		LoadAssemblies (305ms)
		AnalyzeDomain (329ms)
			TypeCache.Refresh (247ms)
				TypeCache.ScanAssembly (229ms)
			BuildScriptInfoCaches (69ms)
			ResolveRequiredComponents (12ms)
	FinalizeReload (12421ms)
		SetupLoadedEditorAssemblies (0ms)
			InitializePlatformSupportModulesInManaged (43ms)
			BeforeProcessingInitializeOnLoad (302ms)
			ProcessInitializeOnLoadAttributes (5676ms)
			ProcessInitializeOnLoadMethodAttributes (6077ms)
		AwakeInstancesAfterBackupRestoration (4ms)
(Values over 0.050ms)
Asset Pipeline Refresh (id=b0064f0d347454f9bb11ccd6b645a1dc): Total: 16.499 seconds - Initiated by InitialRefreshV2(ForceSynchronousImport)
	Summary:
		Imports: total=0 (actual=0, local cache=0, cache server=0)
		Asset DB Process Time: managed=0 ms, native=14288 ms
		Asset DB Callback time: managed=25 ms, native=17 ms
		Scripting: domain reloads=1, domain reload time=862 ms, compile time=1134 ms, other=170 ms
		Project Asset Count: scripts=2387, non-scripts=15763
		Asset File Changes: new=0, changed=0, moved=0, deleted=0
		Scan Filter Count: 1
	InvokePackagesCallback: 18.543ms
	ApplyChangesToAssetFolders: 0.380ms
	Scan: 1144.952ms
	CategorizeScriptCompilationAssets: 102.999ms
	ProcessAssetsWithTransientArtifactChanges: 72.615ms
	CategorizeAssets: 209.574ms
	CompileScripts: 1133.776ms
	ImportOutOfDateAssets: 12436.209ms (12430.230ms without children)
		ReloadNativeAssets: 0.370ms
		UnloadImportedAssets: 1.566ms
		EnsureUptoDateAssetsAreRegisteredWithGuidPM: 2.760ms
		OnDemandSchedulerStart: 1.285ms
	PostProcessAllAssets: 25.077ms
		MonoPostProcessAllAssets: 25.041ms
			UniversalRenderPipelineGlobalSettingsPostprocessor.OnPostprocessAllAssets 9.793ms
			SyncVS.PostprocessSyncProject 1.995ms
			WindowAssetPostprocessingWatcher.OnPostprocessAllAssets 1.865ms
			SpeedTree9Postprocessor.OnPostprocessAllAssets 1.720ms
			RenderPipelineGlobalSettingsPostprocessor.OnPostprocessAllAssets 0.518ms
			InputActionAssetPostprocessor.OnPostprocessAllAssets 0.256ms
			ReferencedClipsPostProcessor.OnPostprocessAllAssets 0.214ms
			TerrainToolbarOverlayPostProcessor.OnPostprocessAllAssets 0.198ms
			AssetDatabaseCallbacks.OnPostprocessAllAssets 0.150ms
			ProjectSettingsPostprocessor.OnPostprocessAllAssets 0.147ms
	UnloadStreamsBegin: 5.541ms
	PersistCurrentRevisions: 0.727ms
	GenerateScriptTypeHashes: 4.969ms
	GenerateScriptTypeSerializationHashes: 8.327ms
	Untracked: 1347.918ms

Application.AssetDatabase Initial Refresh End
Shader Hidden/ChartRasterizerHardware is not supported: GPU does not support conservative rasterization
Launching external process: /Applications/Unity/Hub/Editor/6000.4.0f1/Unity.app/Contents/Helpers/UnityShaderCompiler
Launched and connected shader compiler UnityShaderCompiler after 0.07 seconds
Scanning for USB devices : 0.042ms
Initializing Unity extensions:
Script 'Library/PackageCache/com.unity.test-framework@629486125cfc/Tests/TestNewCustomAssembly/TestNewCustomAssembly.asmdef' will not be compiled because it exists outside the Assets folder and does not to belong to any assembly definition file.
Script 'Library/PackageCache/com.unity.entities@d66668920c3f/Unity.Entities.Hybrid.Tests/Baking/ExcludedAssemblyTest/Unity.Entities.Hybrid.Tests.ExcludedAssembly.asmdef' will not be compiled because it exists outside the Assets folder and does not to belong to any assembly definition file.
Script 'Library/PackageCache/com.unity.mathematics@19a9377c4ffa/Tests/Unity.Mathematics.Tests.asmdef' will not be compiled because it exists outside the Assets folder and does not to belong to any assembly definition file.
Script 'Library/PackageCache/com.unity.collections@538ace9075bc/Unity.Collections.Tests/System.Runtime.CompilerServices.Unsafe/System.Runtime.CompilerServices.Unsafe.xml' will not be compiled because it exists outside the Assets folder and does not to belong to any assembly definition file.
Script 'Library/PackageCache/com.unity.entities@d66668920c3f/Unity.Entities.PerformanceTests/Unity.Entities.PerformanceTests.asmdef' will not be compiled because it exists outside the Assets folder and does not to belong to any assembly definition file.
Script 'Library/PackageCache/com.unity.entities@d66668920c3f/Unity.Entities.Tests/InAnotherEmptyAssembly/Unity.Entities.Tests.InAnotherEmptyAssembly.asmdef' will not be compiled because it exists outside the Assets folder and does not to belong to any assembly definition file.
Script 'Library/PackageCache/com.unity.entities@d66668920c3f/Unity.Transforms.PerformanceTests/Unity.Transforms.PerformanceTests.asmdef' will not be compiled because it exists outside the Assets folder and does not to belong to any assembly definition file.
Script 'Library/PackageCache/com.unity.entities@d66668920c3f/Unity.Transforms.Tests/Unity.Transforms.Tests.asmdef' will not be compiled because it exists outside the Assets folder and does not to belong to any assembly definition file.
Script 'Library/PackageCache/com.unity.collections@538ace9075bc/DocCodeSamples.Tests/DocCodeSamples.Tests.asmdef' will not be compiled because it exists outside the Assets folder and does not to belong to any assembly definition file.
Script 'Library/PackageCache/com.unity.entities@d66668920c3f/Unity.Entities.Editor.PerformanceTests/Unity.Entities.Editor.PerformanceTests.asmdef' will not be compiled because it exists outside the Assets folder and does not to belong to any assembly definition file.
Script 'Library/PackageCache/com.unity.entities@d66668920c3f/Unity.Scenes.Hybrid.Tests/Playmode/Unity.Scenes.Hybrid.Tests.Playmode.asmdef' will not be compiled because it exists outside the Assets folder and does not to belong to any assembly definition file.
Script 'Library/PackageCache/com.unity.entities@d66668920c3f/Unity.Scenes.Tests/Unity.Scenes.Tests.asmdef' will not be compiled because it exists outside the Assets folder and does not to belong to any assembly definition file.
Script 'Library/PackageCache/com.unity.entities@d66668920c3f/Unity.Scenes.Editor.Tests/TypeDependencyCacheTestAssembly/TypeDependencyCacheTestAssembly.asmdef' will not be compiled because it exists outside the Assets folder and does not to belong to any assembly definition file.
Script 'Library/PackageCache/com.unity.serialization@582cbf30bbfd/Tests/Unity.Serialization.Tests/Unity.Serialization.Tests.asmdef' will not be compiled because it exists outside the Assets folder and does not to belong to any assembly definition file.
Script 'Library/PackageCache/com.unity.scriptablebuildpipeline@36e3b5898ee2/Tests/Runtime/TestAssets/Unity.ScriptableBuildPipelineTests.Runtime.Tests.asmdef' will not be compiled because it exists outside the Assets folder and does not to belong to any assembly definition file.
Script 'Library/PackageCache/com.unity.collections@538ace9075bc/Unity.Collections.PerformanceTests/Unity.Collections.PerformanceTests.asmdef' will not be compiled because it exists outside the Assets folder and does not to belong to any assembly definition file.
Script 'Library/PackageCache/com.unity.postprocessing@141166b789e3/Tests/Runtime/Unity.Postprocessing.Runtime.Tests.asmdef' will not be compiled because it exists outside the Assets folder and does not to belong to any assembly definition file.
Script 'Library/PackageCache/com.unity.timeline@bfd27f8016ff/DocCodeExamples/DocCodeExamples.asmdef' will not be compiled because it exists outside the Assets folder and does not to belong to any assembly definition file.
Script 'Library/PackageCache/com.unity.multiplayer.center@f01f4ba8d00a/Tests/Runtime/Unity.Multiplayer.Center.Tests.asmdef' will not be compiled because it exists outside the Assets folder and does not to belong to any assembly definition file.
Script 'Library/PackageCache/com.unity.entities@d66668920c3f/Unity.Entities.Hybrid.EndToEnd.Tests/Unity.Entities.Hybrid.EndToEnd.Tests.asmdef' will not be compiled because it exists outside the Assets folder and does not to belong to any assembly definition file.
Script 'Library/PackageCache/com.unity.entities@d66668920c3f/Unity.Scenes.Hybrid.Tests/Editmode/Content/Unity.Scenes.Hybrid.Tests.Editmode.Content.asmdef' will not be compiled because it exists outside the Assets folder and does not to belong to any assembly definition file.
Script 'Library/PackageCache/com.unity.entities@d66668920c3f/Unity.Entities.Tests/Content/ContentDeliveryTests/Unity.Entities.ContentDeliveryGlobalState.Tests.asmdef' will not be compiled because it exists outside the Assets folder and does not to belong to any assembly definition file.
Script 'Library/PackageCache/com.unity.entities@d66668920c3f/Unity.Entities.Hybrid.Tests/Baking/SeparateAssembly/Unity.Entities.Hybrid.Tests.SeparateAssembly.asmdef' will not be compiled because it exists outside the Assets folder and does not to belong to any assembly definition file.
Script 'Library/PackageCache/com.unity.render-pipelines.core@6a60abc179f8/Tests/Runtime/Threading/FunctionTestsGroup.compute' will not be compiled because it exists outside the Assets folder and does not to belong to any assembly definition file.
Script 'Library/PackageCache/com.unity.entities@d66668920c3f/DocCodeSamples.Tests/DocCodeSamples.asmdef' will not be compiled because it exists outside the Assets folder and does not to belong to any assembly definition file.
Script 'Library/PackageCache/com.unity.render-pipelines.core@6a60abc179f8/Tests/Runtime/PathTracing/UniformAlbedoMetaPass.shader' will not be compiled because it exists outside the Assets folder and does not to belong to any assembly definition file.
Script 'Library/PackageCache/com.unity.ugui@3dd2fbd8c1f1/Tests/Runtime/UGUI/UnityEngine.UI.Tests.asmdef' will not be compiled because it exists outside the Assets folder and does not to belong to any assembly definition file.
Script 'Library/PackageCache/com.unity.inputsystem@21a28c3a6c83/Tests/IntegrationTests/Unity.InputSystem.IntegrationTests.asmdef' will not be compiled because it exists outside the Assets folder and does not to belong to any assembly definition file.
Script 'Library/PackageCache/com.unity.entities@d66668920c3f/Unity.Transforms.Hybrid.Tests/Unity.Transforms.Hybrid.Tests.asmdef' will not be compiled because it exists outside the Assets folder and does not to belong to any assembly definition file.
Script 'Library/PackageCache/com.unity.collections@538ace9075bc/Unity.Collections.Tests.Playmode/FixedListPlayModeTests.tt' will not be compiled because it exists outside the Assets folder and does not to belong to any assembly definition file.
Script 'Library/PackageCache/com.unity.serialization@582cbf30bbfd/Tests/Unity.Serialization.Editor.Tests/Unity.Serialization.Editor.Tests.asmdef' will not be compiled because it exists outside the Assets folder and does not to belong to any assembly definition file.
Script 'Library/PackageCache/com.unity.entities@d66668920c3f/Unity.Entities.Hybrid.PerformanceTests/Unity.Entities.Hybrid.PerformanceTests.asmdef' will not be compiled because it exists outside the Assets folder and does not to belong to any assembly definition file.
Script 'Library/PackageCache/com.unity.entities@d66668920c3f/Unity.Scenes.Hybrid.Tests/Editmode/Unity.Scenes.Hybrid.Tests.asmdef' will not be compiled because it exists outside the Assets folder and does not to belong to any assembly definition file.
Script 'Library/PackageCache/com.unity.entities@d66668920c3f/Unity.Burst.Tests/Unity.Burst.Tests.asmdef' will not be compiled because it exists outside the Assets folder and does not to belong to any assembly definition file.
Script 'Library/PackageCache/com.unity.ugui@3dd2fbd8c1f1/Tests/Runtime/TMP/Unity.TextMeshPro.Tests.asmdef' will not be compiled because it exists outside the Assets folder and does not to belong to any assembly definition file.
Script 'Library/PackageCache/com.unity.entities.graphics@2ad17cac7401/Unity.Entities.Graphics.Tests/Unity.Entities.Graphics.Tests.asmdef' will not be compiled because it exists outside the Assets folder and does not to belong to any assembly definition file.
Script 'Library/PackageCache/com.unity.render-pipelines.universal@0c5162adfb45/Tests/Runtime/Unity.RenderPipelines.Universal.Runtime.Tests.asmdef' will not be compiled because it exists outside the Assets folder and does not to belong to any assembly definition file.
Script 'Library/PackageCache/com.unity.entities@d66668920c3f/Unity.Entities.Tests/InAnotherAssembly/Unity.Entities.Tests.InAnotherAssembly.asmdef' will not be compiled because it exists outside the Assets folder and does not to belong to any assembly definition file.
Script 'Library/PackageCache/com.unity.entities@d66668920c3f/Unity.Mathematics.Extensions.Tests/Unity.Mathematics.Extensions.Tests.asmdef' will not be compiled because it exists outside the Assets folder and does not to belong to any assembly definition file.
Script 'Library/PackageCache/com.unity.scriptablebuildpipeline@36e3b5898ee2/Tests/Runtime/Unity.ScriptableBuildPipeline.Tests.asmdef' will not be compiled because it exists outside the Assets folder and does not to belong to any assembly definition file.
Script 'Library/PackageCache/com.unity.entities@d66668920c3f/Unity.Entities.Hybrid.Tests/Unity.Entities.Hybrid.Tests.asmdef' will not be compiled because it exists outside the Assets folder and does not to belong to any assembly definition file.
Script 'Library/PackageCache/com.unity.entities@d66668920c3f/Unity.Entities.Tests/Unity.Entities.Tests.asmdef' will not be compiled because it exists outside the Assets folder and does not to belong to any assembly definition file.
Script 'Library/PackageCache/com.unity.entities@d66668920c3f/Unity.Scenes.Editor.Tests/Unity.Scenes.Editor.Tests.asmdef' will not be compiled because it exists outside the Assets folder and does not to belong to any assembly definition file.
Script 'Library/PackageCache/com.unity.entities@d66668920c3f/Unity.Entities.TestComponents/Unity.TestComponents.asmdef' will not be compiled because it exists outside the Assets folder and does not to belong to any assembly definition file.
Script 'Library/PackageCache/com.unity.entities@d66668920c3f/Unity.Scenes.Editor.PerformanceTests/Unity.Scenes.Editor.PerformanceTests.asmdef' will not be compiled because it exists outside the Assets folder and does not to belong to any assembly definition file.
Script 'Library/PackageCache/com.unity.entities@d66668920c3f/Unity.Entities.CodeGen.Tests/Unity.Entities.CodeGen.Tests.asmdef' will not be compiled because it exists outside the Assets folder and does not to belong to any assembly definition file.
Script 'Library/PackageCache/com.unity.collections@538ace9075bc/Unity.Collections.BurstCompatibilityGen/Unity.Collections.BurstCompatibilityGen.asmdef' will not be compiled because it exists outside the Assets folder and does not to belong to any assembly definition file.
Script 'Library/PackageCache/com.unity.entities@d66668920c3f/Unity.Entities.Editor.Tests/Unity.Entities.Editor.Tests.asmdef' will not be compiled because it exists outside the Assets folder and does not to belong to any assembly definition file.
Script 'Library/PackageCache/com.unity.entities@d66668920c3f/Unity.Scenes.PerformanceTests/Unity.Scenes.PerformanceTests.asmdef' will not be compiled because it exists outside the Assets folder and does not to belong to any assembly definition file.
2026-06-23 15:46:12.228 Unity[20710:65273] NSEventModifierFlagFunction specified to -setKeyEquivalentModifierMask: for item <NSMenuItem: 0x9c8e8a9e0 SDF, ke='Command-F12'>, but is only supported for system-provided menu items; will not be used
Unloading 55 Unused Serialized files (Serialized files now loaded: 0)
Unloading 9839 unused Assets / (6.5 MB). Loaded Objects now: 10302.
Memory consumption went from 392.4 MB to 385.9 MB.
Total: 31.836833 ms (FindLiveObjects: 0.592667 ms CreateObjectMapping: 0.499167 ms MarkObjects: 23.152291 ms  DeleteObjects: 7.592250 ms)

2026-06-23 15:46:12.433 Unity[20710:65273] [XcodeApplications] Failed to read NSDictionary from path */Contents/Info.plist
Start importing Assets/Game/Data/UI/RuntimeUiConfig.asset using Guid(d2c44335263b4a319f6ef8cebdde548a) (NativeFormatImporter) -> (Import Result ID: '39eddd83c8dadd53f02e571cb11961fa') in 0.008997792 seconds [static dependencies only]. Details - ImportResultOutputID=5a0bb9f38e66257519ba6953a15a4d9c DependenciesID=33cf197984036216b06cf5aab7236deb StaticDependenciesID=7234ad994a771508e2b0dd4bcf6a6130 
(Values over 0.050ms)
Asset Pipeline Refresh (id=09f627667f7cb4640b9a36964c232d9c): Total: 1.031 seconds - Initiated by StopAssetImportingV2(NoUpdateAssetOptions)
	Summary:
		Imports: total=1 (actual=1, local cache=0, cache server=0)
		Asset DB Process Time: managed=2 ms, native=253 ms
		Asset DB Callback time: managed=768 ms, native=5 ms
		Scripting: domain reloads=0, domain reload time=0 ms, compile time=0 ms, other=0 ms
		Project Asset Count: scripts=2387, non-scripts=15763
		Asset File Changes: new=0, changed=0, moved=0, deleted=0
		Scan Filter Count: 5
	ApplyChangesToAssetFolders: 0.159ms
	Scan: 8.012ms
	ProcessAssetsWithTransientArtifactChanges: 0.171ms
	CategorizeAssets: 213.998ms
	ImportOutOfDateAssets: 20.387ms (1.333ms without children)
		ImportManagerImport: 13.748ms (2.908ms without children)
		ReloadNativeAssets: 0.100ms
		UnloadImportedAssets: 0.273ms
		EnsureUptoDateAssetsAreRegisteredWithGuidPM: 3.560ms
		OnDemandSchedulerStart: 1.365ms
	PostProcessAllAssets: 772.333ms
		XRBuildSystem.XRAssetImported 3.504ms
		MonoPostProcessAllAssets: 768.337ms
			AssetPostprocessor.OnPostprocessAllAssets 683.418ms
			StyleCatalogPostProcessor.OnPostprocessAllAssets 49.017ms
			BuilderAssetPostprocessor.OnPostprocessAllAssets 7.150ms
			SceneAssetPostProcessor.OnPostprocessAllAssets 6.723ms
			RenderPipelineGlobalSettingsPostprocessor.OnPostprocessAllAssets 3.186ms
			ShaderGraphAssetPostProcessor.OnPostprocessAllAssets 2.065ms
			AssetChangedListener.OnPostprocessAllAssets 1.719ms
			RetainedModeAssetPostprocessor.OnPostprocessAllAssets 1.671ms
			MaterialPostprocessor.OnPostprocessAllAssets 1.287ms
			SpriteEditorTexturePostprocessor.OnPostprocessAllAssets 1.191ms
			SyncVS.PostprocessSyncProject 1.114ms
			TMPro_TexturePostProcessor.OnPostprocessAllAssets 1.097ms
			ArtifactBrowserPostProcessor.OnPostprocessAllAssets 0.769ms
			TextAssetPostProcessor.OnPostprocessAllAssets 0.543ms
			AssetEvents.OnPostprocessAllAssets 0.519ms
			UVCSAssetPostprocessor.OnPostprocessAllAssets 0.501ms
			SamplePostprocessor.OnPostprocessAllAssets 0.476ms
			CubeLutAssetImporter.OnPostprocessAllAssets 0.418ms
			InputActionJsonNameModifierAssetProcessor.OnPostprocessAllAssets 0.409ms
			PostProcessor.OnPostprocessAllAssets 0.399ms
			AudioMixerPostprocessor.OnPostprocessAllAssets 0.362ms
			InputActionAssetPostprocessor.OnPostprocessAllAssets 0.232ms
			SpeedTreePostProcessor.OnPostprocessAllAssets 0.223ms
			ConfigAssetsTracker.OnPostprocessAllAssets 0.206ms
			ScenarioDriftAssetsTracker.OnPostprocessAllAssets 0.194ms
			AudioContainerPostProcessor.OnPostprocessAllAssets 0.086ms
	PostAssetChangesProfiler: 1.543ms
	GatherAllCurrentPrimaryImportResultRevisions: 1.510ms
	UnloadStreamsBegin: 1.328ms
	PersistCurrentRevisions: 1.059ms
	Untracked: 10.637ms

Opening scene 'Assets/Game/Scenes/Menu.unity'
Unloading 892 Unused Serialized files (Serialized files now loaded: 0)
Loaded scene 'Assets/Game/Scenes/Menu.unity'
	Deserialize:            1138.678 ms
	Integration:            712.241 ms
	Integration of assets:  1446.873 ms
	Thread Wait Time:       -0.227 ms
	Total Operation Time:   3297.565 ms
Unloading 11 unused Assets / (2.4 KB). Loaded Objects now: 19912.
Memory consumption went from 0.85 GB to 0.85 GB.
Total: 13.830834 ms (FindLiveObjects: 1.019625 ms CreateObjectMapping: 0.369167 ms MarkObjects: 12.402583 ms  DeleteObjects: 0.038833 ms)

[Project] Loading completed in 31.087 seconds
	Project init time: 				25.750 seconds
		Template init time: 		0.000 seconds
		Package Manager init time: 		2.076 seconds
		Asset Database init time: 		0.582 seconds
		Global illumination init time: 	0.001 seconds
		Assemblies load time: 			4.559 seconds
		Unity extensions init time: 	0.019 seconds
		Asset Database refresh time: 	16.500 seconds
	Scene opening time: 			5.173 seconds
##utp:{"type":"ProjectInfo","version":2,"phase":"Immediate","time":1782222376808,"processId":20710,"projectLoad":31.087441959000004,"projectInit":25.750385958,"templateInit":0.0,"packageManagerInit":2.075587458,"assetDatabaseInit":0.581746917,"globalIlluminationInit":0.001164167,"assembliesLoad":4.558768416,"unityExtensionsInit":0.019104208,"assetDatabaseRefresh":16.500009375,"sceneOpening":5.172581958}
##utp:{"type":"EditorInfo","version":2,"phase":"Immediate","time":1782222376808,"processId":20710,"editorVersion":"6000.4.0f1 (8cf496087c8f)","branch":"6000.4/staging","buildType":"Release","platform":"OSX"}
Subscribe to USB device events
Thread 0x360b07000 may have been prematurely finalized
Entering Playmode with Reload Domain disabled.
If you experience any issues, please disable "Enter Play Mode Options" in Editor Settings
Entering Playmode with Reload Scene disabled. If you experience any issues, please disable "Enter Play Mode Options" in Editor Settings
(Values over 0.050ms)
Asset Pipeline Refresh (id=daad9c936c97b4e8db5a0831bf247fb0): Total: 0.571 seconds - Initiated by RefreshV2(NoUpdateAssetOptions)
	Summary:
		Imports: total=0 (actual=0, local cache=0, cache server=0)
		Asset DB Process Time: managed=0 ms, native=570 ms
		Asset DB Callback time: managed=0 ms, native=0 ms
		Scripting: domain reloads=0, domain reload time=0 ms, compile time=0 ms, other=0 ms
		Project Asset Count: scripts=2387, non-scripts=15763
		Asset File Changes: new=0, changed=0, moved=0, deleted=0
		Scan Filter Count: 1
	ApplyChangesToAssetFolders: 0.148ms
	Scan: 414.094ms
	ProcessAssetsWithTransientArtifactChanges: 0.057ms
	CategorizeAssets: 136.991ms
	ImportOutOfDateAssets: 5.171ms (1.089ms without children)
		ReloadNativeAssets: 0.435ms
		UnloadImportedAssets: 0.119ms
		EnsureUptoDateAssetsAreRegisteredWithGuidPM: 2.481ms
		OnDemandSchedulerStart: 1.045ms
	GatherAllCurrentPrimaryImportResultRevisions: 0.717ms
	UnloadStreamsBegin: 1.054ms
	PersistCurrentRevisions: 0.877ms
	Untracked: 10.704ms

[Licensing::Client] Successfully resolved entitlement details
Start Indexing on Editor startup
[Indexing] Starting Initial Indexing for Assets
Created GICache directory at /Users/farhad/Library/Caches/com.unity3d.UnityEditor/GiCache. Took: 0.002s, timestamps: [32.226 - 32.228]
[Licensing::Client] Successfully resolved entitlement details
[CanvasRouteCaptureValidation] result=Passed Canvas route is visible. route=Armory popup=None overlay=None modal=None armoryCategory=Characters selectedButton=None luma=0.239 size=1920x1080 path=/Users/farhad/Projects/WarlineCapture/Design/VisualLockLayered/_CanvasTargetLockVisualMatch/SCN-19_Armory/iteration_18/shadow_canvas_scn19_armory_final_1920x1080.png
UnityEngine.Debug:ExtractStackTraceNoAlloc (byte*,int,string)
UnityEngine.StackTraceUtility:ExtractStackTrace () (at /Users/bokken/build/output/unity/unity/Runtime/Export/Scripting/StackTrace.cs:35)
UnityEngine.DebugLogHandler:Internal_Log (UnityEngine.LogType,UnityEngine.LogOption,string,UnityEngine.Object)
UnityEngine.DebugLogHandler:LogFormat (UnityEngine.LogType,UnityEngine.Object,string,object[])
UnityEngine.Logger:Log (UnityEngine.LogType,object)
UnityEngine.Debug:Log (object)
CanvasMenuFallbackValidation:CompleteRouteCapture (bool,string) (at Assets/Game/Scripts/Editor/CanvasMenuFallbackValidation.cs:924)
CanvasMenuFallbackValidation:ContinueRouteCapture () (at Assets/Game/Scripts/Editor/CanvasMenuFallbackValidation.cs:459)
UnityEditor.EditorApplication:Internal_CallUpdateFunctions () (at /Users/bokken/build/output/unity/unity/Editor/Mono/EditorApplication.cs:401)

(Filename: Assets/Game/Scripts/Editor/CanvasMenuFallbackValidation.cs Line: 924)

Killing ADB server in 0.089539 seconds.
Input System module state changed to: ShutdownInProgress.
Input Polling Thread exited.
Input System module state changed to: Shutdown.
[Physics::Module] Cleanup current backend.
[Physics::Module] Id: 0xf2b8ea05
[Licensing::IpcConnector] LicenseClient-farhad-6000.4.0-notifications channel disconnected successfully.
[Licensing::IpcConnector] LicenseClient-farhad-6000.4.0 channel disconnected successfully.
Thread 0x16e02f000 may have been prematurely finalized
Thread 0x16dfa3000 may have been prematurely finalized
Thread 0x16e147000 may have been prematurely finalized
Thread 0x16e1d3000 may have been prematurely finalized
Thread 0x16e25f000 may have been prematurely finalized
Thread 0x16e0bb000 may have been prematurely finalized
Thread 0x16e377000 may have been prematurely finalized
Thread 0x16e2eb000 may have been prematurely finalized
AcceleratorClientConnectionCallback - disconnected - :0
info: Microsoft.Hosting.Lifetime[0]
      Application is shutting down...
Cleanup mono
CodeReloadManager destroyed
info: Unity.ILPP.Runner.PostProcessingAssemblyLoadContext[0]
      ALC ILPP context 1 is unloading
15:46:23.548 |V| RiderPlugin                    | :1                             | AppDomain.CurrentDomain.DomainUnload lifetimeDefinition.Terminate
debugger-agent: Unable to listen on 45
[usbmuxd] Stop listen thread
[usbmuxd] Error: 
[usbmuxd] Listen thread exiting
