[ExistingEditorValidation] project=/Users/farhad/Projects/WarlineCapture/Assets executeMethod=Game.Editor.SkirmishPrototypeEditorProbe.ReviewS004InIdleEditor
UnityEngine.Debug:Log (object)
Game.Editor.ExistingEditorValidation/<Run>d__9:MoveNext () (at Assets/Game/Scripts/Editor/ExistingEditorValidation.cs:91)
System.Runtime.CompilerServices.AsyncVoidMethodBuilder:Start<Game.Editor.ExistingEditorValidation/<Run>d__9> (Game.Editor.ExistingEditorValidation/<Run>d__9&)
Game.Editor.ExistingEditorValidation:Run (string,string)
PipelineEvaluation.PipelineEval_aa4c304a/<>c__DisplayClass0_0:<Execute>b__0 ()
UnityEditor.EditorApplication:Internal_CallUpdateFunctions () (at /Users/bokken/build/output/unity/unity/Editor/Mono/EditorApplication.cs:403)

[MainMenuV3PrefabBuilder] gameView=2400x1080 selectedIndex=14
UnityEngine.Debug:Log (object)
Game.Editor.MainMenuV3PrefabBuilder:SetGameViewResolution (int,int) (at Assets/Game/Scripts/Editor/MainMenuV3PrefabBuilder.cs:432)
Game.Editor.SkirmishPrototypeEditorProbe:Launch (string) (at Assets/Game/Scripts/Editor/SkirmishPrototypeEditorProbe.cs:99)
Game.Editor.SkirmishPrototypeEditorProbe:LaunchInIdleEditor (string) (at Assets/Game/Scripts/Editor/SkirmishPrototypeEditorProbe.cs:46)
Game.Editor.SkirmishPrototypeEditorProbe:ReviewS004InIdleEditor () (at Assets/Game/Scripts/Editor/SkirmishPrototypeEditorProbe.cs:56)
System.Reflection.MethodBase:Invoke (object,object[])
Game.Editor.ExistingEditorValidation/<Run>d__9:MoveNext () (at Assets/Game/Scripts/Editor/ExistingEditorValidation.cs:93)
System.Runtime.CompilerServices.AsyncVoidMethodBuilder:Start<Game.Editor.ExistingEditorValidation/<Run>d__9> (Game.Editor.ExistingEditorValidation/<Run>d__9&)
Game.Editor.ExistingEditorValidation:Run (string,string)
PipelineEvaluation.PipelineEval_aa4c304a/<>c__DisplayClass0_0:<Execute>b__0 ()
UnityEditor.EditorApplication:Internal_CallUpdateFunctions () (at /Users/bokken/build/output/unity/unity/Editor/Mono/EditorApplication.cs:403)

Ignoring invalid [Unity.Entities.UpdateAfterAttribute] attribute on Game.Runtime.CampaignMissionArmorBreakAircraftOrderSystem targeting Game.Runtime.UnitTargetOrderSystem.
This attribute can only order systems that are members of the same ComponentSystemGroup instance.
Make sure that both systems are in the same system group with [UpdateInGroup(typeof(Unity.Entities.SimulationSystemGroup))],
or by manually adding both systems to the same group's update list.
UnityEngine.Debug:LogWarning (object)
Unity.Debug:LogWarning (object) (at ./Library/PackageCache/com.unity.entities@bab66ffaba49/Unity.Entities/Stubs/Unity/Debug.cs:13)
Unity.Entities.ComponentSystemSorter:WarnAboutAnySystemAttributeBadness (int,Unity.Entities.ComponentSystemGroup) (at ./Library/PackageCache/com.unity.entities@bab66ffaba49/Unity.Entities/ComponentSystemSorter.cs:504)
Unity.Entities.ComponentSystemGroup:GenerateMasterUpdateList () (at ./Library/PackageCache/com.unity.entities@bab66ffaba49/Unity.Entities/ComponentSystemGroup.cs:490)
Unity.Entities.ComponentSystemGroup:RecurseUpdate () (at ./Library/PackageCache/com.unity.entities@bab66ffaba49/Unity.Entities/ComponentSystemGroup.cs:410)
Unity.Entities.ComponentSystemGroup:SortSystems () (at ./Library/PackageCache/com.unity.entities@bab66ffaba49/Unity.Entities/ComponentSystemGroup.cs:598)
Unity.Entities.DefaultWorldInitialization:AddSystemToRootLevelSystemGroupsInternal (Unity.Entities.World,Unity.Collections.NativeList`1<Unity.Entities.SystemTypeIndex>) (at ./Library/PackageCache/com.unity.entities@bab66ffaba49/Unity.Entities/DefaultWorldInitialization.cs:304)
Unity.Entities.DefaultWorldInitialization:Initialize (string,bool) (at ./Library/PackageCache/com.unity.entities@bab66ffaba49/Unity.Entities/DefaultWorldInitialization.cs:156)
Unity.Entities.AutomaticWorldBootstrap:Initialize () (at ./Library/PackageCache/com.unity.entities@bab66ffaba49/Unity.Entities.Hybrid/Injection/AutomaticWorldBootstrap.cs:16)

Ignoring invalid [Unity.Entities.UpdateAfterAttribute(Game.Runtime.SkirmishResultSettlementSystem)] attribute on Game.Runtime.SkirmishExpandedSessionControlSystem because OrderFirst/OrderLast has higher precedence.
UnityEngine.Debug:LogWarning (object)
Unity.Debug:LogWarning (object) (at ./Library/PackageCache/com.unity.entities@bab66ffaba49/Unity.Entities/Stubs/Unity/Debug.cs:13)
Unity.Entities.ComponentSystemSorter:WarnAboutAnySystemAttributeBadness (int,Unity.Entities.ComponentSystemGroup) (at ./Library/PackageCache/com.unity.entities@bab66ffaba49/Unity.Entities/ComponentSystemSorter.cs:522)
Unity.Entities.ComponentSystemGroup:GenerateMasterUpdateList () (at ./Library/PackageCache/com.unity.entities@bab66ffaba49/Unity.Entities/ComponentSystemGroup.cs:490)
Unity.Entities.ComponentSystemGroup:RecurseUpdate () (at ./Library/PackageCache/com.unity.entities@bab66ffaba49/Unity.Entities/ComponentSystemGroup.cs:410)
Unity.Entities.ComponentSystemGroup:SortSystems () (at ./Library/PackageCache/com.unity.entities@bab66ffaba49/Unity.Entities/ComponentSystemGroup.cs:598)
Unity.Entities.DefaultWorldInitialization:AddSystemToRootLevelSystemGroupsInternal (Unity.Entities.World,Unity.Collections.NativeList`1<Unity.Entities.SystemTypeIndex>) (at ./Library/PackageCache/com.unity.entities@bab66ffaba49/Unity.Entities/DefaultWorldInitialization.cs:304)
Unity.Entities.DefaultWorldInitialization:Initialize (string,bool) (at ./Library/PackageCache/com.unity.entities@bab66ffaba49/Unity.Entities/DefaultWorldInitialization.cs:156)
Unity.Entities.AutomaticWorldBootstrap:Initialize () (at ./Library/PackageCache/com.unity.entities@bab66ffaba49/Unity.Entities.Hybrid/Injection/AutomaticWorldBootstrap.cs:16)

Ignoring invalid [Unity.Entities.UpdateBeforeAttribute] attribute on Game.Rendering.OperationMapVehicleVisualOwnershipSystem targeting Game.Rendering.UnitRenderVisualExclusivitySystem.
This attribute can only order systems that are members of the same ComponentSystemGroup instance.
Make sure that both systems are in the same system group with [UpdateInGroup(typeof(Unity.Entities.PresentationSystemGroup))],
or by manually adding both systems to the same group's update list.
UnityEngine.Debug:LogWarning (object)
Unity.Debug:LogWarning (object) (at ./Library/PackageCache/com.unity.entities@bab66ffaba49/Unity.Entities/Stubs/Unity/Debug.cs:13)
Unity.Entities.ComponentSystemSorter:WarnAboutAnySystemAttributeBadness (int,Unity.Entities.ComponentSystemGroup) (at ./Library/PackageCache/com.unity.entities@bab66ffaba49/Unity.Entities/ComponentSystemSorter.cs:504)
Unity.Entities.ComponentSystemGroup:GenerateMasterUpdateList () (at ./Library/PackageCache/com.unity.entities@bab66ffaba49/Unity.Entities/ComponentSystemGroup.cs:490)
Unity.Entities.ComponentSystemGroup:RecurseUpdate () (at ./Library/PackageCache/com.unity.entities@bab66ffaba49/Unity.Entities/ComponentSystemGroup.cs:410)
Unity.Entities.ComponentSystemGroup:SortSystems () (at ./Library/PackageCache/com.unity.entities@bab66ffaba49/Unity.Entities/ComponentSystemGroup.cs:598)
Unity.Entities.DefaultWorldInitialization:AddSystemToRootLevelSystemGroupsInternal (Unity.Entities.World,Unity.Collections.NativeList`1<Unity.Entities.SystemTypeIndex>) (at ./Library/PackageCache/com.unity.entities@bab66ffaba49/Unity.Entities/DefaultWorldInitialization.cs:305)
Unity.Entities.DefaultWorldInitialization:Initialize (string,bool) (at ./Library/PackageCache/com.unity.entities@bab66ffaba49/Unity.Entities/DefaultWorldInitialization.cs:156)
Unity.Entities.AutomaticWorldBootstrap:Initialize () (at ./Library/PackageCache/com.unity.entities@bab66ffaba49/Unity.Entities.Hybrid/Injection/AutomaticWorldBootstrap.cs:16)

[FirstLaunchStartup] fix=LanguageChoiceAwakeOrder_2026-07-17 disposition=EnterMenu languageView=1 languageVisible=0 narrativeView=1
UnityEngine.Debug:Log (object)
Game.Composition.FirstLaunchNarrativeCompositionSystemHelper:LogStartupDisposition (Game.Composition.FirstLaunchNarrativeStartupDisposition) (at Assets/Game/Scripts/Composition/Narrative/FirstLaunchNarrativeCompositionSystemHelper.cs:319)
Game.Composition.FirstLaunchNarrativeCompositionSystemHelper:Initialize (Game.Configs.NarrativeSequenceConfig,Game.Configs.NarrativeSpeakerCatalog,Game.Configs.NarrativePunctuationConfig,Game.UI.Runtime.NarrativeSequenceView,Game.UI.Contracts.IGameTextResolver,Game.Runtime.SaveService,bool,bool,Game.UI.Runtime.FirstLaunchLanguageChoiceView,Game.Configs.NarrativeLocaleConfig,Game.UI.Runtime.UIShellView) (at Assets/Game/Scripts/Composition/Narrative/FirstLaunchNarrativeCompositionSystemHelper.cs:98)
Game.Composition.FirstLaunchNarrativeCompositionSystemHelper:InitializeShell (Game.Composition.MenuBootstrapView,Game.UI.Contracts.IGameTextResolver,bool,bool) (at Assets/Game/Scripts/Composition/Narrative/FirstLaunchNarrativeCompositionSystemHelper.cs:151)
Game.Composition.MenuBootstrapCompositionSystemHelper:Initialize (Game.Composition.MenuBootstrapView) (at Assets/Game/Scripts/Composition/MenuBootstrapCompositionSystemHelper.cs:115)
Game.Composition.MenuBootstrapView:Awake () (at Assets/Game/Scripts/Composition/MenuBootstrapView.cs:159)

[UiShellPresentation] stage=CommandStarted sequence=1 kind=EnterMenu region=None route=MainMenu
UnityEngine.Debug:Log (object,UnityEngine.Object)
Game.Composition.UiDiagnosticsComposition:Report (Game.UI.Contracts.UiDiagnosticSeverity,string,UnityEngine.Object) (at Assets/Game/Scripts/Composition/UiDiagnosticsComposition.cs:17)
Game.UI.Contracts.UiDiagnostics:Info (string,UnityEngine.Object) (at Assets/Game/Scripts/UI/Contracts/UiDiagnostics.cs:14)
Game.UI.Runtime.UIShellEcsPresentationSystem:LogTransition (string,Game.UI.Contracts.UiShellPresentationCommandModel) (at Assets/Game/Scripts/UI/Shell/UIShellEcsPresentationSystem.cs:138)
Game.UI.Runtime.UIShellEcsPresentationSystem:Update () (at Assets/Game/Scripts/UI/Shell/UIShellEcsPresentationSystem.cs:87)

[UiShellPresentation] stage=CommandCompleted sequence=1 kind=EnterMenu region=None route=MainMenu
UnityEngine.Debug:Log (object,UnityEngine.Object)
Game.Composition.UiDiagnosticsComposition:Report (Game.UI.Contracts.UiDiagnosticSeverity,string,UnityEngine.Object) (at Assets/Game/Scripts/Composition/UiDiagnosticsComposition.cs:17)
Game.UI.Contracts.UiDiagnostics:Info (string,UnityEngine.Object) (at Assets/Game/Scripts/UI/Contracts/UiDiagnostics.cs:14)
Game.UI.Runtime.UIShellEcsPresentationSystem:LogTransition (string,Game.UI.Contracts.UiShellPresentationCommandModel) (at Assets/Game/Scripts/UI/Shell/UIShellEcsPresentationSystem.cs:138)
Game.UI.Runtime.UIShellEcsPresentationSystem/<>c__DisplayClass24_0:<Update>b__0 (int) (at Assets/Game/Scripts/UI/Shell/UIShellEcsPresentationSystem.cs:100)
Game.UI.Runtime.UIShellView/<>c__DisplayClass19_0:<ExecuteCommandSequence>b__0 () (at Assets/Game/Scripts/UI/Shell/UIShellView.cs:99)
Game.UI.Runtime.UIMotionHostView/<SequenceRoutine>d__32:MoveNext () (at Assets/Game/Scripts/UI/Shell/UIMotionHostView.cs:268)
UnityEngine.SetupCoroutine:InvokeMoveNext (System.Collections.IEnumerator,intptr) (at /Users/bokken/build/output/unity/unity/Runtime/Export/Scripting/Coroutines.cs:17)

[UiShellPresentation] stage=CompletionFlushed sequence=1 kind=EnterMenu region=None
UnityEngine.Debug:Log (object,UnityEngine.Object)
Game.Composition.UiDiagnosticsComposition:Report (Game.UI.Contracts.UiDiagnosticSeverity,string,UnityEngine.Object) (at Assets/Game/Scripts/Composition/UiDiagnosticsComposition.cs:17)
Game.UI.Contracts.UiDiagnostics:Info (string,UnityEngine.Object) (at Assets/Game/Scripts/UI/Contracts/UiDiagnostics.cs:14)
Game.UI.Runtime.UIShellEcsPresentationSystem:LogTransition (string,Game.UI.Contracts.UiShellTransitionCompleteModel) (at Assets/Game/Scripts/UI/Shell/UIShellEcsPresentationSystem.cs:146)
Game.UI.Runtime.UIShellEcsPresentationSystem:FlushPendingCompletion () (at Assets/Game/Scripts/UI/Shell/UIShellEcsPresentationSystem.cs:129)
Game.UI.Runtime.UIShellEcsPresentationSystem:Update () (at Assets/Game/Scripts/UI/Shell/UIShellEcsPresentationSystem.cs:67)

[UiShellPresentation] stage=CommandStarted sequence=2 kind=SwapMenuMiddle region=MiddleRegion route=QuickCustomSetup
UnityEngine.Debug:Log (object,UnityEngine.Object)
Game.Composition.UiDiagnosticsComposition:Report (Game.UI.Contracts.UiDiagnosticSeverity,string,UnityEngine.Object) (at Assets/Game/Scripts/Composition/UiDiagnosticsComposition.cs:17)
Game.UI.Contracts.UiDiagnostics:Info (string,UnityEngine.Object) (at Assets/Game/Scripts/UI/Contracts/UiDiagnostics.cs:14)
Game.UI.Runtime.UIShellEcsPresentationSystem:LogTransition (string,Game.UI.Contracts.UiShellPresentationCommandModel) (at Assets/Game/Scripts/UI/Shell/UIShellEcsPresentationSystem.cs:138)
Game.UI.Runtime.UIShellEcsPresentationSystem:Update () (at Assets/Game/Scripts/UI/Shell/UIShellEcsPresentationSystem.cs:87)

[UiShellPresentation] stage=CommandCompleted sequence=2 kind=SwapMenuMiddle region=MiddleRegion route=QuickCustomSetup
UnityEngine.Debug:Log (object,UnityEngine.Object)
Game.Composition.UiDiagnosticsComposition:Report (Game.UI.Contracts.UiDiagnosticSeverity,string,UnityEngine.Object) (at Assets/Game/Scripts/Composition/UiDiagnosticsComposition.cs:17)
Game.UI.Contracts.UiDiagnostics:Info (string,UnityEngine.Object) (at Assets/Game/Scripts/UI/Contracts/UiDiagnostics.cs:14)
Game.UI.Runtime.UIShellEcsPresentationSystem:LogTransition (string,Game.UI.Contracts.UiShellPresentationCommandModel) (at Assets/Game/Scripts/UI/Shell/UIShellEcsPresentationSystem.cs:138)
Game.UI.Runtime.UIShellEcsPresentationSystem/<>c__DisplayClass24_0:<Update>b__0 (int) (at Assets/Game/Scripts/UI/Shell/UIShellEcsPresentationSystem.cs:100)
Game.UI.Runtime.UIShellView/<>c__DisplayClass19_0:<ExecuteCommandSequence>b__0 () (at Assets/Game/Scripts/UI/Shell/UIShellView.cs:99)
Game.UI.Runtime.UIMotionHostView/<SequenceRoutine>d__32:MoveNext () (at Assets/Game/Scripts/UI/Shell/UIMotionHostView.cs:268)
UnityEngine.SetupCoroutine:InvokeMoveNext (System.Collections.IEnumerator,intptr) (at /Users/bokken/build/output/unity/unity/Runtime/Export/Scripting/Coroutines.cs:17)

[UiShellPresentation] stage=CompletionFlushed sequence=2 kind=SwapMenuMiddle region=MiddleRegion
UnityEngine.Debug:Log (object,UnityEngine.Object)
Game.Composition.UiDiagnosticsComposition:Report (Game.UI.Contracts.UiDiagnosticSeverity,string,UnityEngine.Object) (at Assets/Game/Scripts/Composition/UiDiagnosticsComposition.cs:17)
Game.UI.Contracts.UiDiagnostics:Info (string,UnityEngine.Object) (at Assets/Game/Scripts/UI/Contracts/UiDiagnostics.cs:14)
Game.UI.Runtime.UIShellEcsPresentationSystem:LogTransition (string,Game.UI.Contracts.UiShellTransitionCompleteModel) (at Assets/Game/Scripts/UI/Shell/UIShellEcsPresentationSystem.cs:146)
Game.UI.Runtime.UIShellEcsPresentationSystem:FlushPendingCompletion () (at Assets/Game/Scripts/UI/Shell/UIShellEcsPresentationSystem.cs:129)
Game.UI.Runtime.UIShellEcsPresentationSystem:Update () (at Assets/Game/Scripts/UI/Shell/UIShellEcsPresentationSystem.cs:67)

[SkirmishLaunch] queued expanded catalog=S004 definition=skirmish.s004 start=EstablishedBase difficulty=Regular size=Standard seed=104733 mapHint=0
UnityEngine.Debug:Log (object)
Game.Composition.SkirmishLaunchProjection:TryQueueExpanded (Unity.Entities.EntityManager,string,int) (at Assets/Game/Scripts/Composition/SkirmishLaunchProjection.cs:132)
Game.Composition.SkirmishLaunchProjection:TryQueue (Unity.Entities.EntityManager,Game.Configs.QuickGameConfig) (at Assets/Game/Scripts/Composition/SkirmishLaunchProjection.cs:62)
Game.Composition.MatchLaunchCommand:QueueMatchRoute (Unity.Entities.EntityManager) (at Assets/Game/Scripts/Composition/UiRuntimeAdapters.cs:362)
Game.Composition.MatchLaunchCommand:QueueMatchRoute () (at Assets/Game/Scripts/Composition/UiRuntimeAdapters.cs:327)
Game.Composition.MatchLaunchCommand:LaunchMatch (UnityEngine.Component) (at Assets/Game/Scripts/Composition/UiRuntimeAdapters.cs:315)
Game.UI.Runtime.QuickCustomScreenFlowUiSystemHelper:LaunchMatch (Game.UI.Runtime.QuickCustomScreenView,Game.UI.Contracts.IQuickCustomGameConfigStore,Game.UI.Contracts.IMatchLaunchCommand) (at Assets/Game/Scripts/UI/Screens/QuickCustomScreenFlowUiSystemHelper.cs:34)
Game.UI.Runtime.QuickCustomScreenView:LaunchMatch () (at Assets/Game/Scripts/UI/Screens/QuickCustomScreenView.cs:289)
Game.Editor.SkirmishPrototypeEditorProbe:Tick () (at Assets/Game/Scripts/Editor/SkirmishPrototypeEditorProbe.cs:129)
UnityEditor.EditorApplication:Internal_CallUpdateFunctions () (at /Users/bokken/build/output/unity/unity/Editor/Mono/EditorApplication.cs:403)

[GameLaunch] submitted authoritative Match route request. alreadyQueued=0
UnityEngine.Debug:Log (object)
Game.Composition.MatchLaunchCommand:QueueMatchRoute (Unity.Entities.EntityManager) (at Assets/Game/Scripts/Composition/UiRuntimeAdapters.cs:373)
Game.Composition.MatchLaunchCommand:QueueMatchRoute () (at Assets/Game/Scripts/Composition/UiRuntimeAdapters.cs:327)
Game.Composition.MatchLaunchCommand:LaunchMatch (UnityEngine.Component) (at Assets/Game/Scripts/Composition/UiRuntimeAdapters.cs:315)
Game.UI.Runtime.QuickCustomScreenFlowUiSystemHelper:LaunchMatch (Game.UI.Runtime.QuickCustomScreenView,Game.UI.Contracts.IQuickCustomGameConfigStore,Game.UI.Contracts.IMatchLaunchCommand) (at Assets/Game/Scripts/UI/Screens/QuickCustomScreenFlowUiSystemHelper.cs:34)
Game.UI.Runtime.QuickCustomScreenView:LaunchMatch () (at Assets/Game/Scripts/UI/Screens/QuickCustomScreenView.cs:289)
Game.Editor.SkirmishPrototypeEditorProbe:Tick () (at Assets/Game/Scripts/Editor/SkirmishPrototypeEditorProbe.cs:129)
UnityEditor.EditorApplication:Internal_CallUpdateFunctions () (at /Users/bokken/build/output/unity/unity/Editor/Mono/EditorApplication.cs:403)

'Game.Runtime.SkirmishCheckpointSystem' creates a query during OnUpdate. Please create queries in OnCreate and store them in the system for use in OnUpdate instead. This is significantly faster.
UnityEngine.Debug:LogWarning (object)
Unity.Debug:LogWarning (object) (at ./Library/PackageCache/com.unity.entities@bab66ffaba49/Unity.Entities/Stubs/Unity/Debug.cs:13)
Unity.Entities.SystemState:CheckOnUpdate_Query () (at ./Library/PackageCache/com.unity.entities@bab66ffaba49/Unity.Entities/SystemState.cs:551)
Unity.Entities.SystemState:GetEntityQuery (Unity.Entities.ComponentType) (at ./Library/PackageCache/com.unity.entities@bab66ffaba49/Unity.Entities/SystemState.cs:834)
Game.Runtime.SkirmishCheckpointSystem:OnUpdate (Unity.Entities.SystemState&) (at Assets/Game/Scripts/Runtime/Skirmish/SkirmishCheckpointSystem.cs:23)
Game.Runtime.SkirmishCheckpointSystem:__codegen__OnUpdate (intptr,intptr)
Unity.Entities.SystemBaseRegistry/<>c__DisplayClass9_0:<SelectBurstFn>b__0 (intptr,intptr) (at ./Library/PackageCache/com.unity.entities@bab66ffaba49/Unity.Entities/SystemBaseRegistry.cs:251)
Unity.Entities.WorldUnmanagedImpl/Unity.Entities.UnmanagedUpdate_000015A0$BurstDirectCall:Invoke (void*)
Unity.Entities.WorldUnmanagedImpl:UnmanagedUpdate (void*)
Unity.Entities.WorldUnmanagedImpl:UpdateSystem (Unity.Entities.SystemHandle) (at ./Library/PackageCache/com.unity.entities@bab66ffaba49/Unity.Entities/WorldUnmanaged.cs:942)
Unity.Entities.ComponentSystemGroup:UpdateAllSystems () (at ./Library/PackageCache/com.unity.entities@bab66ffaba49/Unity.Entities/ComponentSystemGroup.cs:725)
Unity.Entities.ComponentSystemGroup:OnUpdate () (at ./Library/PackageCache/com.unity.entities@bab66ffaba49/Unity.Entities/ComponentSystemGroup.cs:687)
Unity.Entities.SystemBase:Update () (at ./Library/PackageCache/com.unity.entities@bab66ffaba49/Unity.Entities/SystemBase.cs:205)
Unity.Entities.ScriptBehaviourUpdateOrder/DummyDelegateWrapper:TriggerUpdate () (at ./Library/PackageCache/com.unity.entities@bab66ffaba49/Unity.Entities/ScriptBehaviourUpdateOrder.cs:523)

'Game.Runtime.SkirmishSessionCleanupSystem' creates a query during OnUpdate. Please create queries in OnCreate and store them in the system for use in OnUpdate instead. This is significantly faster.
UnityEngine.Debug:LogWarning (object)
Unity.Debug:LogWarning (object) (at ./Library/PackageCache/com.unity.entities@bab66ffaba49/Unity.Entities/Stubs/Unity/Debug.cs:13)
Unity.Entities.SystemState:CheckOnUpdate_Query () (at ./Library/PackageCache/com.unity.entities@bab66ffaba49/Unity.Entities/SystemState.cs:551)
Unity.Entities.SystemState:GetEntityQuery (Unity.Entities.ComponentType) (at ./Library/PackageCache/com.unity.entities@bab66ffaba49/Unity.Entities/SystemState.cs:834)
Game.Runtime.SkirmishSessionCleanupSystem:OnUpdate (Unity.Entities.SystemState&) (at Assets/Game/Scripts/Runtime/Skirmish/SkirmishSessionCleanupSystem.cs:22)
Game.Runtime.SkirmishSessionCleanupSystem:__codegen__OnUpdate (intptr,intptr)
Unity.Entities.SystemBaseRegistry/<>c__DisplayClass9_0:<SelectBurstFn>b__0 (intptr,intptr) (at ./Library/PackageCache/com.unity.entities@bab66ffaba49/Unity.Entities/SystemBaseRegistry.cs:251)
Unity.Entities.WorldUnmanagedImpl/Unity.Entities.UnmanagedUpdate_000015A0$BurstDirectCall:Invoke (void*)
Unity.Entities.WorldUnmanagedImpl:UnmanagedUpdate (void*)
Unity.Entities.WorldUnmanagedImpl:UpdateSystem (Unity.Entities.SystemHandle) (at ./Library/PackageCache/com.unity.entities@bab66ffaba49/Unity.Entities/WorldUnmanaged.cs:942)
Unity.Entities.ComponentSystemGroup:UpdateAllSystems () (at ./Library/PackageCache/com.unity.entities@bab66ffaba49/Unity.Entities/ComponentSystemGroup.cs:725)
Unity.Entities.ComponentSystemGroup:OnUpdate () (at ./Library/PackageCache/com.unity.entities@bab66ffaba49/Unity.Entities/ComponentSystemGroup.cs:687)
Unity.Entities.SystemBase:Update () (at ./Library/PackageCache/com.unity.entities@bab66ffaba49/Unity.Entities/SystemBase.cs:205)
Unity.Entities.ScriptBehaviourUpdateOrder/DummyDelegateWrapper:TriggerUpdate () (at ./Library/PackageCache/com.unity.entities@bab66ffaba49/Unity.Entities/ScriptBehaviourUpdateOrder.cs:523)

[UiShellPresentation] stage=CommandStarted sequence=3 kind=ExitMenu region=None route=Match
UnityEngine.Debug:Log (object,UnityEngine.Object)
Game.Composition.UiDiagnosticsComposition:Report (Game.UI.Contracts.UiDiagnosticSeverity,string,UnityEngine.Object) (at Assets/Game/Scripts/Composition/UiDiagnosticsComposition.cs:17)
Game.UI.Contracts.UiDiagnostics:Info (string,UnityEngine.Object) (at Assets/Game/Scripts/UI/Contracts/UiDiagnostics.cs:14)
Game.UI.Runtime.UIShellEcsPresentationSystem:LogTransition (string,Game.UI.Contracts.UiShellPresentationCommandModel) (at Assets/Game/Scripts/UI/Shell/UIShellEcsPresentationSystem.cs:138)
Game.UI.Runtime.UIShellEcsPresentationSystem:Update () (at Assets/Game/Scripts/UI/Shell/UIShellEcsPresentationSystem.cs:87)

[UiShellPresentation] stage=CommandCompleted sequence=3 kind=ExitMenu region=None route=Match
UnityEngine.Debug:Log (object,UnityEngine.Object)
Game.Composition.UiDiagnosticsComposition:Report (Game.UI.Contracts.UiDiagnosticSeverity,string,UnityEngine.Object) (at Assets/Game/Scripts/Composition/UiDiagnosticsComposition.cs:17)
Game.UI.Contracts.UiDiagnostics:Info (string,UnityEngine.Object) (at Assets/Game/Scripts/UI/Contracts/UiDiagnostics.cs:14)
Game.UI.Runtime.UIShellEcsPresentationSystem:LogTransition (string,Game.UI.Contracts.UiShellPresentationCommandModel) (at Assets/Game/Scripts/UI/Shell/UIShellEcsPresentationSystem.cs:138)
Game.UI.Runtime.UIShellEcsPresentationSystem/<>c__DisplayClass24_0:<Update>b__0 (int) (at Assets/Game/Scripts/UI/Shell/UIShellEcsPresentationSystem.cs:100)
Game.UI.Runtime.UIShellView/<>c__DisplayClass19_0:<ExecuteCommandSequence>b__0 () (at Assets/Game/Scripts/UI/Shell/UIShellView.cs:99)
Game.UI.Runtime.UIMotionHostView/<SequenceRoutine>d__32:MoveNext () (at Assets/Game/Scripts/UI/Shell/UIMotionHostView.cs:268)
UnityEngine.SetupCoroutine:InvokeMoveNext (System.Collections.IEnumerator,intptr) (at /Users/bokken/build/output/unity/unity/Runtime/Export/Scripting/Coroutines.cs:17)

[UiShellPresentation] stage=CompletionFlushed sequence=3 kind=ExitMenu region=None
UnityEngine.Debug:Log (object,UnityEngine.Object)
Game.Composition.UiDiagnosticsComposition:Report (Game.UI.Contracts.UiDiagnosticSeverity,string,UnityEngine.Object) (at Assets/Game/Scripts/Composition/UiDiagnosticsComposition.cs:17)
Game.UI.Contracts.UiDiagnostics:Info (string,UnityEngine.Object) (at Assets/Game/Scripts/UI/Contracts/UiDiagnostics.cs:14)
Game.UI.Runtime.UIShellEcsPresentationSystem:LogTransition (string,Game.UI.Contracts.UiShellTransitionCompleteModel) (at Assets/Game/Scripts/UI/Shell/UIShellEcsPresentationSystem.cs:146)
Game.UI.Runtime.UIShellEcsPresentationSystem:FlushPendingCompletion () (at Assets/Game/Scripts/UI/Shell/UIShellEcsPresentationSystem.cs:129)
Game.UI.Runtime.UIShellEcsPresentationSystem:Update () (at Assets/Game/Scripts/UI/Shell/UIShellEcsPresentationSystem.cs:67)

[UiShellRoute] submitted deferred Match scene load request after loading feedback.
UnityEngine.Debug:Log (object)
Game.Composition.MenuBootstrapCompositionSystemHelper:QueueDeferredMatchLoadAfterLoadingFeedback (Unity.Entities.EntityManager,Game.UI.Shell.Contracts.Ecs.UiShellStateComponent) (at Assets/Game/Scripts/Composition/MenuBootstrapCompositionSystemHelper.cs:643)
Game.Composition.MenuBootstrapCompositionSystemHelper:Update (Game.Composition.MenuBootstrapView,single) (at Assets/Game/Scripts/Composition/MenuBootstrapCompositionSystemHelper.cs:157)
Game.Composition.MenuBootstrapView:Update () (at Assets/Game/Scripts/Composition/MenuBootstrapView.cs:174)

[UiShellRoute] submitted deferred Match gameplay start request.
UnityEngine.Debug:Log (object)
Game.Composition.MenuBootstrapCompositionSystemHelper:QueueDeferredMatchLoadAfterLoadingFeedback (Unity.Entities.EntityManager,Game.UI.Shell.Contracts.Ecs.UiShellStateComponent) (at Assets/Game/Scripts/Composition/MenuBootstrapCompositionSystemHelper.cs:658)
Game.Composition.MenuBootstrapCompositionSystemHelper:Update (Game.Composition.MenuBootstrapView,single) (at Assets/Game/Scripts/Composition/MenuBootstrapCompositionSystemHelper.cs:157)
Game.Composition.MenuBootstrapView:Update () (at Assets/Game/Scripts/Composition/MenuBootstrapView.cs:174)

[OperationMapLaunchIdentity] source=Compatibility mission=skirmish.base_assault scenario=scenario.skirmish.desert_base_standard operationMap=opmap.skirmish.desert_base_01
UnityEngine.Debug:Log (object)
Game.Composition.MatchSceneView:TryResolveOperationMapDefinition (Unity.Entities.World,Game.Configs.OperationMapDefinition&,bool&,Game.Components.OperationMapLoadResultCode&,string&) (at Assets/Game/Scripts/Composition/MatchSceneView.OperationMapLifecycle.cs:392)
Game.Composition.MatchSceneView:EnsureOperationMapSourceSceneLoad () (at Assets/Game/Scripts/Composition/MatchSceneView.OperationMapLifecycle.cs:329)
Game.Composition.MatchSceneView:EnsureMatchRuntimeBound () (at Assets/Game/Scripts/Composition/MatchSceneView.OperationMapLifecycle.cs:19)
Game.Composition.MatchSceneView:Awake () (at Assets/Game/Scripts/Composition/MatchSceneView.cs:241)

[FrameRateDiag:PreGame] fps=38.6 avgFrame=25.9ms updateAvg=12.8ms updateMax=12.8ms cpuFrame=42.3ms cpuMain=14.9ms cpuRender=11.2ms gpu=13.6ms drawCalls=18 batches=0 setPass=40 tris=2411 verts=6527 units=344 models=0 sourceKeys=344 sourceKeyFallbackVisuals=0 initialSpawnConfigs=0 impostors=0 render=screen=2400x1080,batch=0,quality=0:PC,vSync=0,targetFps=-1,pipeline=CityEdgeAirfield Rendering,scale=1.00,msaa=4,camera=Main Camera,cameraData=post:1,aa:FastApproximateAntialiasing,stack:0 memory=alloc=5784MB reserved=7110MB mono=1653MB focused=1 playRequested=0 simulationActive=0 lastSteps=MainMenu=9.4ms stepStats=none topSystems=disabled markers=disabled
[RenderSceneDiag] frame=2090 source=profilerCounters drawCalls=18 batches=0 setPass=40 tris=2411 verts=6527 topSystems=disabled markers=disabled
[OperationMapReadiness] ready=SourceContent, SubScene, Metadata, MapSurface, AuthoredConversion, PresentationManifest, RequiredPresentationPreload failed=None
UnityEngine.Debug:Log (object)
Game.Composition.MatchSceneView:TryPublishOperationMapReadiness (bool,bool,string&) (at Assets/Game/Scripts/Composition/MatchSceneView.OperationMapLifecycle.cs:282)
Game.Composition.MenuBootstrapCompositionSystemHelper:UpdateStaticMapPresentationForLoadedMatch (bool,Game.Composition.MatchSceneView) (at Assets/Game/Scripts/Composition/MenuBootstrapCompositionSystemHelper.cs:476)
Game.Composition.MenuBootstrapCompositionSystemHelper:UpdateStaticMapPresentation (Unity.Entities.EntityManager,Game.UI.Shell.Contracts.Ecs.UiShellStateComponent) (at Assets/Game/Scripts/Composition/MenuBootstrapCompositionSystemHelper.cs:453)
Game.Composition.MenuBootstrapCompositionSystemHelper:Update (Game.Composition.MenuBootstrapView,single) (at Assets/Game/Scripts/Composition/MenuBootstrapCompositionSystemHelper.cs:150)
Game.Composition.MenuBootstrapView:Update () (at Assets/Game/Scripts/Composition/MenuBootstrapView.cs:174)

[MapVehicleOwnershipRuntime] phase=CompositionInit configAssigned=0 placements=-1 authoringRootAssigned=1 configuredPacked=1
UnityEngine.Debug:Log (object)
Game.Runtime.BuildingGameplayCompositionSystemHelper:Initialize (Game.Configs.BuildingPlacementSystemConfig,UnityEngine.Camera,UnityEngine.Transform,UnityEngine.Transform,Game.Runtime.RoadGridProjectionSystem/RoadFootprintState,Game.Runtime.FactionVisualSettings,Game.Runtime.DayNightSystem,Game.Configs.RTSSelectionSystemConfig,Game.Configs.MapBuildingPlacementConfig,Game.Configs.MapVehiclePlacementConfig,UnityEngine.Transform,UnityEngine.Transform,System.Func`2<UnityEngine.GameObject, UnityEngine.Sprite>,Game.Runtime.BuildingProductionQueueCompositionSystemHelper/TryGetUnitProductionMetadataDelegate,Game.Runtime.BuildingProductionTransportPresentationSystemHelper/PrepareTransportDropVisualDelegate,System.Func`2<UnityEngine.GameObject, string>,Game.Runtime.BuildingDefinitionPrefabSystemHelper/TryGetBuildingDefinitionMetadataDelegate,Game.Runtime.BuildingDefinitionPrefabSystemHelper/TryGetUnitDefinitionMetadataDelegate,bool,System.Func`1<Game.Configs.MapVehiclePlacementConfig>,System.Func`1<UnityEngine.Transform>,System.Func`1<Game.Configs.MapBuildingPlacementConfig>) (at Assets/Game/Scripts/Systems/BuildingGameplayCompositionSystemHelper.cs:474)
Game.Runtime.ManagedGameplayStartupSystemHelper:Initialize (Unity.Entities.EntityManager,Game.Configs.DayNightSystemConfig,Game.Configs.FactionVisualSettingsConfig,Game.Configs.RoadBuildSystemConfig,Game.Configs.BuildingPlacementSystemConfig,Game.Configs.MapBuildingPlacementConfig,Game.Configs.MapVehiclePlacementConfig,Game.Configs.RTSSelectionSystemConfig,Game.Configs.RuntimeCitySpawnerSystemConfig,Game.Configs.GameStringsConfig,UnityEngine.Camera,UnityEngine.Light,UnityEngine.Rendering.Volume,UnityEngine.Transform,UnityEngine.Transform,System.Func`3<UnityEngine.Transform, Game.Configs.RTSSelectionSystemConfig, Game.UI.Contracts.ISelectionRectangleView>,System.Func`2<UnityEngine.GameObject, UnityEngine.Sprite>,System.Func`2<UnityEngine.GameObject, UnityEngine.Sprite>,Game.Runtime.BuildingProductionQueueCompositionSystemHelper/TryGetUnitProductionMetadataDelegate,Game.Runtime.BuildingProductionTransportPresentationSystemHelper/PrepareTransportDropVisualDelegate,System.Func`2<UnityEngine.GameObject, string>,Game.Runtime.BuildingDefinitionPrefabSystemHelper/TryGetBuildingDefinitionMetadataDelegate,Game.Runtime.BuildingDefinitionPrefabSystemHelper/TryGetUnitDefinitionMetadataDelegate,UnityEngine.Transform,UnityEngine.Transform,Game.UI.Contracts.IMatchIntroStateQuery,bool,System.Func`1<Game.Configs.MapVehiclePlacementConfig>,System.Func`1<UnityEngine.Transform>,System.Func`1<Game.Configs.MapBuildingPlacementConfig>) (at Assets/Game/Scripts/Systems/ManagedGameplayStartupSystemHelper.cs:178)
Game.Composition.MatchBootstrapCompositionSystemHelper:InitializeManagedRuntime (Game.Configs.DayNightSystemConfig,Game.Configs.FactionVisualSettingsConfig,Game.Configs.RoadBuildSystemConfig,Game.Configs.BuildingPlacementSystemConfig,Game.Configs.MapBuildingPlacementConfig,Game.Configs.MapVehiclePlacementConfig,Game.Configs.RTSSelectionSystemConfig,Game.Configs.RuntimeCitySpawnerSystemConfig,Game.Configs.GameStringsConfig,UnityEngine.Camera,UnityEngine.Light,UnityEngine.Rendering.Volume,UnityEngine.Transform,UnityEngine.Transform,System.Func`3<UnityEngine.Transform, Game.Configs.RTSSelectionSystemConfig, Game.UI.Contracts.ISelectionRectangleView>,UnityEngine.Transform,UnityEngine.Transform,Game.UI.Contracts.IMatchIntroStateQuery,bool) (at Assets/Game/Scripts/Composition/MatchBootstrapCompositionSystemHelper.cs:432)
Game.Composition.MatchBootstrapCompositionSystemHelper:InitializeManagedRuntimeIfNeeded () (at Assets/Game/Scripts/Composition/MatchBootstrapCompositionSystemHelper.cs:766)
Game.Composition.MatchGameplayStartupCompositionSystemHelper:AdvanceStep (Game.Runtime.BuildingRuntimeUpdateCompositionSystemHelper,Game.Runtime.BuildingRuntimeUpdateCompositionSystemHelper/Context&) (at Assets/Game/Scripts/Composition/MatchGameplayStartupCompositionSystemHelper.cs:158)
Game.Composition.MatchGameplayStartupCompositionSystemHelper:Advance (Game.Runtime.BuildingRuntimeUpdateCompositionSystemHelper,Game.Runtime.BuildingRuntimeUpdateCompositionSystemHelper/Context&) (at Assets/Game/Scripts/Composition/MatchGameplayStartupCompositionSystemHelper.cs:112)
Game.Composition.MatchBootstrapCompositionSystemHelper:Update () (at Assets/Game/Scripts/Composition/MatchBootstrapCompositionSystemHelper.cs:186)
Game.Composition.MatchSceneView:Update () (at Assets/Game/Scripts/Composition/MatchSceneView.cs:293)

[FrameRateDiag:PreGame] fps=0.2 avgFrame=4571.6ms updateAvg=0.1ms updateMax=0.1ms cpuFrame=70.5ms cpuMain=23.2ms cpuRender=12.0ms gpu=7.2ms drawCalls=266 batches=0 setPass=61 tris=3359664 verts=5931476 units=344 models=0 sourceKeys=344 sourceKeyFallbackVisuals=0 initialSpawnConfigs=0 impostors=0 render=screen=2400x1080,batch=0,quality=0:PC,vSync=0,targetFps=-1,pipeline=Mobile_RPAsset_MobileCandidate,scale=0.75,msaa=4,camera=Main Camera,cameraData=post:1,aa:FastApproximateAntialiasing,stack:0 memory=alloc=5776MB reserved=7101MB mono=1655MB focused=1 playRequested=0 simulationActive=0 lastSteps=MainMenu=0.0ms stepStats=none topSystems=disabled markers=disabled
[PerfDiag:PreGame] slowUpdate frame=2092 total=34.2ms gc=0/0/0 cpuFrame=52.6ms cpuMain=25.3ms cpuRender=7.2ms gpu=10.3ms steps=MainMenu=34.2ms units=344 models=0 sourceKeys=344 sourceKeyFallbackVisuals=0 initialSpawnConfigs=0 drawCalls=125 batches=0 setPass=45 tris=1369757 verts=2421142 memory=alloc=5782MB reserved=7101MB mono=1655MB uiToolkit=0 gameplayInitialized=0 playRequested=0 simulationActive=0 focused=1 vSync=0 targetFps=-1 topSystems=disabled markers=disabled
[RuntimeGridBootstrap] RuntimeGridBootstrap_NoTacticalMapRuntimeLoader_2026-05-26 ready entity=56675 size=2048x1024 cellSize=1
UnityEngine.Debug:Log (object)
Game.Runtime.RuntimeGridBootstrapStartupSystemHelper:Ensure (Unity.Entities.EntityManager,int,int,single,UnityEngine.Vector3,UnityEngine.Vector2Int[]) (at Assets/Game/Scripts/Systems/RuntimeGridBootstrapStartupSystemHelper.cs:63)
Game.Composition.MatchBootstrapStartupConfigProjection:ProjectRuntimeStartupConfig (Unity.Entities.World,Game.Runtime.RuntimeGridBootstrapStartupSystemHelper,Game.Composition.MapSurfaceRuntimeBootstrapSceneSystemHelper,Game.Composition.MatchSceneView,Game.Configs.BuildingPlacementSystemConfig,Game.Runtime.AIStartupSystem,System.Collections.Generic.IReadOnlyList`1<Game.Configs.AIControllerConfig>,Game.Configs.AISettingsSnapshot,System.Collections.Generic.List`1<Game.Runtime.InitialFactionSpawnCellFallbackEntry>) (at Assets/Game/Scripts/Composition/MatchBootstrapStartupConfigProjection.cs:49)
Game.Composition.MatchGameplayStartupCompositionSystemHelper:AdvanceStep (Game.Runtime.BuildingRuntimeUpdateCompositionSystemHelper,Game.Runtime.BuildingRuntimeUpdateCompositionSystemHelper/Context&) (at Assets/Game/Scripts/Composition/MatchGameplayStartupCompositionSystemHelper.cs:181)
Game.Composition.MatchGameplayStartupCompositionSystemHelper:Advance (Game.Runtime.BuildingRuntimeUpdateCompositionSystemHelper,Game.Runtime.BuildingRuntimeUpdateCompositionSystemHelper/Context&) (at Assets/Game/Scripts/Composition/MatchGameplayStartupCompositionSystemHelper.cs:112)
Game.Composition.MatchBootstrapCompositionSystemHelper:Update () (at Assets/Game/Scripts/Composition/MatchBootstrapCompositionSystemHelper.cs:186)
Game.Composition.MatchSceneView:Update () (at Assets/Game/Scripts/Composition/MatchSceneView.cs:293)

[FrameRateDiag:PreGame] fps=0.9 avgFrame=1062.4ms updateAvg=20.1ms updateMax=34.2ms cpuFrame=25.9ms cpuMain=14.0ms cpuRender=6.6ms gpu=29.9ms drawCalls=125 batches=0 setPass=45 tris=1369757 verts=2421142 units=344 models=0 sourceKeys=344 sourceKeyFallbackVisuals=0 initialSpawnConfigs=0 impostors=0 render=screen=2400x1080,batch=0,quality=0:PC,vSync=0,targetFps=-1,pipeline=CityEdgeAirfield Rendering,scale=0.75,msaa=0,camera=Main Camera,cameraData=post:1,aa:FastApproximateAntialiasing,stack:0 memory=alloc=6600MB reserved=7918MB mono=1819MB focused=1 playRequested=0 simulationActive=0 lastSteps=MainMenu=5.8ms stepStats=none topSystems=disabled markers=disabled
[RenderSceneDiag] frame=2093 source=profilerCounters drawCalls=125 batches=0 setPass=45 tris=1369757 verts=2421142 topSystems=disabled markers=disabled
[FrameRateDiag:PreGame] fps=0.0 avgFrame=23859.4ms updateAvg=0.6ms updateMax=0.6ms cpuFrame=4571.6ms cpuMain=3843.7ms cpuRender=14.1ms gpu=644.1ms drawCalls=149 batches=0 setPass=55 tris=7636510 verts=13671222 units=344 models=0 sourceKeys=344 sourceKeyFallbackVisuals=0 initialSpawnConfigs=0 impostors=0 render=screen=2400x1080,batch=0,quality=0:PC,vSync=0,targetFps=-1,pipeline=CityEdgeAirfield Rendering,scale=0.75,msaa=0,camera=Main Camera,cameraData=post:1,aa:FastApproximateAntialiasing,stack:0 memory=alloc=6579MB reserved=7894MB mono=1819MB focused=1 playRequested=0 simulationActive=0 lastSteps=MainMenu=0.6ms stepStats=none topSystems=disabled markers=disabled
[MapVehicleOwnershipRuntime] phase=RuntimeContextReady configAssigned=0 placements=-1 authoringRootAssigned=1 configuredPacked=1 positiveContract=0
UnityEngine.Debug:Log (object)
Game.Runtime.BuildingGameplayCompositionSystemHelper/<>c__DisplayClass16_0:<Initialize>g__EnsureRuntimeTickContext|39 () (at Assets/Game/Scripts/Systems/BuildingGameplayCompositionSystemHelper.cs:490)
Game.Runtime.BuildingGameplayCompositionSystemHelper/<>c__DisplayClass16_0:<Initialize>g__UpdateBuildingStartupTick|40 () (at Assets/Game/Scripts/Systems/BuildingGameplayCompositionSystemHelper.cs:605)
Game.Runtime.BuildingRuntimeUpdateCompositionSystemHelper:UpdateStartup (Game.Runtime.BuildingRuntimeUpdateCompositionSystemHelper/Context) (at Assets/Game/Scripts/Systems/BuildingRuntimeUpdateCompositionSystemHelper.cs:31)
Game.Runtime.GameplayRuntimeUpdateCompositionSystemHelper:Update (Unity.Entities.World,bool,Game.Runtime.RuntimeGameplayStateSystem,Game.Runtime.PerformanceDiagnosticsSystemHelper,System.Action,Game.Runtime.BuildingRuntimeUpdateCompositionSystemHelper,Game.Runtime.BuildingRuntimeUpdateCompositionSystemHelper/Context,System.Action,UnityEngine.Camera,Game.Runtime.RuntimeCityCompositionSystemHelper,Game.Runtime.RuntimeGridBlockerPresentationSystemHelper,Game.Runtime.RuntimeDecorationSpawnerPresentationSystemHelper,Game.Runtime.DayNightSystem,System.Action,Game.UI.Contracts.IMatchRuntimeUi,Game.Rendering.Contracts.IUnitImpostorRenderer,bool&) (at Assets/Game/Scripts/Systems/GameplayRuntimeUpdateCompositionSystemHelper.Runtime.cs:124)
Game.Composition.MatchBootstrapCompositionSystemHelper:UpdateRuntime (bool,Game.Runtime.RuntimeGameplayStateSystem,Game.Runtime.PerformanceDiagnosticsSystemHelper,System.Action,Game.Runtime.BuildingRuntimeUpdateCompositionSystemHelper,Game.Runtime.BuildingRuntimeUpdateCompositionSystemHelper/Context,System.Action,UnityEngine.Camera,Game.Runtime.RuntimeCityCompositionSystemHelper,Game.Runtime.RuntimeGridBlockerPresentationSystemHelper,Game.Runtime.RuntimeDecorationSpawnerPresentationSystemHelper,Game.Runtime.DayNightSystem,System.Action,Game.UI.Contracts.IMatchRuntimeUi,Game.Rendering.Contracts.IUnitImpostorRenderer,bool&) (at Assets/Game/Scripts/Composition/MatchBootstrapCompositionSystemHelper.cs:584)
Game.Composition.MatchBootstrapCompositionSystemHelper:Update () (at Assets/Game/Scripts/Composition/MatchBootstrapCompositionSystemHelper.cs:203)
Game.Composition.MatchSceneView:Update () (at Assets/Game/Scripts/Composition/MatchSceneView.cs:293)

[LoadingGate] ready frame=2100 gameplayInitialized=1 playRequested=1 simulationActive=1
UnityEngine.Debug:Log (object)
Game.Runtime.GameplayRuntimeUpdateCompositionSystemHelper:Update (Unity.Entities.World,bool,Game.Runtime.RuntimeGameplayStateSystem,Game.Runtime.PerformanceDiagnosticsSystemHelper,System.Action,Game.Runtime.BuildingRuntimeUpdateCompositionSystemHelper,Game.Runtime.BuildingRuntimeUpdateCompositionSystemHelper/Context,System.Action,UnityEngine.Camera,Game.Runtime.RuntimeCityCompositionSystemHelper,Game.Runtime.RuntimeGridBlockerPresentationSystemHelper,Game.Runtime.RuntimeDecorationSpawnerPresentationSystemHelper,Game.Runtime.DayNightSystem,System.Action,Game.UI.Contracts.IMatchRuntimeUi,Game.Rendering.Contracts.IUnitImpostorRenderer,bool&) (at Assets/Game/Scripts/Systems/GameplayRuntimeUpdateCompositionSystemHelper.Runtime.cs:220)
Game.Composition.MatchBootstrapCompositionSystemHelper:UpdateRuntime (bool,Game.Runtime.RuntimeGameplayStateSystem,Game.Runtime.PerformanceDiagnosticsSystemHelper,System.Action,Game.Runtime.BuildingRuntimeUpdateCompositionSystemHelper,Game.Runtime.BuildingRuntimeUpdateCompositionSystemHelper/Context,System.Action,UnityEngine.Camera,Game.Runtime.RuntimeCityCompositionSystemHelper,Game.Runtime.RuntimeGridBlockerPresentationSystemHelper,Game.Runtime.RuntimeDecorationSpawnerPresentationSystemHelper,Game.Runtime.DayNightSystem,System.Action,Game.UI.Contracts.IMatchRuntimeUi,Game.Rendering.Contracts.IUnitImpostorRenderer,bool&) (at Assets/Game/Scripts/Composition/MatchBootstrapCompositionSystemHelper.cs:584)
Game.Composition.MatchBootstrapCompositionSystemHelper:Update () (at Assets/Game/Scripts/Composition/MatchBootstrapCompositionSystemHelper.cs:203)
Game.Composition.MatchSceneView:Update () (at Assets/Game/Scripts/Composition/MatchSceneView.cs:293)

[PerfDiag:PreGame] slowUpdate frame=2100 total=285.1ms gc=0/0/0 cpuFrame=136.3ms cpuMain=113.3ms cpuRender=7.4ms gpu=9.8ms steps=BuildingStartup=282.2ms, MainMenu=0.2ms units=344 models=0 sourceKeys=344 sourceKeyFallbackVisuals=0 initialSpawnConfigs=0 drawCalls=149 batches=0 setPass=55 tris=7636362 verts=13670758 memory=alloc=6581MB reserved=7895MB mono=1819MB uiToolkit=0 gameplayInitialized=1 playRequested=1 simulationActive=1 focused=1 vSync=0 targetFps=-1 topSystems=disabled markers=disabled
[FreezeDetect] Frame gap frame=2101 Gap=558.2ms GC=0/0/0 LastSteps=BuildingStartup=282.2ms, MainMenu=0.2ms
[FreezeDetect] Update hitch frame=2101 BuildingPlacement=3907.1ms, GC=0/0/0, Total=4048.0ms
[PerfDiag] slowUpdate frame=2101 total=4048.0ms gc=0/0/0 cpuFrame=56.9ms cpuMain=46.3ms cpuRender=4.6ms gpu=10.1ms steps=RoadBuild=28.3ms, BuildingPlacement=3907.1ms, Selection=100.8ms, DayNight=0.1ms, CitizenPopulation=0.2ms, MainMenu=10.1ms units=360 models=0 sourceKeys=360 sourceKeyFallbackVisuals=0 initialSpawnConfigs=0 drawCalls=149 batches=0 setPass=55 tris=7636344 verts=13670698 memory=alloc=6633MB reserved=7922MB mono=1831MB uiToolkit=0 gameplayInitialized=1 playRequested=1 simulationActive=1 focused=1 vSync=0 targetFps=-1 topSystems=disabled markers=disabled
[FrameRateDiag] fps=4.0 avgFrame=250.2ms updateAvg=619.2ms updateMax=4048.0ms cpuFrame=56.9ms cpuMain=46.3ms cpuRender=4.6ms gpu=10.1ms drawCalls=149 batches=0 setPass=55 tris=7636344 verts=13670698 units=360 models=0 sourceKeys=360 sourceKeyFallbackVisuals=0 initialSpawnConfigs=0 impostors=0 render=screen=2400x1080,batch=0,quality=0:PC,vSync=0,targetFps=-1,pipeline=CityEdgeAirfield Rendering,scale=0.75,msaa=0,camera=Main Camera,cameraData=post:1,aa:FastApproximateAntialiasing,stack:0 memory=alloc=6633MB reserved=7922MB mono=1831MB focused=1 playRequested=1 simulationActive=1 stepStats=none topSystems=disabled markers=disabled
[FreezeDetect] Frame gap frame=2102 Gap=4781.3ms GC=0/0/0 LastSteps=RoadBuild=28.3ms, BuildingPlacement=3907.1ms, Selection=100.8ms, DayNight=0.1ms, CitizenPopulation=0.2ms, MainMenu=10.1ms
[PerfDiag] slowUpdate frame=2102 total=28.2ms gc=0/0/0 cpuFrame=41.1ms cpuMain=35.4ms cpuRender=7.0ms gpu=11.0ms steps=RoadBuild=0.4ms, BuildingPlacement=24.6ms, Selection=3.0ms, DayNight=0.0ms, CitizenPopulation=0.0ms, MainMenu=0.2ms units=364 models=0 sourceKeys=364 sourceKeyFallbackVisuals=0 initialSpawnConfigs=0 drawCalls=116 batches=0 setPass=50 tris=888164 verts=1479701 memory=alloc=6625MB reserved=7922MB mono=1831MB uiToolkit=0 gameplayInitialized=1 playRequested=1 simulationActive=1 focused=1 vSync=0 targetFps=-1 topSystems=disabled markers=disabled
[FreezeDetect] Frame gap frame=2103 Gap=474.7ms GC=0/0/0 LastSteps=RoadBuild=0.4ms, BuildingPlacement=24.6ms, Selection=3.0ms, DayNight=0.0ms, CitizenPopulation=0.0ms, MainMenu=0.2ms
[PerfDiag] slowUpdate frame=2103 total=57.3ms gc=0/0/0 cpuFrame=56.9ms cpuMain=45.4ms cpuRender=9.1ms gpu=18.5ms steps=RoadBuild=0.1ms, BuildingPlacement=3.5ms, Selection=0.4ms, DayNight=0.0ms, CitizenPopulation=0.0ms, MainMenu=53.3ms units=412 models=48 sourceKeys=412 sourceKeyFallbackVisuals=0 initialSpawnConfigs=0 drawCalls=115 batches=0 setPass=49 tris=888176 verts=1479725 memory=alloc=6642MB reserved=7923MB mono=1831MB uiToolkit=0 gameplayInitialized=1 playRequested=1 simulationActive=1 focused=1 vSync=0 targetFps=-1 topSystems=disabled markers=disabled
[FreezeDetect] Frame gap frame=2104 Gap=1654.8ms GC=0/0/0 LastSteps=RoadBuild=0.1ms, BuildingPlacement=3.5ms, Selection=0.4ms, DayNight=0.0ms, CitizenPopulation=0.0ms, MainMenu=53.3ms
[PerfDiag] slowUpdate frame=2104 total=46.1ms gc=0/0/0 cpuFrame=555.5ms cpuMain=533.1ms cpuRender=9.0ms gpu=4.4ms steps=RoadBuild=0.1ms, BuildingPlacement=44.0ms, Selection=0.4ms, DayNight=0.0ms, CitizenPopulation=0.0ms, MainMenu=1.5ms units=412 models=48 sourceKeys=412 sourceKeyFallbackVisuals=0 initialSpawnConfigs=0 drawCalls=0 batches=0 setPass=0 tris=0 verts=0 memory=alloc=6638MB reserved=7925MB mono=1832MB uiToolkit=0 gameplayInitialized=1 playRequested=1 simulationActive=1 focused=1 vSync=0 targetFps=-1 topSystems=disabled markers=disabled
[FrameRateDiag] fps=0.4 avgFrame=2297.9ms updateAvg=43.9ms updateMax=57.3ms cpuFrame=555.5ms cpuMain=533.1ms cpuRender=9.0ms gpu=4.4ms drawCalls=0 batches=0 setPass=0 tris=0 verts=0 units=412 models=48 sourceKeys=412 sourceKeyFallbackVisuals=0 initialSpawnConfigs=0 impostors=0 render=screen=2400x1080,batch=0,quality=0:PC,vSync=0,targetFps=-1,pipeline=CityEdgeAirfield Rendering,scale=0.75,msaa=0,camera=Main Camera,cameraData=post:1,aa:FastApproximateAntialiasing,stack:0 memory=alloc=6638MB reserved=7925MB mono=1832MB focused=1 playRequested=1 simulationActive=1 stepStats=none topSystems=disabled markers=disabled
[RenderSceneDiag] frame=2104 source=profilerCounters drawCalls=0 batches=0 setPass=0 tris=0 verts=0 topSystems=disabled markers=disabled
[UiShellPresentation] stage=CommandStarted sequence=4 kind=EnterMatchHud region=None route=Match
UnityEngine.Debug:Log (object,UnityEngine.Object)
Game.Composition.UiDiagnosticsComposition:Report (Game.UI.Contracts.UiDiagnosticSeverity,string,UnityEngine.Object) (at Assets/Game/Scripts/Composition/UiDiagnosticsComposition.cs:17)
Game.UI.Contracts.UiDiagnostics:Info (string,UnityEngine.Object) (at Assets/Game/Scripts/UI/Contracts/UiDiagnostics.cs:14)
Game.UI.Runtime.UIShellEcsPresentationSystem:LogTransition (string,Game.UI.Contracts.UiShellPresentationCommandModel) (at Assets/Game/Scripts/UI/Shell/UIShellEcsPresentationSystem.cs:138)
Game.UI.Runtime.UIShellEcsPresentationSystem:Update () (at Assets/Game/Scripts/UI/Shell/UIShellEcsPresentationSystem.cs:87)

[FreezeDetect] Frame gap frame=2105 Gap=2080.0ms GC=0/0/0 LastSteps=RoadBuild=0.1ms, BuildingPlacement=44.0ms, Selection=0.4ms, DayNight=0.0ms, CitizenPopulation=0.0ms, MainMenu=1.5ms
[FreezeDetect] Update hitch frame=2105 MainMenu=297.3ms, GC=0/0/0, Total=304.3ms
[PerfDiag] slowUpdate frame=2105 total=304.3ms gc=0/0/0 cpuFrame=4745.5ms cpuMain=4269.0ms cpuRender=11.7ms gpu=0.7ms steps=RoadBuild=0.1ms, BuildingPlacement=1.2ms, Selection=5.5ms, DayNight=0.0ms, CitizenPopulation=0.0ms, MainMenu=297.3ms units=412 models=48 sourceKeys=412 sourceKeyFallbackVisuals=0 initialSpawnConfigs=0 drawCalls=151 batches=0 setPass=60 tris=1631055 verts=3081746 memory=alloc=6665MB reserved=7927MB mono=1838MB uiToolkit=0 gameplayInitialized=1 playRequested=1 simulationActive=1 focused=1 vSync=0 targetFps=-1 topSystems=disabled markers=disabled
[FrameRateDiag] fps=2.7 avgFrame=370.8ms updateAvg=304.3ms updateMax=304.3ms cpuFrame=4745.5ms cpuMain=4269.0ms cpuRender=11.7ms gpu=0.7ms drawCalls=151 batches=0 setPass=60 tris=1631055 verts=3081746 units=412 models=48 sourceKeys=412 sourceKeyFallbackVisuals=0 initialSpawnConfigs=0 impostors=8 render=screen=2400x1080,batch=0,quality=0:PC,vSync=0,targetFps=-1,pipeline=CityEdgeAirfield Rendering,scale=0.75,msaa=0,camera=Main Camera,cameraData=post:1,aa:FastApproximateAntialiasing,stack:0 memory=alloc=6665MB reserved=7927MB mono=1838MB focused=1 playRequested=1 simulationActive=1 stepStats=none topSystems=disabled markers=disabled
[FreezeDetect] Frame gap frame=2106 Gap=945.9ms GC=0/0/0 LastSteps=RoadBuild=0.1ms, BuildingPlacement=1.2ms, Selection=5.5ms, DayNight=0.0ms, CitizenPopulation=0.0ms, MainMenu=297.3ms
[PerfDiag] slowUpdate frame=2106 total=43.4ms gc=0/0/0 cpuFrame=176.5ms cpuMain=142.0ms cpuRender=1.4ms gpu=43.8ms steps=RoadBuild=0.1ms, BuildingPlacement=1.3ms, Selection=0.8ms, DayNight=0.0ms, CitizenPopulation=0.0ms, MainMenu=41.3ms units=412 models=48 sourceKeys=412 sourceKeyFallbackVisuals=0 initialSpawnConfigs=0 drawCalls=314 batches=0 setPass=134 tris=3278120 verts=6190932 memory=alloc=6674MB reserved=7928MB mono=1838MB uiToolkit=0 gameplayInitialized=1 playRequested=1 simulationActive=1 focused=1 vSync=0 targetFps=-1 topSystems=disabled markers=disabled
[FreezeDetect] Frame gap frame=2107 Gap=233.4ms GC=0/0/0 LastSteps=RoadBuild=0.1ms, BuildingPlacement=1.3ms, Selection=0.8ms, DayNight=0.0ms, CitizenPopulation=0.0ms, MainMenu=41.3ms
[FreezeDetect] Frame gap frame=2108 Gap=314.5ms GC=0/0/0 LastSteps=RoadBuild=0.1ms, BuildingPlacement=0.3ms, Selection=1.0ms, DayNight=0.0ms, CitizenPopulation=0.0ms, MainMenu=63.4ms
[PerfDiag] slowUpdate frame=2110 total=26.9ms gc=0/0/0 cpuFrame=252.6ms cpuMain=224.4ms cpuRender=1.3ms gpu=8.1ms steps=RoadBuild=0.1ms, BuildingPlacement=0.2ms, Selection=0.4ms, DayNight=0.0ms, CitizenPopulation=0.0ms, MainMenu=26.1ms units=412 models=48 sourceKeys=412 sourceKeyFallbackVisuals=0 initialSpawnConfigs=0 drawCalls=183 batches=0 setPass=77 tris=1639595 verts=3096536 memory=alloc=6673MB reserved=7928MB mono=1839MB uiToolkit=0 gameplayInitialized=1 playRequested=1 simulationActive=1 focused=1 vSync=0 targetFps=-1 topSystems=disabled markers=disabled
[UiShellPresentation] stage=CommandCompleted sequence=4 kind=EnterMatchHud region=None route=Match
UnityEngine.Debug:Log (object,UnityEngine.Object)
Game.Composition.UiDiagnosticsComposition:Report (Game.UI.Contracts.UiDiagnosticSeverity,string,UnityEngine.Object) (at Assets/Game/Scripts/Composition/UiDiagnosticsComposition.cs:17)
Game.UI.Contracts.UiDiagnostics:Info (string,UnityEngine.Object) (at Assets/Game/Scripts/UI/Contracts/UiDiagnostics.cs:14)
Game.UI.Runtime.UIShellEcsPresentationSystem:LogTransition (string,Game.UI.Contracts.UiShellPresentationCommandModel) (at Assets/Game/Scripts/UI/Shell/UIShellEcsPresentationSystem.cs:138)
Game.UI.Runtime.UIShellEcsPresentationSystem/<>c__DisplayClass24_0:<Update>b__0 (int) (at Assets/Game/Scripts/UI/Shell/UIShellEcsPresentationSystem.cs:100)
Game.UI.Runtime.UIShellView/<>c__DisplayClass19_0:<ExecuteCommandSequence>b__0 () (at Assets/Game/Scripts/UI/Shell/UIShellView.cs:99)
Game.UI.Runtime.UIMotionHostView/<SequenceRoutine>d__32:MoveNext () (at Assets/Game/Scripts/UI/Shell/UIMotionHostView.cs:268)
UnityEngine.SetupCoroutine:InvokeMoveNext (System.Collections.IEnumerator,intptr) (at /Users/bokken/build/output/unity/unity/Runtime/Export/Scripting/Coroutines.cs:17)

[UiShellPresentation] stage=CompletionFlushed sequence=4 kind=EnterMatchHud region=None
UnityEngine.Debug:Log (object,UnityEngine.Object)
Game.Composition.UiDiagnosticsComposition:Report (Game.UI.Contracts.UiDiagnosticSeverity,string,UnityEngine.Object) (at Assets/Game/Scripts/Composition/UiDiagnosticsComposition.cs:17)
Game.UI.Contracts.UiDiagnostics:Info (string,UnityEngine.Object) (at Assets/Game/Scripts/UI/Contracts/UiDiagnostics.cs:14)
Game.UI.Runtime.UIShellEcsPresentationSystem:LogTransition (string,Game.UI.Contracts.UiShellTransitionCompleteModel) (at Assets/Game/Scripts/UI/Shell/UIShellEcsPresentationSystem.cs:146)
Game.UI.Runtime.UIShellEcsPresentationSystem:FlushPendingCompletion () (at Assets/Game/Scripts/UI/Shell/UIShellEcsPresentationSystem.cs:129)
Game.UI.Runtime.UIShellEcsPresentationSystem:Update () (at Assets/Game/Scripts/UI/Shell/UIShellEcsPresentationSystem.cs:67)

[FreezeDetect] Frame gap frame=2111 Gap=169.2ms GC=0/0/0 LastSteps=RoadBuild=0.1ms, BuildingPlacement=0.2ms, Selection=0.4ms, DayNight=0.0ms, CitizenPopulation=0.0ms, MainMenu=26.1ms
[FreezeDetect] Frame gap frame=2112 Gap=157.7ms GC=0/0/0 LastSteps=RoadBuild=0.4ms, BuildingPlacement=0.4ms, Selection=0.3ms, DayNight=0.0ms, CitizenPopulation=0.0ms, MainMenu=21.2ms
[FreezeDetect] Frame gap frame=2113 Gap=268.2ms GC=0/0/0 LastSteps=RoadBuild=0.1ms, BuildingPlacement=0.3ms, Selection=18.1ms, DayNight=0.0ms, CitizenPopulation=0.0ms, MainMenu=92.8ms
[PerfDiag] slowUpdate frame=2113 total=27.2ms gc=0/0/0 cpuFrame=104.2ms cpuMain=77.4ms cpuRender=1.5ms gpu=6.9ms steps=RoadBuild=0.1ms, BuildingPlacement=0.6ms, Selection=0.3ms, DayNight=0.0ms, CitizenPopulation=0.0ms, MainMenu=26.1ms units=412 models=48 sourceKeys=412 sourceKeyFallbackVisuals=0 initialSpawnConfigs=0 drawCalls=518 batches=0 setPass=89 tris=2818676 verts=5330201 memory=alloc=6675MB reserved=7928MB mono=1840MB uiToolkit=0 gameplayInitialized=1 playRequested=1 simulationActive=1 focused=1 vSync=0 targetFps=-1 topSystems=disabled markers=disabled
[FrameRateDiag] fps=2.0 avgFrame=503.3ms updateAvg=41.8ms updateMax=111.3ms cpuFrame=104.2ms cpuMain=77.4ms cpuRender=1.5ms gpu=6.9ms drawCalls=518 batches=0 setPass=89 tris=2818676 verts=5330201 units=412 models=48 sourceKeys=412 sourceKeyFallbackVisuals=0 initialSpawnConfigs=0 impostors=17 render=screen=2400x1080,batch=0,quality=0:PC,vSync=0,targetFps=-1,pipeline=CityEdgeAirfield Rendering,scale=0.75,msaa=0,camera=Main Camera,cameraData=post:1,aa:FastApproximateAntialiasing,stack:0 memory=alloc=6675MB reserved=7928MB mono=1840MB focused=1 playRequested=1 simulationActive=1 stepStats=none topSystems=disabled markers=disabled
[SkirmishPrototypeProbe] Playing; seed=104733 player=Entity(380:5) enemy=Entity(382:5)
UnityEngine.Debug:Log (object)
Game.Editor.SkirmishPrototypeEditorProbe:Finish (string) (at Assets/Game/Scripts/Editor/SkirmishPrototypeEditorProbe.cs:145)
Game.Editor.SkirmishPrototypeEditorProbe:Tick () (at Assets/Game/Scripts/Editor/SkirmishPrototypeEditorProbe.cs:139)
UnityEditor.EditorApplication:Internal_CallUpdateFunctions () (at /Users/bokken/build/output/unity/unity/Editor/Mono/EditorApplication.cs:403)

[S004VisualPreview] evidence=PreviewOnly playerReadiness=NotCertified
UnityEngine.Debug:Log (object)
Game.Editor.SkirmishPrototypeEditorProbe:Finish (string) (at Assets/Game/Scripts/Editor/SkirmishPrototypeEditorProbe.cs:150)
Game.Editor.SkirmishPrototypeEditorProbe:Tick () (at Assets/Game/Scripts/Editor/SkirmishPrototypeEditorProbe.cs:139)
UnityEditor.EditorApplication:Internal_CallUpdateFunctions () (at /Users/bokken/build/output/unity/unity/Editor/Mono/EditorApplication.cs:403)

[FreezeDetect] Frame gap frame=2134 Gap=432.4ms GC=0/0/0 LastSteps=RoadBuild=0.1ms, BuildingPlacement=0.2ms, Selection=0.2ms, DayNight=0.0ms, CitizenPopulation=0.0ms, MainMenu=16.2ms
[PerfDiag] slowUpdate frame=2134 total=25.4ms gc=0/0/0 cpuFrame=77.2ms cpuMain=57.0ms cpuRender=5.3ms gpu=9.2ms steps=RoadBuild=0.1ms, BuildingPlacement=0.5ms, Selection=0.2ms, DayNight=0.0ms, CitizenPopulation=0.0ms, MainMenu=24.5ms units=412 models=48 sourceKeys=412 sourceKeyFallbackVisuals=0 initialSpawnConfigs=0 drawCalls=518 batches=0 setPass=89 tris=3009168 verts=5602233 memory=alloc=6674MB reserved=7943MB mono=1841MB uiToolkit=0 gameplayInitialized=1 playRequested=1 simulationActive=1 focused=1 vSync=0 targetFps=-1 topSystems=disabled markers=disabled
[FrameRateDiag] fps=9.5 avgFrame=105.4ms updateAvg=14.8ms updateMax=25.4ms cpuFrame=77.2ms cpuMain=57.0ms cpuRender=5.3ms gpu=9.2ms drawCalls=518 batches=0 setPass=89 tris=3009168 verts=5602233 units=412 models=48 sourceKeys=412 sourceKeyFallbackVisuals=0 initialSpawnConfigs=0 impostors=20 render=screen=2400x1080,batch=0,quality=0:PC,vSync=0,targetFps=-1,pipeline=CityEdgeAirfield Rendering,scale=0.75,msaa=0,camera=Main Camera,cameraData=post:1,aa:FastApproximateAntialiasing,stack:0 memory=alloc=6674MB reserved=7943MB mono=1841MB focused=1 playRequested=1 simulationActive=1 stepStats=none topSystems=disabled markers=disabled
[ExistingEditorValidation] result=Passed executeMethod=Game.Editor.SkirmishPrototypeEditorProbe.ReviewS004InIdleEditor
UnityEngine.Debug:Log (object)
Game.Editor.ExistingEditorValidation/<Run>d__9:MoveNext () (at Assets/Game/Scripts/Editor/ExistingEditorValidation.cs:110)
UnityEngine.UnitySynchronizationContext:ExecuteTasks () (at /Users/bokken/build/output/unity/unity/Runtime/Export/Scripting/UnitySynchronizationContext.cs:110)

