[ExistingEditorValidation] project=/Users/farhad/Projects/WarlineCapture/Assets executeMethod=ImplementedMissionProductValidation.Run
UnityEngine.Debug:Log (object)
Game.Editor.ExistingEditorValidation/<Run>d__4:MoveNext () (at Assets/Game/Scripts/Editor/ExistingEditorValidation.cs:38)
System.Runtime.CompilerServices.AsyncVoidMethodBuilder:Start<Game.Editor.ExistingEditorValidation/<Run>d__4> (Game.Editor.ExistingEditorValidation/<Run>d__4&)
Game.Editor.ExistingEditorValidation:Run (string,string)
PipelineEvaluation.PipelineEval_a0ad1b92/<>c__DisplayClass0_0:<Execute>b__0 ()
UnityEditor.EditorApplication:Internal_CallUpdateFunctions () (at /Users/bokken/build/output/unity/unity/Editor/Mono/EditorApplication.cs:403)

[ImplementedContentAccess] result=Passed canonical=205 profiles=4 free=9 ownership,progression,readiness,missing,restore,offline
UnityEngine.Debug:Log (object)
ImplementedMissionProductValidation:Run () (at Assets/Tests/Editor/ImplementedMissionProductValidation.cs:11)
System.Reflection.MethodBase:Invoke (object,object[])
Game.Editor.ExistingEditorValidation/<Run>d__4:MoveNext () (at Assets/Game/Scripts/Editor/ExistingEditorValidation.cs:40)
System.Runtime.CompilerServices.AsyncVoidMethodBuilder:Start<Game.Editor.ExistingEditorValidation/<Run>d__4> (Game.Editor.ExistingEditorValidation/<Run>d__4&)
Game.Editor.ExistingEditorValidation:Run (string,string)
PipelineEvaluation.PipelineEval_a0ad1b92/<>c__DisplayClass0_0:<Execute>b__0 ()
UnityEditor.EditorApplication:Internal_CallUpdateFunctions () (at /Users/bokken/build/output/unity/unity/Editor/Mono/EditorApplication.cs:403)

[ImplementedMissionProducts] result=Passed access=205 migration=preserve,idempotent,future M05=first-clear,replay,duplicate Smoke=canonical,migration,early-replay
UnityEngine.Debug:Log (object)
ImplementedMissionProductValidation:Run () (at Assets/Tests/Editor/ImplementedMissionProductValidation.cs:41)
System.Reflection.MethodBase:Invoke (object,object[])
Game.Editor.ExistingEditorValidation/<Run>d__4:MoveNext () (at Assets/Game/Scripts/Editor/ExistingEditorValidation.cs:40)
System.Runtime.CompilerServices.AsyncVoidMethodBuilder:Start<Game.Editor.ExistingEditorValidation/<Run>d__4> (Game.Editor.ExistingEditorValidation/<Run>d__4&)
Game.Editor.ExistingEditorValidation:Run (string,string)
PipelineEvaluation.PipelineEval_a0ad1b92/<>c__DisplayClass0_0:<Execute>b__0 ()
UnityEditor.EditorApplication:Internal_CallUpdateFunctions () (at /Users/bokken/build/output/unity/unity/Editor/Mono/EditorApplication.cs:403)

[ExistingEditorValidation] result=Passed executeMethod=ImplementedMissionProductValidation.Run
UnityEngine.Debug:Log (object)
Game.Editor.ExistingEditorValidation/<Run>d__4:MoveNext () (at Assets/Game/Scripts/Editor/ExistingEditorValidation.cs:55)
System.Runtime.CompilerServices.AsyncVoidMethodBuilder:Start<Game.Editor.ExistingEditorValidation/<Run>d__4> (Game.Editor.ExistingEditorValidation/<Run>d__4&)
Game.Editor.ExistingEditorValidation:Run (string,string)
PipelineEvaluation.PipelineEval_a0ad1b92/<>c__DisplayClass0_0:<Execute>b__0 ()
UnityEditor.EditorApplication:Internal_CallUpdateFunctions () (at /Users/bokken/build/output/unity/unity/Editor/Mono/EditorApplication.cs:403)

