[ExistingEditorValidation] project=/Users/farhad/Projects/WarlineCapture/Assets executeMethod=Game.Editor.ImplementedMissionMonetizationBuilder.ApplyRewardCopy
UnityEngine.Debug:Log (object)
Game.Editor.ExistingEditorValidation/<Run>d__4:MoveNext () (at Assets/Game/Scripts/Editor/ExistingEditorValidation.cs:38)
System.Runtime.CompilerServices.AsyncVoidMethodBuilder:Start<Game.Editor.ExistingEditorValidation/<Run>d__4> (Game.Editor.ExistingEditorValidation/<Run>d__4&)
Game.Editor.ExistingEditorValidation:Run (string,string)
PipelineEvaluation.PipelineEval_063767a6/<>c__DisplayClass0_0:<Execute>b__0 ()
UnityEditor.EditorApplication:Internal_CallUpdateFunctions () (at /Users/bokken/build/output/unity/unity/Editor/Mono/EditorApplication.cs:403)

[M03RadarWarningLocalizationBuilder] result=Passed central tables updated; unrelated keys and prefab bindings preserved
UnityEngine.Debug:Log (object)
Game.Editor.M03RadarWarningLocalizationBuilder:Import () (at Assets/Game/Scripts/Editor/M03RadarWarningLocalizationBuilder.cs:39)
Game.Editor.ImplementedMissionMonetizationBuilder:ApplyRewardCopy () (at Assets/Game/Scripts/Editor/ImplementedMissionMonetizationBuilder.cs:13)
System.Reflection.MethodBase:Invoke (object,object[])
Game.Editor.ExistingEditorValidation/<Run>d__4:MoveNext () (at Assets/Game/Scripts/Editor/ExistingEditorValidation.cs:40)
System.Runtime.CompilerServices.AsyncVoidMethodBuilder:Start<Game.Editor.ExistingEditorValidation/<Run>d__4> (Game.Editor.ExistingEditorValidation/<Run>d__4&)
Game.Editor.ExistingEditorValidation:Run (string,string)
PipelineEvaluation.PipelineEval_063767a6/<>c__DisplayClass0_0:<Execute>b__0 ()
UnityEditor.EditorApplication:Internal_CallUpdateFunctions () (at /Users/bokken/build/output/unity/unity/Editor/Mono/EditorApplication.cs:403)

[ImplementedMissionRewardCopy] result=Passed M05=teaser-removed legacy-parts=preserved M03=140-materials
UnityEngine.Debug:Log (object)
Game.Editor.ImplementedMissionMonetizationBuilder:ApplyRewardCopy () (at Assets/Game/Scripts/Editor/ImplementedMissionMonetizationBuilder.cs:15)
System.Reflection.MethodBase:Invoke (object,object[])
Game.Editor.ExistingEditorValidation/<Run>d__4:MoveNext () (at Assets/Game/Scripts/Editor/ExistingEditorValidation.cs:40)
System.Runtime.CompilerServices.AsyncVoidMethodBuilder:Start<Game.Editor.ExistingEditorValidation/<Run>d__4> (Game.Editor.ExistingEditorValidation/<Run>d__4&)
Game.Editor.ExistingEditorValidation:Run (string,string)
PipelineEvaluation.PipelineEval_063767a6/<>c__DisplayClass0_0:<Execute>b__0 ()
UnityEditor.EditorApplication:Internal_CallUpdateFunctions () (at /Users/bokken/build/output/unity/unity/Editor/Mono/EditorApplication.cs:403)

[ExistingEditorValidation] result=Passed executeMethod=Game.Editor.ImplementedMissionMonetizationBuilder.ApplyRewardCopy
UnityEngine.Debug:Log (object)
Game.Editor.ExistingEditorValidation/<Run>d__4:MoveNext () (at Assets/Game/Scripts/Editor/ExistingEditorValidation.cs:55)
System.Runtime.CompilerServices.AsyncVoidMethodBuilder:Start<Game.Editor.ExistingEditorValidation/<Run>d__4> (Game.Editor.ExistingEditorValidation/<Run>d__4&)
Game.Editor.ExistingEditorValidation:Run (string,string)
PipelineEvaluation.PipelineEval_063767a6/<>c__DisplayClass0_0:<Execute>b__0 ()
UnityEditor.EditorApplication:Internal_CallUpdateFunctions () (at /Users/bokken/build/output/unity/unity/Editor/Mono/EditorApplication.cs:403)

