[ExistingEditorValidation] project=/Users/farhad/Projects/WarlineCapture/Assets executeMethod=Game.Editor.CH05M02TrustUnderFireIntegration.BuildCore
UnityEngine.Debug:Log (object)
Game.Editor.ExistingEditorValidation/<Run>d__9:MoveNext () (at Assets/Game/Scripts/Editor/ExistingEditorValidation.cs:90)
System.Runtime.CompilerServices.AsyncVoidMethodBuilder:Start<Game.Editor.ExistingEditorValidation/<Run>d__9> (Game.Editor.ExistingEditorValidation/<Run>d__9&)
Game.Editor.ExistingEditorValidation:Run (string,string)
PipelineEvaluation.PipelineEval_943bdbf2/<>c__DisplayClass0_0:<Execute>b__0 ()
UnityEditor.EditorApplication:Internal_CallUpdateFunctions () (at /Users/bokken/build/output/unity/unity/Editor/Mono/EditorApplication.cs:403)

[TrustUnderFireBuilderRevision] source=ashline-evacuation-v1-independent-crop canonicalMovementMask=Preserved bridges=2
UnityEngine.Debug:Log (object)
Game.Editor.CH05M02TrustUnderFireConfigBuilder:ReportBuilderRevision () (at Assets/Game/Scripts/Editor/CH05M02TrustUnderFireConfigBuilder.cs:43)
Game.Editor.CH05M02TrustUnderFireConfigBuilder:Build () (at Assets/Game/Scripts/Editor/CH05M02TrustUnderFireConfigBuilder.cs:56)
Game.Editor.CH05M02TrustUnderFireIntegration:BuildCore () (at Assets/Game/Scripts/Editor/CH05M02TrustUnderFireIntegration.cs:9)
System.Reflection.MethodBase:Invoke (object,object[])
Game.Editor.ExistingEditorValidation/<Run>d__9:MoveNext () (at Assets/Game/Scripts/Editor/ExistingEditorValidation.cs:92)
System.Runtime.CompilerServices.AsyncVoidMethodBuilder:Start<Game.Editor.ExistingEditorValidation/<Run>d__9> (Game.Editor.ExistingEditorValidation/<Run>d__9&)
Game.Editor.ExistingEditorValidation:Run (string,string)
PipelineEvaluation.PipelineEval_943bdbf2/<>c__DisplayClass0_0:<Execute>b__0 ()
UnityEditor.EditorApplication:Internal_CallUpdateFunctions () (at /Users/bokken/build/output/unity/unity/Editor/Mono/EditorApplication.cs:403)

[TrustUnderFireAcceptedMigration] convertedRenderOnly=0 retiredAccepted=0 removedAuthoredVehicles=0 cropAndStaticMask=PendingPhysicalPass
UnityEngine.Debug:Log (object)
Game.Editor.CH05M02TrustUnderFireConfigBuilder:MigrateAcceptedPresentation (UnityEngine.SceneManagement.Scene) (at Assets/Game/Scripts/Editor/CH05M02TrustUnderFireConfigBuilder.cs:265)
Game.Editor.CH05M02TrustUnderFireConfigBuilder:BuildPhysicalMap () (at Assets/Game/Scripts/Editor/CH05M02TrustUnderFireConfigBuilder.cs:117)
Game.Editor.CH05M02TrustUnderFireConfigBuilder:Build () (at Assets/Game/Scripts/Editor/CH05M02TrustUnderFireConfigBuilder.cs:60)
Game.Editor.CH05M02TrustUnderFireIntegration:BuildCore () (at Assets/Game/Scripts/Editor/CH05M02TrustUnderFireIntegration.cs:9)
System.Reflection.MethodBase:Invoke (object,object[])
Game.Editor.ExistingEditorValidation/<Run>d__9:MoveNext () (at Assets/Game/Scripts/Editor/ExistingEditorValidation.cs:92)
System.Runtime.CompilerServices.AsyncVoidMethodBuilder:Start<Game.Editor.ExistingEditorValidation/<Run>d__9> (Game.Editor.ExistingEditorValidation/<Run>d__9&)
Game.Editor.ExistingEditorValidation:Run (string,string)
PipelineEvaluation.PipelineEval_943bdbf2/<>c__DisplayClass0_0:<Execute>b__0 ()
UnityEditor.EditorApplication:Internal_CallUpdateFunctions () (at /Users/bokken/build/output/unity/unity/Editor/Mono/EditorApplication.cs:403)

[TrustUnderFireNativeOwnership] result=Passed repairedGameplayIdentities=0 owners=195 renderOnly=2063 identities=2258 Grid=1 Surface=1 counts=GlobalReadinessContract
UnityEngine.Debug:Log (object)
Game.Editor.CH05M02TrustUnderFireConfigBuilder:ConfigureNativeOwnership (UnityEngine.SceneManagement.Scene) (at Assets/Game/Scripts/Editor/CH05M02TrustUnderFireConfigBuilder.cs:231)
Game.Editor.CH05M02TrustUnderFireConfigBuilder:BuildPhysicalMap () (at Assets/Game/Scripts/Editor/CH05M02TrustUnderFireConfigBuilder.cs:159)
Game.Editor.CH05M02TrustUnderFireConfigBuilder:Build () (at Assets/Game/Scripts/Editor/CH05M02TrustUnderFireConfigBuilder.cs:60)
Game.Editor.CH05M02TrustUnderFireIntegration:BuildCore () (at Assets/Game/Scripts/Editor/CH05M02TrustUnderFireIntegration.cs:9)
System.Reflection.MethodBase:Invoke (object,object[])
Game.Editor.ExistingEditorValidation/<Run>d__9:MoveNext () (at Assets/Game/Scripts/Editor/ExistingEditorValidation.cs:92)
System.Runtime.CompilerServices.AsyncVoidMethodBuilder:Start<Game.Editor.ExistingEditorValidation/<Run>d__9> (Game.Editor.ExistingEditorValidation/<Run>d__9&)
Game.Editor.ExistingEditorValidation:Run (string,string)
PipelineEvaluation.PipelineEval_943bdbf2/<>c__DisplayClass0_0:<Execute>b__0 ()
UnityEditor.EditorApplication:Internal_CallUpdateFunctions () (at /Users/bokken/build/output/unity/unity/Editor/Mono/EditorApplication.cs:403)

[TrustUnderFireMinimap] result=Passed mode=NativeURP crop=400,300,600,400 blackUniformGate=Passed
UnityEngine.Debug:Log (object)
Game.Editor.CH05M02TrustUnderFireConfigBuilder:CreateMinimap (UnityEngine.SceneManagement.Scene) (at Assets/Game/Scripts/Editor/CH05M02TrustUnderFireConfigBuilder.cs:355)
Game.Editor.CH05M02TrustUnderFireConfigBuilder:BuildPhysicalMap () (at Assets/Game/Scripts/Editor/CH05M02TrustUnderFireConfigBuilder.cs:166)
Game.Editor.CH05M02TrustUnderFireConfigBuilder:Build () (at Assets/Game/Scripts/Editor/CH05M02TrustUnderFireConfigBuilder.cs:60)
Game.Editor.CH05M02TrustUnderFireIntegration:BuildCore () (at Assets/Game/Scripts/Editor/CH05M02TrustUnderFireIntegration.cs:9)
System.Reflection.MethodBase:Invoke (object,object[])
Game.Editor.ExistingEditorValidation/<Run>d__9:MoveNext () (at Assets/Game/Scripts/Editor/ExistingEditorValidation.cs:92)
System.Runtime.CompilerServices.AsyncVoidMethodBuilder:Start<Game.Editor.ExistingEditorValidation/<Run>d__9> (Game.Editor.ExistingEditorValidation/<Run>d__9&)
Game.Editor.ExistingEditorValidation:Run (string,string)
PipelineEvaluation.PipelineEval_943bdbf2/<>c__DisplayClass0_0:<Execute>b__0 ()
UnityEditor.EditorApplication:Internal_CallUpdateFunctions () (at /Users/bokken/build/output/unity/unity/Editor/Mono/EditorApplication.cs:403)

[TrustUnderFireCivicClearance] result=Passed shelterLots=2 broadcastLots=1 reserveLots=1 healthOwners=RuntimeBuildingPlacement
UnityEngine.Debug:Log (object)
Game.Editor.CH05M02TrustUnderFireConfigBuilder:ValidateCivicClearance (UnityEngine.SceneManagement.Scene) (at Assets/Game/Scripts/Editor/CH05M02TrustUnderFireConfigBuilder.cs:299)
Game.Editor.CH05M02TrustUnderFireConfigBuilder:BuildPhysicalMap () (at Assets/Game/Scripts/Editor/CH05M02TrustUnderFireConfigBuilder.cs:168)
Game.Editor.CH05M02TrustUnderFireConfigBuilder:Build () (at Assets/Game/Scripts/Editor/CH05M02TrustUnderFireConfigBuilder.cs:60)
Game.Editor.CH05M02TrustUnderFireIntegration:BuildCore () (at Assets/Game/Scripts/Editor/CH05M02TrustUnderFireIntegration.cs:9)
System.Reflection.MethodBase:Invoke (object,object[])
Game.Editor.ExistingEditorValidation/<Run>d__9:MoveNext () (at Assets/Game/Scripts/Editor/ExistingEditorValidation.cs:92)
System.Runtime.CompilerServices.AsyncVoidMethodBuilder:Start<Game.Editor.ExistingEditorValidation/<Run>d__9> (Game.Editor.ExistingEditorValidation/<Run>d__9&)
Game.Editor.ExistingEditorValidation:Run (string,string)
PipelineEvaluation.PipelineEval_943bdbf2/<>c__DisplayClass0_0:<Execute>b__0 ()
UnityEditor.EditorApplication:Internal_CallUpdateFunctions () (at /Users/bokken/build/output/unity/unity/Editor/Mono/EditorApplication.cs:403)

[TrustUnderFireRoutes] result=Passed convoyRoutes=2x461x5 elevatedLandBridges=2 relayApproach3x177 buildLots=4 grid=600x400 combinedOwnerSurfaceMask=true
UnityEngine.Debug:Log (object)
Game.Editor.CH05M02TrustUnderFireConfigBuilder:ValidateRoutes () (at Assets/Game/Scripts/Editor/CH05M02TrustUnderFireConfigBuilder.cs:467)
Game.Editor.CH05M02TrustUnderFireConfigBuilder:BuildPhysicalMap () (at Assets/Game/Scripts/Editor/CH05M02TrustUnderFireConfigBuilder.cs:198)
Game.Editor.CH05M02TrustUnderFireConfigBuilder:Build () (at Assets/Game/Scripts/Editor/CH05M02TrustUnderFireConfigBuilder.cs:60)
Game.Editor.CH05M02TrustUnderFireIntegration:BuildCore () (at Assets/Game/Scripts/Editor/CH05M02TrustUnderFireIntegration.cs:9)
System.Reflection.MethodBase:Invoke (object,object[])
Game.Editor.ExistingEditorValidation/<Run>d__9:MoveNext () (at Assets/Game/Scripts/Editor/ExistingEditorValidation.cs:92)
System.Runtime.CompilerServices.AsyncVoidMethodBuilder:Start<Game.Editor.ExistingEditorValidation/<Run>d__9> (Game.Editor.ExistingEditorValidation/<Run>d__9&)
Game.Editor.ExistingEditorValidation:Run (string,string)
PipelineEvaluation.PipelineEval_943bdbf2/<>c__DisplayClass0_0:<Execute>b__0 ()
UnityEditor.EditorApplication:Internal_CallUpdateFunctions () (at /Users/bokken/build/output/unity/unity/Editor/Mono/EditorApplication.cs:403)

[TrustUnderFireMap] result=Passed removedStatic=7281 identities=2258 sourcePreserved=true sourceContentHash=3f8bceea706372ba2a6b0584d6e7820c73ce3e40c30c53acdd937d9998cae8d5 derivative=1be77cb5781808ca415ce7afb08265073f163072ed554af024c7b20fc52b1f23
UnityEngine.Debug:Log (object)
Game.Editor.CH05M02TrustUnderFireConfigBuilder:BuildPhysicalMap () (at Assets/Game/Scripts/Editor/CH05M02TrustUnderFireConfigBuilder.cs:201)
Game.Editor.CH05M02TrustUnderFireConfigBuilder:Build () (at Assets/Game/Scripts/Editor/CH05M02TrustUnderFireConfigBuilder.cs:60)
Game.Editor.CH05M02TrustUnderFireIntegration:BuildCore () (at Assets/Game/Scripts/Editor/CH05M02TrustUnderFireIntegration.cs:9)
System.Reflection.MethodBase:Invoke (object,object[])
Game.Editor.ExistingEditorValidation/<Run>d__9:MoveNext () (at Assets/Game/Scripts/Editor/ExistingEditorValidation.cs:92)
System.Runtime.CompilerServices.AsyncVoidMethodBuilder:Start<Game.Editor.ExistingEditorValidation/<Run>d__9> (Game.Editor.ExistingEditorValidation/<Run>d__9&)
Game.Editor.ExistingEditorValidation:Run (string,string)
PipelineEvaluation.PipelineEval_943bdbf2/<>c__DisplayClass0_0:<Execute>b__0 ()
UnityEditor.EditorApplication:Internal_CallUpdateFunctions () (at /Users/bokken/build/output/unity/unity/Editor/Mono/EditorApplication.cs:403)

[TrustUnderFireSupportContext] result=Passed scope=mission,map,source finiteFuel=ownedReserve protected=north+south-shelters route=authored allowed=existing-unlocked readiness=preserved
UnityEngine.Debug:Log (object)
Game.Editor.CH05M02TrustUnderFireConfigBuilder:BuildSupportContext () (at Assets/Game/Scripts/Editor/CH05M02TrustUnderFireConfigBuilder.Support.cs:46)
Game.Editor.CH05M02TrustUnderFireConfigBuilder:Build () (at Assets/Game/Scripts/Editor/CH05M02TrustUnderFireConfigBuilder.cs:60)
Game.Editor.CH05M02TrustUnderFireIntegration:BuildCore () (at Assets/Game/Scripts/Editor/CH05M02TrustUnderFireIntegration.cs:9)
System.Reflection.MethodBase:Invoke (object,object[])
Game.Editor.ExistingEditorValidation/<Run>d__9:MoveNext () (at Assets/Game/Scripts/Editor/ExistingEditorValidation.cs:92)
System.Runtime.CompilerServices.AsyncVoidMethodBuilder:Start<Game.Editor.ExistingEditorValidation/<Run>d__9> (Game.Editor.ExistingEditorValidation/<Run>d__9&)
Game.Editor.ExistingEditorValidation:Run (string,string)
PipelineEvaluation.PipelineEval_943bdbf2/<>c__DisplayClass0_0:<Execute>b__0 ()
UnityEditor.EditorApplication:Internal_CallUpdateFunctions () (at /Users/bokken/build/output/unity/unity/Editor/Mono/EditorApplication.cs:403)

[TrustUnderFireConfig] result=Passed shelters=2 routes=2 broadcast=Verified protectedConvoys=true
UnityEngine.Debug:Log (object)
Game.Editor.CH05M02TrustUnderFireConfigBuilder:Build () (at Assets/Game/Scripts/Editor/CH05M02TrustUnderFireConfigBuilder.cs:62)
Game.Editor.CH05M02TrustUnderFireIntegration:BuildCore () (at Assets/Game/Scripts/Editor/CH05M02TrustUnderFireIntegration.cs:9)
System.Reflection.MethodBase:Invoke (object,object[])
Game.Editor.ExistingEditorValidation/<Run>d__9:MoveNext () (at Assets/Game/Scripts/Editor/ExistingEditorValidation.cs:92)
System.Runtime.CompilerServices.AsyncVoidMethodBuilder:Start<Game.Editor.ExistingEditorValidation/<Run>d__9> (Game.Editor.ExistingEditorValidation/<Run>d__9&)
Game.Editor.ExistingEditorValidation:Run (string,string)
PipelineEvaluation.PipelineEval_943bdbf2/<>c__DisplayClass0_0:<Execute>b__0 ()
UnityEditor.EditorApplication:Internal_CallUpdateFunctions () (at /Users/bokken/build/output/unity/unity/Editor/Mono/EditorApplication.cs:403)

[TrustUnderFireMedia] result=Passed comics=3 dialogueCrops=7 voices=0 mode=captioned
UnityEngine.Debug:Log (object)
Game.Editor.CH05M02TrustUnderFireNarrativeBuilder:ConfigureMedia () (at Assets/Game/Scripts/Editor/CH05M02TrustUnderFireNarrativeBuilder.cs:163)
Game.Editor.CH05M02TrustUnderFireNarrativeBuilder:BuildNarrativeCore () (at Assets/Game/Scripts/Editor/CH05M02TrustUnderFireNarrativeBuilder.cs:94)
Game.Editor.CH05M02TrustUnderFireNarrativeBuilder:BuildWithoutVoices () (at Assets/Game/Scripts/Editor/CH05M02TrustUnderFireNarrativeBuilder.cs:87)
Game.Editor.CH05M02TrustUnderFireIntegration:BuildCore () (at Assets/Game/Scripts/Editor/CH05M02TrustUnderFireIntegration.cs:9)
System.Reflection.MethodBase:Invoke (object,object[])
Game.Editor.ExistingEditorValidation/<Run>d__9:MoveNext () (at Assets/Game/Scripts/Editor/ExistingEditorValidation.cs:92)
System.Runtime.CompilerServices.AsyncVoidMethodBuilder:Start<Game.Editor.ExistingEditorValidation/<Run>d__9> (Game.Editor.ExistingEditorValidation/<Run>d__9&)
Game.Editor.ExistingEditorValidation:Run (string,string)
PipelineEvaluation.PipelineEval_943bdbf2/<>c__DisplayClass0_0:<Execute>b__0 ()
UnityEditor.EditorApplication:Internal_CallUpdateFunctions () (at /Users/bokken/build/output/unity/unity/Editor/Mono/EditorApplication.cs:403)

[CampaignComicCoverage] result=Passed mission=seq.ch05.m02. dialogueStates=7 aspects=2
UnityEngine.Debug:Log (object)
Game.Editor.CampaignMissionComicCoverageValidation:ValidateMission (string,string) (at Assets/Game/Scripts/Editor/CampaignMissionComicCoverageValidation.cs:55)
Game.Editor.CampaignMissionComicCoverageValidation:ValidateMissionDistinct (string,string) (at Assets/Game/Scripts/Editor/CampaignMissionComicCoverageValidation.cs:60)
Game.Editor.CH05M02TrustUnderFireNarrativeBuilder:BuildNarrativeCore () (at Assets/Game/Scripts/Editor/CH05M02TrustUnderFireNarrativeBuilder.cs:102)
Game.Editor.CH05M02TrustUnderFireNarrativeBuilder:BuildWithoutVoices () (at Assets/Game/Scripts/Editor/CH05M02TrustUnderFireNarrativeBuilder.cs:87)
Game.Editor.CH05M02TrustUnderFireIntegration:BuildCore () (at Assets/Game/Scripts/Editor/CH05M02TrustUnderFireIntegration.cs:9)
System.Reflection.MethodBase:Invoke (object,object[])
Game.Editor.ExistingEditorValidation/<Run>d__9:MoveNext () (at Assets/Game/Scripts/Editor/ExistingEditorValidation.cs:92)
System.Runtime.CompilerServices.AsyncVoidMethodBuilder:Start<Game.Editor.ExistingEditorValidation/<Run>d__9> (Game.Editor.ExistingEditorValidation/<Run>d__9&)
Game.Editor.ExistingEditorValidation:Run (string,string)
PipelineEvaluation.PipelineEval_943bdbf2/<>c__DisplayClass0_0:<Execute>b__0 ()
UnityEditor.EditorApplication:Internal_CallUpdateFunctions () (at /Users/bokken/build/output/unity/unity/Editor/Mono/EditorApplication.cs:403)

[CampaignComicDistinctness] result=Passed mission=seq.ch05.m02. dialogueStates=7 distinct16x9=7 distinct20x9=7
UnityEngine.Debug:Log (object)
Game.Editor.CampaignMissionComicCoverageValidation:ValidateMissionDistinct (string,string) (at Assets/Game/Scripts/Editor/CampaignMissionComicCoverageValidation.cs:64)
Game.Editor.CH05M02TrustUnderFireNarrativeBuilder:BuildNarrativeCore () (at Assets/Game/Scripts/Editor/CH05M02TrustUnderFireNarrativeBuilder.cs:102)
Game.Editor.CH05M02TrustUnderFireNarrativeBuilder:BuildWithoutVoices () (at Assets/Game/Scripts/Editor/CH05M02TrustUnderFireNarrativeBuilder.cs:87)
Game.Editor.CH05M02TrustUnderFireIntegration:BuildCore () (at Assets/Game/Scripts/Editor/CH05M02TrustUnderFireIntegration.cs:9)
System.Reflection.MethodBase:Invoke (object,object[])
Game.Editor.ExistingEditorValidation/<Run>d__9:MoveNext () (at Assets/Game/Scripts/Editor/ExistingEditorValidation.cs:92)
System.Runtime.CompilerServices.AsyncVoidMethodBuilder:Start<Game.Editor.ExistingEditorValidation/<Run>d__9> (Game.Editor.ExistingEditorValidation/<Run>d__9&)
Game.Editor.ExistingEditorValidation:Run (string,string)
PipelineEvaluation.PipelineEval_943bdbf2/<>c__DisplayClass0_0:<Execute>b__0 ()
UnityEditor.EditorApplication:Internal_CallUpdateFunctions () (at /Users/bokken/build/output/unity/unity/Editor/Mono/EditorApplication.cs:403)

[TrustUnderFireNarrative] result=Passed sequences=3 dialogueStates=7 locales=en,fa-IR missionComics=3 voiceGate=Separate
UnityEngine.Debug:Log (object)
Game.Editor.CH05M02TrustUnderFireNarrativeBuilder:BuildNarrativeCore () (at Assets/Game/Scripts/Editor/CH05M02TrustUnderFireNarrativeBuilder.cs:114)
Game.Editor.CH05M02TrustUnderFireNarrativeBuilder:BuildWithoutVoices () (at Assets/Game/Scripts/Editor/CH05M02TrustUnderFireNarrativeBuilder.cs:87)
Game.Editor.CH05M02TrustUnderFireIntegration:BuildCore () (at Assets/Game/Scripts/Editor/CH05M02TrustUnderFireIntegration.cs:9)
System.Reflection.MethodBase:Invoke (object,object[])
Game.Editor.ExistingEditorValidation/<Run>d__9:MoveNext () (at Assets/Game/Scripts/Editor/ExistingEditorValidation.cs:92)
System.Runtime.CompilerServices.AsyncVoidMethodBuilder:Start<Game.Editor.ExistingEditorValidation/<Run>d__9> (Game.Editor.ExistingEditorValidation/<Run>d__9&)
Game.Editor.ExistingEditorValidation:Run (string,string)
PipelineEvaluation.PipelineEval_943bdbf2/<>c__DisplayClass0_0:<Execute>b__0 ()
UnityEditor.EditorApplication:Internal_CallUpdateFunctions () (at /Users/bokken/build/output/unity/unity/Editor/Mono/EditorApplication.cs:403)

[TrustUnderFireNarrativeVoices] result=Pending expectedClips=14 nativePlayback=Pending
UnityEngine.Debug:Log (object)
Game.Editor.CH05M02TrustUnderFireNarrativeBuilder:BuildWithoutVoices () (at Assets/Game/Scripts/Editor/CH05M02TrustUnderFireNarrativeBuilder.cs:88)
Game.Editor.CH05M02TrustUnderFireIntegration:BuildCore () (at Assets/Game/Scripts/Editor/CH05M02TrustUnderFireIntegration.cs:9)
System.Reflection.MethodBase:Invoke (object,object[])
Game.Editor.ExistingEditorValidation/<Run>d__9:MoveNext () (at Assets/Game/Scripts/Editor/ExistingEditorValidation.cs:92)
System.Runtime.CompilerServices.AsyncVoidMethodBuilder:Start<Game.Editor.ExistingEditorValidation/<Run>d__9> (Game.Editor.ExistingEditorValidation/<Run>d__9&)
Game.Editor.ExistingEditorValidation:Run (string,string)
PipelineEvaluation.PipelineEval_943bdbf2/<>c__DisplayClass0_0:<Execute>b__0 ()
UnityEditor.EditorApplication:Internal_CallUpdateFunctions () (at /Users/bokken/build/output/unity/unity/Editor/Mono/EditorApplication.cs:403)

[TrustUnderFirePresentation] result=Passed existingHud=1 newCommandButtons=0 locales=2 protectedConvoyFallback=Explicit
UnityEngine.Debug:Log (object)
Game.Editor.CH05M02TrustUnderFirePresentationBuilder:Build () (at Assets/Game/Scripts/Editor/CH05M02TrustUnderFirePresentationBuilder.cs:19)
Game.Editor.CH05M02TrustUnderFireIntegration:BuildCore () (at Assets/Game/Scripts/Editor/CH05M02TrustUnderFireIntegration.cs:9)
System.Reflection.MethodBase:Invoke (object,object[])
Game.Editor.ExistingEditorValidation/<Run>d__9:MoveNext () (at Assets/Game/Scripts/Editor/ExistingEditorValidation.cs:92)
System.Runtime.CompilerServices.AsyncVoidMethodBuilder:Start<Game.Editor.ExistingEditorValidation/<Run>d__9> (Game.Editor.ExistingEditorValidation/<Run>d__9&)
Game.Editor.ExistingEditorValidation:Run (string,string)
PipelineEvaluation.PipelineEval_943bdbf2/<>c__DisplayClass0_0:<Execute>b__0 ()
UnityEditor.EditorApplication:Internal_CallUpdateFunctions () (at /Users/bokken/build/output/unity/unity/Editor/Mono/EditorApplication.cs:403)

[M01FirstContactConfigBuilder] result=Passed scope=ChapterCatalogs missions=22 maps=29
UnityEngine.Debug:Log (object)
Game.Editor.M01FirstContactConfigBuilder:RefreshChapterCatalogs () (at Assets/Game/Scripts/Editor/M01FirstContactConfigBuilder.cs:75)
Game.Editor.CH05M02TrustUnderFireIntegration:Register () (at Assets/Game/Scripts/Editor/CH05M02TrustUnderFireIntegration.cs:12)
Game.Editor.CH05M02TrustUnderFireIntegration:BuildCore () (at Assets/Game/Scripts/Editor/CH05M02TrustUnderFireIntegration.cs:9)
System.Reflection.MethodBase:Invoke (object,object[])
Game.Editor.ExistingEditorValidation/<Run>d__9:MoveNext () (at Assets/Game/Scripts/Editor/ExistingEditorValidation.cs:92)
System.Runtime.CompilerServices.AsyncVoidMethodBuilder:Start<Game.Editor.ExistingEditorValidation/<Run>d__9> (Game.Editor.ExistingEditorValidation/<Run>d__9&)
Game.Editor.ExistingEditorValidation:Run (string,string)
PipelineEvaluation.PipelineEval_943bdbf2/<>c__DisplayClass0_0:<Execute>b__0 ()
UnityEditor.EditorApplication:Internal_CallUpdateFunctions () (at /Users/bokken/build/output/unity/unity/Editor/Mono/EditorApplication.cs:403)

[TrustUnderFireContentRegistration] result=Passed ownAssets=8 added=0 GUIDLookup=Supported existingEntries=Preserved
UnityEngine.Debug:Log (object)
Game.Editor.CH05M02TrustUnderFireContentBuilder:RegisterProductionEntries () (at Assets/Game/Scripts/Editor/CH05M02TrustUnderFireContentBuilder.cs:53)
Game.Editor.CH05M02TrustUnderFireIntegration:Register () (at Assets/Game/Scripts/Editor/CH05M02TrustUnderFireIntegration.cs:12)
Game.Editor.CH05M02TrustUnderFireIntegration:BuildCore () (at Assets/Game/Scripts/Editor/CH05M02TrustUnderFireIntegration.cs:9)
System.Reflection.MethodBase:Invoke (object,object[])
Game.Editor.ExistingEditorValidation/<Run>d__9:MoveNext () (at Assets/Game/Scripts/Editor/ExistingEditorValidation.cs:92)
System.Runtime.CompilerServices.AsyncVoidMethodBuilder:Start<Game.Editor.ExistingEditorValidation/<Run>d__9> (Game.Editor.ExistingEditorValidation/<Run>d__9&)
Game.Editor.ExistingEditorValidation:Run (string,string)
PipelineEvaluation.PipelineEval_943bdbf2/<>c__DisplayClass0_0:<Execute>b__0 ()
UnityEditor.EditorApplication:Internal_CallUpdateFunctions () (at /Users/bokken/build/output/unity/unity/Editor/Mono/EditorApplication.cs:403)

[TrustUnderFireRoutes] result=Passed convoyRoutes=2x461x5 elevatedLandBridges=2 relayApproach3x177 buildLots=4 grid=600x400 combinedOwnerSurfaceMask=true
UnityEngine.Debug:Log (object)
Game.Editor.CH05M02TrustUnderFireConfigBuilder:ValidateRoutes () (at Assets/Game/Scripts/Editor/CH05M02TrustUnderFireConfigBuilder.cs:467)
Game.Editor.CH05M02TrustUnderFireMapValidation:Run () (at Assets/Game/Scripts/Editor/CH05M02TrustUnderFireMapValidation.cs:112)
Game.Editor.CH05M02TrustUnderFireIntegration:BuildCore () (at Assets/Game/Scripts/Editor/CH05M02TrustUnderFireIntegration.cs:9)
System.Reflection.MethodBase:Invoke (object,object[])
Game.Editor.ExistingEditorValidation/<Run>d__9:MoveNext () (at Assets/Game/Scripts/Editor/ExistingEditorValidation.cs:92)
System.Runtime.CompilerServices.AsyncVoidMethodBuilder:Start<Game.Editor.ExistingEditorValidation/<Run>d__9> (Game.Editor.ExistingEditorValidation/<Run>d__9&)
Game.Editor.ExistingEditorValidation:Run (string,string)
PipelineEvaluation.PipelineEval_943bdbf2/<>c__DisplayClass0_0:<Execute>b__0 ()
UnityEditor.EditorApplication:Internal_CallUpdateFunctions () (at /Users/bokken/build/output/unity/unity/Editor/Mono/EditorApplication.cs:403)

[TrustUnderFireMap] result=Passed identities=2258 owners=195 renderOnly=2063 roots=3 grid=600x400 sourceHashes=6 sourcePreserved=true binding=OwnExplicitLoader rebasedFootprints=Passed
UnityEngine.Debug:Log (object)
Game.Editor.CH05M02TrustUnderFireMapValidation:Run () (at Assets/Game/Scripts/Editor/CH05M02TrustUnderFireMapValidation.cs:113)
Game.Editor.CH05M02TrustUnderFireIntegration:BuildCore () (at Assets/Game/Scripts/Editor/CH05M02TrustUnderFireIntegration.cs:9)
System.Reflection.MethodBase:Invoke (object,object[])
Game.Editor.ExistingEditorValidation/<Run>d__9:MoveNext () (at Assets/Game/Scripts/Editor/ExistingEditorValidation.cs:92)
System.Runtime.CompilerServices.AsyncVoidMethodBuilder:Start<Game.Editor.ExistingEditorValidation/<Run>d__9> (Game.Editor.ExistingEditorValidation/<Run>d__9&)
Game.Editor.ExistingEditorValidation:Run (string,string)
PipelineEvaluation.PipelineEval_943bdbf2/<>c__DisplayClass0_0:<Execute>b__0 ()
UnityEditor.EditorApplication:Internal_CallUpdateFunctions () (at /Users/bokken/build/output/unity/unity/Editor/Mono/EditorApplication.cs:403)

[TrustUnderFireCore] result=Passed independentMap=true protectedRoutes=2 controls=Existing voices=PendingSeparateGate
UnityEngine.Debug:Log (object)
Game.Editor.CH05M02TrustUnderFireIntegration:BuildCore () (at Assets/Game/Scripts/Editor/CH05M02TrustUnderFireIntegration.cs:10)
System.Reflection.MethodBase:Invoke (object,object[])
Game.Editor.ExistingEditorValidation/<Run>d__9:MoveNext () (at Assets/Game/Scripts/Editor/ExistingEditorValidation.cs:92)
System.Runtime.CompilerServices.AsyncVoidMethodBuilder:Start<Game.Editor.ExistingEditorValidation/<Run>d__9> (Game.Editor.ExistingEditorValidation/<Run>d__9&)
Game.Editor.ExistingEditorValidation:Run (string,string)
PipelineEvaluation.PipelineEval_943bdbf2/<>c__DisplayClass0_0:<Execute>b__0 ()
UnityEditor.EditorApplication:Internal_CallUpdateFunctions () (at /Users/bokken/build/output/unity/unity/Editor/Mono/EditorApplication.cs:403)

[ExistingEditorValidation] result=Passed executeMethod=Game.Editor.CH05M02TrustUnderFireIntegration.BuildCore
UnityEngine.Debug:Log (object)
Game.Editor.ExistingEditorValidation/<Run>d__9:MoveNext () (at Assets/Game/Scripts/Editor/ExistingEditorValidation.cs:109)
System.Runtime.CompilerServices.AsyncVoidMethodBuilder:Start<Game.Editor.ExistingEditorValidation/<Run>d__9> (Game.Editor.ExistingEditorValidation/<Run>d__9&)
Game.Editor.ExistingEditorValidation:Run (string,string)
PipelineEvaluation.PipelineEval_943bdbf2/<>c__DisplayClass0_0:<Execute>b__0 ()
UnityEditor.EditorApplication:Internal_CallUpdateFunctions () (at /Users/bokken/build/output/unity/unity/Editor/Mono/EditorApplication.cs:403)

