[ExistingEditorValidation] project=/Users/farhad/Projects/WarlineCapture/Assets executeMethod=Game.Editor.CH05M02TrustUnderFireIntegration.BuildCore
UnityEngine.Debug:Log (object)
Game.Editor.ExistingEditorValidation/<Run>d__9:MoveNext () (at Assets/Game/Scripts/Editor/ExistingEditorValidation.cs:90)
System.Runtime.CompilerServices.AsyncVoidMethodBuilder:Start<Game.Editor.ExistingEditorValidation/<Run>d__9> (Game.Editor.ExistingEditorValidation/<Run>d__9&)
Game.Editor.ExistingEditorValidation:Run (string,string)
PipelineEvaluation.PipelineEval_19382d88/<>c__DisplayClass0_0:<Execute>b__0 ()
UnityEditor.EditorApplication:Internal_CallUpdateFunctions () (at /Users/bokken/build/output/unity/unity/Editor/Mono/EditorApplication.cs:403)

[TrustUnderFireBuilderRevision] source=ashline-evacuation-v1-independent-crop canonicalMovementMask=Preserved bridges=2
UnityEngine.Debug:Log (object)
Game.Editor.CH05M02TrustUnderFireConfigBuilder:ReportBuilderRevision () (at Assets/Game/Scripts/Editor/CH05M02TrustUnderFireConfigBuilder.cs:43)
Game.Editor.CH05M02TrustUnderFireConfigBuilder:Build () (at Assets/Game/Scripts/Editor/CH05M02TrustUnderFireConfigBuilder.cs:56)
Game.Editor.CH05M02TrustUnderFireIntegration:BuildCore () (at Assets/Game/Scripts/Editor/CH05M02TrustUnderFireIntegration.cs:9)
System.Reflection.MethodBase:Invoke (object,object[])
Game.Editor.ExistingEditorValidation/<Run>d__9:MoveNext () (at Assets/Game/Scripts/Editor/ExistingEditorValidation.cs:92)
System.Runtime.CompilerServices.AsyncVoidMethodBuilder:Start<Game.Editor.ExistingEditorValidation/<Run>d__9> (Game.Editor.ExistingEditorValidation/<Run>d__9&)
Game.Editor.ExistingEditorValidation:Run (string,string)
PipelineEvaluation.PipelineEval_19382d88/<>c__DisplayClass0_0:<Execute>b__0 ()
UnityEditor.EditorApplication:Internal_CallUpdateFunctions () (at /Users/bokken/build/output/unity/unity/Editor/Mono/EditorApplication.cs:403)

Loaded 1 ExamplePackConfig assets
UnityEngine.Debug:Log (object)
SyntyPackageHelper:LoadSyntyPackageHelperConfigs () (at Assets/Synty/SyntyPackageHelper/Editor/SyntyPackageHelper.cs:46)
SyntyPackageHelper:OnProjectChanged () (at Assets/Synty/SyntyPackageHelper/Editor/SyntyPackageHelper.cs:55)
UnityEditor.AssetDatabase:Refresh ()
Game.Editor.CH05M02TrustUnderFireConfigBuilder:Build () (at Assets/Game/Scripts/Editor/CH05M02TrustUnderFireConfigBuilder.cs:58)
Game.Editor.CH05M02TrustUnderFireIntegration:BuildCore () (at Assets/Game/Scripts/Editor/CH05M02TrustUnderFireIntegration.cs:9)
System.Reflection.MethodBase:Invoke (object,object[])
Game.Editor.ExistingEditorValidation/<Run>d__9:MoveNext () (at Assets/Game/Scripts/Editor/ExistingEditorValidation.cs:92)
System.Runtime.CompilerServices.AsyncVoidMethodBuilder:Start<Game.Editor.ExistingEditorValidation/<Run>d__9> (Game.Editor.ExistingEditorValidation/<Run>d__9&)
Game.Editor.ExistingEditorValidation:Run (string,string)
PipelineEvaluation.PipelineEval_19382d88/<>c__DisplayClass0_0:<Execute>b__0 ()
UnityEditor.EditorApplication:Internal_CallUpdateFunctions () (at /Users/bokken/build/output/unity/unity/Editor/Mono/EditorApplication.cs:403)

[TrustUnderFireAcceptedMigration] convertedRenderOnly=0 retiredAccepted=0 removedAuthoredVehicles=0 cropAndStaticMask=PendingPhysicalPass
UnityEngine.Debug:Log (object)
Game.Editor.CH05M02TrustUnderFireConfigBuilder:MigrateAcceptedPresentation (UnityEngine.SceneManagement.Scene) (at Assets/Game/Scripts/Editor/CH05M02TrustUnderFireConfigBuilder.cs:265)
Game.Editor.CH05M02TrustUnderFireConfigBuilder:BuildPhysicalMap () (at Assets/Game/Scripts/Editor/CH05M02TrustUnderFireConfigBuilder.cs:117)
Game.Editor.CH05M02TrustUnderFireConfigBuilder:Build () (at Assets/Game/Scripts/Editor/CH05M02TrustUnderFireConfigBuilder.cs:60)
Game.Editor.CH05M02TrustUnderFireIntegration:BuildCore () (at Assets/Game/Scripts/Editor/CH05M02TrustUnderFireIntegration.cs:9)
System.Reflection.MethodBase:Invoke (object,object[])
Game.Editor.ExistingEditorValidation/<Run>d__9:MoveNext () (at Assets/Game/Scripts/Editor/ExistingEditorValidation.cs:92)
System.Runtime.CompilerServices.AsyncVoidMethodBuilder:Start<Game.Editor.ExistingEditorValidation/<Run>d__9> (Game.Editor.ExistingEditorValidation/<Run>d__9&)
Game.Editor.ExistingEditorValidation:Run (string,string)
PipelineEvaluation.PipelineEval_19382d88/<>c__DisplayClass0_0:<Execute>b__0 ()
UnityEditor.EditorApplication:Internal_CallUpdateFunctions () (at /Users/bokken/build/output/unity/unity/Editor/Mono/EditorApplication.cs:403)

[TrustUnderFireNativeOwnership] result=Passed repairedGameplayIdentities=0 owners=195 renderOnly=2069 identities=2264 Grid=1 Surface=1 counts=GlobalReadinessContract
UnityEngine.Debug:Log (object)
Game.Editor.CH05M02TrustUnderFireConfigBuilder:ConfigureNativeOwnership (UnityEngine.SceneManagement.Scene) (at Assets/Game/Scripts/Editor/CH05M02TrustUnderFireConfigBuilder.cs:231)
Game.Editor.CH05M02TrustUnderFireConfigBuilder:BuildPhysicalMap () (at Assets/Game/Scripts/Editor/CH05M02TrustUnderFireConfigBuilder.cs:159)
Game.Editor.CH05M02TrustUnderFireConfigBuilder:Build () (at Assets/Game/Scripts/Editor/CH05M02TrustUnderFireConfigBuilder.cs:60)
Game.Editor.CH05M02TrustUnderFireIntegration:BuildCore () (at Assets/Game/Scripts/Editor/CH05M02TrustUnderFireIntegration.cs:9)
System.Reflection.MethodBase:Invoke (object,object[])
Game.Editor.ExistingEditorValidation/<Run>d__9:MoveNext () (at Assets/Game/Scripts/Editor/ExistingEditorValidation.cs:92)
System.Runtime.CompilerServices.AsyncVoidMethodBuilder:Start<Game.Editor.ExistingEditorValidation/<Run>d__9> (Game.Editor.ExistingEditorValidation/<Run>d__9&)
Game.Editor.ExistingEditorValidation:Run (string,string)
PipelineEvaluation.PipelineEval_19382d88/<>c__DisplayClass0_0:<Execute>b__0 ()
UnityEditor.EditorApplication:Internal_CallUpdateFunctions () (at /Users/bokken/build/output/unity/unity/Editor/Mono/EditorApplication.cs:403)

[TrustUnderFireMinimap] result=Passed mode=NativeURP crop=400,300,600,400 blackUniformGate=Passed
UnityEngine.Debug:Log (object)
Game.Editor.CH05M02TrustUnderFireConfigBuilder:CreateMinimap (UnityEngine.SceneManagement.Scene) (at Assets/Game/Scripts/Editor/CH05M02TrustUnderFireConfigBuilder.cs:355)
Game.Editor.CH05M02TrustUnderFireConfigBuilder:BuildPhysicalMap () (at Assets/Game/Scripts/Editor/CH05M02TrustUnderFireConfigBuilder.cs:166)
Game.Editor.CH05M02TrustUnderFireConfigBuilder:Build () (at Assets/Game/Scripts/Editor/CH05M02TrustUnderFireConfigBuilder.cs:60)
Game.Editor.CH05M02TrustUnderFireIntegration:BuildCore () (at Assets/Game/Scripts/Editor/CH05M02TrustUnderFireIntegration.cs:9)
System.Reflection.MethodBase:Invoke (object,object[])
Game.Editor.ExistingEditorValidation/<Run>d__9:MoveNext () (at Assets/Game/Scripts/Editor/ExistingEditorValidation.cs:92)
System.Runtime.CompilerServices.AsyncVoidMethodBuilder:Start<Game.Editor.ExistingEditorValidation/<Run>d__9> (Game.Editor.ExistingEditorValidation/<Run>d__9&)
Game.Editor.ExistingEditorValidation:Run (string,string)
PipelineEvaluation.PipelineEval_19382d88/<>c__DisplayClass0_0:<Execute>b__0 ()
UnityEditor.EditorApplication:Internal_CallUpdateFunctions () (at /Users/bokken/build/output/unity/unity/Editor/Mono/EditorApplication.cs:403)

[TrustUnderFireCivicClearance] result=Passed shelterLots=2 broadcastLots=1 reserveLots=1 healthOwners=RuntimeBuildingPlacement
UnityEngine.Debug:Log (object)
Game.Editor.CH05M02TrustUnderFireConfigBuilder:ValidateCivicClearance (UnityEngine.SceneManagement.Scene) (at Assets/Game/Scripts/Editor/CH05M02TrustUnderFireConfigBuilder.cs:299)
Game.Editor.CH05M02TrustUnderFireConfigBuilder:BuildPhysicalMap () (at Assets/Game/Scripts/Editor/CH05M02TrustUnderFireConfigBuilder.cs:168)
Game.Editor.CH05M02TrustUnderFireConfigBuilder:Build () (at Assets/Game/Scripts/Editor/CH05M02TrustUnderFireConfigBuilder.cs:60)
Game.Editor.CH05M02TrustUnderFireIntegration:BuildCore () (at Assets/Game/Scripts/Editor/CH05M02TrustUnderFireIntegration.cs:9)
System.Reflection.MethodBase:Invoke (object,object[])
Game.Editor.ExistingEditorValidation/<Run>d__9:MoveNext () (at Assets/Game/Scripts/Editor/ExistingEditorValidation.cs:92)
System.Runtime.CompilerServices.AsyncVoidMethodBuilder:Start<Game.Editor.ExistingEditorValidation/<Run>d__9> (Game.Editor.ExistingEditorValidation/<Run>d__9&)
Game.Editor.ExistingEditorValidation:Run (string,string)
PipelineEvaluation.PipelineEval_19382d88/<>c__DisplayClass0_0:<Execute>b__0 ()
UnityEditor.EditorApplication:Internal_CallUpdateFunctions () (at /Users/bokken/build/output/unity/unity/Editor/Mono/EditorApplication.cs:403)

InvalidOperationException: Trust building lot rejected 940,519
Game.Editor.CH05M02TrustUnderFireConfigBuilder.ValidateRoutes () (at Assets/Game/Scripts/Editor/CH05M02TrustUnderFireConfigBuilder.cs:463)
Game.Editor.CH05M02TrustUnderFireConfigBuilder.BuildPhysicalMap () (at Assets/Game/Scripts/Editor/CH05M02TrustUnderFireConfigBuilder.cs:198)
Game.Editor.CH05M02TrustUnderFireConfigBuilder.Build () (at Assets/Game/Scripts/Editor/CH05M02TrustUnderFireConfigBuilder.cs:60)
Game.Editor.CH05M02TrustUnderFireIntegration.BuildCore () (at Assets/Game/Scripts/Editor/CH05M02TrustUnderFireIntegration.cs:9)
System.Reflection.RuntimeMethodInfo.Invoke (System.Object obj, System.Reflection.BindingFlags invokeAttr, System.Reflection.Binder binder, System.Object[] parameters, System.Globalization.CultureInfo culture) (at <299d5c9ae27b4d27af003e5f456f4b13>:0)
UnityEngine.Debug:LogException(Exception)
Game.Editor.<Run>d__9:MoveNext() (at Assets/Game/Scripts/Editor/ExistingEditorValidation.cs:113)
System.Runtime.CompilerServices.AsyncVoidMethodBuilder:Start(<Run>d__9&)
Game.Editor.ExistingEditorValidation:Run(String, String)
PipelineEvaluation.<>c__DisplayClass0_0:<Execute>b__0()
UnityEditor.EditorApplication:Internal_CallUpdateFunctions() (at /Users/bokken/build/output/unity/unity/Editor/Mono/EditorApplication.cs:403)

[ExistingEditorValidation] result=Failed executeMethod=Game.Editor.CH05M02TrustUnderFireIntegration.BuildCore
UnityEngine.Debug:LogError (object)
Game.Editor.ExistingEditorValidation/<Run>d__9:MoveNext () (at Assets/Game/Scripts/Editor/ExistingEditorValidation.cs:114)
System.Runtime.CompilerServices.AsyncVoidMethodBuilder:Start<Game.Editor.ExistingEditorValidation/<Run>d__9> (Game.Editor.ExistingEditorValidation/<Run>d__9&)
Game.Editor.ExistingEditorValidation:Run (string,string)
PipelineEvaluation.PipelineEval_19382d88/<>c__DisplayClass0_0:<Execute>b__0 ()
UnityEditor.EditorApplication:Internal_CallUpdateFunctions () (at /Users/bokken/build/output/unity/unity/Editor/Mono/EditorApplication.cs:403)

