[ExistingEditorValidation] project=/Users/farhad/Projects/WarlineCapture/Assets executeMethod=Game.Editor.CH05M02TrustUnderFireInputProbe.RunGameplay
UnityEngine.Debug:Log (object)
Game.Editor.ExistingEditorValidation/<Run>d__9:MoveNext () (at Assets/Game/Scripts/Editor/ExistingEditorValidation.cs:90)
System.Runtime.CompilerServices.AsyncVoidMethodBuilder:Start<Game.Editor.ExistingEditorValidation/<Run>d__9> (Game.Editor.ExistingEditorValidation/<Run>d__9&)
Game.Editor.ExistingEditorValidation:Run (string,string)
PipelineEvaluation.PipelineEval_2b67d13f/<>c__DisplayClass0_0:<Execute>b__0 ()
UnityEditor.EditorApplication:Internal_CallUpdateFunctions () (at /Users/bokken/build/output/unity/unity/Editor/Mono/EditorApplication.cs:403)

[TrustRules] result=Passed originals=26 routes=independent crossing=required verification=actual settlement=idempotent supply=first-clear
UnityEngine.Debug:Log (object)
Game.Editor.CH05M02TrustUnderFireRulesValidation:Run () (at Assets/Game/Scripts/Editor/CH05M02TrustUnderFireRulesValidation.cs:62)
Game.Editor.CH05M02TrustUnderFireInputProbe:Run (string,bool,bool,bool,bool,bool) (at Assets/Game/Scripts/Editor/CH05M02TrustUnderFireInputProbe.cs:83)
Game.Editor.CH05M02TrustUnderFireInputProbe:RunGameplay () (at Assets/Game/Scripts/Editor/CH05M02TrustUnderFireInputProbe.cs:74)
System.Reflection.MethodBase:Invoke (object,object[])
Game.Editor.ExistingEditorValidation/<Run>d__9:MoveNext () (at Assets/Game/Scripts/Editor/ExistingEditorValidation.cs:92)
System.Runtime.CompilerServices.AsyncVoidMethodBuilder:Start<Game.Editor.ExistingEditorValidation/<Run>d__9> (Game.Editor.ExistingEditorValidation/<Run>d__9&)
Game.Editor.ExistingEditorValidation:Run (string,string)
PipelineEvaluation.PipelineEval_2b67d13f/<>c__DisplayClass0_0:<Execute>b__0 ()
UnityEditor.EditorApplication:Internal_CallUpdateFunctions () (at /Users/bokken/build/output/unity/unity/Editor/Mono/EditorApplication.cs:403)

[MainMenuV3PrefabBuilder] gameView=1920x1080 selectedIndex=3
UnityEngine.Debug:Log (object)
Game.Editor.MainMenuV3PrefabBuilder:SetGameViewResolution (int,int) (at Assets/Game/Scripts/Editor/MainMenuV3PrefabBuilder.cs:427)
Game.Editor.CH05M02TrustUnderFireInputProbe:Run (string,bool,bool,bool,bool,bool) (at Assets/Game/Scripts/Editor/CH05M02TrustUnderFireInputProbe.cs:89)
Game.Editor.CH05M02TrustUnderFireInputProbe:RunGameplay () (at Assets/Game/Scripts/Editor/CH05M02TrustUnderFireInputProbe.cs:74)
System.Reflection.MethodBase:Invoke (object,object[])
Game.Editor.ExistingEditorValidation/<Run>d__9:MoveNext () (at Assets/Game/Scripts/Editor/ExistingEditorValidation.cs:92)
System.Runtime.CompilerServices.AsyncVoidMethodBuilder:Start<Game.Editor.ExistingEditorValidation/<Run>d__9> (Game.Editor.ExistingEditorValidation/<Run>d__9&)
Game.Editor.ExistingEditorValidation:Run (string,string)
PipelineEvaluation.PipelineEval_2b67d13f/<>c__DisplayClass0_0:<Execute>b__0 ()
UnityEditor.EditorApplication:Internal_CallUpdateFunctions () (at /Users/bokken/build/output/unity/unity/Editor/Mono/EditorApplication.cs:403)

Ignoring invalid [Unity.Entities.UpdateAfterAttribute] attribute on Game.Runtime.CampaignMissionArmorBreakAircraftOrderSystem targeting Game.Runtime.UnitTargetOrderSystem.
This attribute can only order systems that are members of the same ComponentSystemGroup instance.
Make sure that both systems are in the same system group with [UpdateInGroup(typeof(Unity.Entities.SimulationSystemGroup))],
or by manually adding both systems to the same group's update list.
UnityEngine.Debug:LogWarning (object)
Unity.Debug:LogWarning (object) (at ./Library/PackageCache/com.unity.entities@bab66ffaba49/Unity.Entities/Stubs/Unity/Debug.cs:13)
Unity.Entities.ComponentSystemSorter:WarnAboutAnySystemAttributeBadness (int,Unity.Entities.ComponentSystemGroup) (at ./Library/PackageCache/com.unity.entities@bab66ffaba49/Unity.Entities/ComponentSystemSorter.cs:504)
Unity.Entities.ComponentSystemGroup:GenerateMasterUpdateList () (at ./Library/PackageCache/com.unity.entities@bab66ffaba49/Unity.Entities/ComponentSystemGroup.cs:490)
Unity.Entities.ComponentSystemGroup:RecurseUpdate () (at ./Library/PackageCache/com.unity.entities@bab66ffaba49/Unity.Entities/ComponentSystemGroup.cs:410)
Unity.Entities.ComponentSystemGroup:SortSystems () (at ./Library/PackageCache/com.unity.entities@bab66ffaba49/Unity.Entities/ComponentSystemGroup.cs:598)
Unity.Entities.DefaultWorldInitialization:AddSystemToRootLevelSystemGroupsInternal (Unity.Entities.World,Unity.Collections.NativeList`1<Unity.Entities.SystemTypeIndex>) (at ./Library/PackageCache/com.unity.entities@bab66ffaba49/Unity.Entities/DefaultWorldInitialization.cs:304)
Unity.Entities.DefaultWorldInitialization:Initialize (string,bool) (at ./Library/PackageCache/com.unity.entities@bab66ffaba49/Unity.Entities/DefaultWorldInitialization.cs:156)
Unity.Entities.AutomaticWorldBootstrap:Initialize () (at ./Library/PackageCache/com.unity.entities@bab66ffaba49/Unity.Entities.Hybrid/Injection/AutomaticWorldBootstrap.cs:16)

Ignoring invalid [Unity.Entities.UpdateAfterAttribute(Game.Runtime.SkirmishResultSettlementSystem)] attribute on Game.Runtime.SkirmishExpandedSessionControlSystem because OrderFirst/OrderLast has higher precedence.
UnityEngine.Debug:LogWarning (object)
Unity.Debug:LogWarning (object) (at ./Library/PackageCache/com.unity.entities@bab66ffaba49/Unity.Entities/Stubs/Unity/Debug.cs:13)
Unity.Entities.ComponentSystemSorter:WarnAboutAnySystemAttributeBadness (int,Unity.Entities.ComponentSystemGroup) (at ./Library/PackageCache/com.unity.entities@bab66ffaba49/Unity.Entities/ComponentSystemSorter.cs:522)
Unity.Entities.ComponentSystemGroup:GenerateMasterUpdateList () (at ./Library/PackageCache/com.unity.entities@bab66ffaba49/Unity.Entities/ComponentSystemGroup.cs:490)
Unity.Entities.ComponentSystemGroup:RecurseUpdate () (at ./Library/PackageCache/com.unity.entities@bab66ffaba49/Unity.Entities/ComponentSystemGroup.cs:410)
Unity.Entities.ComponentSystemGroup:SortSystems () (at ./Library/PackageCache/com.unity.entities@bab66ffaba49/Unity.Entities/ComponentSystemGroup.cs:598)
Unity.Entities.DefaultWorldInitialization:AddSystemToRootLevelSystemGroupsInternal (Unity.Entities.World,Unity.Collections.NativeList`1<Unity.Entities.SystemTypeIndex>) (at ./Library/PackageCache/com.unity.entities@bab66ffaba49/Unity.Entities/DefaultWorldInitialization.cs:304)
Unity.Entities.DefaultWorldInitialization:Initialize (string,bool) (at ./Library/PackageCache/com.unity.entities@bab66ffaba49/Unity.Entities/DefaultWorldInitialization.cs:156)
Unity.Entities.AutomaticWorldBootstrap:Initialize () (at ./Library/PackageCache/com.unity.entities@bab66ffaba49/Unity.Entities.Hybrid/Injection/AutomaticWorldBootstrap.cs:16)

Ignoring invalid [Unity.Entities.UpdateBeforeAttribute] attribute on Game.Rendering.OperationMapVehicleVisualOwnershipSystem targeting Game.Rendering.UnitRenderVisualExclusivitySystem.
This attribute can only order systems that are members of the same ComponentSystemGroup instance.
Make sure that both systems are in the same system group with [UpdateInGroup(typeof(Unity.Entities.PresentationSystemGroup))],
or by manually adding both systems to the same group's update list.
UnityEngine.Debug:LogWarning (object)
Unity.Debug:LogWarning (object) (at ./Library/PackageCache/com.unity.entities@bab66ffaba49/Unity.Entities/Stubs/Unity/Debug.cs:13)
Unity.Entities.ComponentSystemSorter:WarnAboutAnySystemAttributeBadness (int,Unity.Entities.ComponentSystemGroup) (at ./Library/PackageCache/com.unity.entities@bab66ffaba49/Unity.Entities/ComponentSystemSorter.cs:504)
Unity.Entities.ComponentSystemGroup:GenerateMasterUpdateList () (at ./Library/PackageCache/com.unity.entities@bab66ffaba49/Unity.Entities/ComponentSystemGroup.cs:490)
Unity.Entities.ComponentSystemGroup:RecurseUpdate () (at ./Library/PackageCache/com.unity.entities@bab66ffaba49/Unity.Entities/ComponentSystemGroup.cs:410)
Unity.Entities.ComponentSystemGroup:SortSystems () (at ./Library/PackageCache/com.unity.entities@bab66ffaba49/Unity.Entities/ComponentSystemGroup.cs:598)
Unity.Entities.DefaultWorldInitialization:AddSystemToRootLevelSystemGroupsInternal (Unity.Entities.World,Unity.Collections.NativeList`1<Unity.Entities.SystemTypeIndex>) (at ./Library/PackageCache/com.unity.entities@bab66ffaba49/Unity.Entities/DefaultWorldInitialization.cs:305)
Unity.Entities.DefaultWorldInitialization:Initialize (string,bool) (at ./Library/PackageCache/com.unity.entities@bab66ffaba49/Unity.Entities/DefaultWorldInitialization.cs:156)
Unity.Entities.AutomaticWorldBootstrap:Initialize () (at ./Library/PackageCache/com.unity.entities@bab66ffaba49/Unity.Entities.Hybrid/Injection/AutomaticWorldBootstrap.cs:16)

[FirstLaunchStartup] fix=LanguageChoiceAwakeOrder_2026-07-17 disposition=EnterMenu languageView=1 languageVisible=0 narrativeView=1
UnityEngine.Debug:Log (object)
Game.Composition.FirstLaunchNarrativeCompositionSystemHelper:LogStartupDisposition (Game.Composition.FirstLaunchNarrativeStartupDisposition) (at Assets/Game/Scripts/Composition/Narrative/FirstLaunchNarrativeCompositionSystemHelper.cs:319)
Game.Composition.FirstLaunchNarrativeCompositionSystemHelper:Initialize (Game.Configs.NarrativeSequenceConfig,Game.Configs.NarrativeSpeakerCatalog,Game.Configs.NarrativePunctuationConfig,Game.UI.Runtime.NarrativeSequenceView,Game.UI.Contracts.IGameTextResolver,Game.Runtime.SaveService,bool,bool,Game.UI.Runtime.FirstLaunchLanguageChoiceView,Game.Configs.NarrativeLocaleConfig,Game.UI.Runtime.UIShellView) (at Assets/Game/Scripts/Composition/Narrative/FirstLaunchNarrativeCompositionSystemHelper.cs:98)
Game.Composition.FirstLaunchNarrativeCompositionSystemHelper:InitializeShell (Game.Composition.MenuBootstrapView,Game.UI.Contracts.IGameTextResolver,bool,bool) (at Assets/Game/Scripts/Composition/Narrative/FirstLaunchNarrativeCompositionSystemHelper.cs:151)
Game.Composition.MenuBootstrapCompositionSystemHelper:Initialize (Game.Composition.MenuBootstrapView) (at Assets/Game/Scripts/Composition/MenuBootstrapCompositionSystemHelper.cs:115)
Game.Composition.MenuBootstrapView:Awake () (at Assets/Game/Scripts/Composition/MenuBootstrapView.cs:159)

[TrustUnderFireInput] inputFixture=background-game-view-only nativeInputIsolated=3
UnityEngine.Debug:Log (object)
Game.Editor.CH05M02TrustUnderFireInputProbe:ConfigureFixture () (at Assets/Game/Scripts/Editor/CH05M02TrustUnderFireInputProbe.cs:425)
Game.Editor.CH05M02TrustUnderFireInputProbe:Tick () (at Assets/Game/Scripts/Editor/CH05M02TrustUnderFireInputProbe.cs:124)
UnityEditor.EditorApplication:Internal_CallUpdateFunctions () (at /Users/bokken/build/output/unity/unity/Editor/Mono/EditorApplication.cs:403)

[TrustUnderFireInputState] phase=None outcome=None step=-1 clock=0 initialized=0 northCrossed=0 southCrossed=0 northArrived=0 southArrived=0 relay=0 military=0 northHold=0 southHold=0 verification=0 stable=0 failure=None
UnityEngine.Debug:Log (object)
Game.Editor.CH05M02TrustUnderFireInputProbe:Tick () (at Assets/Game/Scripts/Editor/CH05M02TrustUnderFireInputProbe.cs:148)
UnityEditor.EditorApplication:Internal_CallUpdateFunctions () (at /Users/bokken/build/output/unity/unity/Editor/Mono/EditorApplication.cs:403)

[UiShellPresentation] stage=CommandStarted sequence=1 kind=EnterMenu region=None route=MainMenu
UnityEngine.Debug:Log (object,UnityEngine.Object)
Game.Composition.UiDiagnosticsComposition:Report (Game.UI.Contracts.UiDiagnosticSeverity,string,UnityEngine.Object) (at Assets/Game/Scripts/Composition/UiDiagnosticsComposition.cs:17)
Game.UI.Contracts.UiDiagnostics:Info (string,UnityEngine.Object) (at Assets/Game/Scripts/UI/Contracts/UiDiagnostics.cs:14)
Game.UI.Runtime.UIShellEcsPresentationSystem:LogTransition (string,Game.UI.Contracts.UiShellPresentationCommandModel) (at Assets/Game/Scripts/UI/Shell/UIShellEcsPresentationSystem.cs:138)
Game.UI.Runtime.UIShellEcsPresentationSystem:Update () (at Assets/Game/Scripts/UI/Shell/UIShellEcsPresentationSystem.cs:87)

[TrustUnderFireInput] touch=ContinueButton
UnityEngine.Debug:Log (object)
Game.Editor.CH05M02TrustUnderFireInputProbe:Gesture (UnityEngine.Vector2,string) (at Assets/Game/Scripts/Editor/CH05M02TrustUnderFireInputProbe.cs:446)
Game.Editor.CH05M02TrustUnderFireInputProbe:Tap (UnityEngine.UI.Button) (at Assets/Game/Scripts/Editor/CH05M02TrustUnderFireInputProbe.cs:444)
Game.Editor.CH05M02TrustUnderFireInputProbe:Tick () (at Assets/Game/Scripts/Editor/CH05M02TrustUnderFireInputProbe.cs:243)
UnityEditor.EditorApplication:Internal_CallUpdateFunctions () (at /Users/bokken/build/output/unity/unity/Editor/Mono/EditorApplication.cs:403)

[UiShellPresentation] stage=CommandCompleted sequence=1 kind=EnterMenu region=None route=MainMenu
UnityEngine.Debug:Log (object,UnityEngine.Object)
Game.Composition.UiDiagnosticsComposition:Report (Game.UI.Contracts.UiDiagnosticSeverity,string,UnityEngine.Object) (at Assets/Game/Scripts/Composition/UiDiagnosticsComposition.cs:17)
Game.UI.Contracts.UiDiagnostics:Info (string,UnityEngine.Object) (at Assets/Game/Scripts/UI/Contracts/UiDiagnostics.cs:14)
Game.UI.Runtime.UIShellEcsPresentationSystem:LogTransition (string,Game.UI.Contracts.UiShellPresentationCommandModel) (at Assets/Game/Scripts/UI/Shell/UIShellEcsPresentationSystem.cs:138)
Game.UI.Runtime.UIShellEcsPresentationSystem/<>c__DisplayClass24_0:<Update>b__0 (int) (at Assets/Game/Scripts/UI/Shell/UIShellEcsPresentationSystem.cs:100)
Game.UI.Runtime.UIShellView/<>c__DisplayClass19_0:<ExecuteCommandSequence>b__0 () (at Assets/Game/Scripts/UI/Shell/UIShellView.cs:99)
Game.UI.Runtime.UIMotionHostView/<SequenceRoutine>d__32:MoveNext () (at Assets/Game/Scripts/UI/Shell/UIMotionHostView.cs:268)
UnityEngine.SetupCoroutine:InvokeMoveNext (System.Collections.IEnumerator,intptr) (at /Users/bokken/build/output/unity/unity/Runtime/Export/Scripting/Coroutines.cs:17)

[UiShellPresentation] stage=CompletionFlushed sequence=1 kind=EnterMenu region=None
UnityEngine.Debug:Log (object,UnityEngine.Object)
Game.Composition.UiDiagnosticsComposition:Report (Game.UI.Contracts.UiDiagnosticSeverity,string,UnityEngine.Object) (at Assets/Game/Scripts/Composition/UiDiagnosticsComposition.cs:17)
Game.UI.Contracts.UiDiagnostics:Info (string,UnityEngine.Object) (at Assets/Game/Scripts/UI/Contracts/UiDiagnostics.cs:14)
Game.UI.Runtime.UIShellEcsPresentationSystem:LogTransition (string,Game.UI.Contracts.UiShellTransitionCompleteModel) (at Assets/Game/Scripts/UI/Shell/UIShellEcsPresentationSystem.cs:146)
Game.UI.Runtime.UIShellEcsPresentationSystem:FlushPendingCompletion () (at Assets/Game/Scripts/UI/Shell/UIShellEcsPresentationSystem.cs:129)
Game.UI.Runtime.UIShellEcsPresentationSystem:Update () (at Assets/Game/Scripts/UI/Shell/UIShellEcsPresentationSystem.cs:67)

[UiShellPresentation] stage=CommandStarted sequence=2 kind=SwapMenuMiddle region=MiddleRegion route=Campaign
UnityEngine.Debug:Log (object,UnityEngine.Object)
Game.Composition.UiDiagnosticsComposition:Report (Game.UI.Contracts.UiDiagnosticSeverity,string,UnityEngine.Object) (at Assets/Game/Scripts/Composition/UiDiagnosticsComposition.cs:17)
Game.UI.Contracts.UiDiagnostics:Info (string,UnityEngine.Object) (at Assets/Game/Scripts/UI/Contracts/UiDiagnostics.cs:14)
Game.UI.Runtime.UIShellEcsPresentationSystem:LogTransition (string,Game.UI.Contracts.UiShellPresentationCommandModel) (at Assets/Game/Scripts/UI/Shell/UIShellEcsPresentationSystem.cs:138)
Game.UI.Runtime.UIShellEcsPresentationSystem:Update () (at Assets/Game/Scripts/UI/Shell/UIShellEcsPresentationSystem.cs:87)

[UiShellPresentation] stage=CommandCompleted sequence=2 kind=SwapMenuMiddle region=MiddleRegion route=Campaign
UnityEngine.Debug:Log (object,UnityEngine.Object)
Game.Composition.UiDiagnosticsComposition:Report (Game.UI.Contracts.UiDiagnosticSeverity,string,UnityEngine.Object) (at Assets/Game/Scripts/Composition/UiDiagnosticsComposition.cs:17)
Game.UI.Contracts.UiDiagnostics:Info (string,UnityEngine.Object) (at Assets/Game/Scripts/UI/Contracts/UiDiagnostics.cs:14)
Game.UI.Runtime.UIShellEcsPresentationSystem:LogTransition (string,Game.UI.Contracts.UiShellPresentationCommandModel) (at Assets/Game/Scripts/UI/Shell/UIShellEcsPresentationSystem.cs:138)
Game.UI.Runtime.UIShellEcsPresentationSystem/<>c__DisplayClass24_0:<Update>b__0 (int) (at Assets/Game/Scripts/UI/Shell/UIShellEcsPresentationSystem.cs:100)
Game.UI.Runtime.UIShellView/<>c__DisplayClass19_0:<ExecuteCommandSequence>b__0 () (at Assets/Game/Scripts/UI/Shell/UIShellView.cs:99)
Game.UI.Runtime.UIMotionHostView/<SequenceRoutine>d__32:MoveNext () (at Assets/Game/Scripts/UI/Shell/UIMotionHostView.cs:268)
UnityEngine.SetupCoroutine:InvokeMoveNext (System.Collections.IEnumerator,intptr) (at /Users/bokken/build/output/unity/unity/Runtime/Export/Scripting/Coroutines.cs:17)

[UiShellPresentation] stage=CompletionFlushed sequence=2 kind=SwapMenuMiddle region=MiddleRegion
UnityEngine.Debug:Log (object,UnityEngine.Object)
Game.Composition.UiDiagnosticsComposition:Report (Game.UI.Contracts.UiDiagnosticSeverity,string,UnityEngine.Object) (at Assets/Game/Scripts/Composition/UiDiagnosticsComposition.cs:17)
Game.UI.Contracts.UiDiagnostics:Info (string,UnityEngine.Object) (at Assets/Game/Scripts/UI/Contracts/UiDiagnostics.cs:14)
Game.UI.Runtime.UIShellEcsPresentationSystem:LogTransition (string,Game.UI.Contracts.UiShellTransitionCompleteModel) (at Assets/Game/Scripts/UI/Shell/UIShellEcsPresentationSystem.cs:146)
Game.UI.Runtime.UIShellEcsPresentationSystem:FlushPendingCompletion () (at Assets/Game/Scripts/UI/Shell/UIShellEcsPresentationSystem.cs:129)
Game.UI.Runtime.UIShellEcsPresentationSystem:Update () (at Assets/Game/Scripts/UI/Shell/UIShellEcsPresentationSystem.cs:67)

[TrustUnderFireInput] touch=LaunchMissionButton
UnityEngine.Debug:Log (object)
Game.Editor.CH05M02TrustUnderFireInputProbe:Gesture (UnityEngine.Vector2,string) (at Assets/Game/Scripts/Editor/CH05M02TrustUnderFireInputProbe.cs:446)
Game.Editor.CH05M02TrustUnderFireInputProbe:Tap (UnityEngine.UI.Button) (at Assets/Game/Scripts/Editor/CH05M02TrustUnderFireInputProbe.cs:444)
Game.Editor.CH05M02TrustUnderFireInputProbe:Tick () (at Assets/Game/Scripts/Editor/CH05M02TrustUnderFireInputProbe.cs:241)
UnityEditor.EditorApplication:Internal_CallUpdateFunctions () (at /Users/bokken/build/output/unity/unity/Editor/Mono/EditorApplication.cs:403)

[UiShellPresentation] stage=CommandStarted sequence=3 kind=SwapMenuMiddle region=MiddleRegion route=MissionBriefing
UnityEngine.Debug:Log (object,UnityEngine.Object)
Game.Composition.UiDiagnosticsComposition:Report (Game.UI.Contracts.UiDiagnosticSeverity,string,UnityEngine.Object) (at Assets/Game/Scripts/Composition/UiDiagnosticsComposition.cs:17)
Game.UI.Contracts.UiDiagnostics:Info (string,UnityEngine.Object) (at Assets/Game/Scripts/UI/Contracts/UiDiagnostics.cs:14)
Game.UI.Runtime.UIShellEcsPresentationSystem:LogTransition (string,Game.UI.Contracts.UiShellPresentationCommandModel) (at Assets/Game/Scripts/UI/Shell/UIShellEcsPresentationSystem.cs:138)
Game.UI.Runtime.UIShellEcsPresentationSystem:Update () (at Assets/Game/Scripts/UI/Shell/UIShellEcsPresentationSystem.cs:87)

[UiShellPresentation] stage=CommandCompleted sequence=3 kind=SwapMenuMiddle region=MiddleRegion route=MissionBriefing
UnityEngine.Debug:Log (object,UnityEngine.Object)
Game.Composition.UiDiagnosticsComposition:Report (Game.UI.Contracts.UiDiagnosticSeverity,string,UnityEngine.Object) (at Assets/Game/Scripts/Composition/UiDiagnosticsComposition.cs:17)
Game.UI.Contracts.UiDiagnostics:Info (string,UnityEngine.Object) (at Assets/Game/Scripts/UI/Contracts/UiDiagnostics.cs:14)
Game.UI.Runtime.UIShellEcsPresentationSystem:LogTransition (string,Game.UI.Contracts.UiShellPresentationCommandModel) (at Assets/Game/Scripts/UI/Shell/UIShellEcsPresentationSystem.cs:138)
Game.UI.Runtime.UIShellEcsPresentationSystem/<>c__DisplayClass24_0:<Update>b__0 (int) (at Assets/Game/Scripts/UI/Shell/UIShellEcsPresentationSystem.cs:100)
Game.UI.Runtime.UIShellView/<>c__DisplayClass19_0:<ExecuteCommandSequence>b__0 () (at Assets/Game/Scripts/UI/Shell/UIShellView.cs:99)
Game.UI.Runtime.UIMotionHostView/<SequenceRoutine>d__32:MoveNext () (at Assets/Game/Scripts/UI/Shell/UIMotionHostView.cs:268)
UnityEngine.SetupCoroutine:InvokeMoveNext (System.Collections.IEnumerator,intptr) (at /Users/bokken/build/output/unity/unity/Runtime/Export/Scripting/Coroutines.cs:17)

[UiShellPresentation] stage=CompletionFlushed sequence=3 kind=SwapMenuMiddle region=MiddleRegion
UnityEngine.Debug:Log (object,UnityEngine.Object)
Game.Composition.UiDiagnosticsComposition:Report (Game.UI.Contracts.UiDiagnosticSeverity,string,UnityEngine.Object) (at Assets/Game/Scripts/Composition/UiDiagnosticsComposition.cs:17)
Game.UI.Contracts.UiDiagnostics:Info (string,UnityEngine.Object) (at Assets/Game/Scripts/UI/Contracts/UiDiagnostics.cs:14)
Game.UI.Runtime.UIShellEcsPresentationSystem:LogTransition (string,Game.UI.Contracts.UiShellTransitionCompleteModel) (at Assets/Game/Scripts/UI/Shell/UIShellEcsPresentationSystem.cs:146)
Game.UI.Runtime.UIShellEcsPresentationSystem:FlushPendingCompletion () (at Assets/Game/Scripts/UI/Shell/UIShellEcsPresentationSystem.cs:129)
Game.UI.Runtime.UIShellEcsPresentationSystem:Update () (at Assets/Game/Scripts/UI/Shell/UIShellEcsPresentationSystem.cs:67)

[TrustUnderFireInput] touch=DeployOperationButton
UnityEngine.Debug:Log (object)
Game.Editor.CH05M02TrustUnderFireInputProbe:Gesture (UnityEngine.Vector2,string) (at Assets/Game/Scripts/Editor/CH05M02TrustUnderFireInputProbe.cs:446)
Game.Editor.CH05M02TrustUnderFireInputProbe:Tap (UnityEngine.UI.Button) (at Assets/Game/Scripts/Editor/CH05M02TrustUnderFireInputProbe.cs:444)
Game.Editor.CH05M02TrustUnderFireInputProbe:Tick () (at Assets/Game/Scripts/Editor/CH05M02TrustUnderFireInputProbe.cs:235)
UnityEditor.EditorApplication:Internal_CallUpdateFunctions () (at /Users/bokken/build/output/unity/unity/Editor/Mono/EditorApplication.cs:403)

[UiShellPresentation] stage=CommandStarted sequence=4 kind=ExitMenu region=None route=Match
UnityEngine.Debug:Log (object,UnityEngine.Object)
Game.Composition.UiDiagnosticsComposition:Report (Game.UI.Contracts.UiDiagnosticSeverity,string,UnityEngine.Object) (at Assets/Game/Scripts/Composition/UiDiagnosticsComposition.cs:17)
Game.UI.Contracts.UiDiagnostics:Info (string,UnityEngine.Object) (at Assets/Game/Scripts/UI/Contracts/UiDiagnostics.cs:14)
Game.UI.Runtime.UIShellEcsPresentationSystem:LogTransition (string,Game.UI.Contracts.UiShellPresentationCommandModel) (at Assets/Game/Scripts/UI/Shell/UIShellEcsPresentationSystem.cs:138)
Game.UI.Runtime.UIShellEcsPresentationSystem:Update () (at Assets/Game/Scripts/UI/Shell/UIShellEcsPresentationSystem.cs:87)

[UiShellPresentation] stage=CommandCompleted sequence=4 kind=ExitMenu region=None route=Match
UnityEngine.Debug:Log (object,UnityEngine.Object)
Game.Composition.UiDiagnosticsComposition:Report (Game.UI.Contracts.UiDiagnosticSeverity,string,UnityEngine.Object) (at Assets/Game/Scripts/Composition/UiDiagnosticsComposition.cs:17)
Game.UI.Contracts.UiDiagnostics:Info (string,UnityEngine.Object) (at Assets/Game/Scripts/UI/Contracts/UiDiagnostics.cs:14)
Game.UI.Runtime.UIShellEcsPresentationSystem:LogTransition (string,Game.UI.Contracts.UiShellPresentationCommandModel) (at Assets/Game/Scripts/UI/Shell/UIShellEcsPresentationSystem.cs:138)
Game.UI.Runtime.UIShellEcsPresentationSystem/<>c__DisplayClass24_0:<Update>b__0 (int) (at Assets/Game/Scripts/UI/Shell/UIShellEcsPresentationSystem.cs:100)
Game.UI.Runtime.UIShellView/<>c__DisplayClass19_0:<ExecuteCommandSequence>b__0 () (at Assets/Game/Scripts/UI/Shell/UIShellView.cs:99)
Game.UI.Runtime.UIMotionHostView/<SequenceRoutine>d__32:MoveNext () (at Assets/Game/Scripts/UI/Shell/UIMotionHostView.cs:268)
UnityEngine.SetupCoroutine:InvokeMoveNext (System.Collections.IEnumerator,intptr) (at /Users/bokken/build/output/unity/unity/Runtime/Export/Scripting/Coroutines.cs:17)

[UiShellPresentation] stage=CompletionFlushed sequence=4 kind=ExitMenu region=None
UnityEngine.Debug:Log (object,UnityEngine.Object)
Game.Composition.UiDiagnosticsComposition:Report (Game.UI.Contracts.UiDiagnosticSeverity,string,UnityEngine.Object) (at Assets/Game/Scripts/Composition/UiDiagnosticsComposition.cs:17)
Game.UI.Contracts.UiDiagnostics:Info (string,UnityEngine.Object) (at Assets/Game/Scripts/UI/Contracts/UiDiagnostics.cs:14)
Game.UI.Runtime.UIShellEcsPresentationSystem:LogTransition (string,Game.UI.Contracts.UiShellTransitionCompleteModel) (at Assets/Game/Scripts/UI/Shell/UIShellEcsPresentationSystem.cs:146)
Game.UI.Runtime.UIShellEcsPresentationSystem:FlushPendingCompletion () (at Assets/Game/Scripts/UI/Shell/UIShellEcsPresentationSystem.cs:129)
Game.UI.Runtime.UIShellEcsPresentationSystem:Update () (at Assets/Game/Scripts/UI/Shell/UIShellEcsPresentationSystem.cs:67)

[UiShellRoute] submitted deferred Match scene load request after loading feedback.
UnityEngine.Debug:Log (object)
Game.Composition.MenuBootstrapCompositionSystemHelper:QueueDeferredMatchLoadAfterLoadingFeedback (Unity.Entities.EntityManager,Game.UI.Shell.Contracts.Ecs.UiShellStateComponent) (at Assets/Game/Scripts/Composition/MenuBootstrapCompositionSystemHelper.cs:643)
Game.Composition.MenuBootstrapCompositionSystemHelper:Update (Game.Composition.MenuBootstrapView,single) (at Assets/Game/Scripts/Composition/MenuBootstrapCompositionSystemHelper.cs:157)
Game.Composition.MenuBootstrapView:Update () (at Assets/Game/Scripts/Composition/MenuBootstrapView.cs:174)

[UiShellRoute] submitted deferred Match gameplay start request.
UnityEngine.Debug:Log (object)
Game.Composition.MenuBootstrapCompositionSystemHelper:QueueDeferredMatchLoadAfterLoadingFeedback (Unity.Entities.EntityManager,Game.UI.Shell.Contracts.Ecs.UiShellStateComponent) (at Assets/Game/Scripts/Composition/MenuBootstrapCompositionSystemHelper.cs:658)
Game.Composition.MenuBootstrapCompositionSystemHelper:Update (Game.Composition.MenuBootstrapView,single) (at Assets/Game/Scripts/Composition/MenuBootstrapCompositionSystemHelper.cs:157)
Game.Composition.MenuBootstrapView:Update () (at Assets/Game/Scripts/Composition/MenuBootstrapView.cs:174)

[OperationMapLaunchIdentity] source=Campaign mission=saga.ch05.m02.trust_under_fire scenario=scenario.ch05.m02.trust_under_fire operationMap=opmap.ch05.trust_under_fire
UnityEngine.Debug:Log (object)
Game.Composition.MatchSceneView:TryResolveOperationMapDefinition (Unity.Entities.World,Game.Configs.OperationMapDefinition&,bool&,Game.Components.OperationMapLoadResultCode&,string&) (at Assets/Game/Scripts/Composition/MatchSceneView.OperationMapLifecycle.cs:392)
Game.Composition.MatchSceneView:EnsureOperationMapSourceSceneLoad () (at Assets/Game/Scripts/Composition/MatchSceneView.OperationMapLifecycle.cs:329)
Game.Composition.MatchSceneView:EnsureMatchRuntimeBound () (at Assets/Game/Scripts/Composition/MatchSceneView.OperationMapLifecycle.cs:19)
Game.Composition.MatchSceneView:Awake () (at Assets/Game/Scripts/Composition/MatchSceneView.cs:229)

[TrustUnderFireInputState] phase=None outcome=None step=-1 clock=0 initialized=0 northCrossed=0 southCrossed=0 northArrived=0 southArrived=0 relay=0 military=0 northHold=0 southHold=0 verification=0 stable=0 failure=None
UnityEngine.Debug:Log (object)
Game.Editor.CH05M02TrustUnderFireInputProbe:Tick () (at Assets/Game/Scripts/Editor/CH05M02TrustUnderFireInputProbe.cs:148)
UnityEditor.EditorApplication:Internal_CallUpdateFunctions () (at /Users/bokken/build/output/unity/unity/Editor/Mono/EditorApplication.cs:403)

[TrustUnderFireInputState] phase=None outcome=None step=-1 clock=0 initialized=0 northCrossed=0 southCrossed=0 northArrived=0 southArrived=0 relay=0 military=0 northHold=0 southHold=0 verification=0 stable=0 failure=None
UnityEngine.Debug:Log (object)
Game.Editor.CH05M02TrustUnderFireInputProbe:Tick () (at Assets/Game/Scripts/Editor/CH05M02TrustUnderFireInputProbe.cs:148)
UnityEditor.EditorApplication:Internal_CallUpdateFunctions () (at /Users/bokken/build/output/unity/unity/Editor/Mono/EditorApplication.cs:403)

[OperationMapReadiness] ready=SourceContent, SubScene, Metadata, MapSurface, AuthoredConversion, PresentationManifest, RequiredPresentationPreload failed=None
UnityEngine.Debug:Log (object)
Game.Composition.MatchSceneView:TryPublishOperationMapReadiness (bool,bool,string&) (at Assets/Game/Scripts/Composition/MatchSceneView.OperationMapLifecycle.cs:282)
Game.Composition.MenuBootstrapCompositionSystemHelper:UpdateStaticMapPresentationForLoadedMatch (bool,Game.Composition.MatchSceneView) (at Assets/Game/Scripts/Composition/MenuBootstrapCompositionSystemHelper.cs:476)
Game.Composition.MenuBootstrapCompositionSystemHelper:UpdateStaticMapPresentation (Unity.Entities.EntityManager,Game.UI.Shell.Contracts.Ecs.UiShellStateComponent) (at Assets/Game/Scripts/Composition/MenuBootstrapCompositionSystemHelper.cs:453)
Game.Composition.MenuBootstrapCompositionSystemHelper:Update (Game.Composition.MenuBootstrapView,single) (at Assets/Game/Scripts/Composition/MenuBootstrapCompositionSystemHelper.cs:150)
Game.Composition.MenuBootstrapView:Update () (at Assets/Game/Scripts/Composition/MenuBootstrapView.cs:174)

[MapVehicleOwnershipRuntime] phase=CompositionInit configAssigned=0 placements=-1 authoringRootAssigned=1 configuredPacked=1
UnityEngine.Debug:Log (object)
Game.Runtime.BuildingGameplayCompositionSystemHelper:Initialize (Game.Configs.BuildingPlacementSystemConfig,UnityEngine.Camera,UnityEngine.Transform,UnityEngine.Transform,Game.Runtime.RoadGridProjectionSystem/RoadFootprintState,Game.Runtime.FactionVisualSettings,Game.Runtime.DayNightSystem,Game.Configs.RTSSelectionSystemConfig,Game.Configs.MapBuildingPlacementConfig,Game.Configs.MapVehiclePlacementConfig,UnityEngine.Transform,UnityEngine.Transform,System.Func`2<UnityEngine.GameObject, UnityEngine.Sprite>,Game.Runtime.BuildingProductionQueueCompositionSystemHelper/TryGetUnitProductionMetadataDelegate,Game.Runtime.BuildingProductionTransportPresentationSystemHelper/PrepareTransportDropVisualDelegate,System.Func`2<UnityEngine.GameObject, string>,Game.Runtime.BuildingDefinitionPrefabSystemHelper/TryGetBuildingDefinitionMetadataDelegate,Game.Runtime.BuildingDefinitionPrefabSystemHelper/TryGetUnitDefinitionMetadataDelegate,bool,System.Func`1<Game.Configs.MapVehiclePlacementConfig>,System.Func`1<UnityEngine.Transform>) (at Assets/Game/Scripts/Systems/BuildingGameplayCompositionSystemHelper.cs:470)
Game.Runtime.ManagedGameplayStartupSystemHelper:Initialize (Unity.Entities.EntityManager,Game.Configs.DayNightSystemConfig,Game.Configs.FactionVisualSettingsConfig,Game.Configs.RoadBuildSystemConfig,Game.Configs.BuildingPlacementSystemConfig,Game.Configs.MapBuildingPlacementConfig,Game.Configs.MapVehiclePlacementConfig,Game.Configs.RTSSelectionSystemConfig,Game.Configs.RuntimeCitySpawnerSystemConfig,Game.Configs.GameStringsConfig,UnityEngine.Camera,UnityEngine.Light,UnityEngine.Rendering.Volume,UnityEngine.Transform,UnityEngine.Transform,System.Func`3<UnityEngine.Transform, Game.Configs.RTSSelectionSystemConfig, Game.UI.Contracts.ISelectionRectangleView>,System.Func`2<UnityEngine.GameObject, UnityEngine.Sprite>,System.Func`2<UnityEngine.GameObject, UnityEngine.Sprite>,Game.Runtime.BuildingProductionQueueCompositionSystemHelper/TryGetUnitProductionMetadataDelegate,Game.Runtime.BuildingProductionTransportPresentationSystemHelper/PrepareTransportDropVisualDelegate,System.Func`2<UnityEngine.GameObject, string>,Game.Runtime.BuildingDefinitionPrefabSystemHelper/TryGetBuildingDefinitionMetadataDelegate,Game.Runtime.BuildingDefinitionPrefabSystemHelper/TryGetUnitDefinitionMetadataDelegate,UnityEngine.Transform,UnityEngine.Transform,Game.UI.Contracts.IMatchIntroStateQuery,bool,System.Func`1<Game.Configs.MapVehiclePlacementConfig>,System.Func`1<UnityEngine.Transform>) (at Assets/Game/Scripts/Systems/ManagedGameplayStartupSystemHelper.cs:177)
Game.Composition.MatchBootstrapCompositionSystemHelper:InitializeManagedRuntime (Game.Configs.DayNightSystemConfig,Game.Configs.FactionVisualSettingsConfig,Game.Configs.RoadBuildSystemConfig,Game.Configs.BuildingPlacementSystemConfig,Game.Configs.MapBuildingPlacementConfig,Game.Configs.MapVehiclePlacementConfig,Game.Configs.RTSSelectionSystemConfig,Game.Configs.RuntimeCitySpawnerSystemConfig,Game.Configs.GameStringsConfig,UnityEngine.Camera,UnityEngine.Light,UnityEngine.Rendering.Volume,UnityEngine.Transform,UnityEngine.Transform,System.Func`3<UnityEngine.Transform, Game.Configs.RTSSelectionSystemConfig, Game.UI.Contracts.ISelectionRectangleView>,UnityEngine.Transform,UnityEngine.Transform,Game.UI.Contracts.IMatchIntroStateQuery,bool) (at Assets/Game/Scripts/Composition/MatchBootstrapCompositionSystemHelper.cs:432)
Game.Composition.MatchBootstrapCompositionSystemHelper:InitializeManagedRuntimeIfNeeded () (at Assets/Game/Scripts/Composition/MatchBootstrapCompositionSystemHelper.cs:765)
Game.Composition.MatchGameplayStartupCompositionSystemHelper:AdvanceStep (Game.Runtime.BuildingRuntimeUpdateCompositionSystemHelper,Game.Runtime.BuildingRuntimeUpdateCompositionSystemHelper/Context&) (at Assets/Game/Scripts/Composition/MatchGameplayStartupCompositionSystemHelper.cs:158)
Game.Composition.MatchGameplayStartupCompositionSystemHelper:Advance (Game.Runtime.BuildingRuntimeUpdateCompositionSystemHelper,Game.Runtime.BuildingRuntimeUpdateCompositionSystemHelper/Context&) (at Assets/Game/Scripts/Composition/MatchGameplayStartupCompositionSystemHelper.cs:112)
Game.Composition.MatchBootstrapCompositionSystemHelper:Update () (at Assets/Game/Scripts/Composition/MatchBootstrapCompositionSystemHelper.cs:186)
Game.Composition.MatchSceneView:Update () (at Assets/Game/Scripts/Composition/MatchSceneView.cs:271)

[RuntimeGridBootstrap] RuntimeGridBootstrap_NoTacticalMapRuntimeLoader_2026-05-26 ready entity=24307 size=600x400 cellSize=1
UnityEngine.Debug:Log (object)
Game.Runtime.RuntimeGridBootstrapStartupSystemHelper:Ensure (Unity.Entities.EntityManager,int,int,single,UnityEngine.Vector3,UnityEngine.Vector2Int[]) (at Assets/Game/Scripts/Systems/RuntimeGridBootstrapStartupSystemHelper.cs:63)
Game.Composition.MatchBootstrapStartupConfigProjection:ProjectRuntimeStartupConfig (Unity.Entities.World,Game.Runtime.RuntimeGridBootstrapStartupSystemHelper,Game.Composition.MapSurfaceRuntimeBootstrapSceneSystemHelper,Game.Composition.MatchSceneView,Game.Configs.BuildingPlacementSystemConfig,Game.Runtime.AIStartupSystem,System.Collections.Generic.IReadOnlyList`1<Game.Configs.AIControllerConfig>,Game.Configs.AISettingsSnapshot,System.Collections.Generic.List`1<Game.Runtime.InitialFactionSpawnCellFallbackEntry>) (at Assets/Game/Scripts/Composition/MatchBootstrapStartupConfigProjection.cs:49)
Game.Composition.MatchGameplayStartupCompositionSystemHelper:AdvanceStep (Game.Runtime.BuildingRuntimeUpdateCompositionSystemHelper,Game.Runtime.BuildingRuntimeUpdateCompositionSystemHelper/Context&) (at Assets/Game/Scripts/Composition/MatchGameplayStartupCompositionSystemHelper.cs:181)
Game.Composition.MatchGameplayStartupCompositionSystemHelper:Advance (Game.Runtime.BuildingRuntimeUpdateCompositionSystemHelper,Game.Runtime.BuildingRuntimeUpdateCompositionSystemHelper/Context&) (at Assets/Game/Scripts/Composition/MatchGameplayStartupCompositionSystemHelper.cs:112)
Game.Composition.MatchBootstrapCompositionSystemHelper:Update () (at Assets/Game/Scripts/Composition/MatchBootstrapCompositionSystemHelper.cs:186)
Game.Composition.MatchSceneView:Update () (at Assets/Game/Scripts/Composition/MatchSceneView.cs:271)

[MapVehicleOwnershipRuntime] phase=RuntimeContextReady configAssigned=0 placements=-1 authoringRootAssigned=1 configuredPacked=1 positiveContract=0
UnityEngine.Debug:Log (object)
Game.Runtime.BuildingGameplayCompositionSystemHelper/<>c__DisplayClass16_0:<Initialize>g__EnsureRuntimeTickContext|38 () (at Assets/Game/Scripts/Systems/BuildingGameplayCompositionSystemHelper.cs:486)
Game.Runtime.BuildingGameplayCompositionSystemHelper/<>c__DisplayClass16_0:<Initialize>g__UpdateBuildingStartupTick|39 () (at Assets/Game/Scripts/Systems/BuildingGameplayCompositionSystemHelper.cs:606)
Game.Runtime.BuildingRuntimeUpdateCompositionSystemHelper:UpdateStartup (Game.Runtime.BuildingRuntimeUpdateCompositionSystemHelper/Context) (at Assets/Game/Scripts/Systems/BuildingRuntimeUpdateCompositionSystemHelper.cs:31)
Game.Composition.MatchGameplayStartupCompositionSystemHelper:AdvanceStep (Game.Runtime.BuildingRuntimeUpdateCompositionSystemHelper,Game.Runtime.BuildingRuntimeUpdateCompositionSystemHelper/Context&) (at Assets/Game/Scripts/Composition/MatchGameplayStartupCompositionSystemHelper.cs:288)
Game.Composition.MatchGameplayStartupCompositionSystemHelper:Advance (Game.Runtime.BuildingRuntimeUpdateCompositionSystemHelper,Game.Runtime.BuildingRuntimeUpdateCompositionSystemHelper/Context&) (at Assets/Game/Scripts/Composition/MatchGameplayStartupCompositionSystemHelper.cs:112)
Game.Composition.MatchBootstrapCompositionSystemHelper:Update () (at Assets/Game/Scripts/Composition/MatchBootstrapCompositionSystemHelper.cs:186)
Game.Composition.MatchSceneView:Update () (at Assets/Game/Scripts/Composition/MatchSceneView.cs:271)

[LoadingGate] waiting frame=1027 gameplayInitialized=1 playRequested=1 simulationActive=0 city=null blockers=null decorations=null initialSpawn=configs:1,initialized:0,progress:0
UnityEngine.Debug:Log (object)
Game.Runtime.GameplayRuntimeUpdateCompositionSystemHelper:LogLoadingGateIfDue (Unity.Entities.World,bool,Game.Runtime.RuntimeGameplayStateSystem,Game.Runtime.RuntimeCityCompositionSystemHelper,Game.Runtime.RuntimeGridBlockerPresentationSystemHelper,Game.Runtime.RuntimeDecorationSpawnerPresentationSystemHelper) (at Assets/Game/Scripts/Systems/GameplayRuntimeUpdateCompositionSystemHelper.Runtime.cs:413)
Game.Runtime.GameplayRuntimeUpdateCompositionSystemHelper:Update (Unity.Entities.World,bool,Game.Runtime.RuntimeGameplayStateSystem,Game.Runtime.PerformanceDiagnosticsSystemHelper,System.Action,Game.Runtime.BuildingRuntimeUpdateCompositionSystemHelper,Game.Runtime.BuildingRuntimeUpdateCompositionSystemHelper/Context,System.Action,UnityEngine.Camera,Game.Runtime.RuntimeCityCompositionSystemHelper,Game.Runtime.RuntimeGridBlockerPresentationSystemHelper,Game.Runtime.RuntimeDecorationSpawnerPresentationSystemHelper,Game.Runtime.DayNightSystem,System.Action,Game.UI.Contracts.IMatchRuntimeUi,Game.Rendering.Contracts.IUnitImpostorRenderer,bool&) (at Assets/Game/Scripts/Systems/GameplayRuntimeUpdateCompositionSystemHelper.Runtime.cs:239)
Game.Composition.MatchBootstrapCompositionSystemHelper:UpdateRuntime (bool,Game.Runtime.RuntimeGameplayStateSystem,Game.Runtime.PerformanceDiagnosticsSystemHelper,System.Action,Game.Runtime.BuildingRuntimeUpdateCompositionSystemHelper,Game.Runtime.BuildingRuntimeUpdateCompositionSystemHelper/Context,System.Action,UnityEngine.Camera,Game.Runtime.RuntimeCityCompositionSystemHelper,Game.Runtime.RuntimeGridBlockerPresentationSystemHelper,Game.Runtime.RuntimeDecorationSpawnerPresentationSystemHelper,Game.Runtime.DayNightSystem,System.Action,Game.UI.Contracts.IMatchRuntimeUi,Game.Rendering.Contracts.IUnitImpostorRenderer,bool&) (at Assets/Game/Scripts/Composition/MatchBootstrapCompositionSystemHelper.cs:583)
Game.Composition.MatchBootstrapCompositionSystemHelper:Update () (at Assets/Game/Scripts/Composition/MatchBootstrapCompositionSystemHelper.cs:203)
Game.Composition.MatchSceneView:Update () (at Assets/Game/Scripts/Composition/MatchSceneView.cs:271)

[LoadingGate] ready frame=1028 gameplayInitialized=1 playRequested=1 simulationActive=1
UnityEngine.Debug:Log (object)
Game.Runtime.GameplayRuntimeUpdateCompositionSystemHelper:Update (Unity.Entities.World,bool,Game.Runtime.RuntimeGameplayStateSystem,Game.Runtime.PerformanceDiagnosticsSystemHelper,System.Action,Game.Runtime.BuildingRuntimeUpdateCompositionSystemHelper,Game.Runtime.BuildingRuntimeUpdateCompositionSystemHelper/Context,System.Action,UnityEngine.Camera,Game.Runtime.RuntimeCityCompositionSystemHelper,Game.Runtime.RuntimeGridBlockerPresentationSystemHelper,Game.Runtime.RuntimeDecorationSpawnerPresentationSystemHelper,Game.Runtime.DayNightSystem,System.Action,Game.UI.Contracts.IMatchRuntimeUi,Game.Rendering.Contracts.IUnitImpostorRenderer,bool&) (at Assets/Game/Scripts/Systems/GameplayRuntimeUpdateCompositionSystemHelper.Runtime.cs:220)
Game.Composition.MatchBootstrapCompositionSystemHelper:UpdateRuntime (bool,Game.Runtime.RuntimeGameplayStateSystem,Game.Runtime.PerformanceDiagnosticsSystemHelper,System.Action,Game.Runtime.BuildingRuntimeUpdateCompositionSystemHelper,Game.Runtime.BuildingRuntimeUpdateCompositionSystemHelper/Context,System.Action,UnityEngine.Camera,Game.Runtime.RuntimeCityCompositionSystemHelper,Game.Runtime.RuntimeGridBlockerPresentationSystemHelper,Game.Runtime.RuntimeDecorationSpawnerPresentationSystemHelper,Game.Runtime.DayNightSystem,System.Action,Game.UI.Contracts.IMatchRuntimeUi,Game.Rendering.Contracts.IUnitImpostorRenderer,bool&) (at Assets/Game/Scripts/Composition/MatchBootstrapCompositionSystemHelper.cs:583)
Game.Composition.MatchBootstrapCompositionSystemHelper:Update () (at Assets/Game/Scripts/Composition/MatchBootstrapCompositionSystemHelper.cs:203)
Game.Composition.MatchSceneView:Update () (at Assets/Game/Scripts/Composition/MatchSceneView.cs:271)

[PerfDiag] slowUpdate frame=1029 total=112.5ms gc=0/0/0 cpuFrame=8.5ms cpuMain=5.5ms cpuRender=0.9ms gpu=5.3ms steps=RoadBuild=2.8ms, BuildingPlacement=93.9ms, Selection=14.5ms, DayNight=0.0ms, CitizenPopulation=0.0ms, MainMenu=1.1ms units=221 models=26 sourceKeys=221 sourceKeyFallbackVisuals=0 initialSpawnConfigs=1 drawCalls=85 batches=0 setPass=51 tris=622706 verts=1051250 memory=alloc=24239MB reserved=26254MB mono=5793MB uiToolkit=0 gameplayInitialized=1 playRequested=1 simulationActive=1 focused=1 vSync=0 targetFps=-1 topSystems=disabled markers=disabled
[FreezeDetect] Frame gap frame=1030 Gap=162.1ms GC=0/0/0 LastSteps=RoadBuild=2.8ms, BuildingPlacement=93.9ms, Selection=14.5ms, DayNight=0.0ms, CitizenPopulation=0.0ms, MainMenu=1.1ms
[TrustIntegrity] session=campaign-m03-0000000000000001 attempt=1 source=1 binding=3 request=4 failed status=2 origin=int2(0, 0) footprint=int2(0, 0)
UnityEngine.Debug:LogError (object)
Game.Runtime.CampaignMissionRuntimeSystem:MarkTrustIntegrity (Game.Components.CampaignMissionTrustUnderFireState&,string) (at Assets/Game/Scripts/Runtime/Missions/CampaignMissionRuntimeSystem.TrustUnderFire.cs:129)
Game.Runtime.CampaignMissionRuntimeSystem:ProjectTrustBuildings (Unity.Entities.EntityManager,Unity.Entities.Entity,Game.Components.OperationMapBlob&,Game.Components.CampaignMissionTrustUnderFireState&) (at Assets/Game/Scripts/Runtime/Missions/CampaignMissionRuntimeSystem.TrustUnderFire.Buildings.cs:35)
Game.Runtime.CampaignMissionRuntimeSystem:TryAdvanceTrustUnderFire (Unity.Entities.SystemState&,Unity.Entities.Entity,Game.Components.CampaignMissionRuntimeComponent&) (at Assets/Game/Scripts/Runtime/Missions/CampaignMissionRuntimeSystem.TrustUnderFire.cs:26)
Game.Runtime.CampaignMissionRuntimeSystem:OnUpdate (Unity.Entities.SystemState&) (at Assets/Game/Scripts/Runtime/Missions/CampaignMissionRuntimeSystem.cs:51)
Game.Runtime.CampaignMissionRuntimeSystem:__codegen__OnUpdate (intptr,intptr)
Unity.Entities.SystemBaseRegistry/<>c__DisplayClass9_0:<SelectBurstFn>b__0 (intptr,intptr) (at ./Library/PackageCache/com.unity.entities@bab66ffaba49/Unity.Entities/SystemBaseRegistry.cs:251)
Unity.Entities.WorldUnmanagedImpl/Unity.Entities.UnmanagedUpdate_000015A0$BurstDirectCall:Invoke (void*)
Unity.Entities.WorldUnmanagedImpl:UnmanagedUpdate (void*)
Unity.Entities.WorldUnmanagedImpl:UpdateSystem (Unity.Entities.SystemHandle) (at ./Library/PackageCache/com.unity.entities@bab66ffaba49/Unity.Entities/WorldUnmanaged.cs:942)
Unity.Entities.ComponentSystemGroup:UpdateAllSystems () (at ./Library/PackageCache/com.unity.entities@bab66ffaba49/Unity.Entities/ComponentSystemGroup.cs:725)
Unity.Entities.ComponentSystemGroup:OnUpdate () (at ./Library/PackageCache/com.unity.entities@bab66ffaba49/Unity.Entities/ComponentSystemGroup.cs:687)
Unity.Entities.SystemBase:Update () (at ./Library/PackageCache/com.unity.entities@bab66ffaba49/Unity.Entities/SystemBase.cs:205)
Unity.Entities.ScriptBehaviourUpdateOrder/DummyDelegateWrapper:TriggerUpdate () (at ./Library/PackageCache/com.unity.entities@bab66ffaba49/Unity.Entities/ScriptBehaviourUpdateOrder.cs:523)

[TrustFailureSnapshot] failure=Integrity ready=0 northShelter=Entity(722:377) southShelter=Entity(797:275) broadcast=Entity(802:7) reserve=Entity.Null
UnityEngine.Debug:Log (object)
Game.Editor.CH05M02TrustUnderFireInputProbe:SnapshotTrustFailure (Unity.Entities.EntityManager,Unity.Entities.Entity,Game.Components.CampaignMissionTrustUnderFireState&) (at Assets/Game/Scripts/Editor/CH05M02TrustUnderFireInputProbe.cs:297)
Game.Editor.CH05M02TrustUnderFireInputProbe:Tick () (at Assets/Game/Scripts/Editor/CH05M02TrustUnderFireInputProbe.cs:144)
UnityEditor.EditorApplication:Internal_CallUpdateFunctions () (at /Users/bokken/build/output/unity/unity/Editor/Mono/EditorApplication.cs:403)

[TrustFailureMember] entity=Entity(462:5) kind=SouthEscort observedDead=0 healthInitialized=1 hp=125/125 position=float3(549.5f, -0.02187176f, 378.5f) source=Unit_Chr_Soldier_Male_02_Alt_04 attackRange=85 damage=16 engageTarget=Entity.Null
UnityEngine.Debug:Log (object)
Game.Editor.CH05M02TrustUnderFireInputProbe:SnapshotTrustFailure (Unity.Entities.EntityManager,Unity.Entities.Entity,Game.Components.CampaignMissionTrustUnderFireState&) (at Assets/Game/Scripts/Editor/CH05M02TrustUnderFireInputProbe.cs:305)
Game.Editor.CH05M02TrustUnderFireInputProbe:Tick () (at Assets/Game/Scripts/Editor/CH05M02TrustUnderFireInputProbe.cs:144)
UnityEditor.EditorApplication:Internal_CallUpdateFunctions () (at /Users/bokken/build/output/unity/unity/Editor/Mono/EditorApplication.cs:403)

[TrustFailureMember] entity=Entity(365:5) kind=NorthEscort observedDead=0 healthInitialized=1 hp=1250/1250 position=float3(550.5f, 0f, 504.5f) source=Unit_Veh_Tank_USA attackRange=120 damage=180 engageTarget=Entity.Null
UnityEngine.Debug:Log (object)
Game.Editor.CH05M02TrustUnderFireInputProbe:SnapshotTrustFailure (Unity.Entities.EntityManager,Unity.Entities.Entity,Game.Components.CampaignMissionTrustUnderFireState&) (at Assets/Game/Scripts/Editor/CH05M02TrustUnderFireInputProbe.cs:305)
Game.Editor.CH05M02TrustUnderFireInputProbe:Tick () (at Assets/Game/Scripts/Editor/CH05M02TrustUnderFireInputProbe.cs:144)
UnityEditor.EditorApplication:Internal_CallUpdateFunctions () (at /Users/bokken/build/output/unity/unity/Editor/Mono/EditorApplication.cs:403)

[TrustFailureMember] entity=Entity(428:5) kind=SouthEscort observedDead=0 healthInitialized=1 hp=1250/1250 position=float3(549.5f, 0f, 384.5f) source=Unit_Veh_Tank_USA attackRange=120 damage=180 engageTarget=Entity.Null
UnityEngine.Debug:Log (object)
Game.Editor.CH05M02TrustUnderFireInputProbe:SnapshotTrustFailure (Unity.Entities.EntityManager,Unity.Entities.Entity,Game.Components.CampaignMissionTrustUnderFireState&) (at Assets/Game/Scripts/Editor/CH05M02TrustUnderFireInputProbe.cs:305)
Game.Editor.CH05M02TrustUnderFireInputProbe:Tick () (at Assets/Game/Scripts/Editor/CH05M02TrustUnderFireInputProbe.cs:144)
UnityEditor.EditorApplication:Internal_CallUpdateFunctions () (at /Users/bokken/build/output/unity/unity/Editor/Mono/EditorApplication.cs:403)

[TrustFailureMember] entity=Entity(487:5) kind=NorthConvoy observedDead=0 healthInitialized=1 hp=220/220 position=float3(468.5f, 0f, 505.5f) source=Unit_Veh_Truck_Canopy attackRange=2 damage=10 engageTarget=Entity.Null
UnityEngine.Debug:Log (object)
Game.Editor.CH05M02TrustUnderFireInputProbe:SnapshotTrustFailure (Unity.Entities.EntityManager,Unity.Entities.Entity,Game.Components.CampaignMissionTrustUnderFireState&) (at Assets/Game/Scripts/Editor/CH05M02TrustUnderFireInputProbe.cs:305)
Game.Editor.CH05M02TrustUnderFireInputProbe:Tick () (at Assets/Game/Scripts/Editor/CH05M02TrustUnderFireInputProbe.cs:144)
UnityEditor.EditorApplication:Internal_CallUpdateFunctions () (at /Users/bokken/build/output/unity/unity/Editor/Mono/EditorApplication.cs:403)

[TrustFailureMember] entity=Entity(499:5) kind=SouthConvoy observedDead=0 healthInitialized=1 hp=220/220 position=float3(472.5f, 0f, 384.5f) source=Unit_Veh_Truck_Canopy attackRange=2 damage=10 engageTarget=Entity.Null
UnityEngine.Debug:Log (object)
Game.Editor.CH05M02TrustUnderFireInputProbe:SnapshotTrustFailure (Unity.Entities.EntityManager,Unity.Entities.Entity,Game.Components.CampaignMissionTrustUnderFireState&) (at Assets/Game/Scripts/Editor/CH05M02TrustUnderFireInputProbe.cs:305)
Game.Editor.CH05M02TrustUnderFireInputProbe:Tick () (at Assets/Game/Scripts/Editor/CH05M02TrustUnderFireInputProbe.cs:144)
UnityEditor.EditorApplication:Internal_CallUpdateFunctions () (at /Users/bokken/build/output/unity/unity/Editor/Mono/EditorApplication.cs:403)

[TrustFailureMember] entity=Entity(532:5) kind=NorthHostile observedDead=0 healthInitialized=1 hp=550/550 position=float3(780.5f, 0f, 506.5f) source=Unit_Veh_APC_Fast attackRange=2 damage=10 engageTarget=Entity.Null
UnityEngine.Debug:Log (object)
Game.Editor.CH05M02TrustUnderFireInputProbe:SnapshotTrustFailure (Unity.Entities.EntityManager,Unity.Entities.Entity,Game.Components.CampaignMissionTrustUnderFireState&) (at Assets/Game/Scripts/Editor/CH05M02TrustUnderFireInputProbe.cs:305)
Game.Editor.CH05M02TrustUnderFireInputProbe:Tick () (at Assets/Game/Scripts/Editor/CH05M02TrustUnderFireInputProbe.cs:144)
UnityEditor.EditorApplication:Internal_CallUpdateFunctions () (at /Users/bokken/build/output/unity/unity/Editor/Mono/EditorApplication.cs:403)

[TrustFailureMember] entity=Entity(552:5) kind=SouthHostile observedDead=0 healthInitialized=1 hp=550/550 position=float3(799.5f, 0f, 386.5f) source=Unit_Veh_APC_Fast attackRange=2 damage=10 engageTarget=Entity.Null
UnityEngine.Debug:Log (object)
Game.Editor.CH05M02TrustUnderFireInputProbe:SnapshotTrustFailure (Unity.Entities.EntityManager,Unity.Entities.Entity,Game.Components.CampaignMissionTrustUnderFireState&) (at Assets/Game/Scripts/Editor/CH05M02TrustUnderFireInputProbe.cs:305)
Game.Editor.CH05M02TrustUnderFireInputProbe:Tick () (at Assets/Game/Scripts/Editor/CH05M02TrustUnderFireInputProbe.cs:144)
UnityEditor.EditorApplication:Internal_CallUpdateFunctions () (at /Users/bokken/build/output/unity/unity/Editor/Mono/EditorApplication.cs:403)

[TrustFailureMember] entity=Entity(411:5) kind=NorthEscort observedDead=0 healthInitialized=1 hp=125/125 position=float3(551.5f, 0.007100472f, 495.5f) source=Unit_Chr_Soldier_Female_01_Alt_01 attackRange=85 damage=16 engageTarget=Entity.Null
UnityEngine.Debug:Log (object)
Game.Editor.CH05M02TrustUnderFireInputProbe:SnapshotTrustFailure (Unity.Entities.EntityManager,Unity.Entities.Entity,Game.Components.CampaignMissionTrustUnderFireState&) (at Assets/Game/Scripts/Editor/CH05M02TrustUnderFireInputProbe.cs:305)
Game.Editor.CH05M02TrustUnderFireInputProbe:Tick () (at Assets/Game/Scripts/Editor/CH05M02TrustUnderFireInputProbe.cs:144)
UnityEditor.EditorApplication:Internal_CallUpdateFunctions () (at /Users/bokken/build/output/unity/unity/Editor/Mono/EditorApplication.cs:403)

[TrustFailureMember] entity=Entity(395:5) kind=NorthEscort observedDead=0 healthInitialized=1 hp=125/125 position=float3(552.5f, -0.02187176f, 498.5f) source=Unit_Chr_Soldier_Male_02_Alt_02 attackRange=85 damage=16 engageTarget=Entity.Null
UnityEngine.Debug:Log (object)
Game.Editor.CH05M02TrustUnderFireInputProbe:SnapshotTrustFailure (Unity.Entities.EntityManager,Unity.Entities.Entity,Game.Components.CampaignMissionTrustUnderFireState&) (at Assets/Game/Scripts/Editor/CH05M02TrustUnderFireInputProbe.cs:305)
Game.Editor.CH05M02TrustUnderFireInputProbe:Tick () (at Assets/Game/Scripts/Editor/CH05M02TrustUnderFireInputProbe.cs:144)
UnityEditor.EditorApplication:Internal_CallUpdateFunctions () (at /Users/bokken/build/output/unity/unity/Editor/Mono/EditorApplication.cs:403)

[TrustFailureMember] entity=Entity(422:5) kind=NorthEscort observedDead=0 healthInitialized=1 hp=125/125 position=float3(550.5f, -0.02289125f, 499.5f) source=Unit_Chr_Soldier_Female_02_Alt_01 attackRange=85 damage=16 engageTarget=Entity.Null
UnityEngine.Debug:Log (object)
Game.Editor.CH05M02TrustUnderFireInputProbe:SnapshotTrustFailure (Unity.Entities.EntityManager,Unity.Entities.Entity,Game.Components.CampaignMissionTrustUnderFireState&) (at Assets/Game/Scripts/Editor/CH05M02TrustUnderFireInputProbe.cs:305)
Game.Editor.CH05M02TrustUnderFireInputProbe:Tick () (at Assets/Game/Scripts/Editor/CH05M02TrustUnderFireInputProbe.cs:144)
UnityEditor.EditorApplication:Internal_CallUpdateFunctions () (at /Users/bokken/build/output/unity/unity/Editor/Mono/EditorApplication.cs:403)

[TrustFailureMember] entity=Entity(510:5) kind=Engineer observedDead=0 healthInitialized=1 hp=125/125 position=float3(605.5f, -0.02187176f, 505.5f) source=Unit_Chr_Soldier_Male_02_Alt_02 attackRange=85 damage=16 engageTarget=Entity.Null
UnityEngine.Debug:Log (object)
Game.Editor.CH05M02TrustUnderFireInputProbe:SnapshotTrustFailure (Unity.Entities.EntityManager,Unity.Entities.Entity,Game.Components.CampaignMissionTrustUnderFireState&) (at Assets/Game/Scripts/Editor/CH05M02TrustUnderFireInputProbe.cs:305)
Game.Editor.CH05M02TrustUnderFireInputProbe:Tick () (at Assets/Game/Scripts/Editor/CH05M02TrustUnderFireInputProbe.cs:144)
UnityEditor.EditorApplication:Internal_CallUpdateFunctions () (at /Users/bokken/build/output/unity/unity/Editor/Mono/EditorApplication.cs:403)

[TrustFailureMember] entity=Entity(481:5) kind=SouthEscort observedDead=0 healthInitialized=1 hp=125/125 position=float3(551.5f, -0.02289125f, 379.5f) source=Unit_Chr_Soldier_Female_02_Alt_01 attackRange=85 damage=16 engageTarget=Entity.Null
UnityEngine.Debug:Log (object)
Game.Editor.CH05M02TrustUnderFireInputProbe:SnapshotTrustFailure (Unity.Entities.EntityManager,Unity.Entities.Entity,Game.Components.CampaignMissionTrustUnderFireState&) (at Assets/Game/Scripts/Editor/CH05M02TrustUnderFireInputProbe.cs:305)
Game.Editor.CH05M02TrustUnderFireInputProbe:Tick () (at Assets/Game/Scripts/Editor/CH05M02TrustUnderFireInputProbe.cs:144)
UnityEditor.EditorApplication:Internal_CallUpdateFunctions () (at /Users/bokken/build/output/unity/unity/Editor/Mono/EditorApplication.cs:403)

[TrustFailureMember] entity=Entity(456:5) kind=SouthEscort observedDead=0 healthInitialized=1 hp=125/125 position=float3(552.5f, -0.02187176f, 377.5f) source=Unit_Chr_Soldier_Male_02_Alt_02 attackRange=85 damage=16 engageTarget=Entity.Null
UnityEngine.Debug:Log (object)
Game.Editor.CH05M02TrustUnderFireInputProbe:SnapshotTrustFailure (Unity.Entities.EntityManager,Unity.Entities.Entity,Game.Components.CampaignMissionTrustUnderFireState&) (at Assets/Game/Scripts/Editor/CH05M02TrustUnderFireInputProbe.cs:305)
Game.Editor.CH05M02TrustUnderFireInputProbe:Tick () (at Assets/Game/Scripts/Editor/CH05M02TrustUnderFireInputProbe.cs:144)
UnityEditor.EditorApplication:Internal_CallUpdateFunctions () (at /Users/bokken/build/output/unity/unity/Editor/Mono/EditorApplication.cs:403)

[TrustFailureMember] entity=Entity(470:5) kind=SouthEscort observedDead=0 healthInitialized=1 hp=125/125 position=float3(550.5f, -0.02289926f, 375.5f) source=Unit_Chr_Soldier_Female_01_Alt_01 attackRange=85 damage=16 engageTarget=Entity.Null
UnityEngine.Debug:Log (object)
Game.Editor.CH05M02TrustUnderFireInputProbe:SnapshotTrustFailure (Unity.Entities.EntityManager,Unity.Entities.Entity,Game.Components.CampaignMissionTrustUnderFireState&) (at Assets/Game/Scripts/Editor/CH05M02TrustUnderFireInputProbe.cs:305)
Game.Editor.CH05M02TrustUnderFireInputProbe:Tick () (at Assets/Game/Scripts/Editor/CH05M02TrustUnderFireInputProbe.cs:144)
UnityEditor.EditorApplication:Internal_CallUpdateFunctions () (at /Users/bokken/build/output/unity/unity/Editor/Mono/EditorApplication.cs:403)

[TrustFailureMember] entity=Entity(402:5) kind=NorthEscort observedDead=0 healthInitialized=1 hp=125/125 position=float3(548.5f, -0.02187176f, 497.5f) source=Unit_Chr_Soldier_Male_02_Alt_04 attackRange=85 damage=16 engageTarget=Entity.Null
UnityEngine.Debug:Log (object)
Game.Editor.CH05M02TrustUnderFireInputProbe:SnapshotTrustFailure (Unity.Entities.EntityManager,Unity.Entities.Entity,Game.Components.CampaignMissionTrustUnderFireState&) (at Assets/Game/Scripts/Editor/CH05M02TrustUnderFireInputProbe.cs:305)
Game.Editor.CH05M02TrustUnderFireInputProbe:Tick () (at Assets/Game/Scripts/Editor/CH05M02TrustUnderFireInputProbe.cs:144)
UnityEditor.EditorApplication:Internal_CallUpdateFunctions () (at /Users/bokken/build/output/unity/unity/Editor/Mono/EditorApplication.cs:403)

[TrustFailureMember] entity=Entity(585:5) kind=RelayHostile observedDead=0 healthInitialized=1 hp=85/85 position=float3(555.5f, 0.005315138f, 640.5f) source=Unit_Chr_Insurgent_Female_02 attackRange=35 damage=7 engageTarget=Entity.Null
UnityEngine.Debug:Log (object)
Game.Editor.CH05M02TrustUnderFireInputProbe:SnapshotTrustFailure (Unity.Entities.EntityManager,Unity.Entities.Entity,Game.Components.CampaignMissionTrustUnderFireState&) (at Assets/Game/Scripts/Editor/CH05M02TrustUnderFireInputProbe.cs:305)
Game.Editor.CH05M02TrustUnderFireInputProbe:Tick () (at Assets/Game/Scripts/Editor/CH05M02TrustUnderFireInputProbe.cs:144)
UnityEditor.EditorApplication:Internal_CallUpdateFunctions () (at /Users/bokken/build/output/unity/unity/Editor/Mono/EditorApplication.cs:403)

[TrustFailureMember] entity=Entity(571:5) kind=RelayHostile observedDead=0 healthInitialized=1 hp=105/105 position=float3(515.5f, 0.01181258f, 640.5f) source=Unit_Chr_Insurgent_Male_03 attackRange=55 damage=7 engageTarget=Entity.Null
UnityEngine.Debug:Log (object)
Game.Editor.CH05M02TrustUnderFireInputProbe:SnapshotTrustFailure (Unity.Entities.EntityManager,Unity.Entities.Entity,Game.Components.CampaignMissionTrustUnderFireState&) (at Assets/Game/Scripts/Editor/CH05M02TrustUnderFireInputProbe.cs:305)
Game.Editor.CH05M02TrustUnderFireInputProbe:Tick () (at Assets/Game/Scripts/Editor/CH05M02TrustUnderFireInputProbe.cs:144)
UnityEditor.EditorApplication:Internal_CallUpdateFunctions () (at /Users/bokken/build/output/unity/unity/Editor/Mono/EditorApplication.cs:403)

[TrustFailureMember] entity=Entity(578:5) kind=RelayHostile observedDead=0 healthInitialized=1 hp=95/95 position=float3(535.5f, 0.006750256f, 650.5f) source=Unit_Chr_Insurgent_Female_01 attackRange=75 damage=13 engageTarget=Entity.Null
UnityEngine.Debug:Log (object)
Game.Editor.CH05M02TrustUnderFireInputProbe:SnapshotTrustFailure (Unity.Entities.EntityManager,Unity.Entities.Entity,Game.Components.CampaignMissionTrustUnderFireState&) (at Assets/Game/Scripts/Editor/CH05M02TrustUnderFireInputProbe.cs:305)
Game.Editor.CH05M02TrustUnderFireInputProbe:Tick () (at Assets/Game/Scripts/Editor/CH05M02TrustUnderFireInputProbe.cs:144)
UnityEditor.EditorApplication:Internal_CallUpdateFunctions () (at /Users/bokken/build/output/unity/unity/Editor/Mono/EditorApplication.cs:403)

[TrustFailureMember] entity=Entity(538:5) kind=NorthHostile observedDead=0 healthInitialized=1 hp=105/105 position=float3(778.5f, 0.01181258f, 519.5f) source=Unit_Chr_Insurgent_Male_03 attackRange=55 damage=7 engageTarget=Entity.Null
UnityEngine.Debug:Log (object)
Game.Editor.CH05M02TrustUnderFireInputProbe:SnapshotTrustFailure (Unity.Entities.EntityManager,Unity.Entities.Entity,Game.Components.CampaignMissionTrustUnderFireState&) (at Assets/Game/Scripts/Editor/CH05M02TrustUnderFireInputProbe.cs:305)
Game.Editor.CH05M02TrustUnderFireInputProbe:Tick () (at Assets/Game/Scripts/Editor/CH05M02TrustUnderFireInputProbe.cs:144)
UnityEditor.EditorApplication:Internal_CallUpdateFunctions () (at /Users/bokken/build/output/unity/unity/Editor/Mono/EditorApplication.cs:403)

[TrustFailureMember] entity=Entity(545:5) kind=NorthHostile observedDead=0 healthInitialized=1 hp=95/95 position=float3(782.5f, 0.006750256f, 520.5f) source=Unit_Chr_Insurgent_Female_01 attackRange=75 damage=13 engageTarget=Entity.Null
UnityEngine.Debug:Log (object)
Game.Editor.CH05M02TrustUnderFireInputProbe:SnapshotTrustFailure (Unity.Entities.EntityManager,Unity.Entities.Entity,Game.Components.CampaignMissionTrustUnderFireState&) (at Assets/Game/Scripts/Editor/CH05M02TrustUnderFireInputProbe.cs:305)
Game.Editor.CH05M02TrustUnderFireInputProbe:Tick () (at Assets/Game/Scripts/Editor/CH05M02TrustUnderFireInputProbe.cs:144)
UnityEditor.EditorApplication:Internal_CallUpdateFunctions () (at /Users/bokken/build/output/unity/unity/Editor/Mono/EditorApplication.cs:403)

[TrustFailureMember] entity=Entity(557:5) kind=SouthHostile observedDead=0 healthInitialized=1 hp=105/105 position=float3(800.5f, -0.01818715f, 370.5f) source=Unit_Chr_Insurgent_Male_03 attackRange=55 damage=7 engageTarget=Entity.Null
UnityEngine.Debug:Log (object)
Game.Editor.CH05M02TrustUnderFireInputProbe:SnapshotTrustFailure (Unity.Entities.EntityManager,Unity.Entities.Entity,Game.Components.CampaignMissionTrustUnderFireState&) (at Assets/Game/Scripts/Editor/CH05M02TrustUnderFireInputProbe.cs:305)
Game.Editor.CH05M02TrustUnderFireInputProbe:Tick () (at Assets/Game/Scripts/Editor/CH05M02TrustUnderFireInputProbe.cs:144)
UnityEditor.EditorApplication:Internal_CallUpdateFunctions () (at /Users/bokken/build/output/unity/unity/Editor/Mono/EditorApplication.cs:403)

[TrustFailureMember] entity=Entity(564:5) kind=SouthHostile observedDead=0 healthInitialized=1 hp=95/95 position=float3(802.5f, -0.02324948f, 373.5f) source=Unit_Chr_Insurgent_Female_01 attackRange=75 damage=13 engageTarget=Entity.Null
UnityEngine.Debug:Log (object)
Game.Editor.CH05M02TrustUnderFireInputProbe:SnapshotTrustFailure (Unity.Entities.EntityManager,Unity.Entities.Entity,Game.Components.CampaignMissionTrustUnderFireState&) (at Assets/Game/Scripts/Editor/CH05M02TrustUnderFireInputProbe.cs:305)
Game.Editor.CH05M02TrustUnderFireInputProbe:Tick () (at Assets/Game/Scripts/Editor/CH05M02TrustUnderFireInputProbe.cs:144)
UnityEditor.EditorApplication:Internal_CallUpdateFunctions () (at /Users/bokken/build/output/unity/unity/Editor/Mono/EditorApplication.cs:403)

[TrustFailureMember] entity=Entity(524:5) kind=SouthStaff observedDead=0 healthInitialized=1 hp=55/55 position=float3(928.5f, 0.0007173046f, 421.5f) source=Unit_Chr_Civilian_Female_02 attackRange=1.25 damage=1 engageTarget=Entity.Null
UnityEngine.Debug:Log (object)
Game.Editor.CH05M02TrustUnderFireInputProbe:SnapshotTrustFailure (Unity.Entities.EntityManager,Unity.Entities.Entity,Game.Components.CampaignMissionTrustUnderFireState&) (at Assets/Game/Scripts/Editor/CH05M02TrustUnderFireInputProbe.cs:305)
Game.Editor.CH05M02TrustUnderFireInputProbe:Tick () (at Assets/Game/Scripts/Editor/CH05M02TrustUnderFireInputProbe.cs:144)
UnityEditor.EditorApplication:Internal_CallUpdateFunctions () (at /Users/bokken/build/output/unity/unity/Editor/Mono/EditorApplication.cs:403)

[TrustFailureMember] entity=Entity(527:5) kind=SouthStaff observedDead=0 healthInitialized=1 hp=55/55 position=float3(931.5f, 0.003101237f, 418.5f) source=Unit_Chr_Civilian_Male_01 attackRange=1.25 damage=1 engageTarget=Entity.Null
UnityEngine.Debug:Log (object)
Game.Editor.CH05M02TrustUnderFireInputProbe:SnapshotTrustFailure (Unity.Entities.EntityManager,Unity.Entities.Entity,Game.Components.CampaignMissionTrustUnderFireState&) (at Assets/Game/Scripts/Editor/CH05M02TrustUnderFireInputProbe.cs:305)
Game.Editor.CH05M02TrustUnderFireInputProbe:Tick () (at Assets/Game/Scripts/Editor/CH05M02TrustUnderFireInputProbe.cs:144)
UnityEditor.EditorApplication:Internal_CallUpdateFunctions () (at /Users/bokken/build/output/unity/unity/Editor/Mono/EditorApplication.cs:403)

[TrustFailureMember] entity=Entity(516:5) kind=NorthStaff observedDead=0 healthInitialized=1 hp=55/55 position=float3(929.5f, 0.0005308874f, 538.5f) source=Unit_Chr_Civilian_Female_01 attackRange=1.25 damage=1 engageTarget=Entity.Null
UnityEngine.Debug:Log (object)
Game.Editor.CH05M02TrustUnderFireInputProbe:SnapshotTrustFailure (Unity.Entities.EntityManager,Unity.Entities.Entity,Game.Components.CampaignMissionTrustUnderFireState&) (at Assets/Game/Scripts/Editor/CH05M02TrustUnderFireInputProbe.cs:305)
Game.Editor.CH05M02TrustUnderFireInputProbe:Tick () (at Assets/Game/Scripts/Editor/CH05M02TrustUnderFireInputProbe.cs:144)
UnityEditor.EditorApplication:Internal_CallUpdateFunctions () (at /Users/bokken/build/output/unity/unity/Editor/Mono/EditorApplication.cs:403)

[TrustFailureMember] entity=Entity(519:5) kind=NorthStaff observedDead=0 healthInitialized=1 hp=55/55 position=float3(932.5f, 0.003101237f, 541.5f) source=Unit_Chr_Civilian_Male_01 attackRange=1.25 damage=1 engageTarget=Entity.Null
UnityEngine.Debug:Log (object)
Game.Editor.CH05M02TrustUnderFireInputProbe:SnapshotTrustFailure (Unity.Entities.EntityManager,Unity.Entities.Entity,Game.Components.CampaignMissionTrustUnderFireState&) (at Assets/Game/Scripts/Editor/CH05M02TrustUnderFireInputProbe.cs:305)
Game.Editor.CH05M02TrustUnderFireInputProbe:Tick () (at Assets/Game/Scripts/Editor/CH05M02TrustUnderFireInputProbe.cs:144)
UnityEditor.EditorApplication:Internal_CallUpdateFunctions () (at /Users/bokken/build/output/unity/unity/Editor/Mono/EditorApplication.cs:403)

[TrustFailureBuilding] bound=1 entity=Entity(722:377) request=1 building=Building_Trust_Shelter status=1 resultCode=0 preferred=int2(522, 219) actualOrigin=int2(522, 219) actualFootprint=int2(14, 12) runtimeBuilding=1
UnityEngine.Debug:Log (object)
Game.Editor.CH05M02TrustUnderFireInputProbe:SnapshotTrustFailure (Unity.Entities.EntityManager,Unity.Entities.Entity,Game.Components.CampaignMissionTrustUnderFireState&) (at Assets/Game/Scripts/Editor/CH05M02TrustUnderFireInputProbe.cs:311)
Game.Editor.CH05M02TrustUnderFireInputProbe:Tick () (at Assets/Game/Scripts/Editor/CH05M02TrustUnderFireInputProbe.cs:144)
UnityEditor.EditorApplication:Internal_CallUpdateFunctions () (at /Users/bokken/build/output/unity/unity/Editor/Mono/EditorApplication.cs:403)

[TrustFailureBuilding] bound=1 entity=Entity(797:275) request=2 building=Building_Trust_Shelter status=1 resultCode=0 preferred=int2(522, 99) actualOrigin=int2(522, 99) actualFootprint=int2(14, 12) runtimeBuilding=2
UnityEngine.Debug:Log (object)
Game.Editor.CH05M02TrustUnderFireInputProbe:SnapshotTrustFailure (Unity.Entities.EntityManager,Unity.Entities.Entity,Game.Components.CampaignMissionTrustUnderFireState&) (at Assets/Game/Scripts/Editor/CH05M02TrustUnderFireInputProbe.cs:311)
Game.Editor.CH05M02TrustUnderFireInputProbe:Tick () (at Assets/Game/Scripts/Editor/CH05M02TrustUnderFireInputProbe.cs:144)
UnityEditor.EditorApplication:Internal_CallUpdateFunctions () (at /Users/bokken/build/output/unity/unity/Editor/Mono/EditorApplication.cs:403)

[TrustFailureBuilding] bound=1 entity=Entity(802:7) request=3 building=Building_Trust_Broadcast status=1 resultCode=0 preferred=int2(128, 324) actualOrigin=int2(128, 324) actualFootprint=int2(14, 12) runtimeBuilding=3
UnityEngine.Debug:Log (object)
Game.Editor.CH05M02TrustUnderFireInputProbe:SnapshotTrustFailure (Unity.Entities.EntityManager,Unity.Entities.Entity,Game.Components.CampaignMissionTrustUnderFireState&) (at Assets/Game/Scripts/Editor/CH05M02TrustUnderFireInputProbe.cs:311)
Game.Editor.CH05M02TrustUnderFireInputProbe:Tick () (at Assets/Game/Scripts/Editor/CH05M02TrustUnderFireInputProbe.cs:144)
UnityEditor.EditorApplication:Internal_CallUpdateFunctions () (at /Users/bokken/build/output/unity/unity/Editor/Mono/EditorApplication.cs:403)

[TrustFailureBuilding] bound=0 entity=Entity.Null request=4 building=Building_Trust_ReserveDepot status=2 resultCode=2 preferred=int2(415, 330) actualOrigin=int2(0, 0) actualFootprint=int2(0, 0) runtimeBuilding=0
UnityEngine.Debug:Log (object)
Game.Editor.CH05M02TrustUnderFireInputProbe:SnapshotTrustFailure (Unity.Entities.EntityManager,Unity.Entities.Entity,Game.Components.CampaignMissionTrustUnderFireState&) (at Assets/Game/Scripts/Editor/CH05M02TrustUnderFireInputProbe.cs:311)
Game.Editor.CH05M02TrustUnderFireInputProbe:Tick () (at Assets/Game/Scripts/Editor/CH05M02TrustUnderFireInputProbe.cs:144)
UnityEditor.EditorApplication:Internal_CallUpdateFunctions () (at /Users/bokken/build/output/unity/unity/Editor/Mono/EditorApplication.cs:403)

InvalidOperationException: Trust Under Fire failure before further input: Integrity
Game.Editor.CH05M02TrustUnderFireInputProbe.Tick () (at Assets/Game/Scripts/Editor/CH05M02TrustUnderFireInputProbe.cs:145)
UnityEngine.Debug:LogException(Exception)
Game.Editor.CH05M02TrustUnderFireInputProbe:Tick() (at Assets/Game/Scripts/Editor/CH05M02TrustUnderFireInputProbe.cs:245)
UnityEditor.EditorApplication:Internal_CallUpdateFunctions() (at /Users/bokken/build/output/unity/unity/Editor/Mono/EditorApplication.cs:403)

[TrustUnderFireInput] result=Failed Trust Under Fire failure before further input: Integrity
UnityEngine.Debug:Log (object)
Game.Editor.CH05M02TrustUnderFireInputProbe:Complete (bool,string) (at Assets/Game/Scripts/Editor/CH05M02TrustUnderFireInputProbe.cs:463)
Game.Editor.CH05M02TrustUnderFireInputProbe:Tick () (at Assets/Game/Scripts/Editor/CH05M02TrustUnderFireInputProbe.cs:245)
UnityEditor.EditorApplication:Internal_CallUpdateFunctions () (at /Users/bokken/build/output/unity/unity/Editor/Mono/EditorApplication.cs:403)

[FreezeDetect] Frame gap frame=1031 Gap=152.2ms GC=0/0/0 LastSteps=RoadBuild=0.1ms, BuildingPlacement=97.9ms, Selection=0.1ms, DayNight=0.0ms, CitizenPopulation=0.0ms, MainMenu=0.1ms
[ExistingEditorValidation] result=Failed executeMethod=Game.Editor.CH05M02TrustUnderFireInputProbe.RunGameplay
UnityEngine.Debug:Log (object)
Game.Editor.ExistingEditorValidation/<Run>d__9:MoveNext () (at Assets/Game/Scripts/Editor/ExistingEditorValidation.cs:109)
UnityEngine.UnitySynchronizationContext:ExecuteTasks () (at /Users/bokken/build/output/unity/unity/Runtime/Export/Scripting/UnitySynchronizationContext.cs:110)

