[ExistingEditorValidation] project=/Users/farhad/Projects/WarlineCapture/Assets executeMethod=Game.Editor.CH05M02TrustUnderFireInputProbe.RunPersianPresentation
UnityEngine.Debug:Log (object)
Game.Editor.ExistingEditorValidation/<Run>d__9:MoveNext () (at Assets/Game/Scripts/Editor/ExistingEditorValidation.cs:90)
System.Runtime.CompilerServices.AsyncVoidMethodBuilder:Start<Game.Editor.ExistingEditorValidation/<Run>d__9> (Game.Editor.ExistingEditorValidation/<Run>d__9&)
Game.Editor.ExistingEditorValidation:Run (string,string)
PipelineEvaluation.PipelineEval_f7af0515/<>c__DisplayClass0_0:<Execute>b__0 ()
UnityEditor.EditorApplication:Internal_CallUpdateFunctions () (at /Users/bokken/build/output/unity/unity/Editor/Mono/EditorApplication.cs:403)

[TrustRules] result=Passed originals=26 routes=independent crossing=required verification=actual settlement=idempotent supply=first-clear
UnityEngine.Debug:Log (object)
Game.Editor.CH05M02TrustUnderFireRulesValidation:Run () (at Assets/Game/Scripts/Editor/CH05M02TrustUnderFireRulesValidation.cs:62)
Game.Editor.CH05M02TrustUnderFireInputProbe:Run (string,bool,bool,bool,bool,bool,bool) (at Assets/Game/Scripts/Editor/CH05M02TrustUnderFireInputProbe.cs:86)
Game.Editor.CH05M02TrustUnderFireInputProbe:RunPersianPresentation () (at Assets/Game/Scripts/Editor/CH05M02TrustUnderFireInputProbe.cs:77)
System.Reflection.MethodBase:Invoke (object,object[])
Game.Editor.ExistingEditorValidation/<Run>d__9:MoveNext () (at Assets/Game/Scripts/Editor/ExistingEditorValidation.cs:92)
System.Runtime.CompilerServices.AsyncVoidMethodBuilder:Start<Game.Editor.ExistingEditorValidation/<Run>d__9> (Game.Editor.ExistingEditorValidation/<Run>d__9&)
Game.Editor.ExistingEditorValidation:Run (string,string)
PipelineEvaluation.PipelineEval_f7af0515/<>c__DisplayClass0_0:<Execute>b__0 ()
UnityEditor.EditorApplication:Internal_CallUpdateFunctions () (at /Users/bokken/build/output/unity/unity/Editor/Mono/EditorApplication.cs:403)

[MainMenuV3PrefabBuilder] gameView=1920x1080 selectedIndex=3
UnityEngine.Debug:Log (object)
Game.Editor.MainMenuV3PrefabBuilder:SetGameViewResolution (int,int) (at Assets/Game/Scripts/Editor/MainMenuV3PrefabBuilder.cs:427)
Game.Editor.CH05M02TrustUnderFireInputProbe:Run (string,bool,bool,bool,bool,bool,bool) (at Assets/Game/Scripts/Editor/CH05M02TrustUnderFireInputProbe.cs:92)
Game.Editor.CH05M02TrustUnderFireInputProbe:RunPersianPresentation () (at Assets/Game/Scripts/Editor/CH05M02TrustUnderFireInputProbe.cs:77)
System.Reflection.MethodBase:Invoke (object,object[])
Game.Editor.ExistingEditorValidation/<Run>d__9:MoveNext () (at Assets/Game/Scripts/Editor/ExistingEditorValidation.cs:92)
System.Runtime.CompilerServices.AsyncVoidMethodBuilder:Start<Game.Editor.ExistingEditorValidation/<Run>d__9> (Game.Editor.ExistingEditorValidation/<Run>d__9&)
Game.Editor.ExistingEditorValidation:Run (string,string)
PipelineEvaluation.PipelineEval_f7af0515/<>c__DisplayClass0_0:<Execute>b__0 ()
UnityEditor.EditorApplication:Internal_CallUpdateFunctions () (at /Users/bokken/build/output/unity/unity/Editor/Mono/EditorApplication.cs:403)

Ignoring invalid [Unity.Entities.UpdateAfterAttribute] attribute on Game.Runtime.CampaignMissionArmorBreakAircraftOrderSystem targeting Game.Runtime.UnitTargetOrderSystem.
This attribute can only order systems that are members of the same ComponentSystemGroup instance.
Make sure that both systems are in the same system group with [UpdateInGroup(typeof(Unity.Entities.SimulationSystemGroup))],
or by manually adding both systems to the same group's update list.
UnityEngine.Debug:LogWarning (object)
Unity.Debug:LogWarning (object) (at ./Library/PackageCache/com.unity.entities@bab66ffaba49/Unity.Entities/Stubs/Unity/Debug.cs:13)
Unity.Entities.ComponentSystemSorter:WarnAboutAnySystemAttributeBadness (int,Unity.Entities.ComponentSystemGroup) (at ./Library/PackageCache/com.unity.entities@bab66ffaba49/Unity.Entities/ComponentSystemSorter.cs:504)
Unity.Entities.ComponentSystemGroup:GenerateMasterUpdateList () (at ./Library/PackageCache/com.unity.entities@bab66ffaba49/Unity.Entities/ComponentSystemGroup.cs:490)
Unity.Entities.ComponentSystemGroup:RecurseUpdate () (at ./Library/PackageCache/com.unity.entities@bab66ffaba49/Unity.Entities/ComponentSystemGroup.cs:410)
Unity.Entities.ComponentSystemGroup:SortSystems () (at ./Library/PackageCache/com.unity.entities@bab66ffaba49/Unity.Entities/ComponentSystemGroup.cs:598)
Unity.Entities.DefaultWorldInitialization:AddSystemToRootLevelSystemGroupsInternal (Unity.Entities.World,Unity.Collections.NativeList`1<Unity.Entities.SystemTypeIndex>) (at ./Library/PackageCache/com.unity.entities@bab66ffaba49/Unity.Entities/DefaultWorldInitialization.cs:304)
Unity.Entities.DefaultWorldInitialization:Initialize (string,bool) (at ./Library/PackageCache/com.unity.entities@bab66ffaba49/Unity.Entities/DefaultWorldInitialization.cs:156)
Unity.Entities.AutomaticWorldBootstrap:Initialize () (at ./Library/PackageCache/com.unity.entities@bab66ffaba49/Unity.Entities.Hybrid/Injection/AutomaticWorldBootstrap.cs:16)

Ignoring invalid [Unity.Entities.UpdateAfterAttribute(Game.Runtime.SkirmishResultSettlementSystem)] attribute on Game.Runtime.SkirmishExpandedSessionControlSystem because OrderFirst/OrderLast has higher precedence.
UnityEngine.Debug:LogWarning (object)
Unity.Debug:LogWarning (object) (at ./Library/PackageCache/com.unity.entities@bab66ffaba49/Unity.Entities/Stubs/Unity/Debug.cs:13)
Unity.Entities.ComponentSystemSorter:WarnAboutAnySystemAttributeBadness (int,Unity.Entities.ComponentSystemGroup) (at ./Library/PackageCache/com.unity.entities@bab66ffaba49/Unity.Entities/ComponentSystemSorter.cs:522)
Unity.Entities.ComponentSystemGroup:GenerateMasterUpdateList () (at ./Library/PackageCache/com.unity.entities@bab66ffaba49/Unity.Entities/ComponentSystemGroup.cs:490)
Unity.Entities.ComponentSystemGroup:RecurseUpdate () (at ./Library/PackageCache/com.unity.entities@bab66ffaba49/Unity.Entities/ComponentSystemGroup.cs:410)
Unity.Entities.ComponentSystemGroup:SortSystems () (at ./Library/PackageCache/com.unity.entities@bab66ffaba49/Unity.Entities/ComponentSystemGroup.cs:598)
Unity.Entities.DefaultWorldInitialization:AddSystemToRootLevelSystemGroupsInternal (Unity.Entities.World,Unity.Collections.NativeList`1<Unity.Entities.SystemTypeIndex>) (at ./Library/PackageCache/com.unity.entities@bab66ffaba49/Unity.Entities/DefaultWorldInitialization.cs:304)
Unity.Entities.DefaultWorldInitialization:Initialize (string,bool) (at ./Library/PackageCache/com.unity.entities@bab66ffaba49/Unity.Entities/DefaultWorldInitialization.cs:156)
Unity.Entities.AutomaticWorldBootstrap:Initialize () (at ./Library/PackageCache/com.unity.entities@bab66ffaba49/Unity.Entities.Hybrid/Injection/AutomaticWorldBootstrap.cs:16)

Ignoring invalid [Unity.Entities.UpdateBeforeAttribute] attribute on Game.Rendering.OperationMapVehicleVisualOwnershipSystem targeting Game.Rendering.UnitRenderVisualExclusivitySystem.
This attribute can only order systems that are members of the same ComponentSystemGroup instance.
Make sure that both systems are in the same system group with [UpdateInGroup(typeof(Unity.Entities.PresentationSystemGroup))],
or by manually adding both systems to the same group's update list.
UnityEngine.Debug:LogWarning (object)
Unity.Debug:LogWarning (object) (at ./Library/PackageCache/com.unity.entities@bab66ffaba49/Unity.Entities/Stubs/Unity/Debug.cs:13)
Unity.Entities.ComponentSystemSorter:WarnAboutAnySystemAttributeBadness (int,Unity.Entities.ComponentSystemGroup) (at ./Library/PackageCache/com.unity.entities@bab66ffaba49/Unity.Entities/ComponentSystemSorter.cs:504)
Unity.Entities.ComponentSystemGroup:GenerateMasterUpdateList () (at ./Library/PackageCache/com.unity.entities@bab66ffaba49/Unity.Entities/ComponentSystemGroup.cs:490)
Unity.Entities.ComponentSystemGroup:RecurseUpdate () (at ./Library/PackageCache/com.unity.entities@bab66ffaba49/Unity.Entities/ComponentSystemGroup.cs:410)
Unity.Entities.ComponentSystemGroup:SortSystems () (at ./Library/PackageCache/com.unity.entities@bab66ffaba49/Unity.Entities/ComponentSystemGroup.cs:598)
Unity.Entities.DefaultWorldInitialization:AddSystemToRootLevelSystemGroupsInternal (Unity.Entities.World,Unity.Collections.NativeList`1<Unity.Entities.SystemTypeIndex>) (at ./Library/PackageCache/com.unity.entities@bab66ffaba49/Unity.Entities/DefaultWorldInitialization.cs:305)
Unity.Entities.DefaultWorldInitialization:Initialize (string,bool) (at ./Library/PackageCache/com.unity.entities@bab66ffaba49/Unity.Entities/DefaultWorldInitialization.cs:156)
Unity.Entities.AutomaticWorldBootstrap:Initialize () (at ./Library/PackageCache/com.unity.entities@bab66ffaba49/Unity.Entities.Hybrid/Injection/AutomaticWorldBootstrap.cs:16)

[FirstLaunchStartup] fix=LanguageChoiceAwakeOrder_2026-07-17 disposition=EnterMenu languageView=1 languageVisible=0 narrativeView=1
UnityEngine.Debug:Log (object)
Game.Composition.FirstLaunchNarrativeCompositionSystemHelper:LogStartupDisposition (Game.Composition.FirstLaunchNarrativeStartupDisposition) (at Assets/Game/Scripts/Composition/Narrative/FirstLaunchNarrativeCompositionSystemHelper.cs:319)
Game.Composition.FirstLaunchNarrativeCompositionSystemHelper:Initialize (Game.Configs.NarrativeSequenceConfig,Game.Configs.NarrativeSpeakerCatalog,Game.Configs.NarrativePunctuationConfig,Game.UI.Runtime.NarrativeSequenceView,Game.UI.Contracts.IGameTextResolver,Game.Runtime.SaveService,bool,bool,Game.UI.Runtime.FirstLaunchLanguageChoiceView,Game.Configs.NarrativeLocaleConfig,Game.UI.Runtime.UIShellView) (at Assets/Game/Scripts/Composition/Narrative/FirstLaunchNarrativeCompositionSystemHelper.cs:98)
Game.Composition.FirstLaunchNarrativeCompositionSystemHelper:InitializeShell (Game.Composition.MenuBootstrapView,Game.UI.Contracts.IGameTextResolver,bool,bool) (at Assets/Game/Scripts/Composition/Narrative/FirstLaunchNarrativeCompositionSystemHelper.cs:151)
Game.Composition.MenuBootstrapCompositionSystemHelper:Initialize (Game.Composition.MenuBootstrapView) (at Assets/Game/Scripts/Composition/MenuBootstrapCompositionSystemHelper.cs:115)
Game.Composition.MenuBootstrapView:Awake () (at Assets/Game/Scripts/Composition/MenuBootstrapView.cs:159)

[TrustUnderFireInput] inputFixture=background-game-view-only nativeInputIsolated=3
UnityEngine.Debug:Log (object)
Game.Editor.CH05M02TrustUnderFireInputProbe:ConfigureFixture () (at Assets/Game/Scripts/Editor/CH05M02TrustUnderFireInputProbe.cs:447)
Game.Editor.CH05M02TrustUnderFireInputProbe:Tick () (at Assets/Game/Scripts/Editor/CH05M02TrustUnderFireInputProbe.cs:127)
UnityEditor.EditorApplication:Internal_CallUpdateFunctions () (at /Users/bokken/build/output/unity/unity/Editor/Mono/EditorApplication.cs:403)

[TrustUnderFireInputState] phase=None outcome=None step=-1 clock=0 initialized=0 northCrossed=0 southCrossed=0 northArrived=0 southArrived=0 relay=0 military=0 northHold=0 southHold=0 verification=0 stable=0 failure=None
UnityEngine.Debug:Log (object)
Game.Editor.CH05M02TrustUnderFireInputProbe:Tick () (at Assets/Game/Scripts/Editor/CH05M02TrustUnderFireInputProbe.cs:151)
UnityEditor.EditorApplication:Internal_CallUpdateFunctions () (at /Users/bokken/build/output/unity/unity/Editor/Mono/EditorApplication.cs:403)

[UiShellPresentation] stage=CommandStarted sequence=1 kind=EnterMenu region=None route=MainMenu
UnityEngine.Debug:Log (object,UnityEngine.Object)
Game.Composition.UiDiagnosticsComposition:Report (Game.UI.Contracts.UiDiagnosticSeverity,string,UnityEngine.Object) (at Assets/Game/Scripts/Composition/UiDiagnosticsComposition.cs:17)
Game.UI.Contracts.UiDiagnostics:Info (string,UnityEngine.Object) (at Assets/Game/Scripts/UI/Contracts/UiDiagnostics.cs:14)
Game.UI.Runtime.UIShellEcsPresentationSystem:LogTransition (string,Game.UI.Contracts.UiShellPresentationCommandModel) (at Assets/Game/Scripts/UI/Shell/UIShellEcsPresentationSystem.cs:138)
Game.UI.Runtime.UIShellEcsPresentationSystem:Update () (at Assets/Game/Scripts/UI/Shell/UIShellEcsPresentationSystem.cs:87)

[TrustUnderFireInput] touch=ContinueButton
UnityEngine.Debug:Log (object)
Game.Editor.CH05M02TrustUnderFireInputProbe:Gesture (UnityEngine.Vector2,string) (at Assets/Game/Scripts/Editor/CH05M02TrustUnderFireInputProbe.cs:468)
Game.Editor.CH05M02TrustUnderFireInputProbe:Tap (UnityEngine.UI.Button) (at Assets/Game/Scripts/Editor/CH05M02TrustUnderFireInputProbe.cs:466)
Game.Editor.CH05M02TrustUnderFireInputProbe:Tick () (at Assets/Game/Scripts/Editor/CH05M02TrustUnderFireInputProbe.cs:265)
UnityEditor.EditorApplication:Internal_CallUpdateFunctions () (at /Users/bokken/build/output/unity/unity/Editor/Mono/EditorApplication.cs:403)

[UiShellPresentation] stage=CommandCompleted sequence=1 kind=EnterMenu region=None route=MainMenu
UnityEngine.Debug:Log (object,UnityEngine.Object)
Game.Composition.UiDiagnosticsComposition:Report (Game.UI.Contracts.UiDiagnosticSeverity,string,UnityEngine.Object) (at Assets/Game/Scripts/Composition/UiDiagnosticsComposition.cs:17)
Game.UI.Contracts.UiDiagnostics:Info (string,UnityEngine.Object) (at Assets/Game/Scripts/UI/Contracts/UiDiagnostics.cs:14)
Game.UI.Runtime.UIShellEcsPresentationSystem:LogTransition (string,Game.UI.Contracts.UiShellPresentationCommandModel) (at Assets/Game/Scripts/UI/Shell/UIShellEcsPresentationSystem.cs:138)
Game.UI.Runtime.UIShellEcsPresentationSystem/<>c__DisplayClass24_0:<Update>b__0 (int) (at Assets/Game/Scripts/UI/Shell/UIShellEcsPresentationSystem.cs:100)
Game.UI.Runtime.UIShellView/<>c__DisplayClass19_0:<ExecuteCommandSequence>b__0 () (at Assets/Game/Scripts/UI/Shell/UIShellView.cs:99)
Game.UI.Runtime.UIMotionHostView/<SequenceRoutine>d__32:MoveNext () (at Assets/Game/Scripts/UI/Shell/UIMotionHostView.cs:268)
UnityEngine.SetupCoroutine:InvokeMoveNext (System.Collections.IEnumerator,intptr) (at /Users/bokken/build/output/unity/unity/Runtime/Export/Scripting/Coroutines.cs:17)

[UiShellPresentation] stage=CompletionFlushed sequence=1 kind=EnterMenu region=None
UnityEngine.Debug:Log (object,UnityEngine.Object)
Game.Composition.UiDiagnosticsComposition:Report (Game.UI.Contracts.UiDiagnosticSeverity,string,UnityEngine.Object) (at Assets/Game/Scripts/Composition/UiDiagnosticsComposition.cs:17)
Game.UI.Contracts.UiDiagnostics:Info (string,UnityEngine.Object) (at Assets/Game/Scripts/UI/Contracts/UiDiagnostics.cs:14)
Game.UI.Runtime.UIShellEcsPresentationSystem:LogTransition (string,Game.UI.Contracts.UiShellTransitionCompleteModel) (at Assets/Game/Scripts/UI/Shell/UIShellEcsPresentationSystem.cs:146)
Game.UI.Runtime.UIShellEcsPresentationSystem:FlushPendingCompletion () (at Assets/Game/Scripts/UI/Shell/UIShellEcsPresentationSystem.cs:129)
Game.UI.Runtime.UIShellEcsPresentationSystem:Update () (at Assets/Game/Scripts/UI/Shell/UIShellEcsPresentationSystem.cs:67)

[UiShellPresentation] stage=CommandStarted sequence=2 kind=SwapMenuMiddle region=MiddleRegion route=Campaign
UnityEngine.Debug:Log (object,UnityEngine.Object)
Game.Composition.UiDiagnosticsComposition:Report (Game.UI.Contracts.UiDiagnosticSeverity,string,UnityEngine.Object) (at Assets/Game/Scripts/Composition/UiDiagnosticsComposition.cs:17)
Game.UI.Contracts.UiDiagnostics:Info (string,UnityEngine.Object) (at Assets/Game/Scripts/UI/Contracts/UiDiagnostics.cs:14)
Game.UI.Runtime.UIShellEcsPresentationSystem:LogTransition (string,Game.UI.Contracts.UiShellPresentationCommandModel) (at Assets/Game/Scripts/UI/Shell/UIShellEcsPresentationSystem.cs:138)
Game.UI.Runtime.UIShellEcsPresentationSystem:Update () (at Assets/Game/Scripts/UI/Shell/UIShellEcsPresentationSystem.cs:87)

[UiShellPresentation] stage=CommandCompleted sequence=2 kind=SwapMenuMiddle region=MiddleRegion route=Campaign
UnityEngine.Debug:Log (object,UnityEngine.Object)
Game.Composition.UiDiagnosticsComposition:Report (Game.UI.Contracts.UiDiagnosticSeverity,string,UnityEngine.Object) (at Assets/Game/Scripts/Composition/UiDiagnosticsComposition.cs:17)
Game.UI.Contracts.UiDiagnostics:Info (string,UnityEngine.Object) (at Assets/Game/Scripts/UI/Contracts/UiDiagnostics.cs:14)
Game.UI.Runtime.UIShellEcsPresentationSystem:LogTransition (string,Game.UI.Contracts.UiShellPresentationCommandModel) (at Assets/Game/Scripts/UI/Shell/UIShellEcsPresentationSystem.cs:138)
Game.UI.Runtime.UIShellEcsPresentationSystem/<>c__DisplayClass24_0:<Update>b__0 (int) (at Assets/Game/Scripts/UI/Shell/UIShellEcsPresentationSystem.cs:100)
Game.UI.Runtime.UIShellView/<>c__DisplayClass19_0:<ExecuteCommandSequence>b__0 () (at Assets/Game/Scripts/UI/Shell/UIShellView.cs:99)
Game.UI.Runtime.UIMotionHostView/<SequenceRoutine>d__32:MoveNext () (at Assets/Game/Scripts/UI/Shell/UIMotionHostView.cs:268)
UnityEngine.SetupCoroutine:InvokeMoveNext (System.Collections.IEnumerator,intptr) (at /Users/bokken/build/output/unity/unity/Runtime/Export/Scripting/Coroutines.cs:17)

[UiShellPresentation] stage=CompletionFlushed sequence=2 kind=SwapMenuMiddle region=MiddleRegion
UnityEngine.Debug:Log (object,UnityEngine.Object)
Game.Composition.UiDiagnosticsComposition:Report (Game.UI.Contracts.UiDiagnosticSeverity,string,UnityEngine.Object) (at Assets/Game/Scripts/Composition/UiDiagnosticsComposition.cs:17)
Game.UI.Contracts.UiDiagnostics:Info (string,UnityEngine.Object) (at Assets/Game/Scripts/UI/Contracts/UiDiagnostics.cs:14)
Game.UI.Runtime.UIShellEcsPresentationSystem:LogTransition (string,Game.UI.Contracts.UiShellTransitionCompleteModel) (at Assets/Game/Scripts/UI/Shell/UIShellEcsPresentationSystem.cs:146)
Game.UI.Runtime.UIShellEcsPresentationSystem:FlushPendingCompletion () (at Assets/Game/Scripts/UI/Shell/UIShellEcsPresentationSystem.cs:129)
Game.UI.Runtime.UIShellEcsPresentationSystem:Update () (at Assets/Game/Scripts/UI/Shell/UIShellEcsPresentationSystem.cs:67)

[TrustUnderFireInput] touch=LaunchMissionButton
UnityEngine.Debug:Log (object)
Game.Editor.CH05M02TrustUnderFireInputProbe:Gesture (UnityEngine.Vector2,string) (at Assets/Game/Scripts/Editor/CH05M02TrustUnderFireInputProbe.cs:468)
Game.Editor.CH05M02TrustUnderFireInputProbe:Tap (UnityEngine.UI.Button) (at Assets/Game/Scripts/Editor/CH05M02TrustUnderFireInputProbe.cs:466)
Game.Editor.CH05M02TrustUnderFireInputProbe:Tick () (at Assets/Game/Scripts/Editor/CH05M02TrustUnderFireInputProbe.cs:263)
UnityEditor.EditorApplication:Internal_CallUpdateFunctions () (at /Users/bokken/build/output/unity/unity/Editor/Mono/EditorApplication.cs:403)

[UiShellPresentation] stage=CommandStarted sequence=3 kind=SwapMenuMiddle region=MiddleRegion route=MissionBriefing
UnityEngine.Debug:Log (object,UnityEngine.Object)
Game.Composition.UiDiagnosticsComposition:Report (Game.UI.Contracts.UiDiagnosticSeverity,string,UnityEngine.Object) (at Assets/Game/Scripts/Composition/UiDiagnosticsComposition.cs:17)
Game.UI.Contracts.UiDiagnostics:Info (string,UnityEngine.Object) (at Assets/Game/Scripts/UI/Contracts/UiDiagnostics.cs:14)
Game.UI.Runtime.UIShellEcsPresentationSystem:LogTransition (string,Game.UI.Contracts.UiShellPresentationCommandModel) (at Assets/Game/Scripts/UI/Shell/UIShellEcsPresentationSystem.cs:138)
Game.UI.Runtime.UIShellEcsPresentationSystem:Update () (at Assets/Game/Scripts/UI/Shell/UIShellEcsPresentationSystem.cs:87)

[UiShellPresentation] stage=CommandCompleted sequence=3 kind=SwapMenuMiddle region=MiddleRegion route=MissionBriefing
UnityEngine.Debug:Log (object,UnityEngine.Object)
Game.Composition.UiDiagnosticsComposition:Report (Game.UI.Contracts.UiDiagnosticSeverity,string,UnityEngine.Object) (at Assets/Game/Scripts/Composition/UiDiagnosticsComposition.cs:17)
Game.UI.Contracts.UiDiagnostics:Info (string,UnityEngine.Object) (at Assets/Game/Scripts/UI/Contracts/UiDiagnostics.cs:14)
Game.UI.Runtime.UIShellEcsPresentationSystem:LogTransition (string,Game.UI.Contracts.UiShellPresentationCommandModel) (at Assets/Game/Scripts/UI/Shell/UIShellEcsPresentationSystem.cs:138)
Game.UI.Runtime.UIShellEcsPresentationSystem/<>c__DisplayClass24_0:<Update>b__0 (int) (at Assets/Game/Scripts/UI/Shell/UIShellEcsPresentationSystem.cs:100)
Game.UI.Runtime.UIShellView/<>c__DisplayClass19_0:<ExecuteCommandSequence>b__0 () (at Assets/Game/Scripts/UI/Shell/UIShellView.cs:99)
Game.UI.Runtime.UIMotionHostView/<SequenceRoutine>d__32:MoveNext () (at Assets/Game/Scripts/UI/Shell/UIMotionHostView.cs:268)
UnityEngine.SetupCoroutine:InvokeMoveNext (System.Collections.IEnumerator,intptr) (at /Users/bokken/build/output/unity/unity/Runtime/Export/Scripting/Coroutines.cs:17)

[UiShellPresentation] stage=CompletionFlushed sequence=3 kind=SwapMenuMiddle region=MiddleRegion
UnityEngine.Debug:Log (object,UnityEngine.Object)
Game.Composition.UiDiagnosticsComposition:Report (Game.UI.Contracts.UiDiagnosticSeverity,string,UnityEngine.Object) (at Assets/Game/Scripts/Composition/UiDiagnosticsComposition.cs:17)
Game.UI.Contracts.UiDiagnostics:Info (string,UnityEngine.Object) (at Assets/Game/Scripts/UI/Contracts/UiDiagnostics.cs:14)
Game.UI.Runtime.UIShellEcsPresentationSystem:LogTransition (string,Game.UI.Contracts.UiShellTransitionCompleteModel) (at Assets/Game/Scripts/UI/Shell/UIShellEcsPresentationSystem.cs:146)
Game.UI.Runtime.UIShellEcsPresentationSystem:FlushPendingCompletion () (at Assets/Game/Scripts/UI/Shell/UIShellEcsPresentationSystem.cs:129)
Game.UI.Runtime.UIShellEcsPresentationSystem:Update () (at Assets/Game/Scripts/UI/Shell/UIShellEcsPresentationSystem.cs:67)

[TrustUnderFireInput] touch=DeployOperationButton
UnityEngine.Debug:Log (object)
Game.Editor.CH05M02TrustUnderFireInputProbe:Gesture (UnityEngine.Vector2,string) (at Assets/Game/Scripts/Editor/CH05M02TrustUnderFireInputProbe.cs:468)
Game.Editor.CH05M02TrustUnderFireInputProbe:Tap (UnityEngine.UI.Button) (at Assets/Game/Scripts/Editor/CH05M02TrustUnderFireInputProbe.cs:466)
Game.Editor.CH05M02TrustUnderFireInputProbe:Tick () (at Assets/Game/Scripts/Editor/CH05M02TrustUnderFireInputProbe.cs:257)
UnityEditor.EditorApplication:Internal_CallUpdateFunctions () (at /Users/bokken/build/output/unity/unity/Editor/Mono/EditorApplication.cs:403)

[UiShellPresentation] stage=CommandStarted sequence=4 kind=ExitMenu region=None route=Match
UnityEngine.Debug:Log (object,UnityEngine.Object)
Game.Composition.UiDiagnosticsComposition:Report (Game.UI.Contracts.UiDiagnosticSeverity,string,UnityEngine.Object) (at Assets/Game/Scripts/Composition/UiDiagnosticsComposition.cs:17)
Game.UI.Contracts.UiDiagnostics:Info (string,UnityEngine.Object) (at Assets/Game/Scripts/UI/Contracts/UiDiagnostics.cs:14)
Game.UI.Runtime.UIShellEcsPresentationSystem:LogTransition (string,Game.UI.Contracts.UiShellPresentationCommandModel) (at Assets/Game/Scripts/UI/Shell/UIShellEcsPresentationSystem.cs:138)
Game.UI.Runtime.UIShellEcsPresentationSystem:Update () (at Assets/Game/Scripts/UI/Shell/UIShellEcsPresentationSystem.cs:87)

[UiShellPresentation] stage=CommandCompleted sequence=4 kind=ExitMenu region=None route=Match
UnityEngine.Debug:Log (object,UnityEngine.Object)
Game.Composition.UiDiagnosticsComposition:Report (Game.UI.Contracts.UiDiagnosticSeverity,string,UnityEngine.Object) (at Assets/Game/Scripts/Composition/UiDiagnosticsComposition.cs:17)
Game.UI.Contracts.UiDiagnostics:Info (string,UnityEngine.Object) (at Assets/Game/Scripts/UI/Contracts/UiDiagnostics.cs:14)
Game.UI.Runtime.UIShellEcsPresentationSystem:LogTransition (string,Game.UI.Contracts.UiShellPresentationCommandModel) (at Assets/Game/Scripts/UI/Shell/UIShellEcsPresentationSystem.cs:138)
Game.UI.Runtime.UIShellEcsPresentationSystem/<>c__DisplayClass24_0:<Update>b__0 (int) (at Assets/Game/Scripts/UI/Shell/UIShellEcsPresentationSystem.cs:100)
Game.UI.Runtime.UIShellView/<>c__DisplayClass19_0:<ExecuteCommandSequence>b__0 () (at Assets/Game/Scripts/UI/Shell/UIShellView.cs:99)
Game.UI.Runtime.UIMotionHostView/<SequenceRoutine>d__32:MoveNext () (at Assets/Game/Scripts/UI/Shell/UIMotionHostView.cs:268)
UnityEngine.SetupCoroutine:InvokeMoveNext (System.Collections.IEnumerator,intptr) (at /Users/bokken/build/output/unity/unity/Runtime/Export/Scripting/Coroutines.cs:17)

[UiShellPresentation] stage=CompletionFlushed sequence=4 kind=ExitMenu region=None
UnityEngine.Debug:Log (object,UnityEngine.Object)
Game.Composition.UiDiagnosticsComposition:Report (Game.UI.Contracts.UiDiagnosticSeverity,string,UnityEngine.Object) (at Assets/Game/Scripts/Composition/UiDiagnosticsComposition.cs:17)
Game.UI.Contracts.UiDiagnostics:Info (string,UnityEngine.Object) (at Assets/Game/Scripts/UI/Contracts/UiDiagnostics.cs:14)
Game.UI.Runtime.UIShellEcsPresentationSystem:LogTransition (string,Game.UI.Contracts.UiShellTransitionCompleteModel) (at Assets/Game/Scripts/UI/Shell/UIShellEcsPresentationSystem.cs:146)
Game.UI.Runtime.UIShellEcsPresentationSystem:FlushPendingCompletion () (at Assets/Game/Scripts/UI/Shell/UIShellEcsPresentationSystem.cs:129)
Game.UI.Runtime.UIShellEcsPresentationSystem:Update () (at Assets/Game/Scripts/UI/Shell/UIShellEcsPresentationSystem.cs:67)

[UiShellRoute] submitted deferred Match scene load request after loading feedback.
UnityEngine.Debug:Log (object)
Game.Composition.MenuBootstrapCompositionSystemHelper:QueueDeferredMatchLoadAfterLoadingFeedback (Unity.Entities.EntityManager,Game.UI.Shell.Contracts.Ecs.UiShellStateComponent) (at Assets/Game/Scripts/Composition/MenuBootstrapCompositionSystemHelper.cs:643)
Game.Composition.MenuBootstrapCompositionSystemHelper:Update (Game.Composition.MenuBootstrapView,single) (at Assets/Game/Scripts/Composition/MenuBootstrapCompositionSystemHelper.cs:157)
Game.Composition.MenuBootstrapView:Update () (at Assets/Game/Scripts/Composition/MenuBootstrapView.cs:174)

[UiShellRoute] submitted deferred Match gameplay start request.
UnityEngine.Debug:Log (object)
Game.Composition.MenuBootstrapCompositionSystemHelper:QueueDeferredMatchLoadAfterLoadingFeedback (Unity.Entities.EntityManager,Game.UI.Shell.Contracts.Ecs.UiShellStateComponent) (at Assets/Game/Scripts/Composition/MenuBootstrapCompositionSystemHelper.cs:658)
Game.Composition.MenuBootstrapCompositionSystemHelper:Update (Game.Composition.MenuBootstrapView,single) (at Assets/Game/Scripts/Composition/MenuBootstrapCompositionSystemHelper.cs:157)
Game.Composition.MenuBootstrapView:Update () (at Assets/Game/Scripts/Composition/MenuBootstrapView.cs:174)

[OperationMapLaunchIdentity] source=Campaign mission=saga.ch05.m02.trust_under_fire scenario=scenario.ch05.m02.trust_under_fire operationMap=opmap.ch05.trust_under_fire
UnityEngine.Debug:Log (object)
Game.Composition.MatchSceneView:TryResolveOperationMapDefinition (Unity.Entities.World,Game.Configs.OperationMapDefinition&,bool&,Game.Components.OperationMapLoadResultCode&,string&) (at Assets/Game/Scripts/Composition/MatchSceneView.OperationMapLifecycle.cs:392)
Game.Composition.MatchSceneView:EnsureOperationMapSourceSceneLoad () (at Assets/Game/Scripts/Composition/MatchSceneView.OperationMapLifecycle.cs:329)
Game.Composition.MatchSceneView:EnsureMatchRuntimeBound () (at Assets/Game/Scripts/Composition/MatchSceneView.OperationMapLifecycle.cs:19)
Game.Composition.MatchSceneView:Awake () (at Assets/Game/Scripts/Composition/MatchSceneView.cs:229)

[OperationMapReadiness] ready=SourceContent, SubScene, Metadata, MapSurface, AuthoredConversion, PresentationManifest, RequiredPresentationPreload failed=None
UnityEngine.Debug:Log (object)
Game.Composition.MatchSceneView:TryPublishOperationMapReadiness (bool,bool,string&) (at Assets/Game/Scripts/Composition/MatchSceneView.OperationMapLifecycle.cs:282)
Game.Composition.MenuBootstrapCompositionSystemHelper:UpdateStaticMapPresentationForLoadedMatch (bool,Game.Composition.MatchSceneView) (at Assets/Game/Scripts/Composition/MenuBootstrapCompositionSystemHelper.cs:476)
Game.Composition.MenuBootstrapCompositionSystemHelper:UpdateStaticMapPresentation (Unity.Entities.EntityManager,Game.UI.Shell.Contracts.Ecs.UiShellStateComponent) (at Assets/Game/Scripts/Composition/MenuBootstrapCompositionSystemHelper.cs:453)
Game.Composition.MenuBootstrapCompositionSystemHelper:Update (Game.Composition.MenuBootstrapView,single) (at Assets/Game/Scripts/Composition/MenuBootstrapCompositionSystemHelper.cs:150)
Game.Composition.MenuBootstrapView:Update () (at Assets/Game/Scripts/Composition/MenuBootstrapView.cs:174)

[MapVehicleOwnershipRuntime] phase=CompositionInit configAssigned=0 placements=-1 authoringRootAssigned=1 configuredPacked=1
UnityEngine.Debug:Log (object)
Game.Runtime.BuildingGameplayCompositionSystemHelper:Initialize (Game.Configs.BuildingPlacementSystemConfig,UnityEngine.Camera,UnityEngine.Transform,UnityEngine.Transform,Game.Runtime.RoadGridProjectionSystem/RoadFootprintState,Game.Runtime.FactionVisualSettings,Game.Runtime.DayNightSystem,Game.Configs.RTSSelectionSystemConfig,Game.Configs.MapBuildingPlacementConfig,Game.Configs.MapVehiclePlacementConfig,UnityEngine.Transform,UnityEngine.Transform,System.Func`2<UnityEngine.GameObject, UnityEngine.Sprite>,Game.Runtime.BuildingProductionQueueCompositionSystemHelper/TryGetUnitProductionMetadataDelegate,Game.Runtime.BuildingProductionTransportPresentationSystemHelper/PrepareTransportDropVisualDelegate,System.Func`2<UnityEngine.GameObject, string>,Game.Runtime.BuildingDefinitionPrefabSystemHelper/TryGetBuildingDefinitionMetadataDelegate,Game.Runtime.BuildingDefinitionPrefabSystemHelper/TryGetUnitDefinitionMetadataDelegate,bool,System.Func`1<Game.Configs.MapVehiclePlacementConfig>,System.Func`1<UnityEngine.Transform>) (at Assets/Game/Scripts/Systems/BuildingGameplayCompositionSystemHelper.cs:470)
Game.Runtime.ManagedGameplayStartupSystemHelper:Initialize (Unity.Entities.EntityManager,Game.Configs.DayNightSystemConfig,Game.Configs.FactionVisualSettingsConfig,Game.Configs.RoadBuildSystemConfig,Game.Configs.BuildingPlacementSystemConfig,Game.Configs.MapBuildingPlacementConfig,Game.Configs.MapVehiclePlacementConfig,Game.Configs.RTSSelectionSystemConfig,Game.Configs.RuntimeCitySpawnerSystemConfig,Game.Configs.GameStringsConfig,UnityEngine.Camera,UnityEngine.Light,UnityEngine.Rendering.Volume,UnityEngine.Transform,UnityEngine.Transform,System.Func`3<UnityEngine.Transform, Game.Configs.RTSSelectionSystemConfig, Game.UI.Contracts.ISelectionRectangleView>,System.Func`2<UnityEngine.GameObject, UnityEngine.Sprite>,System.Func`2<UnityEngine.GameObject, UnityEngine.Sprite>,Game.Runtime.BuildingProductionQueueCompositionSystemHelper/TryGetUnitProductionMetadataDelegate,Game.Runtime.BuildingProductionTransportPresentationSystemHelper/PrepareTransportDropVisualDelegate,System.Func`2<UnityEngine.GameObject, string>,Game.Runtime.BuildingDefinitionPrefabSystemHelper/TryGetBuildingDefinitionMetadataDelegate,Game.Runtime.BuildingDefinitionPrefabSystemHelper/TryGetUnitDefinitionMetadataDelegate,UnityEngine.Transform,UnityEngine.Transform,Game.UI.Contracts.IMatchIntroStateQuery,bool,System.Func`1<Game.Configs.MapVehiclePlacementConfig>,System.Func`1<UnityEngine.Transform>) (at Assets/Game/Scripts/Systems/ManagedGameplayStartupSystemHelper.cs:177)
Game.Composition.MatchBootstrapCompositionSystemHelper:InitializeManagedRuntime (Game.Configs.DayNightSystemConfig,Game.Configs.FactionVisualSettingsConfig,Game.Configs.RoadBuildSystemConfig,Game.Configs.BuildingPlacementSystemConfig,Game.Configs.MapBuildingPlacementConfig,Game.Configs.MapVehiclePlacementConfig,Game.Configs.RTSSelectionSystemConfig,Game.Configs.RuntimeCitySpawnerSystemConfig,Game.Configs.GameStringsConfig,UnityEngine.Camera,UnityEngine.Light,UnityEngine.Rendering.Volume,UnityEngine.Transform,UnityEngine.Transform,System.Func`3<UnityEngine.Transform, Game.Configs.RTSSelectionSystemConfig, Game.UI.Contracts.ISelectionRectangleView>,UnityEngine.Transform,UnityEngine.Transform,Game.UI.Contracts.IMatchIntroStateQuery,bool) (at Assets/Game/Scripts/Composition/MatchBootstrapCompositionSystemHelper.cs:432)
Game.Composition.MatchBootstrapCompositionSystemHelper:InitializeManagedRuntimeIfNeeded () (at Assets/Game/Scripts/Composition/MatchBootstrapCompositionSystemHelper.cs:765)
Game.Composition.MatchGameplayStartupCompositionSystemHelper:AdvanceStep (Game.Runtime.BuildingRuntimeUpdateCompositionSystemHelper,Game.Runtime.BuildingRuntimeUpdateCompositionSystemHelper/Context&) (at Assets/Game/Scripts/Composition/MatchGameplayStartupCompositionSystemHelper.cs:158)
Game.Composition.MatchGameplayStartupCompositionSystemHelper:Advance (Game.Runtime.BuildingRuntimeUpdateCompositionSystemHelper,Game.Runtime.BuildingRuntimeUpdateCompositionSystemHelper/Context&) (at Assets/Game/Scripts/Composition/MatchGameplayStartupCompositionSystemHelper.cs:112)
Game.Composition.MatchBootstrapCompositionSystemHelper:Update () (at Assets/Game/Scripts/Composition/MatchBootstrapCompositionSystemHelper.cs:186)
Game.Composition.MatchSceneView:Update () (at Assets/Game/Scripts/Composition/MatchSceneView.cs:271)

[RuntimeGridBootstrap] RuntimeGridBootstrap_NoTacticalMapRuntimeLoader_2026-05-26 ready entity=24315 size=600x400 cellSize=1
UnityEngine.Debug:Log (object)
Game.Runtime.RuntimeGridBootstrapStartupSystemHelper:Ensure (Unity.Entities.EntityManager,int,int,single,UnityEngine.Vector3,UnityEngine.Vector2Int[]) (at Assets/Game/Scripts/Systems/RuntimeGridBootstrapStartupSystemHelper.cs:63)
Game.Composition.MatchBootstrapStartupConfigProjection:ProjectRuntimeStartupConfig (Unity.Entities.World,Game.Runtime.RuntimeGridBootstrapStartupSystemHelper,Game.Composition.MapSurfaceRuntimeBootstrapSceneSystemHelper,Game.Composition.MatchSceneView,Game.Configs.BuildingPlacementSystemConfig,Game.Runtime.AIStartupSystem,System.Collections.Generic.IReadOnlyList`1<Game.Configs.AIControllerConfig>,Game.Configs.AISettingsSnapshot,System.Collections.Generic.List`1<Game.Runtime.InitialFactionSpawnCellFallbackEntry>) (at Assets/Game/Scripts/Composition/MatchBootstrapStartupConfigProjection.cs:49)
Game.Composition.MatchGameplayStartupCompositionSystemHelper:AdvanceStep (Game.Runtime.BuildingRuntimeUpdateCompositionSystemHelper,Game.Runtime.BuildingRuntimeUpdateCompositionSystemHelper/Context&) (at Assets/Game/Scripts/Composition/MatchGameplayStartupCompositionSystemHelper.cs:181)
Game.Composition.MatchGameplayStartupCompositionSystemHelper:Advance (Game.Runtime.BuildingRuntimeUpdateCompositionSystemHelper,Game.Runtime.BuildingRuntimeUpdateCompositionSystemHelper/Context&) (at Assets/Game/Scripts/Composition/MatchGameplayStartupCompositionSystemHelper.cs:112)
Game.Composition.MatchBootstrapCompositionSystemHelper:Update () (at Assets/Game/Scripts/Composition/MatchBootstrapCompositionSystemHelper.cs:186)
Game.Composition.MatchSceneView:Update () (at Assets/Game/Scripts/Composition/MatchSceneView.cs:271)

[MapVehicleOwnershipRuntime] phase=RuntimeContextReady configAssigned=0 placements=-1 authoringRootAssigned=1 configuredPacked=1 positiveContract=0
UnityEngine.Debug:Log (object)
Game.Runtime.BuildingGameplayCompositionSystemHelper/<>c__DisplayClass16_0:<Initialize>g__EnsureRuntimeTickContext|38 () (at Assets/Game/Scripts/Systems/BuildingGameplayCompositionSystemHelper.cs:486)
Game.Runtime.BuildingGameplayCompositionSystemHelper/<>c__DisplayClass16_0:<Initialize>g__UpdateBuildingStartupTick|39 () (at Assets/Game/Scripts/Systems/BuildingGameplayCompositionSystemHelper.cs:606)
Game.Runtime.BuildingRuntimeUpdateCompositionSystemHelper:UpdateStartup (Game.Runtime.BuildingRuntimeUpdateCompositionSystemHelper/Context) (at Assets/Game/Scripts/Systems/BuildingRuntimeUpdateCompositionSystemHelper.cs:31)
Game.Composition.MatchGameplayStartupCompositionSystemHelper:AdvanceStep (Game.Runtime.BuildingRuntimeUpdateCompositionSystemHelper,Game.Runtime.BuildingRuntimeUpdateCompositionSystemHelper/Context&) (at Assets/Game/Scripts/Composition/MatchGameplayStartupCompositionSystemHelper.cs:288)
Game.Composition.MatchGameplayStartupCompositionSystemHelper:Advance (Game.Runtime.BuildingRuntimeUpdateCompositionSystemHelper,Game.Runtime.BuildingRuntimeUpdateCompositionSystemHelper/Context&) (at Assets/Game/Scripts/Composition/MatchGameplayStartupCompositionSystemHelper.cs:112)
Game.Composition.MatchBootstrapCompositionSystemHelper:Update () (at Assets/Game/Scripts/Composition/MatchBootstrapCompositionSystemHelper.cs:186)
Game.Composition.MatchSceneView:Update () (at Assets/Game/Scripts/Composition/MatchSceneView.cs:271)

[TrustUnderFireInputState] phase=Preparing outcome=None step=-1 clock=0 initialized=0 northCrossed=0 southCrossed=0 northArrived=0 southArrived=0 relay=0 military=0 northHold=0 southHold=0 verification=0 stable=0 failure=None
UnityEngine.Debug:Log (object)
Game.Editor.CH05M02TrustUnderFireInputProbe:Tick () (at Assets/Game/Scripts/Editor/CH05M02TrustUnderFireInputProbe.cs:151)
UnityEditor.EditorApplication:Internal_CallUpdateFunctions () (at /Users/bokken/build/output/unity/unity/Editor/Mono/EditorApplication.cs:403)

[LoadingGate] waiting frame=244 gameplayInitialized=1 playRequested=1 simulationActive=0 city=null blockers=null decorations=null initialSpawn=configs:1,initialized:0,progress:0
UnityEngine.Debug:Log (object)
Game.Runtime.GameplayRuntimeUpdateCompositionSystemHelper:LogLoadingGateIfDue (Unity.Entities.World,bool,Game.Runtime.RuntimeGameplayStateSystem,Game.Runtime.RuntimeCityCompositionSystemHelper,Game.Runtime.RuntimeGridBlockerPresentationSystemHelper,Game.Runtime.RuntimeDecorationSpawnerPresentationSystemHelper) (at Assets/Game/Scripts/Systems/GameplayRuntimeUpdateCompositionSystemHelper.Runtime.cs:413)
Game.Runtime.GameplayRuntimeUpdateCompositionSystemHelper:Update (Unity.Entities.World,bool,Game.Runtime.RuntimeGameplayStateSystem,Game.Runtime.PerformanceDiagnosticsSystemHelper,System.Action,Game.Runtime.BuildingRuntimeUpdateCompositionSystemHelper,Game.Runtime.BuildingRuntimeUpdateCompositionSystemHelper/Context,System.Action,UnityEngine.Camera,Game.Runtime.RuntimeCityCompositionSystemHelper,Game.Runtime.RuntimeGridBlockerPresentationSystemHelper,Game.Runtime.RuntimeDecorationSpawnerPresentationSystemHelper,Game.Runtime.DayNightSystem,System.Action,Game.UI.Contracts.IMatchRuntimeUi,Game.Rendering.Contracts.IUnitImpostorRenderer,bool&) (at Assets/Game/Scripts/Systems/GameplayRuntimeUpdateCompositionSystemHelper.Runtime.cs:239)
Game.Composition.MatchBootstrapCompositionSystemHelper:UpdateRuntime (bool,Game.Runtime.RuntimeGameplayStateSystem,Game.Runtime.PerformanceDiagnosticsSystemHelper,System.Action,Game.Runtime.BuildingRuntimeUpdateCompositionSystemHelper,Game.Runtime.BuildingRuntimeUpdateCompositionSystemHelper/Context,System.Action,UnityEngine.Camera,Game.Runtime.RuntimeCityCompositionSystemHelper,Game.Runtime.RuntimeGridBlockerPresentationSystemHelper,Game.Runtime.RuntimeDecorationSpawnerPresentationSystemHelper,Game.Runtime.DayNightSystem,System.Action,Game.UI.Contracts.IMatchRuntimeUi,Game.Rendering.Contracts.IUnitImpostorRenderer,bool&) (at Assets/Game/Scripts/Composition/MatchBootstrapCompositionSystemHelper.cs:583)
Game.Composition.MatchBootstrapCompositionSystemHelper:Update () (at Assets/Game/Scripts/Composition/MatchBootstrapCompositionSystemHelper.cs:203)
Game.Composition.MatchSceneView:Update () (at Assets/Game/Scripts/Composition/MatchSceneView.cs:271)

[LoadingGate] ready frame=245 gameplayInitialized=1 playRequested=1 simulationActive=1
UnityEngine.Debug:Log (object)
Game.Runtime.GameplayRuntimeUpdateCompositionSystemHelper:Update (Unity.Entities.World,bool,Game.Runtime.RuntimeGameplayStateSystem,Game.Runtime.PerformanceDiagnosticsSystemHelper,System.Action,Game.Runtime.BuildingRuntimeUpdateCompositionSystemHelper,Game.Runtime.BuildingRuntimeUpdateCompositionSystemHelper/Context,System.Action,UnityEngine.Camera,Game.Runtime.RuntimeCityCompositionSystemHelper,Game.Runtime.RuntimeGridBlockerPresentationSystemHelper,Game.Runtime.RuntimeDecorationSpawnerPresentationSystemHelper,Game.Runtime.DayNightSystem,System.Action,Game.UI.Contracts.IMatchRuntimeUi,Game.Rendering.Contracts.IUnitImpostorRenderer,bool&) (at Assets/Game/Scripts/Systems/GameplayRuntimeUpdateCompositionSystemHelper.Runtime.cs:220)
Game.Composition.MatchBootstrapCompositionSystemHelper:UpdateRuntime (bool,Game.Runtime.RuntimeGameplayStateSystem,Game.Runtime.PerformanceDiagnosticsSystemHelper,System.Action,Game.Runtime.BuildingRuntimeUpdateCompositionSystemHelper,Game.Runtime.BuildingRuntimeUpdateCompositionSystemHelper/Context,System.Action,UnityEngine.Camera,Game.Runtime.RuntimeCityCompositionSystemHelper,Game.Runtime.RuntimeGridBlockerPresentationSystemHelper,Game.Runtime.RuntimeDecorationSpawnerPresentationSystemHelper,Game.Runtime.DayNightSystem,System.Action,Game.UI.Contracts.IMatchRuntimeUi,Game.Rendering.Contracts.IUnitImpostorRenderer,bool&) (at Assets/Game/Scripts/Composition/MatchBootstrapCompositionSystemHelper.cs:583)
Game.Composition.MatchBootstrapCompositionSystemHelper:Update () (at Assets/Game/Scripts/Composition/MatchBootstrapCompositionSystemHelper.cs:203)
Game.Composition.MatchSceneView:Update () (at Assets/Game/Scripts/Composition/MatchSceneView.cs:271)

[PerfDiag] slowUpdate frame=246 total=115.3ms gc=0/0/0 cpuFrame=6.5ms cpuMain=4.5ms cpuRender=1.0ms gpu=5.6ms steps=RoadBuild=2.8ms, BuildingPlacement=94.2ms, Selection=17.1ms, DayNight=0.0ms, CitizenPopulation=0.0ms, MainMenu=1.1ms units=221 models=26 sourceKeys=221 sourceKeyFallbackVisuals=0 initialSpawnConfigs=1 drawCalls=85 batches=0 setPass=51 tris=622726 verts=1051290 memory=alloc=24165MB reserved=25990MB mono=5484MB uiToolkit=0 gameplayInitialized=1 playRequested=1 simulationActive=1 focused=1 vSync=0 targetFps=-1 topSystems=disabled markers=disabled
[FreezeDetect] Frame gap frame=247 Gap=154.0ms GC=0/0/0 LastSteps=RoadBuild=2.8ms, BuildingPlacement=94.2ms, Selection=17.1ms, DayNight=0.0ms, CitizenPopulation=0.0ms, MainMenu=1.1ms
[TrustPlacement] begin prefab=Building_Trust_Shelter configured=(14, 12) model=(14, 12) preferred=(522, 219) effectiveRect=(x:522, y:219, width:14, height:12) gridOrigin=float3(400f, 0f, 300f) gridSize=600x400
UnityEngine.Debug:Log (object)
Game.Runtime.BuildingRuntimeSpawnCompositionSystemHelper:TryFindValidInitialBuildingOrigin (Game.Runtime.BuildingRuntimeSpawnCompositionSystemHelper/Context,Game.Runtime.BuildingDefinition,UnityEngine.Vector2Int,bool,Game.Components.GridConfig,Unity.Entities.DynamicBuffer`1<Game.Components.GridRoad>,Game.Components.DynamicBlockerComponent,UnityEngine.Vector2Int&,bool,bool) (at Assets/Game/Scripts/Systems/BuildingRuntimeSpawnCompositionSystemHelper.InitialPlacement.cs:32)
Game.Runtime.BuildingRuntimeSpawnCompositionSystemHelper:TrySpawnInitialBuilding (Game.Runtime.BuildingRuntimeSpawnCompositionSystemHelper/Context,Game.Runtime.BuildingDefinition,UnityEngine.Vector2Int,bool,Game.Runtime.RuntimeBuildingEntity&,bool,bool) (at Assets/Game/Scripts/Systems/BuildingRuntimeSpawnCompositionSystemHelper.cs:329)
Game.Runtime.BuildingRuntimeSpawnCompositionSystemHelper:TrySpawnRuntimeBuilding (Game.Runtime.BuildingRuntimeSpawnCompositionSystemHelper/Context,UnityEngine.GameObject,UnityEngine.Vector2Int,string,string,System.Nullable`1<UnityEngine.Vector2Int>,int,bool,System.Nullable`1<byte>,bool,Game.Runtime.BuildingRuntimeSpawnCompositionSystemHelper/SpawnRuntimeBuildingResult&,bool,bool) (at Assets/Game/Scripts/Systems/BuildingRuntimeSpawnCompositionSystemHelper.cs:134)
Game.Runtime.BuildingRuntimeSpawnCompositionSystemHelper:TryPlaceRuntimeBuilding (Game.Runtime.BuildingRuntimeSpawnCompositionSystemHelper/Context,UnityEngine.GameObject,UnityEngine.Vector2Int,string,string,System.Nullable`1<UnityEngine.Vector2Int>,int,bool,System.Nullable`1<byte>,bool,Game.Runtime.BuildingRuntimeSpawnCompositionSystemHelper/SpawnRuntimeBuildingResult&,bool,bool) (at Assets/Game/Scripts/Systems/BuildingRuntimeSpawnCompositionSystemHelper.cs:161)
Game.Runtime.BuildingRuntimeProcessingCompositionSystemHelper:ProcessRuntimeSpawnRequests (Game.Runtime.BuildingDefinitionPrefabSystemHelper,Game.Runtime.BuildingRuntimeSpawnCompositionSystemHelper,Game.Runtime.BuildingRuntimeSpawnCompositionSystemHelper/Context,Unity.Entities.EntityManager,Unity.Entities.Entity,single,bool) (at Assets/Game/Scripts/Systems/BuildingRuntimeProcessingCompositionSystemHelper.cs:478)
Game.Runtime.BuildingRuntimeProcessingCompositionSystemHelper:ProcessRequests (Game.Runtime.BuildingDefinitionPrefabSystemHelper,Game.Runtime.BuildingRuntimeSpawnCompositionSystemHelper,Game.Runtime.BuildingRuntimeSpawnCompositionSystemHelper/Context,Game.Runtime.BuildingProductionRequestSystemHelper,Game.Runtime.BuildingProductionRequestSystemHelper/Context,Game.Runtime.BuildingRuntimeReadModelCompositionSystemHelper,Game.Runtime.BuildingRuntimeReadModelCompositionSystemHelper/Context,Game.Runtime.FactionResourceCompositionSystemHelper,System.Collections.Generic.IReadOnlyDictionary`2<int, Game.Runtime.RuntimeBuildingEntity>,Unity.Entities.EntityManager,Unity.Entities.Entity,single,int) (at Assets/Game/Scripts/Systems/BuildingRuntimeProcessingCompositionSystemHelper.cs:163)
Game.Runtime.BuildingRuntimeProcessingCompositionSystemHelper:Update (Game.Runtime.BuildingDefinitionPrefabSystemHelper,Game.Runtime.BuildingRuntimeSpawnCompositionSystemHelper,Game.Runtime.BuildingRuntimeSpawnCompositionSystemHelper/Context,Game.Runtime.BuildingProductionRequestSystemHelper,Game.Runtime.BuildingProductionRequestSystemHelper/Context,Game.Runtime.BuildingRuntimeReadModelCompositionSystemHelper,Game.Runtime.BuildingRuntimeReadModelCompositionSystemHelper/Context,Game.Runtime.FactionResourceCompositionSystemHelper,Unity.Entities.EntityManager,Unity.Entities.EntityQuery,System.Collections.Generic.IReadOnlyDictionary`2<int, Game.Runtime.RuntimeBuildingEntity>,single,int) (at Assets/Game/Scripts/Systems/BuildingRuntimeProcessingCompositionSystemHelper.cs:113)
Game.Runtime.BuildingRuntimePublishCompositionSystemHelper:Update (Game.Runtime.BuildingRuntimePublishCompositionSystemHelper/Context) (at Assets/Game/Scripts/Systems/BuildingRuntimePublishCompositionSystemHelper.cs:65)
Game.Runtime.BuildingPlacementRuntimeTickContextCompositionSystemHelper/<>c__DisplayClass4_0:<Create>b__5 () (at Assets/Game/Scripts/Systems/BuildingPlacementRuntimeTickContextCompositionSystemHelper.cs:68)
Game.Runtime.BuildingPlacementRuntimeTickCompositionSystemHelper:UpdateSimulation (Game.Runtime.BuildingPlacementRuntimeTickCompositionSystemHelper/Context) (at Assets/Game/Scripts/Systems/BuildingPlacementRuntimeTickCompositionSystemHelper.cs:189)
Game.Runtime.BuildingGameplayCompositionSystemHelper/<>c__DisplayClass16_0:<Initialize>g__UpdateBuildingSimulationTick|40 () (at Assets/Game/Scripts/Systems/BuildingGameplayCompositionSystemHelper.cs:614)
Game.Runtime.BuildingRuntimeUpdateCompositionSystemHelper:UpdateSimulation (Game.Runtime.BuildingRuntimeUpdateCompositionSystemHelper/Context) (at Assets/Game/Scripts/Systems/BuildingRuntimeUpdateCompositionSystemHelper.cs:41)
Game.Runtime.GameplayRuntimeUpdateCompositionSystemHelper:Update (Unity.Entities.World,bool,Game.Runtime.RuntimeGameplayStateSystem,Game.Runtime.PerformanceDiagnosticsSystemHelper,System.Action,Game.Runtime.BuildingRuntimeUpdateCompositionSystemHelper,Game.Runtime.BuildingRuntimeUpdateCompositionSystemHelper/Context,System.Action,UnityEngine.Camera,Game.Runtime.RuntimeCityCompositionSystemHelper,Game.Runtime.RuntimeGridBlockerPresentationSystemHelper,Game.Runtime.RuntimeDecorationSpawnerPresentationSystemHelper,Game.Runtime.DayNightSystem,System.Action,Game.UI.Contracts.IMatchRuntimeUi,Game.Rendering.Contracts.IUnitImpostorRenderer,bool&) (at Assets/Game/Scripts/Systems/GameplayRuntimeUpdateCompositionSystemHelper.Runtime.cs:150)
Game.Composition.MatchBootstrapCompositionSystemHelper:UpdateRuntime (bool,Game.Runtime.RuntimeGameplayStateSystem,Game.Runtime.PerformanceDiagnosticsSystemHelper,System.Action,Game.Runtime.BuildingRuntimeUpdateCompositionSystemHelper,Game.Runtime.BuildingRuntimeUpdateCompositionSystemHelper/Context,System.Action,UnityEngine.Camera,Game.Runtime.RuntimeCityCompositionSystemHelper,Game.Runtime.RuntimeGridBlockerPresentationSystemHelper,Game.Runtime.RuntimeDecorationSpawnerPresentationSystemHelper,Game.Runtime.DayNightSystem,System.Action,Game.UI.Contracts.IMatchRuntimeUi,Game.Rendering.Contracts.IUnitImpostorRenderer,bool&) (at Assets/Game/Scripts/Composition/MatchBootstrapCompositionSystemHelper.cs:583)
Game.Composition.MatchBootstrapCompositionSystemHelper:Update () (at Assets/Game/Scripts/Composition/MatchBootstrapCompositionSystemHelper.cs:203)
Game.Composition.MatchSceneView:Update () (at Assets/Game/Scripts/Composition/MatchSceneView.cs:271)

[TrustPlacement] begin prefab=Building_Trust_Shelter configured=(14, 12) model=(14, 12) preferred=(522, 99) effectiveRect=(x:522, y:99, width:14, height:12) gridOrigin=float3(400f, 0f, 300f) gridSize=600x400
UnityEngine.Debug:Log (object)
Game.Runtime.BuildingRuntimeSpawnCompositionSystemHelper:TryFindValidInitialBuildingOrigin (Game.Runtime.BuildingRuntimeSpawnCompositionSystemHelper/Context,Game.Runtime.BuildingDefinition,UnityEngine.Vector2Int,bool,Game.Components.GridConfig,Unity.Entities.DynamicBuffer`1<Game.Components.GridRoad>,Game.Components.DynamicBlockerComponent,UnityEngine.Vector2Int&,bool,bool) (at Assets/Game/Scripts/Systems/BuildingRuntimeSpawnCompositionSystemHelper.InitialPlacement.cs:32)
Game.Runtime.BuildingRuntimeSpawnCompositionSystemHelper:TrySpawnInitialBuilding (Game.Runtime.BuildingRuntimeSpawnCompositionSystemHelper/Context,Game.Runtime.BuildingDefinition,UnityEngine.Vector2Int,bool,Game.Runtime.RuntimeBuildingEntity&,bool,bool) (at Assets/Game/Scripts/Systems/BuildingRuntimeSpawnCompositionSystemHelper.cs:329)
Game.Runtime.BuildingRuntimeSpawnCompositionSystemHelper:TrySpawnRuntimeBuilding (Game.Runtime.BuildingRuntimeSpawnCompositionSystemHelper/Context,UnityEngine.GameObject,UnityEngine.Vector2Int,string,string,System.Nullable`1<UnityEngine.Vector2Int>,int,bool,System.Nullable`1<byte>,bool,Game.Runtime.BuildingRuntimeSpawnCompositionSystemHelper/SpawnRuntimeBuildingResult&,bool,bool) (at Assets/Game/Scripts/Systems/BuildingRuntimeSpawnCompositionSystemHelper.cs:134)
Game.Runtime.BuildingRuntimeSpawnCompositionSystemHelper:TryPlaceRuntimeBuilding (Game.Runtime.BuildingRuntimeSpawnCompositionSystemHelper/Context,UnityEngine.GameObject,UnityEngine.Vector2Int,string,string,System.Nullable`1<UnityEngine.Vector2Int>,int,bool,System.Nullable`1<byte>,bool,Game.Runtime.BuildingRuntimeSpawnCompositionSystemHelper/SpawnRuntimeBuildingResult&,bool,bool) (at Assets/Game/Scripts/Systems/BuildingRuntimeSpawnCompositionSystemHelper.cs:161)
Game.Runtime.BuildingRuntimeProcessingCompositionSystemHelper:ProcessRuntimeSpawnRequests (Game.Runtime.BuildingDefinitionPrefabSystemHelper,Game.Runtime.BuildingRuntimeSpawnCompositionSystemHelper,Game.Runtime.BuildingRuntimeSpawnCompositionSystemHelper/Context,Unity.Entities.EntityManager,Unity.Entities.Entity,single,bool) (at Assets/Game/Scripts/Systems/BuildingRuntimeProcessingCompositionSystemHelper.cs:478)
Game.Runtime.BuildingRuntimeProcessingCompositionSystemHelper:ProcessRequests (Game.Runtime.BuildingDefinitionPrefabSystemHelper,Game.Runtime.BuildingRuntimeSpawnCompositionSystemHelper,Game.Runtime.BuildingRuntimeSpawnCompositionSystemHelper/Context,Game.Runtime.BuildingProductionRequestSystemHelper,Game.Runtime.BuildingProductionRequestSystemHelper/Context,Game.Runtime.BuildingRuntimeReadModelCompositionSystemHelper,Game.Runtime.BuildingRuntimeReadModelCompositionSystemHelper/Context,Game.Runtime.FactionResourceCompositionSystemHelper,System.Collections.Generic.IReadOnlyDictionary`2<int, Game.Runtime.RuntimeBuildingEntity>,Unity.Entities.EntityManager,Unity.Entities.Entity,single,int) (at Assets/Game/Scripts/Systems/BuildingRuntimeProcessingCompositionSystemHelper.cs:163)
Game.Runtime.BuildingRuntimeProcessingCompositionSystemHelper:Update (Game.Runtime.BuildingDefinitionPrefabSystemHelper,Game.Runtime.BuildingRuntimeSpawnCompositionSystemHelper,Game.Runtime.BuildingRuntimeSpawnCompositionSystemHelper/Context,Game.Runtime.BuildingProductionRequestSystemHelper,Game.Runtime.BuildingProductionRequestSystemHelper/Context,Game.Runtime.BuildingRuntimeReadModelCompositionSystemHelper,Game.Runtime.BuildingRuntimeReadModelCompositionSystemHelper/Context,Game.Runtime.FactionResourceCompositionSystemHelper,Unity.Entities.EntityManager,Unity.Entities.EntityQuery,System.Collections.Generic.IReadOnlyDictionary`2<int, Game.Runtime.RuntimeBuildingEntity>,single,int) (at Assets/Game/Scripts/Systems/BuildingRuntimeProcessingCompositionSystemHelper.cs:113)
Game.Runtime.BuildingRuntimePublishCompositionSystemHelper:Update (Game.Runtime.BuildingRuntimePublishCompositionSystemHelper/Context) (at Assets/Game/Scripts/Systems/BuildingRuntimePublishCompositionSystemHelper.cs:65)
Game.Runtime.BuildingPlacementRuntimeTickContextCompositionSystemHelper/<>c__DisplayClass4_0:<Create>b__5 () (at Assets/Game/Scripts/Systems/BuildingPlacementRuntimeTickContextCompositionSystemHelper.cs:68)
Game.Runtime.BuildingPlacementRuntimeTickCompositionSystemHelper:UpdateSimulation (Game.Runtime.BuildingPlacementRuntimeTickCompositionSystemHelper/Context) (at Assets/Game/Scripts/Systems/BuildingPlacementRuntimeTickCompositionSystemHelper.cs:189)
Game.Runtime.BuildingGameplayCompositionSystemHelper/<>c__DisplayClass16_0:<Initialize>g__UpdateBuildingSimulationTick|40 () (at Assets/Game/Scripts/Systems/BuildingGameplayCompositionSystemHelper.cs:614)
Game.Runtime.BuildingRuntimeUpdateCompositionSystemHelper:UpdateSimulation (Game.Runtime.BuildingRuntimeUpdateCompositionSystemHelper/Context) (at Assets/Game/Scripts/Systems/BuildingRuntimeUpdateCompositionSystemHelper.cs:41)
Game.Runtime.GameplayRuntimeUpdateCompositionSystemHelper:Update (Unity.Entities.World,bool,Game.Runtime.RuntimeGameplayStateSystem,Game.Runtime.PerformanceDiagnosticsSystemHelper,System.Action,Game.Runtime.BuildingRuntimeUpdateCompositionSystemHelper,Game.Runtime.BuildingRuntimeUpdateCompositionSystemHelper/Context,System.Action,UnityEngine.Camera,Game.Runtime.RuntimeCityCompositionSystemHelper,Game.Runtime.RuntimeGridBlockerPresentationSystemHelper,Game.Runtime.RuntimeDecorationSpawnerPresentationSystemHelper,Game.Runtime.DayNightSystem,System.Action,Game.UI.Contracts.IMatchRuntimeUi,Game.Rendering.Contracts.IUnitImpostorRenderer,bool&) (at Assets/Game/Scripts/Systems/GameplayRuntimeUpdateCompositionSystemHelper.Runtime.cs:150)
Game.Composition.MatchBootstrapCompositionSystemHelper:UpdateRuntime (bool,Game.Runtime.RuntimeGameplayStateSystem,Game.Runtime.PerformanceDiagnosticsSystemHelper,System.Action,Game.Runtime.BuildingRuntimeUpdateCompositionSystemHelper,Game.Runtime.BuildingRuntimeUpdateCompositionSystemHelper/Context,System.Action,UnityEngine.Camera,Game.Runtime.RuntimeCityCompositionSystemHelper,Game.Runtime.RuntimeGridBlockerPresentationSystemHelper,Game.Runtime.RuntimeDecorationSpawnerPresentationSystemHelper,Game.Runtime.DayNightSystem,System.Action,Game.UI.Contracts.IMatchRuntimeUi,Game.Rendering.Contracts.IUnitImpostorRenderer,bool&) (at Assets/Game/Scripts/Composition/MatchBootstrapCompositionSystemHelper.cs:583)
Game.Composition.MatchBootstrapCompositionSystemHelper:Update () (at Assets/Game/Scripts/Composition/MatchBootstrapCompositionSystemHelper.cs:203)
Game.Composition.MatchSceneView:Update () (at Assets/Game/Scripts/Composition/MatchSceneView.cs:271)

[TrustPlacement] begin prefab=Building_Trust_Broadcast configured=(14, 12) model=(14, 12) preferred=(128, 324) effectiveRect=(x:128, y:324, width:14, height:12) gridOrigin=float3(400f, 0f, 300f) gridSize=600x400
UnityEngine.Debug:Log (object)
Game.Runtime.BuildingRuntimeSpawnCompositionSystemHelper:TryFindValidInitialBuildingOrigin (Game.Runtime.BuildingRuntimeSpawnCompositionSystemHelper/Context,Game.Runtime.BuildingDefinition,UnityEngine.Vector2Int,bool,Game.Components.GridConfig,Unity.Entities.DynamicBuffer`1<Game.Components.GridRoad>,Game.Components.DynamicBlockerComponent,UnityEngine.Vector2Int&,bool,bool) (at Assets/Game/Scripts/Systems/BuildingRuntimeSpawnCompositionSystemHelper.InitialPlacement.cs:32)
Game.Runtime.BuildingRuntimeSpawnCompositionSystemHelper:TrySpawnInitialBuilding (Game.Runtime.BuildingRuntimeSpawnCompositionSystemHelper/Context,Game.Runtime.BuildingDefinition,UnityEngine.Vector2Int,bool,Game.Runtime.RuntimeBuildingEntity&,bool,bool) (at Assets/Game/Scripts/Systems/BuildingRuntimeSpawnCompositionSystemHelper.cs:329)
Game.Runtime.BuildingRuntimeSpawnCompositionSystemHelper:TrySpawnRuntimeBuilding (Game.Runtime.BuildingRuntimeSpawnCompositionSystemHelper/Context,UnityEngine.GameObject,UnityEngine.Vector2Int,string,string,System.Nullable`1<UnityEngine.Vector2Int>,int,bool,System.Nullable`1<byte>,bool,Game.Runtime.BuildingRuntimeSpawnCompositionSystemHelper/SpawnRuntimeBuildingResult&,bool,bool) (at Assets/Game/Scripts/Systems/BuildingRuntimeSpawnCompositionSystemHelper.cs:134)
Game.Runtime.BuildingRuntimeSpawnCompositionSystemHelper:TryPlaceRuntimeBuilding (Game.Runtime.BuildingRuntimeSpawnCompositionSystemHelper/Context,UnityEngine.GameObject,UnityEngine.Vector2Int,string,string,System.Nullable`1<UnityEngine.Vector2Int>,int,bool,System.Nullable`1<byte>,bool,Game.Runtime.BuildingRuntimeSpawnCompositionSystemHelper/SpawnRuntimeBuildingResult&,bool,bool) (at Assets/Game/Scripts/Systems/BuildingRuntimeSpawnCompositionSystemHelper.cs:161)
Game.Runtime.BuildingRuntimeProcessingCompositionSystemHelper:ProcessRuntimeSpawnRequests (Game.Runtime.BuildingDefinitionPrefabSystemHelper,Game.Runtime.BuildingRuntimeSpawnCompositionSystemHelper,Game.Runtime.BuildingRuntimeSpawnCompositionSystemHelper/Context,Unity.Entities.EntityManager,Unity.Entities.Entity,single,bool) (at Assets/Game/Scripts/Systems/BuildingRuntimeProcessingCompositionSystemHelper.cs:478)
Game.Runtime.BuildingRuntimeProcessingCompositionSystemHelper:ProcessRequests (Game.Runtime.BuildingDefinitionPrefabSystemHelper,Game.Runtime.BuildingRuntimeSpawnCompositionSystemHelper,Game.Runtime.BuildingRuntimeSpawnCompositionSystemHelper/Context,Game.Runtime.BuildingProductionRequestSystemHelper,Game.Runtime.BuildingProductionRequestSystemHelper/Context,Game.Runtime.BuildingRuntimeReadModelCompositionSystemHelper,Game.Runtime.BuildingRuntimeReadModelCompositionSystemHelper/Context,Game.Runtime.FactionResourceCompositionSystemHelper,System.Collections.Generic.IReadOnlyDictionary`2<int, Game.Runtime.RuntimeBuildingEntity>,Unity.Entities.EntityManager,Unity.Entities.Entity,single,int) (at Assets/Game/Scripts/Systems/BuildingRuntimeProcessingCompositionSystemHelper.cs:163)
Game.Runtime.BuildingRuntimeProcessingCompositionSystemHelper:Update (Game.Runtime.BuildingDefinitionPrefabSystemHelper,Game.Runtime.BuildingRuntimeSpawnCompositionSystemHelper,Game.Runtime.BuildingRuntimeSpawnCompositionSystemHelper/Context,Game.Runtime.BuildingProductionRequestSystemHelper,Game.Runtime.BuildingProductionRequestSystemHelper/Context,Game.Runtime.BuildingRuntimeReadModelCompositionSystemHelper,Game.Runtime.BuildingRuntimeReadModelCompositionSystemHelper/Context,Game.Runtime.FactionResourceCompositionSystemHelper,Unity.Entities.EntityManager,Unity.Entities.EntityQuery,System.Collections.Generic.IReadOnlyDictionary`2<int, Game.Runtime.RuntimeBuildingEntity>,single,int) (at Assets/Game/Scripts/Systems/BuildingRuntimeProcessingCompositionSystemHelper.cs:113)
Game.Runtime.BuildingRuntimePublishCompositionSystemHelper:Update (Game.Runtime.BuildingRuntimePublishCompositionSystemHelper/Context) (at Assets/Game/Scripts/Systems/BuildingRuntimePublishCompositionSystemHelper.cs:65)
Game.Runtime.BuildingPlacementRuntimeTickContextCompositionSystemHelper/<>c__DisplayClass4_0:<Create>b__5 () (at Assets/Game/Scripts/Systems/BuildingPlacementRuntimeTickContextCompositionSystemHelper.cs:68)
Game.Runtime.BuildingPlacementRuntimeTickCompositionSystemHelper:UpdateSimulation (Game.Runtime.BuildingPlacementRuntimeTickCompositionSystemHelper/Context) (at Assets/Game/Scripts/Systems/BuildingPlacementRuntimeTickCompositionSystemHelper.cs:189)
Game.Runtime.BuildingGameplayCompositionSystemHelper/<>c__DisplayClass16_0:<Initialize>g__UpdateBuildingSimulationTick|40 () (at Assets/Game/Scripts/Systems/BuildingGameplayCompositionSystemHelper.cs:614)
Game.Runtime.BuildingRuntimeUpdateCompositionSystemHelper:UpdateSimulation (Game.Runtime.BuildingRuntimeUpdateCompositionSystemHelper/Context) (at Assets/Game/Scripts/Systems/BuildingRuntimeUpdateCompositionSystemHelper.cs:41)
Game.Runtime.GameplayRuntimeUpdateCompositionSystemHelper:Update (Unity.Entities.World,bool,Game.Runtime.RuntimeGameplayStateSystem,Game.Runtime.PerformanceDiagnosticsSystemHelper,System.Action,Game.Runtime.BuildingRuntimeUpdateCompositionSystemHelper,Game.Runtime.BuildingRuntimeUpdateCompositionSystemHelper/Context,System.Action,UnityEngine.Camera,Game.Runtime.RuntimeCityCompositionSystemHelper,Game.Runtime.RuntimeGridBlockerPresentationSystemHelper,Game.Runtime.RuntimeDecorationSpawnerPresentationSystemHelper,Game.Runtime.DayNightSystem,System.Action,Game.UI.Contracts.IMatchRuntimeUi,Game.Rendering.Contracts.IUnitImpostorRenderer,bool&) (at Assets/Game/Scripts/Systems/GameplayRuntimeUpdateCompositionSystemHelper.Runtime.cs:150)
Game.Composition.MatchBootstrapCompositionSystemHelper:UpdateRuntime (bool,Game.Runtime.RuntimeGameplayStateSystem,Game.Runtime.PerformanceDiagnosticsSystemHelper,System.Action,Game.Runtime.BuildingRuntimeUpdateCompositionSystemHelper,Game.Runtime.BuildingRuntimeUpdateCompositionSystemHelper/Context,System.Action,UnityEngine.Camera,Game.Runtime.RuntimeCityCompositionSystemHelper,Game.Runtime.RuntimeGridBlockerPresentationSystemHelper,Game.Runtime.RuntimeDecorationSpawnerPresentationSystemHelper,Game.Runtime.DayNightSystem,System.Action,Game.UI.Contracts.IMatchRuntimeUi,Game.Rendering.Contracts.IUnitImpostorRenderer,bool&) (at Assets/Game/Scripts/Composition/MatchBootstrapCompositionSystemHelper.cs:583)
Game.Composition.MatchBootstrapCompositionSystemHelper:Update () (at Assets/Game/Scripts/Composition/MatchBootstrapCompositionSystemHelper.cs:203)
Game.Composition.MatchSceneView:Update () (at Assets/Game/Scripts/Composition/MatchSceneView.cs:271)

[TrustPlacement] begin prefab=Building_Trust_ReserveDepot configured=(26, 25) model=(26, 25) preferred=(380, 350) effectiveRect=(x:380, y:350, width:26, height:25) gridOrigin=float3(400f, 0f, 300f) gridSize=600x400
UnityEngine.Debug:Log (object)
Game.Runtime.BuildingRuntimeSpawnCompositionSystemHelper:TryFindValidInitialBuildingOrigin (Game.Runtime.BuildingRuntimeSpawnCompositionSystemHelper/Context,Game.Runtime.BuildingDefinition,UnityEngine.Vector2Int,bool,Game.Components.GridConfig,Unity.Entities.DynamicBuffer`1<Game.Components.GridRoad>,Game.Components.DynamicBlockerComponent,UnityEngine.Vector2Int&,bool,bool) (at Assets/Game/Scripts/Systems/BuildingRuntimeSpawnCompositionSystemHelper.InitialPlacement.cs:32)
Game.Runtime.BuildingRuntimeSpawnCompositionSystemHelper:TrySpawnInitialBuilding (Game.Runtime.BuildingRuntimeSpawnCompositionSystemHelper/Context,Game.Runtime.BuildingDefinition,UnityEngine.Vector2Int,bool,Game.Runtime.RuntimeBuildingEntity&,bool,bool) (at Assets/Game/Scripts/Systems/BuildingRuntimeSpawnCompositionSystemHelper.cs:329)
Game.Runtime.BuildingRuntimeSpawnCompositionSystemHelper:TrySpawnRuntimeBuilding (Game.Runtime.BuildingRuntimeSpawnCompositionSystemHelper/Context,UnityEngine.GameObject,UnityEngine.Vector2Int,string,string,System.Nullable`1<UnityEngine.Vector2Int>,int,bool,System.Nullable`1<byte>,bool,Game.Runtime.BuildingRuntimeSpawnCompositionSystemHelper/SpawnRuntimeBuildingResult&,bool,bool) (at Assets/Game/Scripts/Systems/BuildingRuntimeSpawnCompositionSystemHelper.cs:134)
Game.Runtime.BuildingRuntimeSpawnCompositionSystemHelper:TryPlaceRuntimeBuilding (Game.Runtime.BuildingRuntimeSpawnCompositionSystemHelper/Context,UnityEngine.GameObject,UnityEngine.Vector2Int,string,string,System.Nullable`1<UnityEngine.Vector2Int>,int,bool,System.Nullable`1<byte>,bool,Game.Runtime.BuildingRuntimeSpawnCompositionSystemHelper/SpawnRuntimeBuildingResult&,bool,bool) (at Assets/Game/Scripts/Systems/BuildingRuntimeSpawnCompositionSystemHelper.cs:161)
Game.Runtime.BuildingRuntimeProcessingCompositionSystemHelper:ProcessRuntimeSpawnRequests (Game.Runtime.BuildingDefinitionPrefabSystemHelper,Game.Runtime.BuildingRuntimeSpawnCompositionSystemHelper,Game.Runtime.BuildingRuntimeSpawnCompositionSystemHelper/Context,Unity.Entities.EntityManager,Unity.Entities.Entity,single,bool) (at Assets/Game/Scripts/Systems/BuildingRuntimeProcessingCompositionSystemHelper.cs:478)
Game.Runtime.BuildingRuntimeProcessingCompositionSystemHelper:ProcessRequests (Game.Runtime.BuildingDefinitionPrefabSystemHelper,Game.Runtime.BuildingRuntimeSpawnCompositionSystemHelper,Game.Runtime.BuildingRuntimeSpawnCompositionSystemHelper/Context,Game.Runtime.BuildingProductionRequestSystemHelper,Game.Runtime.BuildingProductionRequestSystemHelper/Context,Game.Runtime.BuildingRuntimeReadModelCompositionSystemHelper,Game.Runtime.BuildingRuntimeReadModelCompositionSystemHelper/Context,Game.Runtime.FactionResourceCompositionSystemHelper,System.Collections.Generic.IReadOnlyDictionary`2<int, Game.Runtime.RuntimeBuildingEntity>,Unity.Entities.EntityManager,Unity.Entities.Entity,single,int) (at Assets/Game/Scripts/Systems/BuildingRuntimeProcessingCompositionSystemHelper.cs:163)
Game.Runtime.BuildingRuntimeProcessingCompositionSystemHelper:Update (Game.Runtime.BuildingDefinitionPrefabSystemHelper,Game.Runtime.BuildingRuntimeSpawnCompositionSystemHelper,Game.Runtime.BuildingRuntimeSpawnCompositionSystemHelper/Context,Game.Runtime.BuildingProductionRequestSystemHelper,Game.Runtime.BuildingProductionRequestSystemHelper/Context,Game.Runtime.BuildingRuntimeReadModelCompositionSystemHelper,Game.Runtime.BuildingRuntimeReadModelCompositionSystemHelper/Context,Game.Runtime.FactionResourceCompositionSystemHelper,Unity.Entities.EntityManager,Unity.Entities.EntityQuery,System.Collections.Generic.IReadOnlyDictionary`2<int, Game.Runtime.RuntimeBuildingEntity>,single,int) (at Assets/Game/Scripts/Systems/BuildingRuntimeProcessingCompositionSystemHelper.cs:113)
Game.Runtime.BuildingRuntimePublishCompositionSystemHelper:Update (Game.Runtime.BuildingRuntimePublishCompositionSystemHelper/Context) (at Assets/Game/Scripts/Systems/BuildingRuntimePublishCompositionSystemHelper.cs:65)
Game.Runtime.BuildingPlacementRuntimeTickContextCompositionSystemHelper/<>c__DisplayClass4_0:<Create>b__5 () (at Assets/Game/Scripts/Systems/BuildingPlacementRuntimeTickContextCompositionSystemHelper.cs:68)
Game.Runtime.BuildingPlacementRuntimeTickCompositionSystemHelper:UpdateSimulation (Game.Runtime.BuildingPlacementRuntimeTickCompositionSystemHelper/Context) (at Assets/Game/Scripts/Systems/BuildingPlacementRuntimeTickCompositionSystemHelper.cs:189)
Game.Runtime.BuildingGameplayCompositionSystemHelper/<>c__DisplayClass16_0:<Initialize>g__UpdateBuildingSimulationTick|40 () (at Assets/Game/Scripts/Systems/BuildingGameplayCompositionSystemHelper.cs:614)
Game.Runtime.BuildingRuntimeUpdateCompositionSystemHelper:UpdateSimulation (Game.Runtime.BuildingRuntimeUpdateCompositionSystemHelper/Context) (at Assets/Game/Scripts/Systems/BuildingRuntimeUpdateCompositionSystemHelper.cs:41)
Game.Runtime.GameplayRuntimeUpdateCompositionSystemHelper:Update (Unity.Entities.World,bool,Game.Runtime.RuntimeGameplayStateSystem,Game.Runtime.PerformanceDiagnosticsSystemHelper,System.Action,Game.Runtime.BuildingRuntimeUpdateCompositionSystemHelper,Game.Runtime.BuildingRuntimeUpdateCompositionSystemHelper/Context,System.Action,UnityEngine.Camera,Game.Runtime.RuntimeCityCompositionSystemHelper,Game.Runtime.RuntimeGridBlockerPresentationSystemHelper,Game.Runtime.RuntimeDecorationSpawnerPresentationSystemHelper,Game.Runtime.DayNightSystem,System.Action,Game.UI.Contracts.IMatchRuntimeUi,Game.Rendering.Contracts.IUnitImpostorRenderer,bool&) (at Assets/Game/Scripts/Systems/GameplayRuntimeUpdateCompositionSystemHelper.Runtime.cs:150)
Game.Composition.MatchBootstrapCompositionSystemHelper:UpdateRuntime (bool,Game.Runtime.RuntimeGameplayStateSystem,Game.Runtime.PerformanceDiagnosticsSystemHelper,System.Action,Game.Runtime.BuildingRuntimeUpdateCompositionSystemHelper,Game.Runtime.BuildingRuntimeUpdateCompositionSystemHelper/Context,System.Action,UnityEngine.Camera,Game.Runtime.RuntimeCityCompositionSystemHelper,Game.Runtime.RuntimeGridBlockerPresentationSystemHelper,Game.Runtime.RuntimeDecorationSpawnerPresentationSystemHelper,Game.Runtime.DayNightSystem,System.Action,Game.UI.Contracts.IMatchRuntimeUi,Game.Rendering.Contracts.IUnitImpostorRenderer,bool&) (at Assets/Game/Scripts/Composition/MatchBootstrapCompositionSystemHelper.cs:583)
Game.Composition.MatchBootstrapCompositionSystemHelper:Update () (at Assets/Game/Scripts/Composition/MatchBootstrapCompositionSystemHelper.cs:203)
Game.Composition.MatchSceneView:Update () (at Assets/Game/Scripts/Composition/MatchSceneView.cs:271)

[UiShellPresentation] stage=CommandStarted sequence=5 kind=EnterMatchHud region=None route=Match
UnityEngine.Debug:Log (object,UnityEngine.Object)
Game.Composition.UiDiagnosticsComposition:Report (Game.UI.Contracts.UiDiagnosticSeverity,string,UnityEngine.Object) (at Assets/Game/Scripts/Composition/UiDiagnosticsComposition.cs:17)
Game.UI.Contracts.UiDiagnostics:Info (string,UnityEngine.Object) (at Assets/Game/Scripts/UI/Contracts/UiDiagnostics.cs:14)
Game.UI.Runtime.UIShellEcsPresentationSystem:LogTransition (string,Game.UI.Contracts.UiShellPresentationCommandModel) (at Assets/Game/Scripts/UI/Shell/UIShellEcsPresentationSystem.cs:138)
Game.UI.Runtime.UIShellEcsPresentationSystem:Update () (at Assets/Game/Scripts/UI/Shell/UIShellEcsPresentationSystem.cs:87)

[CampaignMissionNarrative] status=started stage=Brief sequence=seq.ch05.m02.brief session=campaign-m03-0000000000000001 attempt=1
UnityEngine.Debug:Log (object)
Game.Composition.CampaignMissionNarrativeCompositionUtility:LogStage (string,Game.Composition.CampaignMissionDebriefCompositionSystemHelper/SequenceStage,Unity.Collections.FixedString64Bytes&,Unity.Collections.FixedString64Bytes&,int) (at Assets/Game/Scripts/Composition/CampaignMissionMenuBootstrapRuntime.cs:269)
Game.Composition.CampaignMissionDebriefCompositionSystemHelper:Tick (single,Unity.Entities.EntityManager,Game.UI.Shell.Contracts.Ecs.UiShellStateComponent&) (at Assets/Game/Scripts/Composition/Narrative/CampaignMissionDebriefCompositionSystemHelper.cs:168)
Game.Composition.CampaignMissionMenuBootstrapRuntime:TickDebrief (Game.Composition.MenuBootstrapView,Unity.Entities.EntityManager,single) (at Assets/Game/Scripts/Composition/CampaignMissionMenuBootstrapRuntime.cs:59)
Game.Composition.CampaignMissionMenuBootstrapRuntime:Update (Game.Composition.MenuBootstrapView,single) (at Assets/Game/Scripts/Composition/CampaignMissionMenuBootstrapRuntime.cs:35)
Game.Composition.MenuBootstrapView:Update () (at Assets/Game/Scripts/Composition/MenuBootstrapView.cs:175)

[FrameRateDiag:PreGame] fps=42.0 avgFrame=23.8ms updateAvg=3.0ms updateMax=115.3ms cpuFrame=6.7ms cpuMain=4.0ms cpuRender=1.0ms gpu=5.5ms drawCalls=69 batches=0 setPass=51 tris=1705783 verts=2944008 units=225 models=26 sourceKeys=225 sourceKeyFallbackVisuals=0 initialSpawnConfigs=1 impostors=19 render=screen=1920x1080,batch=0,quality=0:PC,vSync=0,targetFps=-1,pipeline=Mobile_RPAsset_MobileCandidate,scale=0.75,msaa=0,camera=Main Camera,cameraData=post:1,aa:FastApproximateAntialiasing,stack:0 memory=alloc=24187MB reserved=25992MB mono=5515MB focused=1 playRequested=1 simulationActive=0 lastSteps=BuildingStartup=0.1ms, MainMenu=13.7ms stepStats=none topSystems=disabled markers=disabled
[RenderSceneDiag] frame=317 source=profilerCounters drawCalls=69 batches=0 setPass=51 tris=1705783 verts=2944008 topSystems=disabled markers=disabled
[UiShellPresentation] stage=CommandCompleted sequence=5 kind=EnterMatchHud region=None route=Match
UnityEngine.Debug:Log (object,UnityEngine.Object)
Game.Composition.UiDiagnosticsComposition:Report (Game.UI.Contracts.UiDiagnosticSeverity,string,UnityEngine.Object) (at Assets/Game/Scripts/Composition/UiDiagnosticsComposition.cs:17)
Game.UI.Contracts.UiDiagnostics:Info (string,UnityEngine.Object) (at Assets/Game/Scripts/UI/Contracts/UiDiagnostics.cs:14)
Game.UI.Runtime.UIShellEcsPresentationSystem:LogTransition (string,Game.UI.Contracts.UiShellPresentationCommandModel) (at Assets/Game/Scripts/UI/Shell/UIShellEcsPresentationSystem.cs:138)
Game.UI.Runtime.UIShellEcsPresentationSystem/<>c__DisplayClass24_0:<Update>b__0 (int) (at Assets/Game/Scripts/UI/Shell/UIShellEcsPresentationSystem.cs:100)
Game.UI.Runtime.UIShellView/<>c__DisplayClass19_0:<ExecuteCommandSequence>b__0 () (at Assets/Game/Scripts/UI/Shell/UIShellView.cs:99)
Game.UI.Runtime.UIMotionHostView/<SequenceRoutine>d__32:MoveNext () (at Assets/Game/Scripts/UI/Shell/UIMotionHostView.cs:268)
UnityEngine.SetupCoroutine:InvokeMoveNext (System.Collections.IEnumerator,intptr) (at /Users/bokken/build/output/unity/unity/Runtime/Export/Scripting/Coroutines.cs:17)

[UiShellPresentation] stage=CompletionFlushed sequence=5 kind=EnterMatchHud region=None
UnityEngine.Debug:Log (object,UnityEngine.Object)
Game.Composition.UiDiagnosticsComposition:Report (Game.UI.Contracts.UiDiagnosticSeverity,string,UnityEngine.Object) (at Assets/Game/Scripts/Composition/UiDiagnosticsComposition.cs:17)
Game.UI.Contracts.UiDiagnostics:Info (string,UnityEngine.Object) (at Assets/Game/Scripts/UI/Contracts/UiDiagnostics.cs:14)
Game.UI.Runtime.UIShellEcsPresentationSystem:LogTransition (string,Game.UI.Contracts.UiShellTransitionCompleteModel) (at Assets/Game/Scripts/UI/Shell/UIShellEcsPresentationSystem.cs:146)
Game.UI.Runtime.UIShellEcsPresentationSystem:FlushPendingCompletion () (at Assets/Game/Scripts/UI/Shell/UIShellEcsPresentationSystem.cs:129)
Game.UI.Runtime.UIShellEcsPresentationSystem:Update () (at Assets/Game/Scripts/UI/Shell/UIShellEcsPresentationSystem.cs:67)

[TrustUnderFireInput] touch=SkipButton
UnityEngine.Debug:Log (object)
Game.Editor.CH05M02TrustUnderFireInputProbe:Gesture (UnityEngine.Vector2,string) (at Assets/Game/Scripts/Editor/CH05M02TrustUnderFireInputProbe.cs:468)
Game.Editor.CH05M02TrustUnderFireInputProbe:Tap (UnityEngine.UI.Button) (at Assets/Game/Scripts/Editor/CH05M02TrustUnderFireInputProbe.cs:466)
Game.Editor.CH05M02TrustUnderFireInputProbe:Tick () (at Assets/Game/Scripts/Editor/CH05M02TrustUnderFireInputProbe.cs:204)
UnityEditor.EditorApplication:Internal_CallUpdateFunctions () (at /Users/bokken/build/output/unity/unity/Editor/Mono/EditorApplication.cs:403)

[PerfDiag:PreGame] slowUpdate frame=385 total=38.3ms gc=0/0/0 cpuFrame=11.6ms cpuMain=8.0ms cpuRender=1.1ms gpu=8.8ms steps=BuildingStartup=0.2ms, MainMenu=38.1ms units=225 models=26 sourceKeys=225 sourceKeyFallbackVisuals=0 initialSpawnConfigs=1 drawCalls=127 batches=0 setPass=67 tris=1706855 verts=2946152 memory=alloc=24188MB reserved=25991MB mono=5517MB uiToolkit=0 gameplayInitialized=1 playRequested=1 simulationActive=0 focused=1 vSync=0 targetFps=-1 topSystems=disabled markers=disabled
[TrustUnderFireInput] touch=ConfirmButton
UnityEngine.Debug:Log (object)
Game.Editor.CH05M02TrustUnderFireInputProbe:Gesture (UnityEngine.Vector2,string) (at Assets/Game/Scripts/Editor/CH05M02TrustUnderFireInputProbe.cs:468)
Game.Editor.CH05M02TrustUnderFireInputProbe:Tap (UnityEngine.UI.Button) (at Assets/Game/Scripts/Editor/CH05M02TrustUnderFireInputProbe.cs:466)
Game.Editor.CH05M02TrustUnderFireInputProbe:Tick () (at Assets/Game/Scripts/Editor/CH05M02TrustUnderFireInputProbe.cs:204)
UnityEditor.EditorApplication:Internal_CallUpdateFunctions () (at /Users/bokken/build/output/unity/unity/Editor/Mono/EditorApplication.cs:403)

[PerfDiag] slowUpdate frame=680 total=34.3ms gc=0/0/0 cpuFrame=10.1ms cpuMain=4.7ms cpuRender=0.9ms gpu=6.6ms steps=RoadBuild=0.0ms, BuildingPlacement=0.0ms, Selection=0.1ms, DayNight=0.0ms, CitizenPopulation=0.0ms, MainMenu=34.1ms units=225 models=26 sourceKeys=225 sourceKeyFallbackVisuals=0 initialSpawnConfigs=1 drawCalls=130 batches=0 setPass=61 tris=2061177 verts=3575176 memory=alloc=24048MB reserved=25982MB mono=5522MB uiToolkit=0 gameplayInitialized=1 playRequested=1 simulationActive=1 focused=1 vSync=0 targetFps=-1 topSystems=disabled markers=disabled
[TrustUnderFireInputState] phase=FindSquad outcome=None step=-1 clock=0 initialized=1 northCrossed=0 southCrossed=0 northArrived=0 southArrived=0 relay=0 military=0 northHold=0 southHold=0 verification=0 stable=0 failure=None
UnityEngine.Debug:Log (object)
Game.Editor.CH05M02TrustUnderFireInputProbe:Tick () (at Assets/Game/Scripts/Editor/CH05M02TrustUnderFireInputProbe.cs:151)
UnityEditor.EditorApplication:Internal_CallUpdateFunctions () (at /Users/bokken/build/output/unity/unity/Editor/Mono/EditorApplication.cs:403)

[PerfDiag] slowUpdate frame=772 total=32.7ms gc=0/0/0 cpuFrame=7.4ms cpuMain=5.1ms cpuRender=1.0ms gpu=5.3ms steps=RoadBuild=0.0ms, BuildingPlacement=0.0ms, Selection=0.1ms, DayNight=0.0ms, CitizenPopulation=0.0ms, MainMenu=32.5ms units=225 models=26 sourceKeys=225 sourceKeyFallbackVisuals=0 initialSpawnConfigs=1 drawCalls=178 batches=0 setPass=69 tris=1988599 verts=3442616 memory=alloc=24028MB reserved=25979MB mono=5524MB uiToolkit=0 gameplayInitialized=1 playRequested=1 simulationActive=1 focused=1 vSync=0 targetFps=-1 topSystems=disabled markers=disabled
[TrustUnderFireInputState] phase=FindSquad outcome=None step=-1 clock=0 initialized=1 northCrossed=0 southCrossed=0 northArrived=0 southArrived=0 relay=0 military=0 northHold=0 southHold=0 verification=0 stable=0 failure=None
UnityEngine.Debug:Log (object)
Game.Editor.CH05M02TrustUnderFireInputProbe:Tick () (at Assets/Game/Scripts/Editor/CH05M02TrustUnderFireInputProbe.cs:151)
UnityEditor.EditorApplication:Internal_CallUpdateFunctions () (at /Users/bokken/build/output/unity/unity/Editor/Mono/EditorApplication.cs:403)

[TrustUnderFireInputState] phase=FindSquad outcome=None step=-1 clock=0 initialized=1 northCrossed=0 southCrossed=0 northArrived=0 southArrived=0 relay=0 military=0 northHold=0 southHold=0 verification=0 stable=0 failure=None
UnityEngine.Debug:Log (object)
Game.Editor.CH05M02TrustUnderFireInputProbe:Tick () (at Assets/Game/Scripts/Editor/CH05M02TrustUnderFireInputProbe.cs:151)
UnityEditor.EditorApplication:Internal_CallUpdateFunctions () (at /Users/bokken/build/output/unity/unity/Editor/Mono/EditorApplication.cs:403)

[TrustUnderFireInputState] phase=FindSquad outcome=None step=-1 clock=0 initialized=1 northCrossed=0 southCrossed=0 northArrived=0 southArrived=0 relay=0 military=0 northHold=0 southHold=0 verification=0 stable=0 failure=None
UnityEngine.Debug:Log (object)
Game.Editor.CH05M02TrustUnderFireInputProbe:Tick () (at Assets/Game/Scripts/Editor/CH05M02TrustUnderFireInputProbe.cs:151)
UnityEditor.EditorApplication:Internal_CallUpdateFunctions () (at /Users/bokken/build/output/unity/unity/Editor/Mono/EditorApplication.cs:403)

[TrustUnderFireInputState] phase=FindSquad outcome=None step=-1 clock=0 initialized=1 northCrossed=0 southCrossed=0 northArrived=0 southArrived=0 relay=0 military=0 northHold=0 southHold=0 verification=0 stable=0 failure=None
UnityEngine.Debug:Log (object)
Game.Editor.CH05M02TrustUnderFireInputProbe:Tick () (at Assets/Game/Scripts/Editor/CH05M02TrustUnderFireInputProbe.cs:151)
UnityEditor.EditorApplication:Internal_CallUpdateFunctions () (at /Users/bokken/build/output/unity/unity/Editor/Mono/EditorApplication.cs:403)

[PerfDiag] slowUpdate frame=3539 total=39.6ms gc=0/0/0 cpuFrame=7.2ms cpuMain=5.0ms cpuRender=1.0ms gpu=5.7ms steps=RoadBuild=0.0ms, BuildingPlacement=0.0ms, Selection=0.1ms, DayNight=0.0ms, CitizenPopulation=0.0ms, MainMenu=39.4ms units=228 models=26 sourceKeys=228 sourceKeyFallbackVisuals=0 initialSpawnConfigs=1 drawCalls=227 batches=0 setPass=64 tris=1478013 verts=2538203 memory=alloc=23500MB reserved=25779MB mono=5594MB uiToolkit=0 gameplayInitialized=1 playRequested=1 simulationActive=1 focused=1 vSync=0 targetFps=-1 topSystems=disabled markers=disabled
[TrustUnderFireInputState] phase=FindSquad outcome=None step=-1 clock=0 initialized=1 northCrossed=0 southCrossed=0 northArrived=0 southArrived=0 relay=0 military=0 northHold=0 southHold=0 verification=0 stable=0 failure=None
UnityEngine.Debug:Log (object)
Game.Editor.CH05M02TrustUnderFireInputProbe:Tick () (at Assets/Game/Scripts/Editor/CH05M02TrustUnderFireInputProbe.cs:151)
UnityEditor.EditorApplication:Internal_CallUpdateFunctions () (at /Users/bokken/build/output/unity/unity/Editor/Mono/EditorApplication.cs:403)

[PerfDiag] slowUpdate frame=3902 total=30.2ms gc=0/0/0 cpuFrame=7.3ms cpuMain=4.9ms cpuRender=0.9ms gpu=6.4ms steps=RoadBuild=0.0ms, BuildingPlacement=0.0ms, Selection=0.1ms, DayNight=0.0ms, CitizenPopulation=0.0ms, MainMenu=30.0ms units=228 models=26 sourceKeys=228 sourceKeyFallbackVisuals=0 initialSpawnConfigs=1 drawCalls=150 batches=0 setPass=62 tris=2015486 verts=3499479 memory=alloc=23487MB reserved=25743MB mono=5605MB uiToolkit=0 gameplayInitialized=1 playRequested=1 simulationActive=1 focused=1 vSync=0 targetFps=-1 topSystems=disabled markers=disabled
[TrustUnderFireInputState] phase=FindSquad outcome=None step=-1 clock=0 initialized=1 northCrossed=0 southCrossed=0 northArrived=0 southArrived=0 relay=0 military=0 northHold=0 southHold=0 verification=0 stable=0 failure=None
UnityEngine.Debug:Log (object)
Game.Editor.CH05M02TrustUnderFireInputProbe:Tick () (at Assets/Game/Scripts/Editor/CH05M02TrustUnderFireInputProbe.cs:151)
UnityEditor.EditorApplication:Internal_CallUpdateFunctions () (at /Users/bokken/build/output/unity/unity/Editor/Mono/EditorApplication.cs:403)

[PerfDiag] slowUpdate frame=4749 total=34.7ms gc=0/0/0 cpuFrame=7.1ms cpuMain=4.6ms cpuRender=0.9ms gpu=11.4ms steps=RoadBuild=0.0ms, BuildingPlacement=0.0ms, Selection=0.1ms, DayNight=0.0ms, CitizenPopulation=0.0ms, MainMenu=34.6ms units=229 models=26 sourceKeys=229 sourceKeyFallbackVisuals=0 initialSpawnConfigs=1 drawCalls=131 batches=0 setPass=83 tris=1706179 verts=2944800 memory=alloc=23465MB reserved=25672MB mono=5635MB uiToolkit=0 gameplayInitialized=1 playRequested=1 simulationActive=1 focused=1 vSync=0 targetFps=-1 topSystems=disabled markers=disabled
[TrustUnderFireInputState] phase=Engage outcome=None step=-1 clock=3211 initialized=1 northCrossed=0 southCrossed=0 northArrived=0 southArrived=0 relay=0 military=0 northHold=0 southHold=0 verification=0 stable=0 failure=None
UnityEngine.Debug:Log (object)
Game.Editor.CH05M02TrustUnderFireInputProbe:Tick () (at Assets/Game/Scripts/Editor/CH05M02TrustUnderFireInputProbe.cs:151)
UnityEditor.EditorApplication:Internal_CallUpdateFunctions () (at /Users/bokken/build/output/unity/unity/Editor/Mono/EditorApplication.cs:403)

[TrustUnderFireInputState] phase=Engage outcome=None step=-1 clock=8202 initialized=1 northCrossed=0 southCrossed=0 northArrived=0 southArrived=0 relay=0 military=0 northHold=0 southHold=0 verification=0 stable=0 failure=None
UnityEngine.Debug:Log (object)
Game.Editor.CH05M02TrustUnderFireInputProbe:Tick () (at Assets/Game/Scripts/Editor/CH05M02TrustUnderFireInputProbe.cs:151)
UnityEditor.EditorApplication:Internal_CallUpdateFunctions () (at /Users/bokken/build/output/unity/unity/Editor/Mono/EditorApplication.cs:403)

[FrameRateDiag] fps=39.0 avgFrame=25.7ms updateAvg=7.9ms updateMax=18.2ms cpuFrame=29.7ms cpuMain=16.5ms cpuRender=1.2ms gpu=5.2ms drawCalls=142 batches=0 setPass=93 tris=1706587 verts=2945612 units=230 models=26 sourceKeys=230 sourceKeyFallbackVisuals=0 initialSpawnConfigs=1 impostors=19 render=screen=1920x1080,batch=0,quality=0:PC,vSync=0,targetFps=-1,pipeline=Mobile_RPAsset_MobileCandidate,scale=0.75,msaa=0,camera=Main Camera,cameraData=post:1,aa:FastApproximateAntialiasing,stack:0 memory=alloc=23550MB reserved=25632MB mono=5890MB focused=1 playRequested=1 simulationActive=1 stepStats=none topSystems=disabled markers=disabled
[RenderSceneDiag] frame=5408 source=profilerCounters drawCalls=142 batches=0 setPass=93 tris=1706587 verts=2945612 topSystems=disabled markers=disabled
[TrustUnderFireInput] result=Passed scope=PresentationOnly locale=fa-IR source=Validated guidance=Visible engage=10s gameplay=NotClaimed voices=Pending humanDeviceAcceptance=pending
UnityEngine.Debug:Log (object)
Game.Editor.CH05M02TrustUnderFireInputProbe:Complete (bool,string) (at Assets/Game/Scripts/Editor/CH05M02TrustUnderFireInputProbe.cs:485)
Game.Editor.CH05M02TrustUnderFireInputProbe:Tick () (at Assets/Game/Scripts/Editor/CH05M02TrustUnderFireInputProbe.cs:185)
UnityEditor.EditorApplication:Internal_CallUpdateFunctions () (at /Users/bokken/build/output/unity/unity/Editor/Mono/EditorApplication.cs:403)

[ExistingEditorValidation] result=Passed executeMethod=Game.Editor.CH05M02TrustUnderFireInputProbe.RunPersianPresentation
UnityEngine.Debug:Log (object)
Game.Editor.ExistingEditorValidation/<Run>d__9:MoveNext () (at Assets/Game/Scripts/Editor/ExistingEditorValidation.cs:109)
UnityEngine.UnitySynchronizationContext:ExecuteTasks () (at /Users/bokken/build/output/unity/unity/Runtime/Export/Scripting/UnitySynchronizationContext.cs:110)

