[ExistingEditorValidation] project=/Users/farhad/Projects/WarlineCapture/Assets executeMethod=Game.Editor.CH04M05ArmorBreakIntegration.CompletePrepared
UnityEngine.Debug:Log (object)
Game.Editor.ExistingEditorValidation/<Run>d__9:MoveNext () (at Assets/Game/Scripts/Editor/ExistingEditorValidation.cs:90)
System.Runtime.CompilerServices.AsyncVoidMethodBuilder:Start<Game.Editor.ExistingEditorValidation/<Run>d__9> (Game.Editor.ExistingEditorValidation/<Run>d__9&)
Game.Editor.ExistingEditorValidation:Run (string,string)
PipelineEvaluation.PipelineEval_7aca38aa/<>c__DisplayClass0_0:<Execute>b__0 ()
UnityEditor.EditorApplication:Internal_CallUpdateFunctions () (at /Users/bokken/build/output/unity/unity/Editor/Mono/EditorApplication.cs:403)

InvalidOperationException: World X/Z bounds must exactly match the canonical grid extent.
Game.Editor.CH04M05ArmorBreakConfigBuilder.Require (System.Boolean condition, System.String error) (at Assets/Game/Scripts/Editor/CH04M05ArmorBreakConfigBuilder.cs:290)
Game.Editor.CH04M05ArmorBreakConfigBuilder.CompletePreparedConfiguration () (at Assets/Game/Scripts/Editor/CH04M05ArmorBreakConfigBuilder.cs:63)
Game.Editor.CH04M05ArmorBreakIntegration.CompletePrepared () (at Assets/Game/Scripts/Editor/CH04M05ArmorBreakIntegration.cs:23)
System.Reflection.RuntimeMethodInfo.Invoke (System.Object obj, System.Reflection.BindingFlags invokeAttr, System.Reflection.Binder binder, System.Object[] parameters, System.Globalization.CultureInfo culture) (at <299d5c9ae27b4d27af003e5f456f4b13>:0)
UnityEngine.Debug:LogException(Exception)
Game.Editor.<Run>d__9:MoveNext() (at Assets/Game/Scripts/Editor/ExistingEditorValidation.cs:113)
System.Runtime.CompilerServices.AsyncVoidMethodBuilder:Start(<Run>d__9&)
Game.Editor.ExistingEditorValidation:Run(String, String)
PipelineEvaluation.<>c__DisplayClass0_0:<Execute>b__0()
UnityEditor.EditorApplication:Internal_CallUpdateFunctions() (at /Users/bokken/build/output/unity/unity/Editor/Mono/EditorApplication.cs:403)

[ExistingEditorValidation] result=Failed executeMethod=Game.Editor.CH04M05ArmorBreakIntegration.CompletePrepared
UnityEngine.Debug:LogError (object)
Game.Editor.ExistingEditorValidation/<Run>d__9:MoveNext () (at Assets/Game/Scripts/Editor/ExistingEditorValidation.cs:114)
System.Runtime.CompilerServices.AsyncVoidMethodBuilder:Start<Game.Editor.ExistingEditorValidation/<Run>d__9> (Game.Editor.ExistingEditorValidation/<Run>d__9&)
Game.Editor.ExistingEditorValidation:Run (string,string)
PipelineEvaluation.PipelineEval_7aca38aa/<>c__DisplayClass0_0:<Execute>b__0 ()
UnityEditor.EditorApplication:Internal_CallUpdateFunctions () (at /Users/bokken/build/output/unity/unity/Editor/Mono/EditorApplication.cs:403)

