[ExistingEditorValidation] project=/Users/farhad/Projects/WarlineCapture/Assets executeMethod=Game.Editor.CH04M05ArmorBreakIntegration.CompletePrepared
UnityEngine.Debug:Log (object)
Game.Editor.ExistingEditorValidation/<Run>d__9:MoveNext () (at Assets/Game/Scripts/Editor/ExistingEditorValidation.cs:90)
System.Runtime.CompilerServices.AsyncVoidMethodBuilder:Start<Game.Editor.ExistingEditorValidation/<Run>d__9> (Game.Editor.ExistingEditorValidation/<Run>d__9&)
Game.Editor.ExistingEditorValidation:Run (string,string)
PipelineEvaluation.PipelineEval_e866dba3/<>c__DisplayClass0_0:<Execute>b__0 ()
UnityEditor.EditorApplication:Internal_CallUpdateFunctions () (at /Users/bokken/build/output/unity/unity/Editor/Mono/EditorApplication.cs:403)

[ArmorBreakRoutes] result=Passed militaryHighway=471x7 G2GRange=280 reliefRadius=40 grid=1280x520 sourcePreserved=true
UnityEngine.Debug:Log (object)
Game.Editor.CH04M05ArmorBreakConfigBuilder:ValidateRoutes () (at Assets/Game/Scripts/Editor/CH04M05ArmorBreakConfigBuilder.cs:279)
Game.Editor.CH04M05ArmorBreakConfigBuilder:CompletePreparedConfiguration () (at Assets/Game/Scripts/Editor/CH04M05ArmorBreakConfigBuilder.cs:64)
Game.Editor.CH04M05ArmorBreakIntegration:CompletePrepared () (at Assets/Game/Scripts/Editor/CH04M05ArmorBreakIntegration.cs:23)
System.Reflection.MethodBase:Invoke (object,object[])
Game.Editor.ExistingEditorValidation/<Run>d__9:MoveNext () (at Assets/Game/Scripts/Editor/ExistingEditorValidation.cs:92)
System.Runtime.CompilerServices.AsyncVoidMethodBuilder:Start<Game.Editor.ExistingEditorValidation/<Run>d__9> (Game.Editor.ExistingEditorValidation/<Run>d__9&)
Game.Editor.ExistingEditorValidation:Run (string,string)
PipelineEvaluation.PipelineEval_e866dba3/<>c__DisplayClass0_0:<Execute>b__0 ()
UnityEditor.EditorApplication:Internal_CallUpdateFunctions () (at /Users/bokken/build/output/unity/unity/Editor/Mono/EditorApplication.cs:403)

Loaded 1 ExamplePackConfig assets
UnityEngine.Debug:Log (object)
SyntyPackageHelper:LoadSyntyPackageHelperConfigs () (at Assets/Synty/SyntyPackageHelper/Editor/SyntyPackageHelper.cs:46)
SyntyPackageHelper:OnProjectChanged () (at Assets/Synty/SyntyPackageHelper/Editor/SyntyPackageHelper.cs:55)
UnityEditor.AssetDatabase:CreateAsset (UnityEngine.Object,string)
Game.Editor.CH04M05ArmorBreakConfigBuilder:BuildSupportContext () (at Assets/Game/Scripts/Editor/CH04M05ArmorBreakConfigBuilder.Support.cs:20)
Game.Editor.CH04M05ArmorBreakConfigBuilder:CompletePreparedConfiguration () (at Assets/Game/Scripts/Editor/CH04M05ArmorBreakConfigBuilder.cs:64)
Game.Editor.CH04M05ArmorBreakIntegration:CompletePrepared () (at Assets/Game/Scripts/Editor/CH04M05ArmorBreakIntegration.cs:23)
System.Reflection.MethodBase:Invoke (object,object[])
Game.Editor.ExistingEditorValidation/<Run>d__9:MoveNext () (at Assets/Game/Scripts/Editor/ExistingEditorValidation.cs:92)
System.Runtime.CompilerServices.AsyncVoidMethodBuilder:Start<Game.Editor.ExistingEditorValidation/<Run>d__9> (Game.Editor.ExistingEditorValidation/<Run>d__9&)
Game.Editor.ExistingEditorValidation:Run (string,string)
PipelineEvaluation.PipelineEval_e866dba3/<>c__DisplayClass0_0:<Execute>b__0 ()
UnityEditor.EditorApplication:Internal_CallUpdateFunctions () (at /Users/bokken/build/output/unity/unity/Editor/Mono/EditorApplication.cs:403)

[ArmorBreakSupportContext] result=Passed scope=mission,map,source finiteFuel=ownedReserve protected=relief route=authored allowed=existing-unlocked readiness=preserved
UnityEngine.Debug:Log (object)
Game.Editor.CH04M05ArmorBreakConfigBuilder:BuildSupportContext () (at Assets/Game/Scripts/Editor/CH04M05ArmorBreakConfigBuilder.Support.cs:50)
Game.Editor.CH04M05ArmorBreakConfigBuilder:CompletePreparedConfiguration () (at Assets/Game/Scripts/Editor/CH04M05ArmorBreakConfigBuilder.cs:64)
Game.Editor.CH04M05ArmorBreakIntegration:CompletePrepared () (at Assets/Game/Scripts/Editor/CH04M05ArmorBreakIntegration.cs:23)
System.Reflection.MethodBase:Invoke (object,object[])
Game.Editor.ExistingEditorValidation/<Run>d__9:MoveNext () (at Assets/Game/Scripts/Editor/ExistingEditorValidation.cs:92)
System.Runtime.CompilerServices.AsyncVoidMethodBuilder:Start<Game.Editor.ExistingEditorValidation/<Run>d__9> (Game.Editor.ExistingEditorValidation/<Run>d__9&)
Game.Editor.ExistingEditorValidation:Run (string,string)
PipelineEvaluation.PipelineEval_e866dba3/<>c__DisplayClass0_0:<Execute>b__0 ()
UnityEditor.EditorApplication:Internal_CallUpdateFunctions () (at /Users/bokken/build/output/unity/unity/Editor/Mono/EditorApplication.cs:403)

[ArmorBreakConfig] result=Passed airDefense=1 groundLauncher=1 armor=3 infantry=4 aircraft=1 hostileAir=3 protectedRelief=3 finiteFuel=200 resumedPreparedMap=true
UnityEngine.Debug:Log (object)
Game.Editor.CH04M05ArmorBreakConfigBuilder:CompletePreparedConfiguration () (at Assets/Game/Scripts/Editor/CH04M05ArmorBreakConfigBuilder.cs:65)
Game.Editor.CH04M05ArmorBreakIntegration:CompletePrepared () (at Assets/Game/Scripts/Editor/CH04M05ArmorBreakIntegration.cs:23)
System.Reflection.MethodBase:Invoke (object,object[])
Game.Editor.ExistingEditorValidation/<Run>d__9:MoveNext () (at Assets/Game/Scripts/Editor/ExistingEditorValidation.cs:92)
System.Runtime.CompilerServices.AsyncVoidMethodBuilder:Start<Game.Editor.ExistingEditorValidation/<Run>d__9> (Game.Editor.ExistingEditorValidation/<Run>d__9&)
Game.Editor.ExistingEditorValidation:Run (string,string)
PipelineEvaluation.PipelineEval_e866dba3/<>c__DisplayClass0_0:<Execute>b__0 ()
UnityEditor.EditorApplication:Internal_CallUpdateFunctions () (at /Users/bokken/build/output/unity/unity/Editor/Mono/EditorApplication.cs:403)

[ArmorBreakMedia] result=Passed comics=4 dialogueCrops=14 voices=0 mode=captioned
UnityEngine.Debug:Log (object)
Game.Editor.CH04M05ArmorBreakNarrativeBuilder:ConfigureMedia () (at Assets/Game/Scripts/Editor/CH04M05ArmorBreakNarrativeBuilder.cs:149)
Game.Editor.CH04M05ArmorBreakNarrativeBuilder:BuildAndInstall () (at Assets/Game/Scripts/Editor/CH04M05ArmorBreakNarrativeBuilder.cs:79)
Game.Editor.CH04M05ArmorBreakIntegration:Finish () (at Assets/Game/Scripts/Editor/CH04M05ArmorBreakIntegration.cs:14)
Game.Editor.CH04M05ArmorBreakIntegration:CompletePrepared () (at Assets/Game/Scripts/Editor/CH04M05ArmorBreakIntegration.cs:24)
System.Reflection.MethodBase:Invoke (object,object[])
Game.Editor.ExistingEditorValidation/<Run>d__9:MoveNext () (at Assets/Game/Scripts/Editor/ExistingEditorValidation.cs:92)
System.Runtime.CompilerServices.AsyncVoidMethodBuilder:Start<Game.Editor.ExistingEditorValidation/<Run>d__9> (Game.Editor.ExistingEditorValidation/<Run>d__9&)
Game.Editor.ExistingEditorValidation:Run (string,string)
PipelineEvaluation.PipelineEval_e866dba3/<>c__DisplayClass0_0:<Execute>b__0 ()
UnityEditor.EditorApplication:Internal_CallUpdateFunctions () (at /Users/bokken/build/output/unity/unity/Editor/Mono/EditorApplication.cs:403)

Main Object Name 'CH04M05_ArmorBreak_brief' does not match filename 'CH04M05_ArmorBreak_Narrative'
UnityEditor.AddressableAssets.Settings.AddressableAssetSettings:CreateGroup (string,bool,bool,bool,System.Collections.Generic.List`1<UnityEditor.AddressableAssets.Settings.AddressableAssetGroupSchema>,System.Type[])
Game.Editor.CH04M05ArmorBreakNarrativeBuilder:SetPanel (Game.Configs.NarrativeStateRecord,string,string,bool,int) (at Assets/Game/Scripts/Editor/CH04M05ArmorBreakNarrativeBuilder.cs:220)
Game.Editor.CH04M05ArmorBreakNarrativeBuilder:ConfigureSequence (string,Game.Configs.ArmorBreakNarrativeLine[],string,Game.Configs.NarrativeSequenceConfig) (at Assets/Game/Scripts/Editor/CH04M05ArmorBreakNarrativeBuilder.cs:206)
Game.Editor.CH04M05ArmorBreakNarrativeBuilder:BuildAndInstall () (at Assets/Game/Scripts/Editor/CH04M05ArmorBreakNarrativeBuilder.cs:85)
Game.Editor.CH04M05ArmorBreakIntegration:Finish () (at Assets/Game/Scripts/Editor/CH04M05ArmorBreakIntegration.cs:14)
Game.Editor.CH04M05ArmorBreakIntegration:CompletePrepared () (at Assets/Game/Scripts/Editor/CH04M05ArmorBreakIntegration.cs:24)
System.Reflection.MethodBase:Invoke (object,object[])
Game.Editor.ExistingEditorValidation/<Run>d__9:MoveNext () (at Assets/Game/Scripts/Editor/ExistingEditorValidation.cs:92)
System.Runtime.CompilerServices.AsyncVoidMethodBuilder:Start<Game.Editor.ExistingEditorValidation/<Run>d__9> (Game.Editor.ExistingEditorValidation/<Run>d__9&)
Game.Editor.ExistingEditorValidation:Run (string,string)
PipelineEvaluation.PipelineEval_e866dba3/<>c__DisplayClass0_0:<Execute>b__0 ()
UnityEditor.EditorApplication:Internal_CallUpdateFunctions ()

Main Object Name 'CH04M05_ArmorBreak_brief' does not match filename 'CH04M05_ArmorBreak_Narrative'
UnityEngine.StackTraceUtility:ExtractStackTrace ()
Game.Editor.CH04M05ArmorBreakNarrativeBuilder:BuildAndInstall () (at Assets/Game/Scripts/Editor/CH04M05ArmorBreakNarrativeBuilder.cs:86)
Game.Editor.CH04M05ArmorBreakIntegration:Finish () (at Assets/Game/Scripts/Editor/CH04M05ArmorBreakIntegration.cs:14)
Game.Editor.CH04M05ArmorBreakIntegration:CompletePrepared () (at Assets/Game/Scripts/Editor/CH04M05ArmorBreakIntegration.cs:24)
System.Reflection.MethodBase:Invoke (object,object[])
Game.Editor.ExistingEditorValidation/<Run>d__9:MoveNext () (at Assets/Game/Scripts/Editor/ExistingEditorValidation.cs:92)
System.Runtime.CompilerServices.AsyncVoidMethodBuilder:Start<Game.Editor.ExistingEditorValidation/<Run>d__9> (Game.Editor.ExistingEditorValidation/<Run>d__9&)
Game.Editor.ExistingEditorValidation:Run (string,string)
PipelineEvaluation.PipelineEval_e866dba3/<>c__DisplayClass0_0:<Execute>b__0 ()
UnityEditor.EditorApplication:Internal_CallUpdateFunctions ()

[CampaignComicCoverage] result=Passed mission=seq.ch04.m05. dialogueStates=8 aspects=2
UnityEngine.Debug:Log (object)
Game.Editor.CampaignMissionComicCoverageValidation:ValidateMission (string,string) (at Assets/Game/Scripts/Editor/CampaignMissionComicCoverageValidation.cs:55)
Game.Editor.CampaignMissionComicCoverageValidation:ValidateMissionDistinct (string,string) (at Assets/Game/Scripts/Editor/CampaignMissionComicCoverageValidation.cs:60)
Game.Editor.CH04M05ArmorBreakNarrativeBuilder:BuildAndInstall () (at Assets/Game/Scripts/Editor/CH04M05ArmorBreakNarrativeBuilder.cs:87)
Game.Editor.CH04M05ArmorBreakIntegration:Finish () (at Assets/Game/Scripts/Editor/CH04M05ArmorBreakIntegration.cs:14)
Game.Editor.CH04M05ArmorBreakIntegration:CompletePrepared () (at Assets/Game/Scripts/Editor/CH04M05ArmorBreakIntegration.cs:24)
System.Reflection.MethodBase:Invoke (object,object[])
Game.Editor.ExistingEditorValidation/<Run>d__9:MoveNext () (at Assets/Game/Scripts/Editor/ExistingEditorValidation.cs:92)
System.Runtime.CompilerServices.AsyncVoidMethodBuilder:Start<Game.Editor.ExistingEditorValidation/<Run>d__9> (Game.Editor.ExistingEditorValidation/<Run>d__9&)
Game.Editor.ExistingEditorValidation:Run (string,string)
PipelineEvaluation.PipelineEval_e866dba3/<>c__DisplayClass0_0:<Execute>b__0 ()
UnityEditor.EditorApplication:Internal_CallUpdateFunctions () (at /Users/bokken/build/output/unity/unity/Editor/Mono/EditorApplication.cs:403)

[CampaignComicDistinctness] result=Passed mission=seq.ch04.m05. dialogueStates=8 distinct16x9=8 distinct20x9=8
UnityEngine.Debug:Log (object)
Game.Editor.CampaignMissionComicCoverageValidation:ValidateMissionDistinct (string,string) (at Assets/Game/Scripts/Editor/CampaignMissionComicCoverageValidation.cs:64)
Game.Editor.CH04M05ArmorBreakNarrativeBuilder:BuildAndInstall () (at Assets/Game/Scripts/Editor/CH04M05ArmorBreakNarrativeBuilder.cs:87)
Game.Editor.CH04M05ArmorBreakIntegration:Finish () (at Assets/Game/Scripts/Editor/CH04M05ArmorBreakIntegration.cs:14)
Game.Editor.CH04M05ArmorBreakIntegration:CompletePrepared () (at Assets/Game/Scripts/Editor/CH04M05ArmorBreakIntegration.cs:24)
System.Reflection.MethodBase:Invoke (object,object[])
Game.Editor.ExistingEditorValidation/<Run>d__9:MoveNext () (at Assets/Game/Scripts/Editor/ExistingEditorValidation.cs:92)
System.Runtime.CompilerServices.AsyncVoidMethodBuilder:Start<Game.Editor.ExistingEditorValidation/<Run>d__9> (Game.Editor.ExistingEditorValidation/<Run>d__9&)
Game.Editor.ExistingEditorValidation:Run (string,string)
PipelineEvaluation.PipelineEval_e866dba3/<>c__DisplayClass0_0:<Execute>b__0 ()
UnityEditor.EditorApplication:Internal_CallUpdateFunctions () (at /Users/bokken/build/output/unity/unity/Editor/Mono/EditorApplication.cs:403)

[CampaignComicCoverage] result=Passed mission=seq.ch04.close.protocol_fragment_04 dialogueStates=6 aspects=2
UnityEngine.Debug:Log (object)
Game.Editor.CampaignMissionComicCoverageValidation:ValidateMission (string,string) (at Assets/Game/Scripts/Editor/CampaignMissionComicCoverageValidation.cs:55)
Game.Editor.CampaignMissionComicCoverageValidation:ValidateMissionDistinct (string,string) (at Assets/Game/Scripts/Editor/CampaignMissionComicCoverageValidation.cs:60)
Game.Editor.CH04M05ArmorBreakNarrativeBuilder:BuildAndInstall () (at Assets/Game/Scripts/Editor/CH04M05ArmorBreakNarrativeBuilder.cs:88)
Game.Editor.CH04M05ArmorBreakIntegration:Finish () (at Assets/Game/Scripts/Editor/CH04M05ArmorBreakIntegration.cs:14)
Game.Editor.CH04M05ArmorBreakIntegration:CompletePrepared () (at Assets/Game/Scripts/Editor/CH04M05ArmorBreakIntegration.cs:24)
System.Reflection.MethodBase:Invoke (object,object[])
Game.Editor.ExistingEditorValidation/<Run>d__9:MoveNext () (at Assets/Game/Scripts/Editor/ExistingEditorValidation.cs:92)
System.Runtime.CompilerServices.AsyncVoidMethodBuilder:Start<Game.Editor.ExistingEditorValidation/<Run>d__9> (Game.Editor.ExistingEditorValidation/<Run>d__9&)
Game.Editor.ExistingEditorValidation:Run (string,string)
PipelineEvaluation.PipelineEval_e866dba3/<>c__DisplayClass0_0:<Execute>b__0 ()
UnityEditor.EditorApplication:Internal_CallUpdateFunctions () (at /Users/bokken/build/output/unity/unity/Editor/Mono/EditorApplication.cs:403)

[CampaignComicDistinctness] result=Passed mission=seq.ch04.close.protocol_fragment_04 dialogueStates=6 distinct16x9=6 distinct20x9=6
UnityEngine.Debug:Log (object)
Game.Editor.CampaignMissionComicCoverageValidation:ValidateMissionDistinct (string,string) (at Assets/Game/Scripts/Editor/CampaignMissionComicCoverageValidation.cs:64)
Game.Editor.CH04M05ArmorBreakNarrativeBuilder:BuildAndInstall () (at Assets/Game/Scripts/Editor/CH04M05ArmorBreakNarrativeBuilder.cs:88)
Game.Editor.CH04M05ArmorBreakIntegration:Finish () (at Assets/Game/Scripts/Editor/CH04M05ArmorBreakIntegration.cs:14)
Game.Editor.CH04M05ArmorBreakIntegration:CompletePrepared () (at Assets/Game/Scripts/Editor/CH04M05ArmorBreakIntegration.cs:24)
System.Reflection.MethodBase:Invoke (object,object[])
Game.Editor.ExistingEditorValidation/<Run>d__9:MoveNext () (at Assets/Game/Scripts/Editor/ExistingEditorValidation.cs:92)
System.Runtime.CompilerServices.AsyncVoidMethodBuilder:Start<Game.Editor.ExistingEditorValidation/<Run>d__9> (Game.Editor.ExistingEditorValidation/<Run>d__9&)
Game.Editor.ExistingEditorValidation:Run (string,string)
PipelineEvaluation.PipelineEval_e866dba3/<>c__DisplayClass0_0:<Execute>b__0 ()
UnityEditor.EditorApplication:Internal_CallUpdateFunctions () (at /Users/bokken/build/output/unity/unity/Editor/Mono/EditorApplication.cs:403)

[ArmorBreakNarrative] result=Passed sequences=4 dialogueStates=14 locales=en,fa-IR missionComics=3 chapterClosePanels=6
UnityEngine.Debug:Log (object)
Game.Editor.CH04M05ArmorBreakNarrativeBuilder:BuildAndInstall () (at Assets/Game/Scripts/Editor/CH04M05ArmorBreakNarrativeBuilder.cs:100)
Game.Editor.CH04M05ArmorBreakIntegration:Finish () (at Assets/Game/Scripts/Editor/CH04M05ArmorBreakIntegration.cs:14)
Game.Editor.CH04M05ArmorBreakIntegration:CompletePrepared () (at Assets/Game/Scripts/Editor/CH04M05ArmorBreakIntegration.cs:24)
System.Reflection.MethodBase:Invoke (object,object[])
Game.Editor.ExistingEditorValidation/<Run>d__9:MoveNext () (at Assets/Game/Scripts/Editor/ExistingEditorValidation.cs:92)
System.Runtime.CompilerServices.AsyncVoidMethodBuilder:Start<Game.Editor.ExistingEditorValidation/<Run>d__9> (Game.Editor.ExistingEditorValidation/<Run>d__9&)
Game.Editor.ExistingEditorValidation:Run (string,string)
PipelineEvaluation.PipelineEval_e866dba3/<>c__DisplayClass0_0:<Execute>b__0 ()
UnityEditor.EditorApplication:Internal_CallUpdateFunctions () (at /Users/bokken/build/output/unity/unity/Editor/Mono/EditorApplication.cs:403)

[ArmorBreakPresentation] result=Passed existingHud=1 newCommandButtons=0 locales=2 markers=approved-style
UnityEngine.Debug:Log (object)
Game.Editor.CH04M05ArmorBreakPresentationBuilder:Build () (at Assets/Game/Scripts/Editor/CH04M05ArmorBreakPresentationBuilder.cs:20)
Game.Editor.CH04M05ArmorBreakIntegration:Finish () (at Assets/Game/Scripts/Editor/CH04M05ArmorBreakIntegration.cs:15)
Game.Editor.CH04M05ArmorBreakIntegration:CompletePrepared () (at Assets/Game/Scripts/Editor/CH04M05ArmorBreakIntegration.cs:24)
System.Reflection.MethodBase:Invoke (object,object[])
Game.Editor.ExistingEditorValidation/<Run>d__9:MoveNext () (at Assets/Game/Scripts/Editor/ExistingEditorValidation.cs:92)
System.Runtime.CompilerServices.AsyncVoidMethodBuilder:Start<Game.Editor.ExistingEditorValidation/<Run>d__9> (Game.Editor.ExistingEditorValidation/<Run>d__9&)
Game.Editor.ExistingEditorValidation:Run (string,string)
PipelineEvaluation.PipelineEval_e866dba3/<>c__DisplayClass0_0:<Execute>b__0 ()
UnityEditor.EditorApplication:Internal_CallUpdateFunctions () (at /Users/bokken/build/output/unity/unity/Editor/Mono/EditorApplication.cs:403)

[M01FirstContactConfigBuilder] result=Passed scope=ChapterCatalogs missions=20 maps=27
UnityEngine.Debug:Log (object)
Game.Editor.M01FirstContactConfigBuilder:RefreshChapterCatalogs () (at Assets/Game/Scripts/Editor/M01FirstContactConfigBuilder.cs:75)
Game.Editor.CH04M05ArmorBreakIntegration:Finish () (at Assets/Game/Scripts/Editor/CH04M05ArmorBreakIntegration.cs:16)
Game.Editor.CH04M05ArmorBreakIntegration:CompletePrepared () (at Assets/Game/Scripts/Editor/CH04M05ArmorBreakIntegration.cs:24)
System.Reflection.MethodBase:Invoke (object,object[])
Game.Editor.ExistingEditorValidation/<Run>d__9:MoveNext () (at Assets/Game/Scripts/Editor/ExistingEditorValidation.cs:92)
System.Runtime.CompilerServices.AsyncVoidMethodBuilder:Start<Game.Editor.ExistingEditorValidation/<Run>d__9> (Game.Editor.ExistingEditorValidation/<Run>d__9&)
Game.Editor.ExistingEditorValidation:Run (string,string)
PipelineEvaluation.PipelineEval_e866dba3/<>c__DisplayClass0_0:<Execute>b__0 ()
UnityEditor.EditorApplication:Internal_CallUpdateFunctions () (at /Users/bokken/build/output/unity/unity/Editor/Mono/EditorApplication.cs:403)

[ArmorBreakContentRegistration] result=Passed ownAssets=8 added=8 GUIDLookup=Supported existingEntries=Preserved
UnityEngine.Debug:Log (object)
Game.Editor.CH04M05ArmorBreakContentBuilder:RegisterProductionEntries () (at Assets/Game/Scripts/Editor/CH04M05ArmorBreakContentBuilder.cs:53)
Game.Editor.CH04M05ArmorBreakIntegration:Finish () (at Assets/Game/Scripts/Editor/CH04M05ArmorBreakIntegration.cs:17)
Game.Editor.CH04M05ArmorBreakIntegration:CompletePrepared () (at Assets/Game/Scripts/Editor/CH04M05ArmorBreakIntegration.cs:24)
System.Reflection.MethodBase:Invoke (object,object[])
Game.Editor.ExistingEditorValidation/<Run>d__9:MoveNext () (at Assets/Game/Scripts/Editor/ExistingEditorValidation.cs:92)
System.Runtime.CompilerServices.AsyncVoidMethodBuilder:Start<Game.Editor.ExistingEditorValidation/<Run>d__9> (Game.Editor.ExistingEditorValidation/<Run>d__9&)
Game.Editor.ExistingEditorValidation:Run (string,string)
PipelineEvaluation.PipelineEval_e866dba3/<>c__DisplayClass0_0:<Execute>b__0 ()
UnityEditor.EditorApplication:Internal_CallUpdateFunctions () (at /Users/bokken/build/output/unity/unity/Editor/Mono/EditorApplication.cs:403)

[ArmorBreakIntegration] result=Passed map=independent-bounded-frontier controls=existing campaignIndex=19
UnityEngine.Debug:Log (object)
Game.Editor.CH04M05ArmorBreakIntegration:Finish () (at Assets/Game/Scripts/Editor/CH04M05ArmorBreakIntegration.cs:19)
Game.Editor.CH04M05ArmorBreakIntegration:CompletePrepared () (at Assets/Game/Scripts/Editor/CH04M05ArmorBreakIntegration.cs:24)
System.Reflection.MethodBase:Invoke (object,object[])
Game.Editor.ExistingEditorValidation/<Run>d__9:MoveNext () (at Assets/Game/Scripts/Editor/ExistingEditorValidation.cs:92)
System.Runtime.CompilerServices.AsyncVoidMethodBuilder:Start<Game.Editor.ExistingEditorValidation/<Run>d__9> (Game.Editor.ExistingEditorValidation/<Run>d__9&)
Game.Editor.ExistingEditorValidation:Run (string,string)
PipelineEvaluation.PipelineEval_e866dba3/<>c__DisplayClass0_0:<Execute>b__0 ()
UnityEditor.EditorApplication:Internal_CallUpdateFunctions () (at /Users/bokken/build/output/unity/unity/Editor/Mono/EditorApplication.cs:403)

[ExistingEditorValidation] result=Passed executeMethod=Game.Editor.CH04M05ArmorBreakIntegration.CompletePrepared
UnityEngine.Debug:Log (object)
Game.Editor.ExistingEditorValidation/<Run>d__9:MoveNext () (at Assets/Game/Scripts/Editor/ExistingEditorValidation.cs:109)
System.Runtime.CompilerServices.AsyncVoidMethodBuilder:Start<Game.Editor.ExistingEditorValidation/<Run>d__9> (Game.Editor.ExistingEditorValidation/<Run>d__9&)
Game.Editor.ExistingEditorValidation:Run (string,string)
PipelineEvaluation.PipelineEval_e866dba3/<>c__DisplayClass0_0:<Execute>b__0 ()
UnityEditor.EditorApplication:Internal_CallUpdateFunctions () (at /Users/bokken/build/output/unity/unity/Editor/Mono/EditorApplication.cs:403)

