[ExistingEditorValidation] project=/Users/farhad/Projects/WarlineCapture/Assets executeMethod=Game.Editor.CH04M05ArmorBreakContentBuilder.BuildPackedContent
UnityEngine.Debug:Log (object)
Game.Editor.ExistingEditorValidation/<Run>d__9:MoveNext () (at Assets/Game/Scripts/Editor/ExistingEditorValidation.cs:90)
System.Runtime.CompilerServices.AsyncVoidMethodBuilder:Start<Game.Editor.ExistingEditorValidation/<Run>d__9> (Game.Editor.ExistingEditorValidation/<Run>d__9&)
Game.Editor.ExistingEditorValidation:Run (string,string)
PipelineEvaluation.PipelineEval_86b16274/<>c__DisplayClass0_0:<Execute>b__0 ()
UnityEditor.EditorApplication:Internal_CallUpdateFunctions () (at /Users/bokken/build/output/unity/unity/Editor/Mono/EditorApplication.cs:403)

Main Object Name 'Game_UnitPrefabRegistry_Config' does not match filename 'UnitFixtureRegistry'
UnityEditor.AssetDatabase:SaveAssetIfDirty (UnityEngine.Object)
Game.Editor.CH04M05ArmorBreakContentBuilder:BuildUnitFixture () (at Assets/Game/Scripts/Editor/CH04M05ArmorBreakContentBuilder.cs:95)
Game.Editor.CH04M05ArmorBreakContentBuilder:BuildPackedContent () (at Assets/Game/Scripts/Editor/CH04M05ArmorBreakContentBuilder.cs:62)
System.Reflection.MethodBase:Invoke (object,object[])
Game.Editor.ExistingEditorValidation/<Run>d__9:MoveNext () (at Assets/Game/Scripts/Editor/ExistingEditorValidation.cs:92)
System.Runtime.CompilerServices.AsyncVoidMethodBuilder:Start<Game.Editor.ExistingEditorValidation/<Run>d__9> (Game.Editor.ExistingEditorValidation/<Run>d__9&)
Game.Editor.ExistingEditorValidation:Run (string,string)
PipelineEvaluation.PipelineEval_86b16274/<>c__DisplayClass0_0:<Execute>b__0 ()
UnityEditor.EditorApplication:Internal_CallUpdateFunctions ()

[ArmorBreakUnitFixture] result=Passed uniquePrefabs=16 combinedArms=G2A+G2G+Armor+Aircraft+Infantry Fuel=RealStorage fixtureLoadedByMission=false
UnityEngine.Debug:Log (object)
Game.Editor.CH04M05ArmorBreakContentBuilder:BuildUnitFixture () (at Assets/Game/Scripts/Editor/CH04M05ArmorBreakContentBuilder.cs:103)
Game.Editor.CH04M05ArmorBreakContentBuilder:BuildPackedContent () (at Assets/Game/Scripts/Editor/CH04M05ArmorBreakContentBuilder.cs:62)
System.Reflection.MethodBase:Invoke (object,object[])
Game.Editor.ExistingEditorValidation/<Run>d__9:MoveNext () (at Assets/Game/Scripts/Editor/ExistingEditorValidation.cs:92)
System.Runtime.CompilerServices.AsyncVoidMethodBuilder:Start<Game.Editor.ExistingEditorValidation/<Run>d__9> (Game.Editor.ExistingEditorValidation/<Run>d__9&)
Game.Editor.ExistingEditorValidation:Run (string,string)
PipelineEvaluation.PipelineEval_86b16274/<>c__DisplayClass0_0:<Execute>b__0 ()
UnityEditor.EditorApplication:Internal_CallUpdateFunctions () (at /Users/bokken/build/output/unity/unity/Editor/Mono/EditorApplication.cs:403)

Assets/Game/Scripts/Systems/BuildingPlacementAuthoredRoadCache.cs(48,104): warning CS0618: 'FindObjectsSortMode' is obsolete: 'FindObjectsSortMode has been deprecated. Use the FindObjectsByType overloads that do not take a FindObjectsSortMode parameter.'
Assets/Game/Scripts/Systems/BuildingPlacementAuthoredRoadCache.cs(48,37): warning CS0618: 'Object.FindObjectsByType<T>(FindObjectsInactive, FindObjectsSortMode)' is obsolete: 'FindObjectsByType with FindObjectsSortMode parameter has been deprecated. Use FindObjectsByType<T>() or FindObjectsByType<T>(FindObjectsInactive) instead. InstanceID will be replaced in the future with EntityId and previous sort order cannot be maintained.'
Assets/Game/Scripts/Runtime/Missions/OperationsReconStartupSystem.cs(29,84): warning CS0618: 'EntityQueryCaptureMode.AtRecord' is obsolete: 'The Capture-query-at-record feature will be removed in a future version of the Entities package. Use AtPlayback mode instead. If AtRecord semantics are required, use the query to generate a NativeArray of matching entities to process, and pass the array instead of the query. (RemovedAfter Entities 2.0)'
Assets/Game/Scripts/Runtime/Missions/OperationsReconStartupSystem.cs(30,89): warning CS0618: 'EntityQueryCaptureMode.AtRecord' is obsolete: 'The Capture-query-at-record feature will be removed in a future version of the Entities package. Use AtPlayback mode instead. If AtRecord semantics are required, use the query to generate a NativeArray of matching entities to process, and pass the array instead of the query. (RemovedAfter Entities 2.0)'
Assets/Game/Scripts/Runtime/Missions/OperationsReconStartupSystem.cs(29,84): warning CS0618: 'EntityQueryCaptureMode.AtRecord' is obsolete: 'The Capture-query-at-record feature will be removed in a future version of the Entities package. Use AtPlayback mode instead. If AtRecord semantics are required, use the query to generate a NativeArray of matching entities to process, and pass the array instead of the query. (RemovedAfter Entities 2.0)'
Assets/Game/Scripts/Runtime/Missions/OperationsReconStartupSystem.cs(30,89): warning CS0618: 'EntityQueryCaptureMode.AtRecord' is obsolete: 'The Capture-query-at-record feature will be removed in a future version of the Entities package. Use AtPlayback mode instead. If AtRecord semantics are required, use the query to generate a NativeArray of matching entities to process, and pass the array instead of the query. (RemovedAfter Entities 2.0)'
Loaded 1 ExamplePackConfig assets
UnityEngine.Debug:Log (object)
SyntyPackageHelper:LoadSyntyPackageHelperConfigs () (at Assets/Synty/SyntyPackageHelper/Editor/SyntyPackageHelper.cs:46)
SyntyPackageHelper:OnProjectChanged () (at Assets/Synty/SyntyPackageHelper/Editor/SyntyPackageHelper.cs:55)
UnityEditor.AddressableAssets.Settings.AddressableAssetSettings:Create (string,string,bool,bool)
Game.Editor.CH04M05ArmorBreakContentBuilder:BuildAddressables () (at Assets/Game/Scripts/Editor/CH04M05ArmorBreakContentBuilder.cs:116)
Game.Editor.CH04M05ArmorBreakContentBuilder:BuildPackedContent () (at Assets/Game/Scripts/Editor/CH04M05ArmorBreakContentBuilder.cs:71)
System.Reflection.MethodBase:Invoke (object,object[])
Game.Editor.ExistingEditorValidation/<Run>d__9:MoveNext () (at Assets/Game/Scripts/Editor/ExistingEditorValidation.cs:92)
System.Runtime.CompilerServices.AsyncVoidMethodBuilder:Start<Game.Editor.ExistingEditorValidation/<Run>d__9> (Game.Editor.ExistingEditorValidation/<Run>d__9&)
Game.Editor.ExistingEditorValidation:Run (string,string)
PipelineEvaluation.PipelineEval_86b16274/<>c__DisplayClass0_0:<Execute>b__0 ()
UnityEditor.EditorApplication:Internal_CallUpdateFunctions () (at /Users/bokken/build/output/unity/unity/Editor/Mono/EditorApplication.cs:403)

[ArmorBreakPackedContent] result=Passed map=opmap.ch04.armor_break entityScene=cff37b7367eda4910ab737672c2fe51b fixture=b216876e8b5a144d6b8750cabd8fb442 bytes=233109063 locator=GUID+CampaignAddress scope=ContentBuildOnly
UnityEngine.Debug:Log (object)
Game.Editor.CH04M05ArmorBreakContentBuilder:BuildPackedContent () (at Assets/Game/Scripts/Editor/CH04M05ArmorBreakContentBuilder.cs:79)
System.Reflection.MethodBase:Invoke (object,object[])
Game.Editor.ExistingEditorValidation/<Run>d__9:MoveNext () (at Assets/Game/Scripts/Editor/ExistingEditorValidation.cs:92)
System.Runtime.CompilerServices.AsyncVoidMethodBuilder:Start<Game.Editor.ExistingEditorValidation/<Run>d__9> (Game.Editor.ExistingEditorValidation/<Run>d__9&)
Game.Editor.ExistingEditorValidation:Run (string,string)
PipelineEvaluation.PipelineEval_86b16274/<>c__DisplayClass0_0:<Execute>b__0 ()
UnityEditor.EditorApplication:Internal_CallUpdateFunctions () (at /Users/bokken/build/output/unity/unity/Editor/Mono/EditorApplication.cs:403)

[ExistingEditorValidation] result=Passed executeMethod=Game.Editor.CH04M05ArmorBreakContentBuilder.BuildPackedContent
UnityEngine.Debug:Log (object)
Game.Editor.ExistingEditorValidation/<Run>d__9:MoveNext () (at Assets/Game/Scripts/Editor/ExistingEditorValidation.cs:109)
System.Runtime.CompilerServices.AsyncVoidMethodBuilder:Start<Game.Editor.ExistingEditorValidation/<Run>d__9> (Game.Editor.ExistingEditorValidation/<Run>d__9&)
Game.Editor.ExistingEditorValidation:Run (string,string)
PipelineEvaluation.PipelineEval_86b16274/<>c__DisplayClass0_0:<Execute>b__0 ()
UnityEditor.EditorApplication:Internal_CallUpdateFunctions () (at /Users/bokken/build/output/unity/unity/Editor/Mono/EditorApplication.cs:403)

