[ExistingEditorValidation] project=/Users/farhad/Projects/WarlineCapture/Assets executeMethod=Game.Editor.CH04M05ArmorBreakNarrativeBuilder.InstallComicVoices
UnityEngine.Debug:Log (object)
Game.Editor.ExistingEditorValidation/<Run>d__9:MoveNext () (at Assets/Game/Scripts/Editor/ExistingEditorValidation.cs:90)
System.Runtime.CompilerServices.AsyncVoidMethodBuilder:Start<Game.Editor.ExistingEditorValidation/<Run>d__9> (Game.Editor.ExistingEditorValidation/<Run>d__9&)
Game.Editor.ExistingEditorValidation:Run (string,string)
PipelineEvaluation.PipelineEval_ba349662/<>c__DisplayClass0_0:<Execute>b__0 ()
UnityEditor.EditorApplication:Internal_CallUpdateFunctions () (at /Users/bokken/build/output/unity/unity/Editor/Mono/EditorApplication.cs:403)

Assertion failed on expression: 'm_DisallowAutoRefresh >= 0'
UnityEngine.StackTraceUtility:ExtractStackTrace ()
Game.Editor.CH04M05ArmorBreakNarrativeBuilder:InstallComicVoices () (at Assets/Game/Scripts/Editor/CH04M05ArmorBreakNarrativeBuilder.cs:29)
System.Reflection.MethodBase:Invoke (object,object[])
Game.Editor.ExistingEditorValidation/<Run>d__9:MoveNext () (at Assets/Game/Scripts/Editor/ExistingEditorValidation.cs:92)
System.Runtime.CompilerServices.AsyncVoidMethodBuilder:Start<Game.Editor.ExistingEditorValidation/<Run>d__9> (Game.Editor.ExistingEditorValidation/<Run>d__9&)
Game.Editor.ExistingEditorValidation:Run (string,string)
PipelineEvaluation.PipelineEval_ba349662/<>c__DisplayClass0_0:<Execute>b__0 ()
UnityEditor.EditorApplication:Internal_CallUpdateFunctions ()

Assertion failed on expression: 'm_DisallowAutoRefresh >= 0'
UnityEngine.StackTraceUtility:ExtractStackTrace ()
Game.Editor.CH04M05ArmorBreakNarrativeBuilder:InstallComicVoices () (at Assets/Game/Scripts/Editor/CH04M05ArmorBreakNarrativeBuilder.cs:29)
System.Reflection.MethodBase:Invoke (object,object[])
Game.Editor.ExistingEditorValidation/<Run>d__9:MoveNext () (at Assets/Game/Scripts/Editor/ExistingEditorValidation.cs:92)
System.Runtime.CompilerServices.AsyncVoidMethodBuilder:Start<Game.Editor.ExistingEditorValidation/<Run>d__9> (Game.Editor.ExistingEditorValidation/<Run>d__9&)
Game.Editor.ExistingEditorValidation:Run (string,string)
PipelineEvaluation.PipelineEval_ba349662/<>c__DisplayClass0_0:<Execute>b__0 ()
UnityEditor.EditorApplication:Internal_CallUpdateFunctions ()

Assertion failed on expression: 'm_DisallowAutoRefresh >= 0'
UnityEditor.AssetImporter:SaveAndReimport ()
Game.Editor.CH04M05ArmorBreakNarrativeBuilder:InstallComicVoices () (at Assets/Game/Scripts/Editor/CH04M05ArmorBreakNarrativeBuilder.cs:45)
System.Reflection.MethodBase:Invoke (object,object[])
Game.Editor.ExistingEditorValidation/<Run>d__9:MoveNext () (at Assets/Game/Scripts/Editor/ExistingEditorValidation.cs:92)
System.Runtime.CompilerServices.AsyncVoidMethodBuilder:Start<Game.Editor.ExistingEditorValidation/<Run>d__9> (Game.Editor.ExistingEditorValidation/<Run>d__9&)
Game.Editor.ExistingEditorValidation:Run (string,string)
PipelineEvaluation.PipelineEval_ba349662/<>c__DisplayClass0_0:<Execute>b__0 ()
UnityEditor.EditorApplication:Internal_CallUpdateFunctions ()

Assertion failed on expression: 'm_DisallowAutoRefresh >= 0'
UnityEditor.AssetImporter:SaveAndReimport ()
Game.Editor.CH04M05ArmorBreakNarrativeBuilder:InstallComicVoices () (at Assets/Game/Scripts/Editor/CH04M05ArmorBreakNarrativeBuilder.cs:45)
System.Reflection.MethodBase:Invoke (object,object[])
Game.Editor.ExistingEditorValidation/<Run>d__9:MoveNext () (at Assets/Game/Scripts/Editor/ExistingEditorValidation.cs:92)
System.Runtime.CompilerServices.AsyncVoidMethodBuilder:Start<Game.Editor.ExistingEditorValidation/<Run>d__9> (Game.Editor.ExistingEditorValidation/<Run>d__9&)
Game.Editor.ExistingEditorValidation:Run (string,string)
PipelineEvaluation.PipelineEval_ba349662/<>c__DisplayClass0_0:<Execute>b__0 ()
UnityEditor.EditorApplication:Internal_CallUpdateFunctions ()

Assertion failed on expression: 'm_DisallowAutoRefresh >= 0'
UnityEditor.AssetImporter:SaveAndReimport ()
Game.Editor.CH04M05ArmorBreakNarrativeBuilder:InstallComicVoices () (at Assets/Game/Scripts/Editor/CH04M05ArmorBreakNarrativeBuilder.cs:45)
System.Reflection.MethodBase:Invoke (object,object[])
Game.Editor.ExistingEditorValidation/<Run>d__9:MoveNext () (at Assets/Game/Scripts/Editor/ExistingEditorValidation.cs:92)
System.Runtime.CompilerServices.AsyncVoidMethodBuilder:Start<Game.Editor.ExistingEditorValidation/<Run>d__9> (Game.Editor.ExistingEditorValidation/<Run>d__9&)
Game.Editor.ExistingEditorValidation:Run (string,string)
PipelineEvaluation.PipelineEval_ba349662/<>c__DisplayClass0_0:<Execute>b__0 ()
UnityEditor.EditorApplication:Internal_CallUpdateFunctions ()

Assertion failed on expression: 'm_DisallowAutoRefresh >= 0'
UnityEditor.AssetImporter:SaveAndReimport ()
Game.Editor.CH04M05ArmorBreakNarrativeBuilder:InstallComicVoices () (at Assets/Game/Scripts/Editor/CH04M05ArmorBreakNarrativeBuilder.cs:45)
System.Reflection.MethodBase:Invoke (object,object[])
Game.Editor.ExistingEditorValidation/<Run>d__9:MoveNext () (at Assets/Game/Scripts/Editor/ExistingEditorValidation.cs:92)
System.Runtime.CompilerServices.AsyncVoidMethodBuilder:Start<Game.Editor.ExistingEditorValidation/<Run>d__9> (Game.Editor.ExistingEditorValidation/<Run>d__9&)
Game.Editor.ExistingEditorValidation:Run (string,string)
PipelineEvaluation.PipelineEval_ba349662/<>c__DisplayClass0_0:<Execute>b__0 ()
UnityEditor.EditorApplication:Internal_CallUpdateFunctions ()

Assertion failed on expression: 'm_DisallowAutoRefresh >= 0'
UnityEditor.AssetImporter:SaveAndReimport ()
Game.Editor.CH04M05ArmorBreakNarrativeBuilder:InstallComicVoices () (at Assets/Game/Scripts/Editor/CH04M05ArmorBreakNarrativeBuilder.cs:45)
System.Reflection.MethodBase:Invoke (object,object[])
Game.Editor.ExistingEditorValidation/<Run>d__9:MoveNext () (at Assets/Game/Scripts/Editor/ExistingEditorValidation.cs:92)
System.Runtime.CompilerServices.AsyncVoidMethodBuilder:Start<Game.Editor.ExistingEditorValidation/<Run>d__9> (Game.Editor.ExistingEditorValidation/<Run>d__9&)
Game.Editor.ExistingEditorValidation:Run (string,string)
PipelineEvaluation.PipelineEval_ba349662/<>c__DisplayClass0_0:<Execute>b__0 ()
UnityEditor.EditorApplication:Internal_CallUpdateFunctions ()

Assertion failed on expression: 'm_DisallowAutoRefresh >= 0'
UnityEditor.AssetImporter:SaveAndReimport ()
Game.Editor.CH04M05ArmorBreakNarrativeBuilder:InstallComicVoices () (at Assets/Game/Scripts/Editor/CH04M05ArmorBreakNarrativeBuilder.cs:45)
System.Reflection.MethodBase:Invoke (object,object[])
Game.Editor.ExistingEditorValidation/<Run>d__9:MoveNext () (at Assets/Game/Scripts/Editor/ExistingEditorValidation.cs:92)
System.Runtime.CompilerServices.AsyncVoidMethodBuilder:Start<Game.Editor.ExistingEditorValidation/<Run>d__9> (Game.Editor.ExistingEditorValidation/<Run>d__9&)
Game.Editor.ExistingEditorValidation:Run (string,string)
PipelineEvaluation.PipelineEval_ba349662/<>c__DisplayClass0_0:<Execute>b__0 ()
UnityEditor.EditorApplication:Internal_CallUpdateFunctions ()

Assertion failed on expression: 'm_DisallowAutoRefresh >= 0'
UnityEditor.AssetImporter:SaveAndReimport ()
Game.Editor.CH04M05ArmorBreakNarrativeBuilder:InstallComicVoices () (at Assets/Game/Scripts/Editor/CH04M05ArmorBreakNarrativeBuilder.cs:45)
System.Reflection.MethodBase:Invoke (object,object[])
Game.Editor.ExistingEditorValidation/<Run>d__9:MoveNext () (at Assets/Game/Scripts/Editor/ExistingEditorValidation.cs:92)
System.Runtime.CompilerServices.AsyncVoidMethodBuilder:Start<Game.Editor.ExistingEditorValidation/<Run>d__9> (Game.Editor.ExistingEditorValidation/<Run>d__9&)
Game.Editor.ExistingEditorValidation:Run (string,string)
PipelineEvaluation.PipelineEval_ba349662/<>c__DisplayClass0_0:<Execute>b__0 ()
UnityEditor.EditorApplication:Internal_CallUpdateFunctions ()

Assertion failed on expression: 'm_DisallowAutoRefresh >= 0'
UnityEditor.AssetImporter:SaveAndReimport ()
Game.Editor.CH04M05ArmorBreakNarrativeBuilder:InstallComicVoices () (at Assets/Game/Scripts/Editor/CH04M05ArmorBreakNarrativeBuilder.cs:45)
System.Reflection.MethodBase:Invoke (object,object[])
Game.Editor.ExistingEditorValidation/<Run>d__9:MoveNext () (at Assets/Game/Scripts/Editor/ExistingEditorValidation.cs:92)
System.Runtime.CompilerServices.AsyncVoidMethodBuilder:Start<Game.Editor.ExistingEditorValidation/<Run>d__9> (Game.Editor.ExistingEditorValidation/<Run>d__9&)
Game.Editor.ExistingEditorValidation:Run (string,string)
PipelineEvaluation.PipelineEval_ba349662/<>c__DisplayClass0_0:<Execute>b__0 ()
UnityEditor.EditorApplication:Internal_CallUpdateFunctions ()

Assertion failed on expression: 'm_DisallowAutoRefresh >= 0'
UnityEditor.AssetImporter:SaveAndReimport ()
Game.Editor.CH04M05ArmorBreakNarrativeBuilder:InstallComicVoices () (at Assets/Game/Scripts/Editor/CH04M05ArmorBreakNarrativeBuilder.cs:45)
System.Reflection.MethodBase:Invoke (object,object[])
Game.Editor.ExistingEditorValidation/<Run>d__9:MoveNext () (at Assets/Game/Scripts/Editor/ExistingEditorValidation.cs:92)
System.Runtime.CompilerServices.AsyncVoidMethodBuilder:Start<Game.Editor.ExistingEditorValidation/<Run>d__9> (Game.Editor.ExistingEditorValidation/<Run>d__9&)
Game.Editor.ExistingEditorValidation:Run (string,string)
PipelineEvaluation.PipelineEval_ba349662/<>c__DisplayClass0_0:<Execute>b__0 ()
UnityEditor.EditorApplication:Internal_CallUpdateFunctions ()

Assertion failed on expression: 'm_DisallowAutoRefresh >= 0'
UnityEditor.AssetImporter:SaveAndReimport ()
Game.Editor.CH04M05ArmorBreakNarrativeBuilder:InstallComicVoices () (at Assets/Game/Scripts/Editor/CH04M05ArmorBreakNarrativeBuilder.cs:45)
System.Reflection.MethodBase:Invoke (object,object[])
Game.Editor.ExistingEditorValidation/<Run>d__9:MoveNext () (at Assets/Game/Scripts/Editor/ExistingEditorValidation.cs:92)
System.Runtime.CompilerServices.AsyncVoidMethodBuilder:Start<Game.Editor.ExistingEditorValidation/<Run>d__9> (Game.Editor.ExistingEditorValidation/<Run>d__9&)
Game.Editor.ExistingEditorValidation:Run (string,string)
PipelineEvaluation.PipelineEval_ba349662/<>c__DisplayClass0_0:<Execute>b__0 ()
UnityEditor.EditorApplication:Internal_CallUpdateFunctions ()

Assertion failed on expression: 'm_DisallowAutoRefresh >= 0'
UnityEditor.AssetImporter:SaveAndReimport ()
Game.Editor.CH04M05ArmorBreakNarrativeBuilder:InstallComicVoices () (at Assets/Game/Scripts/Editor/CH04M05ArmorBreakNarrativeBuilder.cs:45)
System.Reflection.MethodBase:Invoke (object,object[])
Game.Editor.ExistingEditorValidation/<Run>d__9:MoveNext () (at Assets/Game/Scripts/Editor/ExistingEditorValidation.cs:92)
System.Runtime.CompilerServices.AsyncVoidMethodBuilder:Start<Game.Editor.ExistingEditorValidation/<Run>d__9> (Game.Editor.ExistingEditorValidation/<Run>d__9&)
Game.Editor.ExistingEditorValidation:Run (string,string)
PipelineEvaluation.PipelineEval_ba349662/<>c__DisplayClass0_0:<Execute>b__0 ()
UnityEditor.EditorApplication:Internal_CallUpdateFunctions ()

Assertion failed on expression: 'm_DisallowAutoRefresh >= 0'
UnityEditor.AssetImporter:SaveAndReimport ()
Game.Editor.CH04M05ArmorBreakNarrativeBuilder:InstallComicVoices () (at Assets/Game/Scripts/Editor/CH04M05ArmorBreakNarrativeBuilder.cs:45)
System.Reflection.MethodBase:Invoke (object,object[])
Game.Editor.ExistingEditorValidation/<Run>d__9:MoveNext () (at Assets/Game/Scripts/Editor/ExistingEditorValidation.cs:92)
System.Runtime.CompilerServices.AsyncVoidMethodBuilder:Start<Game.Editor.ExistingEditorValidation/<Run>d__9> (Game.Editor.ExistingEditorValidation/<Run>d__9&)
Game.Editor.ExistingEditorValidation:Run (string,string)
PipelineEvaluation.PipelineEval_ba349662/<>c__DisplayClass0_0:<Execute>b__0 ()
UnityEditor.EditorApplication:Internal_CallUpdateFunctions ()

Assertion failed on expression: 'm_DisallowAutoRefresh >= 0'
UnityEditor.AssetImporter:SaveAndReimport ()
Game.Editor.CH04M05ArmorBreakNarrativeBuilder:InstallComicVoices () (at Assets/Game/Scripts/Editor/CH04M05ArmorBreakNarrativeBuilder.cs:45)
System.Reflection.MethodBase:Invoke (object,object[])
Game.Editor.ExistingEditorValidation/<Run>d__9:MoveNext () (at Assets/Game/Scripts/Editor/ExistingEditorValidation.cs:92)
System.Runtime.CompilerServices.AsyncVoidMethodBuilder:Start<Game.Editor.ExistingEditorValidation/<Run>d__9> (Game.Editor.ExistingEditorValidation/<Run>d__9&)
Game.Editor.ExistingEditorValidation:Run (string,string)
PipelineEvaluation.PipelineEval_ba349662/<>c__DisplayClass0_0:<Execute>b__0 ()
UnityEditor.EditorApplication:Internal_CallUpdateFunctions ()

Assertion failed on expression: 'm_DisallowAutoRefresh >= 0'
UnityEditor.AssetImporter:SaveAndReimport ()
Game.Editor.CH04M05ArmorBreakNarrativeBuilder:InstallComicVoices () (at Assets/Game/Scripts/Editor/CH04M05ArmorBreakNarrativeBuilder.cs:45)
System.Reflection.MethodBase:Invoke (object,object[])
Game.Editor.ExistingEditorValidation/<Run>d__9:MoveNext () (at Assets/Game/Scripts/Editor/ExistingEditorValidation.cs:92)
System.Runtime.CompilerServices.AsyncVoidMethodBuilder:Start<Game.Editor.ExistingEditorValidation/<Run>d__9> (Game.Editor.ExistingEditorValidation/<Run>d__9&)
Game.Editor.ExistingEditorValidation:Run (string,string)
PipelineEvaluation.PipelineEval_ba349662/<>c__DisplayClass0_0:<Execute>b__0 ()
UnityEditor.EditorApplication:Internal_CallUpdateFunctions ()

Assertion failed on expression: 'm_DisallowAutoRefresh >= 0'
UnityEditor.AssetImporter:SaveAndReimport ()
Game.Editor.CH04M05ArmorBreakNarrativeBuilder:InstallComicVoices () (at Assets/Game/Scripts/Editor/CH04M05ArmorBreakNarrativeBuilder.cs:45)
System.Reflection.MethodBase:Invoke (object,object[])
Game.Editor.ExistingEditorValidation/<Run>d__9:MoveNext () (at Assets/Game/Scripts/Editor/ExistingEditorValidation.cs:92)
System.Runtime.CompilerServices.AsyncVoidMethodBuilder:Start<Game.Editor.ExistingEditorValidation/<Run>d__9> (Game.Editor.ExistingEditorValidation/<Run>d__9&)
Game.Editor.ExistingEditorValidation:Run (string,string)
PipelineEvaluation.PipelineEval_ba349662/<>c__DisplayClass0_0:<Execute>b__0 ()
UnityEditor.EditorApplication:Internal_CallUpdateFunctions ()

Assertion failed on expression: 'm_DisallowAutoRefresh >= 0'
UnityEditor.AssetImporter:SaveAndReimport ()
Game.Editor.CH04M05ArmorBreakNarrativeBuilder:InstallComicVoices () (at Assets/Game/Scripts/Editor/CH04M05ArmorBreakNarrativeBuilder.cs:45)
System.Reflection.MethodBase:Invoke (object,object[])
Game.Editor.ExistingEditorValidation/<Run>d__9:MoveNext () (at Assets/Game/Scripts/Editor/ExistingEditorValidation.cs:92)
System.Runtime.CompilerServices.AsyncVoidMethodBuilder:Start<Game.Editor.ExistingEditorValidation/<Run>d__9> (Game.Editor.ExistingEditorValidation/<Run>d__9&)
Game.Editor.ExistingEditorValidation:Run (string,string)
PipelineEvaluation.PipelineEval_ba349662/<>c__DisplayClass0_0:<Execute>b__0 ()
UnityEditor.EditorApplication:Internal_CallUpdateFunctions ()

Assertion failed on expression: 'm_DisallowAutoRefresh >= 0'
UnityEditor.AssetImporter:SaveAndReimport ()
Game.Editor.CH04M05ArmorBreakNarrativeBuilder:InstallComicVoices () (at Assets/Game/Scripts/Editor/CH04M05ArmorBreakNarrativeBuilder.cs:45)
System.Reflection.MethodBase:Invoke (object,object[])
Game.Editor.ExistingEditorValidation/<Run>d__9:MoveNext () (at Assets/Game/Scripts/Editor/ExistingEditorValidation.cs:92)
System.Runtime.CompilerServices.AsyncVoidMethodBuilder:Start<Game.Editor.ExistingEditorValidation/<Run>d__9> (Game.Editor.ExistingEditorValidation/<Run>d__9&)
Game.Editor.ExistingEditorValidation:Run (string,string)
PipelineEvaluation.PipelineEval_ba349662/<>c__DisplayClass0_0:<Execute>b__0 ()
UnityEditor.EditorApplication:Internal_CallUpdateFunctions ()

Assertion failed on expression: 'm_DisallowAutoRefresh >= 0'
UnityEditor.AssetImporter:SaveAndReimport ()
Game.Editor.CH04M05ArmorBreakNarrativeBuilder:InstallComicVoices () (at Assets/Game/Scripts/Editor/CH04M05ArmorBreakNarrativeBuilder.cs:45)
System.Reflection.MethodBase:Invoke (object,object[])
Game.Editor.ExistingEditorValidation/<Run>d__9:MoveNext () (at Assets/Game/Scripts/Editor/ExistingEditorValidation.cs:92)
System.Runtime.CompilerServices.AsyncVoidMethodBuilder:Start<Game.Editor.ExistingEditorValidation/<Run>d__9> (Game.Editor.ExistingEditorValidation/<Run>d__9&)
Game.Editor.ExistingEditorValidation:Run (string,string)
PipelineEvaluation.PipelineEval_ba349662/<>c__DisplayClass0_0:<Execute>b__0 ()
UnityEditor.EditorApplication:Internal_CallUpdateFunctions ()

Assertion failed on expression: 'm_DisallowAutoRefresh >= 0'
UnityEditor.AssetImporter:SaveAndReimport ()
Game.Editor.CH04M05ArmorBreakNarrativeBuilder:InstallComicVoices () (at Assets/Game/Scripts/Editor/CH04M05ArmorBreakNarrativeBuilder.cs:45)
System.Reflection.MethodBase:Invoke (object,object[])
Game.Editor.ExistingEditorValidation/<Run>d__9:MoveNext () (at Assets/Game/Scripts/Editor/ExistingEditorValidation.cs:92)
System.Runtime.CompilerServices.AsyncVoidMethodBuilder:Start<Game.Editor.ExistingEditorValidation/<Run>d__9> (Game.Editor.ExistingEditorValidation/<Run>d__9&)
Game.Editor.ExistingEditorValidation:Run (string,string)
PipelineEvaluation.PipelineEval_ba349662/<>c__DisplayClass0_0:<Execute>b__0 ()
UnityEditor.EditorApplication:Internal_CallUpdateFunctions ()

Assertion failed on expression: 'm_DisallowAutoRefresh >= 0'
UnityEditor.AssetImporter:SaveAndReimport ()
Game.Editor.CH04M05ArmorBreakNarrativeBuilder:InstallComicVoices () (at Assets/Game/Scripts/Editor/CH04M05ArmorBreakNarrativeBuilder.cs:45)
System.Reflection.MethodBase:Invoke (object,object[])
Game.Editor.ExistingEditorValidation/<Run>d__9:MoveNext () (at Assets/Game/Scripts/Editor/ExistingEditorValidation.cs:92)
System.Runtime.CompilerServices.AsyncVoidMethodBuilder:Start<Game.Editor.ExistingEditorValidation/<Run>d__9> (Game.Editor.ExistingEditorValidation/<Run>d__9&)
Game.Editor.ExistingEditorValidation:Run (string,string)
PipelineEvaluation.PipelineEval_ba349662/<>c__DisplayClass0_0:<Execute>b__0 ()
UnityEditor.EditorApplication:Internal_CallUpdateFunctions ()

Assertion failed on expression: 'm_DisallowAutoRefresh >= 0'
UnityEditor.AssetImporter:SaveAndReimport ()
Game.Editor.CH04M05ArmorBreakNarrativeBuilder:InstallComicVoices () (at Assets/Game/Scripts/Editor/CH04M05ArmorBreakNarrativeBuilder.cs:45)
System.Reflection.MethodBase:Invoke (object,object[])
Game.Editor.ExistingEditorValidation/<Run>d__9:MoveNext () (at Assets/Game/Scripts/Editor/ExistingEditorValidation.cs:92)
System.Runtime.CompilerServices.AsyncVoidMethodBuilder:Start<Game.Editor.ExistingEditorValidation/<Run>d__9> (Game.Editor.ExistingEditorValidation/<Run>d__9&)
Game.Editor.ExistingEditorValidation:Run (string,string)
PipelineEvaluation.PipelineEval_ba349662/<>c__DisplayClass0_0:<Execute>b__0 ()
UnityEditor.EditorApplication:Internal_CallUpdateFunctions ()

Assertion failed on expression: 'm_DisallowAutoRefresh >= 0'
UnityEditor.AssetImporter:SaveAndReimport ()
Game.Editor.CH04M05ArmorBreakNarrativeBuilder:InstallComicVoices () (at Assets/Game/Scripts/Editor/CH04M05ArmorBreakNarrativeBuilder.cs:45)
System.Reflection.MethodBase:Invoke (object,object[])
Game.Editor.ExistingEditorValidation/<Run>d__9:MoveNext () (at Assets/Game/Scripts/Editor/ExistingEditorValidation.cs:92)
System.Runtime.CompilerServices.AsyncVoidMethodBuilder:Start<Game.Editor.ExistingEditorValidation/<Run>d__9> (Game.Editor.ExistingEditorValidation/<Run>d__9&)
Game.Editor.ExistingEditorValidation:Run (string,string)
PipelineEvaluation.PipelineEval_ba349662/<>c__DisplayClass0_0:<Execute>b__0 ()
UnityEditor.EditorApplication:Internal_CallUpdateFunctions ()

Assertion failed on expression: 'm_DisallowAutoRefresh >= 0'
UnityEditor.AssetImporter:SaveAndReimport ()
Game.Editor.CH04M05ArmorBreakNarrativeBuilder:InstallComicVoices () (at Assets/Game/Scripts/Editor/CH04M05ArmorBreakNarrativeBuilder.cs:45)
System.Reflection.MethodBase:Invoke (object,object[])
Game.Editor.ExistingEditorValidation/<Run>d__9:MoveNext () (at Assets/Game/Scripts/Editor/ExistingEditorValidation.cs:92)
System.Runtime.CompilerServices.AsyncVoidMethodBuilder:Start<Game.Editor.ExistingEditorValidation/<Run>d__9> (Game.Editor.ExistingEditorValidation/<Run>d__9&)
Game.Editor.ExistingEditorValidation:Run (string,string)
PipelineEvaluation.PipelineEval_ba349662/<>c__DisplayClass0_0:<Execute>b__0 ()
UnityEditor.EditorApplication:Internal_CallUpdateFunctions ()

Assertion failed on expression: 'm_DisallowAutoRefresh >= 0'
UnityEditor.AssetImporter:SaveAndReimport ()
Game.Editor.CH04M05ArmorBreakNarrativeBuilder:InstallComicVoices () (at Assets/Game/Scripts/Editor/CH04M05ArmorBreakNarrativeBuilder.cs:45)
System.Reflection.MethodBase:Invoke (object,object[])
Game.Editor.ExistingEditorValidation/<Run>d__9:MoveNext () (at Assets/Game/Scripts/Editor/ExistingEditorValidation.cs:92)
System.Runtime.CompilerServices.AsyncVoidMethodBuilder:Start<Game.Editor.ExistingEditorValidation/<Run>d__9> (Game.Editor.ExistingEditorValidation/<Run>d__9&)
Game.Editor.ExistingEditorValidation:Run (string,string)
PipelineEvaluation.PipelineEval_ba349662/<>c__DisplayClass0_0:<Execute>b__0 ()
UnityEditor.EditorApplication:Internal_CallUpdateFunctions ()

Assertion failed on expression: 'm_DisallowAutoRefresh >= 0'
UnityEditor.AssetImporter:SaveAndReimport ()
Game.Editor.CH04M05ArmorBreakNarrativeBuilder:InstallComicVoices () (at Assets/Game/Scripts/Editor/CH04M05ArmorBreakNarrativeBuilder.cs:45)
System.Reflection.MethodBase:Invoke (object,object[])
Game.Editor.ExistingEditorValidation/<Run>d__9:MoveNext () (at Assets/Game/Scripts/Editor/ExistingEditorValidation.cs:92)
System.Runtime.CompilerServices.AsyncVoidMethodBuilder:Start<Game.Editor.ExistingEditorValidation/<Run>d__9> (Game.Editor.ExistingEditorValidation/<Run>d__9&)
Game.Editor.ExistingEditorValidation:Run (string,string)
PipelineEvaluation.PipelineEval_ba349662/<>c__DisplayClass0_0:<Execute>b__0 ()
UnityEditor.EditorApplication:Internal_CallUpdateFunctions ()

Assertion failed on expression: 'm_DisallowAutoRefresh >= 0'
UnityEditor.AssetImporter:SaveAndReimport ()
Game.Editor.CH04M05ArmorBreakNarrativeBuilder:InstallComicVoices () (at Assets/Game/Scripts/Editor/CH04M05ArmorBreakNarrativeBuilder.cs:45)
System.Reflection.MethodBase:Invoke (object,object[])
Game.Editor.ExistingEditorValidation/<Run>d__9:MoveNext () (at Assets/Game/Scripts/Editor/ExistingEditorValidation.cs:92)
System.Runtime.CompilerServices.AsyncVoidMethodBuilder:Start<Game.Editor.ExistingEditorValidation/<Run>d__9> (Game.Editor.ExistingEditorValidation/<Run>d__9&)
Game.Editor.ExistingEditorValidation:Run (string,string)
PipelineEvaluation.PipelineEval_ba349662/<>c__DisplayClass0_0:<Execute>b__0 ()
UnityEditor.EditorApplication:Internal_CallUpdateFunctions ()

Assertion failed on expression: 'm_DisallowAutoRefresh >= 0'
UnityEditor.AssetImporter:SaveAndReimport ()
Game.Editor.CH04M05ArmorBreakNarrativeBuilder:InstallComicVoices () (at Assets/Game/Scripts/Editor/CH04M05ArmorBreakNarrativeBuilder.cs:45)
System.Reflection.MethodBase:Invoke (object,object[])
Game.Editor.ExistingEditorValidation/<Run>d__9:MoveNext () (at Assets/Game/Scripts/Editor/ExistingEditorValidation.cs:92)
System.Runtime.CompilerServices.AsyncVoidMethodBuilder:Start<Game.Editor.ExistingEditorValidation/<Run>d__9> (Game.Editor.ExistingEditorValidation/<Run>d__9&)
Game.Editor.ExistingEditorValidation:Run (string,string)
PipelineEvaluation.PipelineEval_ba349662/<>c__DisplayClass0_0:<Execute>b__0 ()
UnityEditor.EditorApplication:Internal_CallUpdateFunctions ()

Assertion failed on expression: 'm_DisallowAutoRefresh >= 0'
UnityEditor.AssetImporter:SaveAndReimport ()
Game.Editor.CH04M05ArmorBreakNarrativeBuilder:InstallComicVoices () (at Assets/Game/Scripts/Editor/CH04M05ArmorBreakNarrativeBuilder.cs:45)
System.Reflection.MethodBase:Invoke (object,object[])
Game.Editor.ExistingEditorValidation/<Run>d__9:MoveNext () (at Assets/Game/Scripts/Editor/ExistingEditorValidation.cs:92)
System.Runtime.CompilerServices.AsyncVoidMethodBuilder:Start<Game.Editor.ExistingEditorValidation/<Run>d__9> (Game.Editor.ExistingEditorValidation/<Run>d__9&)
Game.Editor.ExistingEditorValidation:Run (string,string)
PipelineEvaluation.PipelineEval_ba349662/<>c__DisplayClass0_0:<Execute>b__0 ()
UnityEditor.EditorApplication:Internal_CallUpdateFunctions ()

Assertion failed on expression: 'm_DisallowAutoRefresh >= 0'
UnityEditor.AssetImporter:SaveAndReimport ()
Game.Editor.CH04M05ArmorBreakNarrativeBuilder:InstallComicVoices () (at Assets/Game/Scripts/Editor/CH04M05ArmorBreakNarrativeBuilder.cs:45)
System.Reflection.MethodBase:Invoke (object,object[])
Game.Editor.ExistingEditorValidation/<Run>d__9:MoveNext () (at Assets/Game/Scripts/Editor/ExistingEditorValidation.cs:92)
System.Runtime.CompilerServices.AsyncVoidMethodBuilder:Start<Game.Editor.ExistingEditorValidation/<Run>d__9> (Game.Editor.ExistingEditorValidation/<Run>d__9&)
Game.Editor.ExistingEditorValidation:Run (string,string)
PipelineEvaluation.PipelineEval_ba349662/<>c__DisplayClass0_0:<Execute>b__0 ()
UnityEditor.EditorApplication:Internal_CallUpdateFunctions ()

Assertion failed on expression: 'm_DisallowAutoRefresh >= 0'
UnityEditor.AssetImporter:SaveAndReimport ()
Game.Editor.CH04M05ArmorBreakNarrativeBuilder:InstallComicVoices () (at Assets/Game/Scripts/Editor/CH04M05ArmorBreakNarrativeBuilder.cs:45)
System.Reflection.MethodBase:Invoke (object,object[])
Game.Editor.ExistingEditorValidation/<Run>d__9:MoveNext () (at Assets/Game/Scripts/Editor/ExistingEditorValidation.cs:92)
System.Runtime.CompilerServices.AsyncVoidMethodBuilder:Start<Game.Editor.ExistingEditorValidation/<Run>d__9> (Game.Editor.ExistingEditorValidation/<Run>d__9&)
Game.Editor.ExistingEditorValidation:Run (string,string)
PipelineEvaluation.PipelineEval_ba349662/<>c__DisplayClass0_0:<Execute>b__0 ()
UnityEditor.EditorApplication:Internal_CallUpdateFunctions ()

Assertion failed on expression: 'm_DisallowAutoRefresh >= 0'
UnityEditor.AssetImporter:SaveAndReimport ()
Game.Editor.CH04M05ArmorBreakNarrativeBuilder:InstallComicVoices () (at Assets/Game/Scripts/Editor/CH04M05ArmorBreakNarrativeBuilder.cs:45)
System.Reflection.MethodBase:Invoke (object,object[])
Game.Editor.ExistingEditorValidation/<Run>d__9:MoveNext () (at Assets/Game/Scripts/Editor/ExistingEditorValidation.cs:92)
System.Runtime.CompilerServices.AsyncVoidMethodBuilder:Start<Game.Editor.ExistingEditorValidation/<Run>d__9> (Game.Editor.ExistingEditorValidation/<Run>d__9&)
Game.Editor.ExistingEditorValidation:Run (string,string)
PipelineEvaluation.PipelineEval_ba349662/<>c__DisplayClass0_0:<Execute>b__0 ()
UnityEditor.EditorApplication:Internal_CallUpdateFunctions ()

Assertion failed on expression: 'm_DisallowAutoRefresh >= 0'
UnityEditor.AssetImporter:SaveAndReimport ()
Game.Editor.CH04M05ArmorBreakNarrativeBuilder:InstallComicVoices () (at Assets/Game/Scripts/Editor/CH04M05ArmorBreakNarrativeBuilder.cs:45)
System.Reflection.MethodBase:Invoke (object,object[])
Game.Editor.ExistingEditorValidation/<Run>d__9:MoveNext () (at Assets/Game/Scripts/Editor/ExistingEditorValidation.cs:92)
System.Runtime.CompilerServices.AsyncVoidMethodBuilder:Start<Game.Editor.ExistingEditorValidation/<Run>d__9> (Game.Editor.ExistingEditorValidation/<Run>d__9&)
Game.Editor.ExistingEditorValidation:Run (string,string)
PipelineEvaluation.PipelineEval_ba349662/<>c__DisplayClass0_0:<Execute>b__0 ()
UnityEditor.EditorApplication:Internal_CallUpdateFunctions ()

Assertion failed on expression: 'm_DisallowAutoRefresh >= 0'
UnityEditor.AssetImporter:SaveAndReimport ()
Game.Editor.CH04M05ArmorBreakNarrativeBuilder:InstallComicVoices () (at Assets/Game/Scripts/Editor/CH04M05ArmorBreakNarrativeBuilder.cs:45)
System.Reflection.MethodBase:Invoke (object,object[])
Game.Editor.ExistingEditorValidation/<Run>d__9:MoveNext () (at Assets/Game/Scripts/Editor/ExistingEditorValidation.cs:92)
System.Runtime.CompilerServices.AsyncVoidMethodBuilder:Start<Game.Editor.ExistingEditorValidation/<Run>d__9> (Game.Editor.ExistingEditorValidation/<Run>d__9&)
Game.Editor.ExistingEditorValidation:Run (string,string)
PipelineEvaluation.PipelineEval_ba349662/<>c__DisplayClass0_0:<Execute>b__0 ()
UnityEditor.EditorApplication:Internal_CallUpdateFunctions ()

Assertion failed on expression: 'm_DisallowAutoRefresh >= 0'
UnityEditor.AssetImporter:SaveAndReimport ()
Game.Editor.CH04M05ArmorBreakNarrativeBuilder:InstallComicVoices () (at Assets/Game/Scripts/Editor/CH04M05ArmorBreakNarrativeBuilder.cs:45)
System.Reflection.MethodBase:Invoke (object,object[])
Game.Editor.ExistingEditorValidation/<Run>d__9:MoveNext () (at Assets/Game/Scripts/Editor/ExistingEditorValidation.cs:92)
System.Runtime.CompilerServices.AsyncVoidMethodBuilder:Start<Game.Editor.ExistingEditorValidation/<Run>d__9> (Game.Editor.ExistingEditorValidation/<Run>d__9&)
Game.Editor.ExistingEditorValidation:Run (string,string)
PipelineEvaluation.PipelineEval_ba349662/<>c__DisplayClass0_0:<Execute>b__0 ()
UnityEditor.EditorApplication:Internal_CallUpdateFunctions ()

Assertion failed on expression: 'm_DisallowAutoRefresh >= 0'
UnityEditor.AssetImporter:SaveAndReimport ()
Game.Editor.CH04M05ArmorBreakNarrativeBuilder:InstallComicVoices () (at Assets/Game/Scripts/Editor/CH04M05ArmorBreakNarrativeBuilder.cs:45)
System.Reflection.MethodBase:Invoke (object,object[])
Game.Editor.ExistingEditorValidation/<Run>d__9:MoveNext () (at Assets/Game/Scripts/Editor/ExistingEditorValidation.cs:92)
System.Runtime.CompilerServices.AsyncVoidMethodBuilder:Start<Game.Editor.ExistingEditorValidation/<Run>d__9> (Game.Editor.ExistingEditorValidation/<Run>d__9&)
Game.Editor.ExistingEditorValidation:Run (string,string)
PipelineEvaluation.PipelineEval_ba349662/<>c__DisplayClass0_0:<Execute>b__0 ()
UnityEditor.EditorApplication:Internal_CallUpdateFunctions ()

Assertion failed on expression: 'm_DisallowAutoRefresh >= 0'
UnityEditor.AssetImporter:SaveAndReimport ()
Game.Editor.CH04M05ArmorBreakNarrativeBuilder:InstallComicVoices () (at Assets/Game/Scripts/Editor/CH04M05ArmorBreakNarrativeBuilder.cs:45)
System.Reflection.MethodBase:Invoke (object,object[])
Game.Editor.ExistingEditorValidation/<Run>d__9:MoveNext () (at Assets/Game/Scripts/Editor/ExistingEditorValidation.cs:92)
System.Runtime.CompilerServices.AsyncVoidMethodBuilder:Start<Game.Editor.ExistingEditorValidation/<Run>d__9> (Game.Editor.ExistingEditorValidation/<Run>d__9&)
Game.Editor.ExistingEditorValidation:Run (string,string)
PipelineEvaluation.PipelineEval_ba349662/<>c__DisplayClass0_0:<Execute>b__0 ()
UnityEditor.EditorApplication:Internal_CallUpdateFunctions ()

Assertion failed on expression: 'm_DisallowAutoRefresh >= 0'
UnityEditor.AssetImporter:SaveAndReimport ()
Game.Editor.CH04M05ArmorBreakNarrativeBuilder:InstallComicVoices () (at Assets/Game/Scripts/Editor/CH04M05ArmorBreakNarrativeBuilder.cs:45)
System.Reflection.MethodBase:Invoke (object,object[])
Game.Editor.ExistingEditorValidation/<Run>d__9:MoveNext () (at Assets/Game/Scripts/Editor/ExistingEditorValidation.cs:92)
System.Runtime.CompilerServices.AsyncVoidMethodBuilder:Start<Game.Editor.ExistingEditorValidation/<Run>d__9> (Game.Editor.ExistingEditorValidation/<Run>d__9&)
Game.Editor.ExistingEditorValidation:Run (string,string)
PipelineEvaluation.PipelineEval_ba349662/<>c__DisplayClass0_0:<Execute>b__0 ()
UnityEditor.EditorApplication:Internal_CallUpdateFunctions ()

Assertion failed on expression: 'm_DisallowAutoRefresh >= 0'
UnityEditor.AssetImporter:SaveAndReimport ()
Game.Editor.CH04M05ArmorBreakNarrativeBuilder:InstallComicVoices () (at Assets/Game/Scripts/Editor/CH04M05ArmorBreakNarrativeBuilder.cs:45)
System.Reflection.MethodBase:Invoke (object,object[])
Game.Editor.ExistingEditorValidation/<Run>d__9:MoveNext () (at Assets/Game/Scripts/Editor/ExistingEditorValidation.cs:92)
System.Runtime.CompilerServices.AsyncVoidMethodBuilder:Start<Game.Editor.ExistingEditorValidation/<Run>d__9> (Game.Editor.ExistingEditorValidation/<Run>d__9&)
Game.Editor.ExistingEditorValidation:Run (string,string)
PipelineEvaluation.PipelineEval_ba349662/<>c__DisplayClass0_0:<Execute>b__0 ()
UnityEditor.EditorApplication:Internal_CallUpdateFunctions ()

Assertion failed on expression: 'm_DisallowAutoRefresh >= 0'
UnityEditor.AssetImporter:SaveAndReimport ()
Game.Editor.CH04M05ArmorBreakNarrativeBuilder:InstallComicVoices () (at Assets/Game/Scripts/Editor/CH04M05ArmorBreakNarrativeBuilder.cs:45)
System.Reflection.MethodBase:Invoke (object,object[])
Game.Editor.ExistingEditorValidation/<Run>d__9:MoveNext () (at Assets/Game/Scripts/Editor/ExistingEditorValidation.cs:92)
System.Runtime.CompilerServices.AsyncVoidMethodBuilder:Start<Game.Editor.ExistingEditorValidation/<Run>d__9> (Game.Editor.ExistingEditorValidation/<Run>d__9&)
Game.Editor.ExistingEditorValidation:Run (string,string)
PipelineEvaluation.PipelineEval_ba349662/<>c__DisplayClass0_0:<Execute>b__0 ()
UnityEditor.EditorApplication:Internal_CallUpdateFunctions ()

Assertion failed on expression: 'm_DisallowAutoRefresh >= 0'
UnityEditor.AssetImporter:SaveAndReimport ()
Game.Editor.CH04M05ArmorBreakNarrativeBuilder:InstallComicVoices () (at Assets/Game/Scripts/Editor/CH04M05ArmorBreakNarrativeBuilder.cs:45)
System.Reflection.MethodBase:Invoke (object,object[])
Game.Editor.ExistingEditorValidation/<Run>d__9:MoveNext () (at Assets/Game/Scripts/Editor/ExistingEditorValidation.cs:92)
System.Runtime.CompilerServices.AsyncVoidMethodBuilder:Start<Game.Editor.ExistingEditorValidation/<Run>d__9> (Game.Editor.ExistingEditorValidation/<Run>d__9&)
Game.Editor.ExistingEditorValidation:Run (string,string)
PipelineEvaluation.PipelineEval_ba349662/<>c__DisplayClass0_0:<Execute>b__0 ()
UnityEditor.EditorApplication:Internal_CallUpdateFunctions ()

Assertion failed on expression: 'm_DisallowAutoRefresh >= 0'
UnityEditor.AssetImporter:SaveAndReimport ()
Game.Editor.CH04M05ArmorBreakNarrativeBuilder:InstallComicVoices () (at Assets/Game/Scripts/Editor/CH04M05ArmorBreakNarrativeBuilder.cs:45)
System.Reflection.MethodBase:Invoke (object,object[])
Game.Editor.ExistingEditorValidation/<Run>d__9:MoveNext () (at Assets/Game/Scripts/Editor/ExistingEditorValidation.cs:92)
System.Runtime.CompilerServices.AsyncVoidMethodBuilder:Start<Game.Editor.ExistingEditorValidation/<Run>d__9> (Game.Editor.ExistingEditorValidation/<Run>d__9&)
Game.Editor.ExistingEditorValidation:Run (string,string)
PipelineEvaluation.PipelineEval_ba349662/<>c__DisplayClass0_0:<Execute>b__0 ()
UnityEditor.EditorApplication:Internal_CallUpdateFunctions ()

Assertion failed on expression: 'm_DisallowAutoRefresh >= 0'
UnityEditor.AssetImporter:SaveAndReimport ()
Game.Editor.CH04M05ArmorBreakNarrativeBuilder:InstallComicVoices () (at Assets/Game/Scripts/Editor/CH04M05ArmorBreakNarrativeBuilder.cs:45)
System.Reflection.MethodBase:Invoke (object,object[])
Game.Editor.ExistingEditorValidation/<Run>d__9:MoveNext () (at Assets/Game/Scripts/Editor/ExistingEditorValidation.cs:92)
System.Runtime.CompilerServices.AsyncVoidMethodBuilder:Start<Game.Editor.ExistingEditorValidation/<Run>d__9> (Game.Editor.ExistingEditorValidation/<Run>d__9&)
Game.Editor.ExistingEditorValidation:Run (string,string)
PipelineEvaluation.PipelineEval_ba349662/<>c__DisplayClass0_0:<Execute>b__0 ()
UnityEditor.EditorApplication:Internal_CallUpdateFunctions ()

Assertion failed on expression: 'm_DisallowAutoRefresh >= 0'
UnityEditor.AssetImporter:SaveAndReimport ()
Game.Editor.CH04M05ArmorBreakNarrativeBuilder:InstallComicVoices () (at Assets/Game/Scripts/Editor/CH04M05ArmorBreakNarrativeBuilder.cs:45)
System.Reflection.MethodBase:Invoke (object,object[])
Game.Editor.ExistingEditorValidation/<Run>d__9:MoveNext () (at Assets/Game/Scripts/Editor/ExistingEditorValidation.cs:92)
System.Runtime.CompilerServices.AsyncVoidMethodBuilder:Start<Game.Editor.ExistingEditorValidation/<Run>d__9> (Game.Editor.ExistingEditorValidation/<Run>d__9&)
Game.Editor.ExistingEditorValidation:Run (string,string)
PipelineEvaluation.PipelineEval_ba349662/<>c__DisplayClass0_0:<Execute>b__0 ()
UnityEditor.EditorApplication:Internal_CallUpdateFunctions ()

Assertion failed on expression: 'm_DisallowAutoRefresh >= 0'
UnityEditor.AssetImporter:SaveAndReimport ()
Game.Editor.CH04M05ArmorBreakNarrativeBuilder:InstallComicVoices () (at Assets/Game/Scripts/Editor/CH04M05ArmorBreakNarrativeBuilder.cs:45)
System.Reflection.MethodBase:Invoke (object,object[])
Game.Editor.ExistingEditorValidation/<Run>d__9:MoveNext () (at Assets/Game/Scripts/Editor/ExistingEditorValidation.cs:92)
System.Runtime.CompilerServices.AsyncVoidMethodBuilder:Start<Game.Editor.ExistingEditorValidation/<Run>d__9> (Game.Editor.ExistingEditorValidation/<Run>d__9&)
Game.Editor.ExistingEditorValidation:Run (string,string)
PipelineEvaluation.PipelineEval_ba349662/<>c__DisplayClass0_0:<Execute>b__0 ()
UnityEditor.EditorApplication:Internal_CallUpdateFunctions ()

Assertion failed on expression: 'm_DisallowAutoRefresh >= 0'
UnityEditor.AssetImporter:SaveAndReimport ()
Game.Editor.CH04M05ArmorBreakNarrativeBuilder:InstallComicVoices () (at Assets/Game/Scripts/Editor/CH04M05ArmorBreakNarrativeBuilder.cs:45)
System.Reflection.MethodBase:Invoke (object,object[])
Game.Editor.ExistingEditorValidation/<Run>d__9:MoveNext () (at Assets/Game/Scripts/Editor/ExistingEditorValidation.cs:92)
System.Runtime.CompilerServices.AsyncVoidMethodBuilder:Start<Game.Editor.ExistingEditorValidation/<Run>d__9> (Game.Editor.ExistingEditorValidation/<Run>d__9&)
Game.Editor.ExistingEditorValidation:Run (string,string)
PipelineEvaluation.PipelineEval_ba349662/<>c__DisplayClass0_0:<Execute>b__0 ()
UnityEditor.EditorApplication:Internal_CallUpdateFunctions ()

Assertion failed on expression: 'm_DisallowAutoRefresh >= 0'
UnityEditor.AssetImporter:SaveAndReimport ()
Game.Editor.CH04M05ArmorBreakNarrativeBuilder:InstallComicVoices () (at Assets/Game/Scripts/Editor/CH04M05ArmorBreakNarrativeBuilder.cs:45)
System.Reflection.MethodBase:Invoke (object,object[])
Game.Editor.ExistingEditorValidation/<Run>d__9:MoveNext () (at Assets/Game/Scripts/Editor/ExistingEditorValidation.cs:92)
System.Runtime.CompilerServices.AsyncVoidMethodBuilder:Start<Game.Editor.ExistingEditorValidation/<Run>d__9> (Game.Editor.ExistingEditorValidation/<Run>d__9&)
Game.Editor.ExistingEditorValidation:Run (string,string)
PipelineEvaluation.PipelineEval_ba349662/<>c__DisplayClass0_0:<Execute>b__0 ()
UnityEditor.EditorApplication:Internal_CallUpdateFunctions ()

Assertion failed on expression: 'm_DisallowAutoRefresh >= 0'
UnityEditor.AssetImporter:SaveAndReimport ()
Game.Editor.CH04M05ArmorBreakNarrativeBuilder:InstallComicVoices () (at Assets/Game/Scripts/Editor/CH04M05ArmorBreakNarrativeBuilder.cs:45)
System.Reflection.MethodBase:Invoke (object,object[])
Game.Editor.ExistingEditorValidation/<Run>d__9:MoveNext () (at Assets/Game/Scripts/Editor/ExistingEditorValidation.cs:92)
System.Runtime.CompilerServices.AsyncVoidMethodBuilder:Start<Game.Editor.ExistingEditorValidation/<Run>d__9> (Game.Editor.ExistingEditorValidation/<Run>d__9&)
Game.Editor.ExistingEditorValidation:Run (string,string)
PipelineEvaluation.PipelineEval_ba349662/<>c__DisplayClass0_0:<Execute>b__0 ()
UnityEditor.EditorApplication:Internal_CallUpdateFunctions ()

Assertion failed on expression: 'm_DisallowAutoRefresh >= 0'
UnityEditor.AssetImporter:SaveAndReimport ()
Game.Editor.CH04M05ArmorBreakNarrativeBuilder:InstallComicVoices () (at Assets/Game/Scripts/Editor/CH04M05ArmorBreakNarrativeBuilder.cs:45)
System.Reflection.MethodBase:Invoke (object,object[])
Game.Editor.ExistingEditorValidation/<Run>d__9:MoveNext () (at Assets/Game/Scripts/Editor/ExistingEditorValidation.cs:92)
System.Runtime.CompilerServices.AsyncVoidMethodBuilder:Start<Game.Editor.ExistingEditorValidation/<Run>d__9> (Game.Editor.ExistingEditorValidation/<Run>d__9&)
Game.Editor.ExistingEditorValidation:Run (string,string)
PipelineEvaluation.PipelineEval_ba349662/<>c__DisplayClass0_0:<Execute>b__0 ()
UnityEditor.EditorApplication:Internal_CallUpdateFunctions ()

Assertion failed on expression: 'm_DisallowAutoRefresh >= 0'
UnityEditor.AssetImporter:SaveAndReimport ()
Game.Editor.CH04M05ArmorBreakNarrativeBuilder:InstallComicVoices () (at Assets/Game/Scripts/Editor/CH04M05ArmorBreakNarrativeBuilder.cs:45)
System.Reflection.MethodBase:Invoke (object,object[])
Game.Editor.ExistingEditorValidation/<Run>d__9:MoveNext () (at Assets/Game/Scripts/Editor/ExistingEditorValidation.cs:92)
System.Runtime.CompilerServices.AsyncVoidMethodBuilder:Start<Game.Editor.ExistingEditorValidation/<Run>d__9> (Game.Editor.ExistingEditorValidation/<Run>d__9&)
Game.Editor.ExistingEditorValidation:Run (string,string)
PipelineEvaluation.PipelineEval_ba349662/<>c__DisplayClass0_0:<Execute>b__0 ()
UnityEditor.EditorApplication:Internal_CallUpdateFunctions ()

Assertion failed on expression: 'm_DisallowAutoRefresh >= 0'
UnityEditor.AssetImporter:SaveAndReimport ()
Game.Editor.CH04M05ArmorBreakNarrativeBuilder:InstallComicVoices () (at Assets/Game/Scripts/Editor/CH04M05ArmorBreakNarrativeBuilder.cs:45)
System.Reflection.MethodBase:Invoke (object,object[])
Game.Editor.ExistingEditorValidation/<Run>d__9:MoveNext () (at Assets/Game/Scripts/Editor/ExistingEditorValidation.cs:92)
System.Runtime.CompilerServices.AsyncVoidMethodBuilder:Start<Game.Editor.ExistingEditorValidation/<Run>d__9> (Game.Editor.ExistingEditorValidation/<Run>d__9&)
Game.Editor.ExistingEditorValidation:Run (string,string)
PipelineEvaluation.PipelineEval_ba349662/<>c__DisplayClass0_0:<Execute>b__0 ()
UnityEditor.EditorApplication:Internal_CallUpdateFunctions ()

Assertion failed on expression: 'm_DisallowAutoRefresh >= 0'
UnityEditor.AssetImporter:SaveAndReimport ()
Game.Editor.CH04M05ArmorBreakNarrativeBuilder:InstallComicVoices () (at Assets/Game/Scripts/Editor/CH04M05ArmorBreakNarrativeBuilder.cs:45)
System.Reflection.MethodBase:Invoke (object,object[])
Game.Editor.ExistingEditorValidation/<Run>d__9:MoveNext () (at Assets/Game/Scripts/Editor/ExistingEditorValidation.cs:92)
System.Runtime.CompilerServices.AsyncVoidMethodBuilder:Start<Game.Editor.ExistingEditorValidation/<Run>d__9> (Game.Editor.ExistingEditorValidation/<Run>d__9&)
Game.Editor.ExistingEditorValidation:Run (string,string)
PipelineEvaluation.PipelineEval_ba349662/<>c__DisplayClass0_0:<Execute>b__0 ()
UnityEditor.EditorApplication:Internal_CallUpdateFunctions ()

Assertion failed on expression: 'm_DisallowAutoRefresh >= 0'
UnityEditor.AssetImporter:SaveAndReimport ()
Game.Editor.CH04M05ArmorBreakNarrativeBuilder:InstallComicVoices () (at Assets/Game/Scripts/Editor/CH04M05ArmorBreakNarrativeBuilder.cs:45)
System.Reflection.MethodBase:Invoke (object,object[])
Game.Editor.ExistingEditorValidation/<Run>d__9:MoveNext () (at Assets/Game/Scripts/Editor/ExistingEditorValidation.cs:92)
System.Runtime.CompilerServices.AsyncVoidMethodBuilder:Start<Game.Editor.ExistingEditorValidation/<Run>d__9> (Game.Editor.ExistingEditorValidation/<Run>d__9&)
Game.Editor.ExistingEditorValidation:Run (string,string)
PipelineEvaluation.PipelineEval_ba349662/<>c__DisplayClass0_0:<Execute>b__0 ()
UnityEditor.EditorApplication:Internal_CallUpdateFunctions ()

Assertion failed on expression: 'm_DisallowAutoRefresh >= 0'
UnityEditor.AssetImporter:SaveAndReimport ()
Game.Editor.CH04M05ArmorBreakNarrativeBuilder:InstallComicVoices () (at Assets/Game/Scripts/Editor/CH04M05ArmorBreakNarrativeBuilder.cs:45)
System.Reflection.MethodBase:Invoke (object,object[])
Game.Editor.ExistingEditorValidation/<Run>d__9:MoveNext () (at Assets/Game/Scripts/Editor/ExistingEditorValidation.cs:92)
System.Runtime.CompilerServices.AsyncVoidMethodBuilder:Start<Game.Editor.ExistingEditorValidation/<Run>d__9> (Game.Editor.ExistingEditorValidation/<Run>d__9&)
Game.Editor.ExistingEditorValidation:Run (string,string)
PipelineEvaluation.PipelineEval_ba349662/<>c__DisplayClass0_0:<Execute>b__0 ()
UnityEditor.EditorApplication:Internal_CallUpdateFunctions ()

Assertion failed on expression: 'm_DisallowAutoRefresh >= 0'
UnityEditor.AssetImporter:SaveAndReimport ()
Game.Editor.CH04M05ArmorBreakNarrativeBuilder:InstallComicVoices () (at Assets/Game/Scripts/Editor/CH04M05ArmorBreakNarrativeBuilder.cs:45)
System.Reflection.MethodBase:Invoke (object,object[])
Game.Editor.ExistingEditorValidation/<Run>d__9:MoveNext () (at Assets/Game/Scripts/Editor/ExistingEditorValidation.cs:92)
System.Runtime.CompilerServices.AsyncVoidMethodBuilder:Start<Game.Editor.ExistingEditorValidation/<Run>d__9> (Game.Editor.ExistingEditorValidation/<Run>d__9&)
Game.Editor.ExistingEditorValidation:Run (string,string)
PipelineEvaluation.PipelineEval_ba349662/<>c__DisplayClass0_0:<Execute>b__0 ()
UnityEditor.EditorApplication:Internal_CallUpdateFunctions ()

Assertion failed on expression: 'm_DisallowAutoRefresh >= 0'
UnityEditor.AssetImporter:SaveAndReimport ()
Game.Editor.CH04M05ArmorBreakNarrativeBuilder:InstallComicVoices () (at Assets/Game/Scripts/Editor/CH04M05ArmorBreakNarrativeBuilder.cs:45)
System.Reflection.MethodBase:Invoke (object,object[])
Game.Editor.ExistingEditorValidation/<Run>d__9:MoveNext () (at Assets/Game/Scripts/Editor/ExistingEditorValidation.cs:92)
System.Runtime.CompilerServices.AsyncVoidMethodBuilder:Start<Game.Editor.ExistingEditorValidation/<Run>d__9> (Game.Editor.ExistingEditorValidation/<Run>d__9&)
Game.Editor.ExistingEditorValidation:Run (string,string)
PipelineEvaluation.PipelineEval_ba349662/<>c__DisplayClass0_0:<Execute>b__0 ()
UnityEditor.EditorApplication:Internal_CallUpdateFunctions ()

Assertion failed on expression: 'm_DisallowAutoRefresh >= 0'
UnityEditor.AssetImporter:SaveAndReimport ()
Game.Editor.CH04M05ArmorBreakNarrativeBuilder:InstallComicVoices () (at Assets/Game/Scripts/Editor/CH04M05ArmorBreakNarrativeBuilder.cs:45)
System.Reflection.MethodBase:Invoke (object,object[])
Game.Editor.ExistingEditorValidation/<Run>d__9:MoveNext () (at Assets/Game/Scripts/Editor/ExistingEditorValidation.cs:92)
System.Runtime.CompilerServices.AsyncVoidMethodBuilder:Start<Game.Editor.ExistingEditorValidation/<Run>d__9> (Game.Editor.ExistingEditorValidation/<Run>d__9&)
Game.Editor.ExistingEditorValidation:Run (string,string)
PipelineEvaluation.PipelineEval_ba349662/<>c__DisplayClass0_0:<Execute>b__0 ()
UnityEditor.EditorApplication:Internal_CallUpdateFunctions ()

Assertion failed on expression: 'm_DisallowAutoRefresh >= 0'
UnityEngine.StackTraceUtility:ExtractStackTrace ()
Game.Editor.CH04M05ArmorBreakNarrativeBuilder:InstallComicVoices () (at Assets/Game/Scripts/Editor/CH04M05ArmorBreakNarrativeBuilder.cs:71)
System.Reflection.MethodBase:Invoke (object,object[])
Game.Editor.ExistingEditorValidation/<Run>d__9:MoveNext () (at Assets/Game/Scripts/Editor/ExistingEditorValidation.cs:92)
System.Runtime.CompilerServices.AsyncVoidMethodBuilder:Start<Game.Editor.ExistingEditorValidation/<Run>d__9> (Game.Editor.ExistingEditorValidation/<Run>d__9&)
Game.Editor.ExistingEditorValidation:Run (string,string)
PipelineEvaluation.PipelineEval_ba349662/<>c__DisplayClass0_0:<Execute>b__0 ()
UnityEditor.EditorApplication:Internal_CallUpdateFunctions ()

Main Object Name 'CH04M05_ArmorBreak_brief' does not match filename 'CH04M05_ArmorBreak_Narrative'
UnityEngine.StackTraceUtility:ExtractStackTrace ()
Game.Editor.CH04M05ArmorBreakNarrativeBuilder:InstallComicVoices () (at Assets/Game/Scripts/Editor/CH04M05ArmorBreakNarrativeBuilder.cs:71)
System.Reflection.MethodBase:Invoke (object,object[])
Game.Editor.ExistingEditorValidation/<Run>d__9:MoveNext () (at Assets/Game/Scripts/Editor/ExistingEditorValidation.cs:92)
System.Runtime.CompilerServices.AsyncVoidMethodBuilder:Start<Game.Editor.ExistingEditorValidation/<Run>d__9> (Game.Editor.ExistingEditorValidation/<Run>d__9&)
Game.Editor.ExistingEditorValidation:Run (string,string)
PipelineEvaluation.PipelineEval_ba349662/<>c__DisplayClass0_0:<Execute>b__0 ()
UnityEditor.EditorApplication:Internal_CallUpdateFunctions ()

Assertion failed on expression: 'm_DisallowAutoRefresh >= 0'
UnityEngine.StackTraceUtility:ExtractStackTrace ()
Game.Editor.CH04M05ArmorBreakNarrativeBuilder:InstallComicVoices () (at Assets/Game/Scripts/Editor/CH04M05ArmorBreakNarrativeBuilder.cs:71)
System.Reflection.MethodBase:Invoke (object,object[])
Game.Editor.ExistingEditorValidation/<Run>d__9:MoveNext () (at Assets/Game/Scripts/Editor/ExistingEditorValidation.cs:92)
System.Runtime.CompilerServices.AsyncVoidMethodBuilder:Start<Game.Editor.ExistingEditorValidation/<Run>d__9> (Game.Editor.ExistingEditorValidation/<Run>d__9&)
Game.Editor.ExistingEditorValidation:Run (string,string)
PipelineEvaluation.PipelineEval_ba349662/<>c__DisplayClass0_0:<Execute>b__0 ()
UnityEditor.EditorApplication:Internal_CallUpdateFunctions ()

[ArmorBreakComicVoiceInstall] result=Passed clips=28 lines=14 locales=2 preload=0 runtimeNetworkTts=0
UnityEngine.Debug:Log (object)
Game.Editor.CH04M05ArmorBreakNarrativeBuilder:InstallComicVoices () (at Assets/Game/Scripts/Editor/CH04M05ArmorBreakNarrativeBuilder.cs:72)
System.Reflection.MethodBase:Invoke (object,object[])
Game.Editor.ExistingEditorValidation/<Run>d__9:MoveNext () (at Assets/Game/Scripts/Editor/ExistingEditorValidation.cs:92)
System.Runtime.CompilerServices.AsyncVoidMethodBuilder:Start<Game.Editor.ExistingEditorValidation/<Run>d__9> (Game.Editor.ExistingEditorValidation/<Run>d__9&)
Game.Editor.ExistingEditorValidation:Run (string,string)
PipelineEvaluation.PipelineEval_ba349662/<>c__DisplayClass0_0:<Execute>b__0 ()
UnityEditor.EditorApplication:Internal_CallUpdateFunctions () (at /Users/bokken/build/output/unity/unity/Editor/Mono/EditorApplication.cs:403)

[ExistingEditorValidation] result=Passed executeMethod=Game.Editor.CH04M05ArmorBreakNarrativeBuilder.InstallComicVoices
UnityEngine.Debug:Log (object)
Game.Editor.ExistingEditorValidation/<Run>d__9:MoveNext () (at Assets/Game/Scripts/Editor/ExistingEditorValidation.cs:109)
System.Runtime.CompilerServices.AsyncVoidMethodBuilder:Start<Game.Editor.ExistingEditorValidation/<Run>d__9> (Game.Editor.ExistingEditorValidation/<Run>d__9&)
Game.Editor.ExistingEditorValidation:Run (string,string)
PipelineEvaluation.PipelineEval_ba349662/<>c__DisplayClass0_0:<Execute>b__0 ()
UnityEditor.EditorApplication:Internal_CallUpdateFunctions () (at /Users/bokken/build/output/unity/unity/Editor/Mono/EditorApplication.cs:403)

