[ExistingEditorValidation] project=/Volumes/T7/Projects/WarlineCapture-MenuUiUx/Assets executeMethod=Game.Editor.MilitaryUiMaterialAuthoring.Build
UnityEngine.Debug:Log (object)
Game.Editor.ExistingEditorValidation/<Run>d__9:MoveNext () (at Assets/Game/Scripts/Editor/ExistingEditorValidation.cs:91)
System.Runtime.CompilerServices.AsyncVoidMethodBuilder:Start<Game.Editor.ExistingEditorValidation/<Run>d__9> (Game.Editor.ExistingEditorValidation/<Run>d__9&)
Game.Editor.ExistingEditorValidation:Run (string,string)
PipelineEvaluation.PipelineEval_2aba905c/<>c__DisplayClass0_0:<Execute>b__0 ()
UnityEditor.EditorApplication:Internal_CallUpdateFunctions () (at /Users/bokken/build/output/unity/unity/Editor/Mono/EditorApplication.cs:403)

Loaded 1 ExamplePackConfig assets
UnityEngine.Debug:Log (object)
SyntyPackageHelper:LoadSyntyPackageHelperConfigs () (at Assets/Synty/SyntyPackageHelper/Editor/SyntyPackageHelper.cs:46)
SyntyPackageHelper:OnProjectChanged () (at Assets/Synty/SyntyPackageHelper/Editor/SyntyPackageHelper.cs:55)
UnityEditor.AssetImporter:SaveAndReimport ()
Game.Editor.MilitaryUiMaterialAuthoring:Build () (at Assets/Game/Scripts/Editor/MilitaryUiMaterialAuthoring.cs:53)
System.Reflection.MethodBase:Invoke (object,object[])
Game.Editor.ExistingEditorValidation/<Run>d__9:MoveNext () (at Assets/Game/Scripts/Editor/ExistingEditorValidation.cs:93)
System.Runtime.CompilerServices.AsyncVoidMethodBuilder:Start<Game.Editor.ExistingEditorValidation/<Run>d__9> (Game.Editor.ExistingEditorValidation/<Run>d__9&)
Game.Editor.ExistingEditorValidation:Run (string,string)
PipelineEvaluation.PipelineEval_2aba905c/<>c__DisplayClass0_0:<Execute>b__0 ()
UnityEditor.EditorApplication:Internal_CallUpdateFunctions () (at /Users/bokken/build/output/unity/unity/Editor/Mono/EditorApplication.cs:403)

UnassignedReferenceException: The variable m_Sprite of Image has not been assigned.
You probably need to assign the m_Sprite variable of the Image script in the inspector.
UnityEngine.Object+MarshalledUnityObject.TryThrowEditorNullExceptionObject (UnityEngine.Object unityObj, System.String parameterName) (at /Users/bokken/build/output/unity/unity/Runtime/Export/Scripting/UnityEngineObject.bindings.cs:1163)
UnityEngine.Bindings.ThrowHelper.ThrowNullReferenceException (System.Object obj) (at /Users/bokken/build/output/unity/unity/Runtime/Export/Scripting/BindingsHelpers.cs:61)
UnityEngine.Object.GetName () (at <00af853db50849c486851ef9e11577ae>:0)
UnityEngine.Object.get_name () (at /Users/bokken/build/output/unity/unity/Runtime/Export/Scripting/UnityEngineObject.bindings.cs:409)
Game.Editor.MilitaryUiMaterialAuthoring.PlayerPresentation (UnityEngine.GameObject root) (at Assets/Game/Scripts/Editor/MilitaryUiMaterialAuthoring.cs:145)
Game.Editor.MilitaryUiMaterialAuthoring.Build () (at Assets/Game/Scripts/Editor/MilitaryUiMaterialAuthoring.cs:69)
System.Reflection.RuntimeMethodInfo.Invoke (System.Object obj, System.Reflection.BindingFlags invokeAttr, System.Reflection.Binder binder, System.Object[] parameters, System.Globalization.CultureInfo culture) (at <299d5c9ae27b4d27af003e5f456f4b13>:0)
UnityEngine.Debug:LogException(Exception)
Game.Editor.<Run>d__9:MoveNext() (at Assets/Game/Scripts/Editor/ExistingEditorValidation.cs:114)
System.Runtime.CompilerServices.AsyncVoidMethodBuilder:Start(<Run>d__9&)
Game.Editor.ExistingEditorValidation:Run(String, String)
PipelineEvaluation.<>c__DisplayClass0_0:<Execute>b__0()
UnityEditor.EditorApplication:Internal_CallUpdateFunctions() (at /Users/bokken/build/output/unity/unity/Editor/Mono/EditorApplication.cs:403)

[ExistingEditorValidation] result=Failed executeMethod=Game.Editor.MilitaryUiMaterialAuthoring.Build
UnityEngine.Debug:LogError (object)
Game.Editor.ExistingEditorValidation/<Run>d__9:MoveNext () (at Assets/Game/Scripts/Editor/ExistingEditorValidation.cs:115)
System.Runtime.CompilerServices.AsyncVoidMethodBuilder:Start<Game.Editor.ExistingEditorValidation/<Run>d__9> (Game.Editor.ExistingEditorValidation/<Run>d__9&)
Game.Editor.ExistingEditorValidation:Run (string,string)
PipelineEvaluation.PipelineEval_2aba905c/<>c__DisplayClass0_0:<Execute>b__0 ()
UnityEditor.EditorApplication:Internal_CallUpdateFunctions () (at /Users/bokken/build/output/unity/unity/Editor/Mono/EditorApplication.cs:403)

