[ExistingEditorValidation] project=/Volumes/T7/Projects/WarlineCapture-MenuUiUx/Assets executeMethod=Game.Editor.BarrackBCompoundPreview.Run
UnityEngine.Debug:Log (object)
Game.Editor.ExistingEditorValidation/<Run>d__9:MoveNext () (at Assets/Game/Scripts/Editor/ExistingEditorValidation.cs:91)
System.Runtime.CompilerServices.AsyncVoidMethodBuilder:Start<Game.Editor.ExistingEditorValidation/<Run>d__9> (Game.Editor.ExistingEditorValidation/<Run>d__9&)
Game.Editor.ExistingEditorValidation:Run (string,string)
PipelineEvaluation.PipelineEval_57242dff/<>c__DisplayClass0_0:<Execute>b__0 ()
UnityEditor.EditorApplication:Internal_CallUpdateFunctions () (at /Users/bokken/build/output/unity/unity/Editor/Mono/EditorApplication.cs:403)

Loaded 1 ExamplePackConfig assets
UnityEngine.Debug:Log (object)
SyntyPackageHelper:LoadSyntyPackageHelperConfigs () (at Assets/Synty/SyntyPackageHelper/Editor/SyntyPackageHelper.cs:46)
SyntyPackageHelper:OnProjectChanged () (at Assets/Synty/SyntyPackageHelper/Editor/SyntyPackageHelper.cs:55)
UnityEditor.AssetDatabase:Refresh ()
Game.Editor.BarrackBCompoundPreview:Run () (at Assets/Game/Scripts/Editor/BarrackBCompoundPreview.cs:23)
System.Reflection.MethodBase:Invoke (object,object[])
Game.Editor.ExistingEditorValidation/<Run>d__9:MoveNext () (at Assets/Game/Scripts/Editor/ExistingEditorValidation.cs:93)
System.Runtime.CompilerServices.AsyncVoidMethodBuilder:Start<Game.Editor.ExistingEditorValidation/<Run>d__9> (Game.Editor.ExistingEditorValidation/<Run>d__9&)
Game.Editor.ExistingEditorValidation:Run (string,string)
PipelineEvaluation.PipelineEval_57242dff/<>c__DisplayClass0_0:<Execute>b__0 ()
UnityEditor.EditorApplication:Internal_CallUpdateFunctions () (at /Users/bokken/build/output/unity/unity/Editor/Mono/EditorApplication.cs:403)

[BarrackBPart] name=B - masonry barrack source=Assets/Synty/PolygonBattleRoyale/Prefabs/Buildings/SM_Bld_House_02.prefab scale=1 bounds=Center: (-6.70, 3.60, 0.00), Extents: (6.69, 3.60, 6.24)
UnityEngine.Debug:Log (object)
Game.Editor.BarrackBCompoundPreview:Source (UnityEngine.SceneManagement.Scene,UnityEngine.Transform,string,string,UnityEngine.Vector3,single,UnityEngine.Vector2) (at Assets/Game/Scripts/Editor/BarrackBCompoundPreview.cs:19)
Game.Editor.BarrackBCompoundPreview:Run () (at Assets/Game/Scripts/Editor/BarrackBCompoundPreview.cs:31)
System.Reflection.MethodBase:Invoke (object,object[])
Game.Editor.ExistingEditorValidation/<Run>d__9:MoveNext () (at Assets/Game/Scripts/Editor/ExistingEditorValidation.cs:93)
System.Runtime.CompilerServices.AsyncVoidMethodBuilder:Start<Game.Editor.ExistingEditorValidation/<Run>d__9> (Game.Editor.ExistingEditorValidation/<Run>d__9&)
Game.Editor.ExistingEditorValidation:Run (string,string)
PipelineEvaluation.PipelineEval_57242dff/<>c__DisplayClass0_0:<Execute>b__0 ()
UnityEditor.EditorApplication:Internal_CallUpdateFunctions () (at /Users/bokken/build/output/unity/unity/Editor/Mono/EditorApplication.cs:403)

[BarrackBPart] name=Service office source=Assets/Synty/PolygonBattleRoyale/Prefabs/Buildings/SM_Bld_SmallBuilding_01.prefab scale=1 bounds=Center: (9.00, 1.83, 4.20), Extents: (2.55, 1.83, 1.71)
UnityEngine.Debug:Log (object)
Game.Editor.BarrackBCompoundPreview:Source (UnityEngine.SceneManagement.Scene,UnityEngine.Transform,string,string,UnityEngine.Vector3,single,UnityEngine.Vector2) (at Assets/Game/Scripts/Editor/BarrackBCompoundPreview.cs:19)
Game.Editor.BarrackBCompoundPreview:Run () (at Assets/Game/Scripts/Editor/BarrackBCompoundPreview.cs:32)
System.Reflection.MethodBase:Invoke (object,object[])
Game.Editor.ExistingEditorValidation/<Run>d__9:MoveNext () (at Assets/Game/Scripts/Editor/ExistingEditorValidation.cs:93)
System.Runtime.CompilerServices.AsyncVoidMethodBuilder:Start<Game.Editor.ExistingEditorValidation/<Run>d__9> (Game.Editor.ExistingEditorValidation/<Run>d__9&)
Game.Editor.ExistingEditorValidation:Run (string,string)
PipelineEvaluation.PipelineEval_57242dff/<>c__DisplayClass0_0:<Execute>b__0 ()
UnityEditor.EditorApplication:Internal_CallUpdateFunctions () (at /Users/bokken/build/output/unity/unity/Editor/Mono/EditorApplication.cs:403)

[BarrackBPart] name=Generator source=Assets/Synty/PolygonBattleRoyale/Prefabs/Props/SM_Prop_Generator_01.prefab scale=1 bounds=Center: (11.00, 0.29, 0.10), Extents: (0.31, 0.29, 0.45)
UnityEngine.Debug:Log (object)
Game.Editor.BarrackBCompoundPreview:Source (UnityEngine.SceneManagement.Scene,UnityEngine.Transform,string,string,UnityEngine.Vector3,single,UnityEngine.Vector2) (at Assets/Game/Scripts/Editor/BarrackBCompoundPreview.cs:19)
Game.Editor.BarrackBCompoundPreview:Run () (at Assets/Game/Scripts/Editor/BarrackBCompoundPreview.cs:33)
System.Reflection.MethodBase:Invoke (object,object[])
Game.Editor.ExistingEditorValidation/<Run>d__9:MoveNext () (at Assets/Game/Scripts/Editor/ExistingEditorValidation.cs:93)
System.Runtime.CompilerServices.AsyncVoidMethodBuilder:Start<Game.Editor.ExistingEditorValidation/<Run>d__9> (Game.Editor.ExistingEditorValidation/<Run>d__9&)
Game.Editor.ExistingEditorValidation:Run (string,string)
PipelineEvaluation.PipelineEval_57242dff/<>c__DisplayClass0_0:<Execute>b__0 ()
UnityEditor.EditorApplication:Internal_CallUpdateFunctions () (at /Users/bokken/build/output/unity/unity/Editor/Mono/EditorApplication.cs:403)

[BarrackBPart] name=Supplies source=Assets/Synty/PolygonBattleRoyale/Prefabs/Props/SM_Prop_Pallet_Loaded_01.prefab scale=1 bounds=Center: (10.80, 0.59, -4.80), Extents: (0.72, 0.59, 0.76)
UnityEngine.Debug:Log (object)
Game.Editor.BarrackBCompoundPreview:Source (UnityEngine.SceneManagement.Scene,UnityEngine.Transform,string,string,UnityEngine.Vector3,single,UnityEngine.Vector2) (at Assets/Game/Scripts/Editor/BarrackBCompoundPreview.cs:19)
Game.Editor.BarrackBCompoundPreview:Run () (at Assets/Game/Scripts/Editor/BarrackBCompoundPreview.cs:34)
System.Reflection.MethodBase:Invoke (object,object[])
Game.Editor.ExistingEditorValidation/<Run>d__9:MoveNext () (at Assets/Game/Scripts/Editor/ExistingEditorValidation.cs:93)
System.Runtime.CompilerServices.AsyncVoidMethodBuilder:Start<Game.Editor.ExistingEditorValidation/<Run>d__9> (Game.Editor.ExistingEditorValidation/<Run>d__9&)
Game.Editor.ExistingEditorValidation:Run (string,string)
PipelineEvaluation.PipelineEval_57242dff/<>c__DisplayClass0_0:<Execute>b__0 ()
UnityEditor.EditorApplication:Internal_CallUpdateFunctions () (at /Users/bokken/build/output/unity/unity/Editor/Mono/EditorApplication.cs:403)

[BarrackBPart] name=Medical stores source=Assets/Synty/PolygonBattleRoyale/Prefabs/Props/SM_Prop_Crate_Medical_01.prefab scale=1 bounds=Center: (11.20, 0.22, -2.80), Extents: (0.36, 0.22, 0.25)
UnityEngine.Debug:Log (object)
Game.Editor.BarrackBCompoundPreview:Source (UnityEngine.SceneManagement.Scene,UnityEngine.Transform,string,string,UnityEngine.Vector3,single,UnityEngine.Vector2) (at Assets/Game/Scripts/Editor/BarrackBCompoundPreview.cs:19)
Game.Editor.BarrackBCompoundPreview:Run () (at Assets/Game/Scripts/Editor/BarrackBCompoundPreview.cs:35)
System.Reflection.MethodBase:Invoke (object,object[])
Game.Editor.ExistingEditorValidation/<Run>d__9:MoveNext () (at Assets/Game/Scripts/Editor/ExistingEditorValidation.cs:93)
System.Runtime.CompilerServices.AsyncVoidMethodBuilder:Start<Game.Editor.ExistingEditorValidation/<Run>d__9> (Game.Editor.ExistingEditorValidation/<Run>d__9&)
Game.Editor.ExistingEditorValidation:Run (string,string)
PipelineEvaluation.PipelineEval_57242dff/<>c__DisplayClass0_0:<Execute>b__0 ()
UnityEditor.EditorApplication:Internal_CallUpdateFunctions () (at /Users/bokken/build/output/unity/unity/Editor/Mono/EditorApplication.cs:403)

[BarrackBCompoundPreview] result=Passed footprint=28x15 sources=Linked productionBarrack=Unchanged activeScene=Preserved candidate=Assets/Game/Prefabs/Buildings/Candidates/BarrackB/Building_Barrack_B_Masonry_Visual_Preview.prefab output=/private/tmp/warline-barrack-b-preview
UnityEngine.Debug:Log (object)
Game.Editor.BarrackBCompoundPreview:Run () (at Assets/Game/Scripts/Editor/BarrackBCompoundPreview.cs:53)
System.Reflection.MethodBase:Invoke (object,object[])
Game.Editor.ExistingEditorValidation/<Run>d__9:MoveNext () (at Assets/Game/Scripts/Editor/ExistingEditorValidation.cs:93)
System.Runtime.CompilerServices.AsyncVoidMethodBuilder:Start<Game.Editor.ExistingEditorValidation/<Run>d__9> (Game.Editor.ExistingEditorValidation/<Run>d__9&)
Game.Editor.ExistingEditorValidation:Run (string,string)
PipelineEvaluation.PipelineEval_57242dff/<>c__DisplayClass0_0:<Execute>b__0 ()
UnityEditor.EditorApplication:Internal_CallUpdateFunctions () (at /Users/bokken/build/output/unity/unity/Editor/Mono/EditorApplication.cs:403)

[ExistingEditorValidation] result=Passed executeMethod=Game.Editor.BarrackBCompoundPreview.Run
UnityEngine.Debug:Log (object)
Game.Editor.ExistingEditorValidation/<Run>d__9:MoveNext () (at Assets/Game/Scripts/Editor/ExistingEditorValidation.cs:110)
System.Runtime.CompilerServices.AsyncVoidMethodBuilder:Start<Game.Editor.ExistingEditorValidation/<Run>d__9> (Game.Editor.ExistingEditorValidation/<Run>d__9&)
Game.Editor.ExistingEditorValidation:Run (string,string)
PipelineEvaluation.PipelineEval_57242dff/<>c__DisplayClass0_0:<Execute>b__0 ()
UnityEditor.EditorApplication:Internal_CallUpdateFunctions () (at /Users/bokken/build/output/unity/unity/Editor/Mono/EditorApplication.cs:403)

