[ExistingEditorValidation] project=/Users/farhad/Projects/WarlineCapture/Assets executeMethod=Game.Editor.CH05M05CommandNodeIntegration.BuildCore
UnityEngine.Debug:Log (object)
Game.Editor.ExistingEditorValidation/<Run>d__9:MoveNext () (at Assets/Game/Scripts/Editor/ExistingEditorValidation.cs:90)
System.Runtime.CompilerServices.AsyncVoidMethodBuilder:Start<Game.Editor.ExistingEditorValidation/<Run>d__9> (Game.Editor.ExistingEditorValidation/<Run>d__9&)
Game.Editor.ExistingEditorValidation:Run (string,string)
PipelineEvaluation.PipelineEval_ca25750c/<>c__DisplayClass0_0:<Execute>b__0 ()
UnityEditor.EditorApplication:Internal_CallUpdateFunctions () (at /Users/bokken/build/output/unity/unity/Editor/Mono/EditorApplication.cs:403)

[CommandNodeBuilderRevision] source=urban-civic-relay-v1-permanent-perimeter canonicalMovementMask=Preserved explicitMoves=Required
UnityEngine.Debug:Log (object)
Game.Editor.CH05M05CommandNodeConfigBuilder:ReportBuilderRevision () (at Assets/Game/Scripts/Editor/CH05M05CommandNodeConfigBuilder.cs:42)
Game.Editor.CH05M05CommandNodeConfigBuilder:Build () (at Assets/Game/Scripts/Editor/CH05M05CommandNodeConfigBuilder.cs:55)
Game.Editor.CH05M05CommandNodeIntegration:BuildCore () (at Assets/Game/Scripts/Editor/CH05M05CommandNodeIntegration.cs:11)
System.Reflection.MethodBase:Invoke (object,object[])
Game.Editor.ExistingEditorValidation/<Run>d__9:MoveNext () (at Assets/Game/Scripts/Editor/ExistingEditorValidation.cs:92)
System.Runtime.CompilerServices.AsyncVoidMethodBuilder:Start<Game.Editor.ExistingEditorValidation/<Run>d__9> (Game.Editor.ExistingEditorValidation/<Run>d__9&)
Game.Editor.ExistingEditorValidation:Run (string,string)
PipelineEvaluation.PipelineEval_ca25750c/<>c__DisplayClass0_0:<Execute>b__0 ()
UnityEditor.EditorApplication:Internal_CallUpdateFunctions () (at /Users/bokken/build/output/unity/unity/Editor/Mono/EditorApplication.cs:403)

[CommandNodeAcceptedMigration] convertedRenderOnly=8160 retiredAccepted=8546 removedAuthoredVehicles=22 cropAndStaticMask=PendingPhysicalPass
UnityEngine.Debug:Log (object)
Game.Editor.CH05M05CommandNodeConfigBuilder:MigrateAcceptedPresentation (UnityEngine.SceneManagement.Scene) (at Assets/Game/Scripts/Editor/CH05M05CommandNodeConfigBuilder.cs:273)
Game.Editor.CH05M05CommandNodeConfigBuilder:BuildPhysicalMap () (at Assets/Game/Scripts/Editor/CH05M05CommandNodeConfigBuilder.cs:124)
Game.Editor.CH05M05CommandNodeConfigBuilder:Build () (at Assets/Game/Scripts/Editor/CH05M05CommandNodeConfigBuilder.cs:59)
Game.Editor.CH05M05CommandNodeIntegration:BuildCore () (at Assets/Game/Scripts/Editor/CH05M05CommandNodeIntegration.cs:11)
System.Reflection.MethodBase:Invoke (object,object[])
Game.Editor.ExistingEditorValidation/<Run>d__9:MoveNext () (at Assets/Game/Scripts/Editor/ExistingEditorValidation.cs:92)
System.Runtime.CompilerServices.AsyncVoidMethodBuilder:Start<Game.Editor.ExistingEditorValidation/<Run>d__9> (Game.Editor.ExistingEditorValidation/<Run>d__9&)
Game.Editor.ExistingEditorValidation:Run (string,string)
PipelineEvaluation.PipelineEval_ca25750c/<>c__DisplayClass0_0:<Execute>b__0 ()
UnityEditor.EditorApplication:Internal_CallUpdateFunctions () (at /Users/bokken/build/output/unity/unity/Editor/Mono/EditorApplication.cs:403)

[CommandNodeCompound] result=Passed permanentWalls=5 southOpening=1092..1108 roadPreserved=true Demo2NativeGeometry=QualifiedAtGeneration
UnityEngine.Debug:Log (object)
Game.Editor.CH05M05CommandNodeConfigBuilder:AuthorRelayCompound (UnityEngine.SceneManagement.Scene,bool[]) (at Assets/Game/Scripts/Editor/CH05M05CommandNodeConfigBuilder.cs:428)
Game.Editor.CH05M05CommandNodeConfigBuilder:BuildPhysicalMap () (at Assets/Game/Scripts/Editor/CH05M05CommandNodeConfigBuilder.cs:151)
Game.Editor.CH05M05CommandNodeConfigBuilder:Build () (at Assets/Game/Scripts/Editor/CH05M05CommandNodeConfigBuilder.cs:59)
Game.Editor.CH05M05CommandNodeIntegration:BuildCore () (at Assets/Game/Scripts/Editor/CH05M05CommandNodeIntegration.cs:11)
System.Reflection.MethodBase:Invoke (object,object[])
Game.Editor.ExistingEditorValidation/<Run>d__9:MoveNext () (at Assets/Game/Scripts/Editor/ExistingEditorValidation.cs:92)
System.Runtime.CompilerServices.AsyncVoidMethodBuilder:Start<Game.Editor.ExistingEditorValidation/<Run>d__9> (Game.Editor.ExistingEditorValidation/<Run>d__9&)
Game.Editor.ExistingEditorValidation:Run (string,string)
PipelineEvaluation.PipelineEval_ca25750c/<>c__DisplayClass0_0:<Execute>b__0 ()
UnityEditor.EditorApplication:Internal_CallUpdateFunctions () (at /Users/bokken/build/output/unity/unity/Editor/Mono/EditorApplication.cs:403)

[CommandNodeNativeOwnership] result=Passed repairedGameplayIdentities=105 owners=284 renderOnly=2417 identities=2701 Grid=1 Surface=1 counts=GlobalReadinessContract
UnityEngine.Debug:Log (object)
Game.Editor.CH05M05CommandNodeConfigBuilder:ConfigureNativeOwnership (UnityEngine.SceneManagement.Scene) (at Assets/Game/Scripts/Editor/CH05M05CommandNodeConfigBuilder.cs:239)
Game.Editor.CH05M05CommandNodeConfigBuilder:BuildPhysicalMap () (at Assets/Game/Scripts/Editor/CH05M05CommandNodeConfigBuilder.cs:167)
Game.Editor.CH05M05CommandNodeConfigBuilder:Build () (at Assets/Game/Scripts/Editor/CH05M05CommandNodeConfigBuilder.cs:59)
Game.Editor.CH05M05CommandNodeIntegration:BuildCore () (at Assets/Game/Scripts/Editor/CH05M05CommandNodeIntegration.cs:11)
System.Reflection.MethodBase:Invoke (object,object[])
Game.Editor.ExistingEditorValidation/<Run>d__9:MoveNext () (at Assets/Game/Scripts/Editor/ExistingEditorValidation.cs:92)
System.Runtime.CompilerServices.AsyncVoidMethodBuilder:Start<Game.Editor.ExistingEditorValidation/<Run>d__9> (Game.Editor.ExistingEditorValidation/<Run>d__9&)
Game.Editor.ExistingEditorValidation:Run (string,string)
PipelineEvaluation.PipelineEval_ca25750c/<>c__DisplayClass0_0:<Execute>b__0 ()
UnityEditor.EditorApplication:Internal_CallUpdateFunctions () (at /Users/bokken/build/output/unity/unity/Editor/Mono/EditorApplication.cs:403)

[CommandNodeMinimap] result=Passed mode=NativeURP crop=860,300,440,220 blackUniformGate=Passed
UnityEngine.Debug:Log (object)
Game.Editor.CH05M05CommandNodeConfigBuilder:CreateMinimap (UnityEngine.SceneManagement.Scene) (at Assets/Game/Scripts/Editor/CH05M05CommandNodeConfigBuilder.cs:363)
Game.Editor.CH05M05CommandNodeConfigBuilder:BuildPhysicalMap () (at Assets/Game/Scripts/Editor/CH05M05CommandNodeConfigBuilder.cs:174)
Game.Editor.CH05M05CommandNodeConfigBuilder:Build () (at Assets/Game/Scripts/Editor/CH05M05CommandNodeConfigBuilder.cs:59)
Game.Editor.CH05M05CommandNodeIntegration:BuildCore () (at Assets/Game/Scripts/Editor/CH05M05CommandNodeIntegration.cs:11)
System.Reflection.MethodBase:Invoke (object,object[])
Game.Editor.ExistingEditorValidation/<Run>d__9:MoveNext () (at Assets/Game/Scripts/Editor/ExistingEditorValidation.cs:92)
System.Runtime.CompilerServices.AsyncVoidMethodBuilder:Start<Game.Editor.ExistingEditorValidation/<Run>d__9> (Game.Editor.ExistingEditorValidation/<Run>d__9&)
Game.Editor.ExistingEditorValidation:Run (string,string)
PipelineEvaluation.PipelineEval_ca25750c/<>c__DisplayClass0_0:<Execute>b__0 ()
UnityEditor.EditorApplication:Internal_CallUpdateFunctions () (at /Users/bokken/build/output/unity/unity/Editor/Mono/EditorApplication.cs:403)

[CommandNodeCivicClearance] result=Passed serviceLots=2 productionLots=2 reserveLots=2 healthOwners=RuntimeBuildingPlacement
UnityEngine.Debug:Log (object)
Game.Editor.CH05M05CommandNodeConfigBuilder:ValidateCivicClearance (UnityEngine.SceneManagement.Scene) (at Assets/Game/Scripts/Editor/CH05M05CommandNodeConfigBuilder.cs:307)
Game.Editor.CH05M05CommandNodeConfigBuilder:BuildPhysicalMap () (at Assets/Game/Scripts/Editor/CH05M05CommandNodeConfigBuilder.cs:176)
Game.Editor.CH05M05CommandNodeConfigBuilder:Build () (at Assets/Game/Scripts/Editor/CH05M05CommandNodeConfigBuilder.cs:59)
Game.Editor.CH05M05CommandNodeIntegration:BuildCore () (at Assets/Game/Scripts/Editor/CH05M05CommandNodeIntegration.cs:11)
System.Reflection.MethodBase:Invoke (object,object[])
Game.Editor.ExistingEditorValidation/<Run>d__9:MoveNext () (at Assets/Game/Scripts/Editor/ExistingEditorValidation.cs:92)
System.Runtime.CompilerServices.AsyncVoidMethodBuilder:Start<Game.Editor.ExistingEditorValidation/<Run>d__9> (Game.Editor.ExistingEditorValidation/<Run>d__9&)
Game.Editor.ExistingEditorValidation:Run (string,string)
PipelineEvaluation.PipelineEval_ca25750c/<>c__DisplayClass0_0:<Execute>b__0 ()
UnityEditor.EditorApplication:Internal_CallUpdateFunctions () (at /Users/bokken/build/output/unity/unity/Editor/Mono/EditorApplication.cs:403)

[CommandNodeRoutes] result=Passed approach=381x5 breach=40x5 audit=31x3 release=12x3 buildLots=4 grid=440x220 combinedOwnerSurfaceMask=true
UnityEngine.Debug:Log (object)
Game.Editor.CH05M05CommandNodeConfigBuilder:ValidateRoutes () (at Assets/Game/Scripts/Editor/CH05M05CommandNodeConfigBuilder.cs:517)
Game.Editor.CH05M05CommandNodeConfigBuilder:BuildPhysicalMap () (at Assets/Game/Scripts/Editor/CH05M05CommandNodeConfigBuilder.cs:206)
Game.Editor.CH05M05CommandNodeConfigBuilder:Build () (at Assets/Game/Scripts/Editor/CH05M05CommandNodeConfigBuilder.cs:59)
Game.Editor.CH05M05CommandNodeIntegration:BuildCore () (at Assets/Game/Scripts/Editor/CH05M05CommandNodeIntegration.cs:11)
System.Reflection.MethodBase:Invoke (object,object[])
Game.Editor.ExistingEditorValidation/<Run>d__9:MoveNext () (at Assets/Game/Scripts/Editor/ExistingEditorValidation.cs:92)
System.Runtime.CompilerServices.AsyncVoidMethodBuilder:Start<Game.Editor.ExistingEditorValidation/<Run>d__9> (Game.Editor.ExistingEditorValidation/<Run>d__9&)
Game.Editor.ExistingEditorValidation:Run (string,string)
PipelineEvaluation.PipelineEval_ca25750c/<>c__DisplayClass0_0:<Execute>b__0 ()
UnityEditor.EditorApplication:Internal_CallUpdateFunctions () (at /Users/bokken/build/output/unity/unity/Editor/Mono/EditorApplication.cs:403)

[CommandNodeMap] result=Passed removedStatic=42264 identities=2701 sourcePreserved=true sourceContentHash=2713962f0faa2dae49805e1b7e3a1673199a2cca915334d11421b354cd8f591c derivative=2ceb44c36519ed6db3e2c788490dc4708599ff747b32ee0fca5e3600379c2cdb
UnityEngine.Debug:Log (object)
Game.Editor.CH05M05CommandNodeConfigBuilder:BuildPhysicalMap () (at Assets/Game/Scripts/Editor/CH05M05CommandNodeConfigBuilder.cs:209)
Game.Editor.CH05M05CommandNodeConfigBuilder:Build () (at Assets/Game/Scripts/Editor/CH05M05CommandNodeConfigBuilder.cs:59)
Game.Editor.CH05M05CommandNodeIntegration:BuildCore () (at Assets/Game/Scripts/Editor/CH05M05CommandNodeIntegration.cs:11)
System.Reflection.MethodBase:Invoke (object,object[])
Game.Editor.ExistingEditorValidation/<Run>d__9:MoveNext () (at Assets/Game/Scripts/Editor/ExistingEditorValidation.cs:92)
System.Runtime.CompilerServices.AsyncVoidMethodBuilder:Start<Game.Editor.ExistingEditorValidation/<Run>d__9> (Game.Editor.ExistingEditorValidation/<Run>d__9&)
Game.Editor.ExistingEditorValidation:Run (string,string)
PipelineEvaluation.PipelineEval_ca25750c/<>c__DisplayClass0_0:<Execute>b__0 ()
UnityEditor.EditorApplication:Internal_CallUpdateFunctions () (at /Users/bokken/build/output/unity/unity/Editor/Mono/EditorApplication.cs:403)

Loaded 1 ExamplePackConfig assets
UnityEngine.Debug:Log (object)
SyntyPackageHelper:LoadSyntyPackageHelperConfigs () (at Assets/Synty/SyntyPackageHelper/Editor/SyntyPackageHelper.cs:46)
SyntyPackageHelper:OnProjectChanged () (at Assets/Synty/SyntyPackageHelper/Editor/SyntyPackageHelper.cs:55)
UnityEditor.AssetDatabase:CreateAsset (UnityEngine.Object,string)
Game.Editor.CH05M05CommandNodeConfigBuilder:Clone<Game.Configs.ScenarioSetupConfig> (string,string) (at Assets/Game/Scripts/Editor/CH05M05CommandNodeConfigBuilder.cs:529)
Game.Editor.CH05M05CommandNodeConfigBuilder:BuildScenario () (at Assets/Game/Scripts/Editor/CH05M05CommandNodeConfigBuilder.Scenario.cs:13)
Game.Editor.CH05M05CommandNodeConfigBuilder:Build () (at Assets/Game/Scripts/Editor/CH05M05CommandNodeConfigBuilder.cs:59)
Game.Editor.CH05M05CommandNodeIntegration:BuildCore () (at Assets/Game/Scripts/Editor/CH05M05CommandNodeIntegration.cs:11)
System.Reflection.MethodBase:Invoke (object,object[])
Game.Editor.ExistingEditorValidation/<Run>d__9:MoveNext () (at Assets/Game/Scripts/Editor/ExistingEditorValidation.cs:92)
System.Runtime.CompilerServices.AsyncVoidMethodBuilder:Start<Game.Editor.ExistingEditorValidation/<Run>d__9> (Game.Editor.ExistingEditorValidation/<Run>d__9&)
Game.Editor.ExistingEditorValidation:Run (string,string)
PipelineEvaluation.PipelineEval_ca25750c/<>c__DisplayClass0_0:<Execute>b__0 ()
UnityEditor.EditorApplication:Internal_CallUpdateFunctions () (at /Users/bokken/build/output/unity/unity/Editor/Mono/EditorApplication.cs:403)

[CommandNodeSupportContext] result=Passed scope=mission,map,source finiteFuel=ownedReserve protected=clinic+utility+audit+staff route=authored allowed=existing-unlocked readiness=preserved
UnityEngine.Debug:Log (object)
Game.Editor.CH05M05CommandNodeConfigBuilder:BuildSupportContext (bool) (at Assets/Game/Scripts/Editor/CH05M05CommandNodeConfigBuilder.Support.cs:58)
Game.Editor.CH05M05CommandNodeConfigBuilder:Build () (at Assets/Game/Scripts/Editor/CH05M05CommandNodeConfigBuilder.cs:59)
Game.Editor.CH05M05CommandNodeIntegration:BuildCore () (at Assets/Game/Scripts/Editor/CH05M05CommandNodeIntegration.cs:11)
System.Reflection.MethodBase:Invoke (object,object[])
Game.Editor.ExistingEditorValidation/<Run>d__9:MoveNext () (at Assets/Game/Scripts/Editor/ExistingEditorValidation.cs:92)
System.Runtime.CompilerServices.AsyncVoidMethodBuilder:Start<Game.Editor.ExistingEditorValidation/<Run>d__9> (Game.Editor.ExistingEditorValidation/<Run>d__9&)
Game.Editor.ExistingEditorValidation:Run (string,string)
PipelineEvaluation.PipelineEval_ca25750c/<>c__DisplayClass0_0:<Execute>b__0 ()
UnityEditor.EditorApplication:Internal_CallUpdateFunctions () (at /Users/bokken/build/output/unity/unity/Editor/Mono/EditorApplication.cs:403)

[CommandNodeConfig] result=Passed protectedCivicOwners=3 finiteDepots=1 originals=23
UnityEngine.Debug:Log (object)
Game.Editor.CH05M05CommandNodeConfigBuilder:Build () (at Assets/Game/Scripts/Editor/CH05M05CommandNodeConfigBuilder.cs:61)
Game.Editor.CH05M05CommandNodeIntegration:BuildCore () (at Assets/Game/Scripts/Editor/CH05M05CommandNodeIntegration.cs:11)
System.Reflection.MethodBase:Invoke (object,object[])
Game.Editor.ExistingEditorValidation/<Run>d__9:MoveNext () (at Assets/Game/Scripts/Editor/ExistingEditorValidation.cs:92)
System.Runtime.CompilerServices.AsyncVoidMethodBuilder:Start<Game.Editor.ExistingEditorValidation/<Run>d__9> (Game.Editor.ExistingEditorValidation/<Run>d__9&)
Game.Editor.ExistingEditorValidation:Run (string,string)
PipelineEvaluation.PipelineEval_ca25750c/<>c__DisplayClass0_0:<Execute>b__0 ()
UnityEditor.EditorApplication:Internal_CallUpdateFunctions () (at /Users/bokken/build/output/unity/unity/Editor/Mono/EditorApplication.cs:403)

[CommandNodeMedia] result=Passed comics=5 dialogueCrops=41 installedVoices=0 mode=caption-only
UnityEngine.Debug:Log (object)
Game.Editor.CH05M05CommandNodeNarrativeBuilder:ConfigureMedia () (at Assets/Game/Scripts/Editor/CH05M05CommandNodeNarrativeBuilder.cs:100)
Game.Editor.CH05M05CommandNodeNarrativeBuilder:BuildNarrativeCore () (at Assets/Game/Scripts/Editor/CH05M05CommandNodeNarrativeBuilder.cs:55)
Game.Editor.CH05M05CommandNodeNarrativeBuilder:BuildWithoutVoices () (at Assets/Game/Scripts/Editor/CH05M05CommandNodeNarrativeBuilder.cs:48)
Game.Editor.CH05M05CommandNodeIntegration:FinishPrepared () (at Assets/Game/Scripts/Editor/CH05M05CommandNodeIntegration.cs:18)
Game.Editor.CH05M05CommandNodeIntegration:BuildCore () (at Assets/Game/Scripts/Editor/CH05M05CommandNodeIntegration.cs:12)
System.Reflection.MethodBase:Invoke (object,object[])
Game.Editor.ExistingEditorValidation/<Run>d__9:MoveNext () (at Assets/Game/Scripts/Editor/ExistingEditorValidation.cs:92)
System.Runtime.CompilerServices.AsyncVoidMethodBuilder:Start<Game.Editor.ExistingEditorValidation/<Run>d__9> (Game.Editor.ExistingEditorValidation/<Run>d__9&)
Game.Editor.ExistingEditorValidation:Run (string,string)
PipelineEvaluation.PipelineEval_ca25750c/<>c__DisplayClass0_0:<Execute>b__0 ()
UnityEditor.EditorApplication:Internal_CallUpdateFunctions () (at /Users/bokken/build/output/unity/unity/Editor/Mono/EditorApplication.cs:403)

[CampaignComicCoverage] result=Passed mission=seq.ch05.m05. dialogueStates=15 aspects=2
UnityEngine.Debug:Log (object)
Game.Editor.CampaignMissionComicCoverageValidation:ValidateMission (string,string) (at Assets/Game/Scripts/Editor/CampaignMissionComicCoverageValidation.cs:55)
Game.Editor.CampaignMissionComicCoverageValidation:ValidateMissionDistinct (string,string) (at Assets/Game/Scripts/Editor/CampaignMissionComicCoverageValidation.cs:60)
Game.Editor.CH05M05CommandNodeNarrativeBuilder:BuildNarrativeCore () (at Assets/Game/Scripts/Editor/CH05M05CommandNodeNarrativeBuilder.cs:61)
Game.Editor.CH05M05CommandNodeNarrativeBuilder:BuildWithoutVoices () (at Assets/Game/Scripts/Editor/CH05M05CommandNodeNarrativeBuilder.cs:48)
Game.Editor.CH05M05CommandNodeIntegration:FinishPrepared () (at Assets/Game/Scripts/Editor/CH05M05CommandNodeIntegration.cs:18)
Game.Editor.CH05M05CommandNodeIntegration:BuildCore () (at Assets/Game/Scripts/Editor/CH05M05CommandNodeIntegration.cs:12)
System.Reflection.MethodBase:Invoke (object,object[])
Game.Editor.ExistingEditorValidation/<Run>d__9:MoveNext () (at Assets/Game/Scripts/Editor/ExistingEditorValidation.cs:92)
System.Runtime.CompilerServices.AsyncVoidMethodBuilder:Start<Game.Editor.ExistingEditorValidation/<Run>d__9> (Game.Editor.ExistingEditorValidation/<Run>d__9&)
Game.Editor.ExistingEditorValidation:Run (string,string)
PipelineEvaluation.PipelineEval_ca25750c/<>c__DisplayClass0_0:<Execute>b__0 ()
UnityEditor.EditorApplication:Internal_CallUpdateFunctions () (at /Users/bokken/build/output/unity/unity/Editor/Mono/EditorApplication.cs:403)

[CampaignComicDistinctness] result=Passed mission=seq.ch05.m05. dialogueStates=15 distinct16x9=15 distinct20x9=15
UnityEngine.Debug:Log (object)
Game.Editor.CampaignMissionComicCoverageValidation:ValidateMissionDistinct (string,string) (at Assets/Game/Scripts/Editor/CampaignMissionComicCoverageValidation.cs:64)
Game.Editor.CH05M05CommandNodeNarrativeBuilder:BuildNarrativeCore () (at Assets/Game/Scripts/Editor/CH05M05CommandNodeNarrativeBuilder.cs:61)
Game.Editor.CH05M05CommandNodeNarrativeBuilder:BuildWithoutVoices () (at Assets/Game/Scripts/Editor/CH05M05CommandNodeNarrativeBuilder.cs:48)
Game.Editor.CH05M05CommandNodeIntegration:FinishPrepared () (at Assets/Game/Scripts/Editor/CH05M05CommandNodeIntegration.cs:18)
Game.Editor.CH05M05CommandNodeIntegration:BuildCore () (at Assets/Game/Scripts/Editor/CH05M05CommandNodeIntegration.cs:12)
System.Reflection.MethodBase:Invoke (object,object[])
Game.Editor.ExistingEditorValidation/<Run>d__9:MoveNext () (at Assets/Game/Scripts/Editor/ExistingEditorValidation.cs:92)
System.Runtime.CompilerServices.AsyncVoidMethodBuilder:Start<Game.Editor.ExistingEditorValidation/<Run>d__9> (Game.Editor.ExistingEditorValidation/<Run>d__9&)
Game.Editor.ExistingEditorValidation:Run (string,string)
PipelineEvaluation.PipelineEval_ca25750c/<>c__DisplayClass0_0:<Execute>b__0 ()
UnityEditor.EditorApplication:Internal_CallUpdateFunctions () (at /Users/bokken/build/output/unity/unity/Editor/Mono/EditorApplication.cs:403)

[CommandNodeCaptionedFinale] result=Passed sequences=12 panels=41 selectedPanels=38 chapterClosePanels=8 canonicalPanels=9 voices=0 endingGates=0
UnityEngine.Debug:Log (object)
Game.Editor.CH05M05CommandNodeNarrativeBuilder:ValidateCaptionedFinale () (at Assets/Game/Scripts/Editor/CH05M05CommandNodeNarrativeBuilder.cs:246)
Game.Editor.CH05M05CommandNodeNarrativeBuilder:BuildNarrativeCore () (at Assets/Game/Scripts/Editor/CH05M05CommandNodeNarrativeBuilder.cs:62)
Game.Editor.CH05M05CommandNodeNarrativeBuilder:BuildWithoutVoices () (at Assets/Game/Scripts/Editor/CH05M05CommandNodeNarrativeBuilder.cs:48)
Game.Editor.CH05M05CommandNodeIntegration:FinishPrepared () (at Assets/Game/Scripts/Editor/CH05M05CommandNodeIntegration.cs:18)
Game.Editor.CH05M05CommandNodeIntegration:BuildCore () (at Assets/Game/Scripts/Editor/CH05M05CommandNodeIntegration.cs:12)
System.Reflection.MethodBase:Invoke (object,object[])
Game.Editor.ExistingEditorValidation/<Run>d__9:MoveNext () (at Assets/Game/Scripts/Editor/ExistingEditorValidation.cs:92)
System.Runtime.CompilerServices.AsyncVoidMethodBuilder:Start<Game.Editor.ExistingEditorValidation/<Run>d__9> (Game.Editor.ExistingEditorValidation/<Run>d__9&)
Game.Editor.ExistingEditorValidation:Run (string,string)
PipelineEvaluation.PipelineEval_ca25750c/<>c__DisplayClass0_0:<Execute>b__0 ()
UnityEditor.EditorApplication:Internal_CallUpdateFunctions () (at /Users/bokken/build/output/unity/unity/Editor/Mono/EditorApplication.cs:403)

[CommandNodeNarrative] result=Passed sequences=12 dialogueStates=41 locales=en,fa-IR missionComics=3 voiceGate=Separate
UnityEngine.Debug:Log (object)
Game.Editor.CH05M05CommandNodeNarrativeBuilder:BuildNarrativeCore () (at Assets/Game/Scripts/Editor/CH05M05CommandNodeNarrativeBuilder.cs:74)
Game.Editor.CH05M05CommandNodeNarrativeBuilder:BuildWithoutVoices () (at Assets/Game/Scripts/Editor/CH05M05CommandNodeNarrativeBuilder.cs:48)
Game.Editor.CH05M05CommandNodeIntegration:FinishPrepared () (at Assets/Game/Scripts/Editor/CH05M05CommandNodeIntegration.cs:18)
Game.Editor.CH05M05CommandNodeIntegration:BuildCore () (at Assets/Game/Scripts/Editor/CH05M05CommandNodeIntegration.cs:12)
System.Reflection.MethodBase:Invoke (object,object[])
Game.Editor.ExistingEditorValidation/<Run>d__9:MoveNext () (at Assets/Game/Scripts/Editor/ExistingEditorValidation.cs:92)
System.Runtime.CompilerServices.AsyncVoidMethodBuilder:Start<Game.Editor.ExistingEditorValidation/<Run>d__9> (Game.Editor.ExistingEditorValidation/<Run>d__9&)
Game.Editor.ExistingEditorValidation:Run (string,string)
PipelineEvaluation.PipelineEval_ca25750c/<>c__DisplayClass0_0:<Execute>b__0 ()
UnityEditor.EditorApplication:Internal_CallUpdateFunctions () (at /Users/bokken/build/output/unity/unity/Editor/Mono/EditorApplication.cs:403)

[CommandNodeNarrativeVoices] result=Pending expectedClips=0 installedClips=0 externalRequests=0 mode=caption-only nativePlayback=Pending voices=NotRequested
UnityEngine.Debug:Log (object)
Game.Editor.CH05M05CommandNodeNarrativeBuilder:BuildWithoutVoices () (at Assets/Game/Scripts/Editor/CH05M05CommandNodeNarrativeBuilder.cs:49)
Game.Editor.CH05M05CommandNodeIntegration:FinishPrepared () (at Assets/Game/Scripts/Editor/CH05M05CommandNodeIntegration.cs:18)
Game.Editor.CH05M05CommandNodeIntegration:BuildCore () (at Assets/Game/Scripts/Editor/CH05M05CommandNodeIntegration.cs:12)
System.Reflection.MethodBase:Invoke (object,object[])
Game.Editor.ExistingEditorValidation/<Run>d__9:MoveNext () (at Assets/Game/Scripts/Editor/ExistingEditorValidation.cs:92)
System.Runtime.CompilerServices.AsyncVoidMethodBuilder:Start<Game.Editor.ExistingEditorValidation/<Run>d__9> (Game.Editor.ExistingEditorValidation/<Run>d__9&)
Game.Editor.ExistingEditorValidation:Run (string,string)
PipelineEvaluation.PipelineEval_ca25750c/<>c__DisplayClass0_0:<Execute>b__0 ()
UnityEditor.EditorApplication:Internal_CallUpdateFunctions () (at /Users/bokken/build/output/unity/unity/Editor/Mono/EditorApplication.cs:403)

[CommandNodePresentation] result=Passed existingHud=1 newCommandButtons=0 locales=2 finale=Captioned voices=NotRequested
UnityEngine.Debug:Log (object)
Game.Editor.CH05M05CommandNodePresentationBuilder:Build () (at Assets/Game/Scripts/Editor/CH05M05CommandNodePresentationBuilder.cs:24)
Game.Editor.CH05M05CommandNodeIntegration:FinishPrepared () (at Assets/Game/Scripts/Editor/CH05M05CommandNodeIntegration.cs:19)
Game.Editor.CH05M05CommandNodeIntegration:BuildCore () (at Assets/Game/Scripts/Editor/CH05M05CommandNodeIntegration.cs:12)
System.Reflection.MethodBase:Invoke (object,object[])
Game.Editor.ExistingEditorValidation/<Run>d__9:MoveNext () (at Assets/Game/Scripts/Editor/ExistingEditorValidation.cs:92)
System.Runtime.CompilerServices.AsyncVoidMethodBuilder:Start<Game.Editor.ExistingEditorValidation/<Run>d__9> (Game.Editor.ExistingEditorValidation/<Run>d__9&)
Game.Editor.ExistingEditorValidation:Run (string,string)
PipelineEvaluation.PipelineEval_ca25750c/<>c__DisplayClass0_0:<Execute>b__0 ()
UnityEditor.EditorApplication:Internal_CallUpdateFunctions () (at /Users/bokken/build/output/unity/unity/Editor/Mono/EditorApplication.cs:403)

[M01FirstContactConfigBuilder] result=Passed scope=ChapterCatalogs missions=25 maps=32
UnityEngine.Debug:Log (object)
Game.Editor.M01FirstContactConfigBuilder:RefreshChapterCatalogs () (at Assets/Game/Scripts/Editor/M01FirstContactConfigBuilder.cs:75)
Game.Editor.CH05M05CommandNodeIntegration:FinishPrepared () (at Assets/Game/Scripts/Editor/CH05M05CommandNodeIntegration.cs:20)
Game.Editor.CH05M05CommandNodeIntegration:BuildCore () (at Assets/Game/Scripts/Editor/CH05M05CommandNodeIntegration.cs:12)
System.Reflection.MethodBase:Invoke (object,object[])
Game.Editor.ExistingEditorValidation/<Run>d__9:MoveNext () (at Assets/Game/Scripts/Editor/ExistingEditorValidation.cs:92)
System.Runtime.CompilerServices.AsyncVoidMethodBuilder:Start<Game.Editor.ExistingEditorValidation/<Run>d__9> (Game.Editor.ExistingEditorValidation/<Run>d__9&)
Game.Editor.ExistingEditorValidation:Run (string,string)
PipelineEvaluation.PipelineEval_ca25750c/<>c__DisplayClass0_0:<Execute>b__0 ()
UnityEditor.EditorApplication:Internal_CallUpdateFunctions () (at /Users/bokken/build/output/unity/unity/Editor/Mono/EditorApplication.cs:403)

[CommandNodeContentRegistration] result=Passed ownAssets=8 added=8 GUIDLookup=Supported existingEntries=Preserved
UnityEngine.Debug:Log (object)
Game.Editor.CH05M05CommandNodeContentBuilder:RegisterProductionEntries () (at Assets/Game/Scripts/Editor/CH05M05CommandNodeContentBuilder.cs:53)
Game.Editor.CH05M05CommandNodeIntegration:FinishPrepared () (at Assets/Game/Scripts/Editor/CH05M05CommandNodeIntegration.cs:21)
Game.Editor.CH05M05CommandNodeIntegration:BuildCore () (at Assets/Game/Scripts/Editor/CH05M05CommandNodeIntegration.cs:12)
System.Reflection.MethodBase:Invoke (object,object[])
Game.Editor.ExistingEditorValidation/<Run>d__9:MoveNext () (at Assets/Game/Scripts/Editor/ExistingEditorValidation.cs:92)
System.Runtime.CompilerServices.AsyncVoidMethodBuilder:Start<Game.Editor.ExistingEditorValidation/<Run>d__9> (Game.Editor.ExistingEditorValidation/<Run>d__9&)
Game.Editor.ExistingEditorValidation:Run (string,string)
PipelineEvaluation.PipelineEval_ca25750c/<>c__DisplayClass0_0:<Execute>b__0 ()
UnityEditor.EditorApplication:Internal_CallUpdateFunctions () (at /Users/bokken/build/output/unity/unity/Editor/Mono/EditorApplication.cs:403)

[CommandNodeMap] check=Failed Static blocker footprint must be rebased and bounded: Palm_01
UnityEngine.Debug:LogError (object)
Game.Editor.CH05M05CommandNodeMapValidation:Run () (at Assets/Game/Scripts/Editor/CH05M05CommandNodeMapValidation.cs:124)
Game.Editor.CH05M05CommandNodeIntegration:BuildCore () (at Assets/Game/Scripts/Editor/CH05M05CommandNodeIntegration.cs:13)
System.Reflection.MethodBase:Invoke (object,object[])
Game.Editor.ExistingEditorValidation/<Run>d__9:MoveNext () (at Assets/Game/Scripts/Editor/ExistingEditorValidation.cs:92)
System.Runtime.CompilerServices.AsyncVoidMethodBuilder:Start<Game.Editor.ExistingEditorValidation/<Run>d__9> (Game.Editor.ExistingEditorValidation/<Run>d__9&)
Game.Editor.ExistingEditorValidation:Run (string,string)
PipelineEvaluation.PipelineEval_ca25750c/<>c__DisplayClass0_0:<Execute>b__0 ()
UnityEditor.EditorApplication:Internal_CallUpdateFunctions () (at /Users/bokken/build/output/unity/unity/Editor/Mono/EditorApplication.cs:403)

[CommandNodeMap] check=Failed Static blocker footprint must be rebased and bounded: Palm_02
UnityEngine.Debug:LogError (object)
Game.Editor.CH05M05CommandNodeMapValidation:Run () (at Assets/Game/Scripts/Editor/CH05M05CommandNodeMapValidation.cs:124)
Game.Editor.CH05M05CommandNodeIntegration:BuildCore () (at Assets/Game/Scripts/Editor/CH05M05CommandNodeIntegration.cs:13)
System.Reflection.MethodBase:Invoke (object,object[])
Game.Editor.ExistingEditorValidation/<Run>d__9:MoveNext () (at Assets/Game/Scripts/Editor/ExistingEditorValidation.cs:92)
System.Runtime.CompilerServices.AsyncVoidMethodBuilder:Start<Game.Editor.ExistingEditorValidation/<Run>d__9> (Game.Editor.ExistingEditorValidation/<Run>d__9&)
Game.Editor.ExistingEditorValidation:Run (string,string)
PipelineEvaluation.PipelineEval_ca25750c/<>c__DisplayClass0_0:<Execute>b__0 ()
UnityEditor.EditorApplication:Internal_CallUpdateFunctions () (at /Users/bokken/build/output/unity/unity/Editor/Mono/EditorApplication.cs:403)

[CommandNodeMap] check=Failed Static blocker footprint must be rebased and bounded: Palm_03
UnityEngine.Debug:LogError (object)
Game.Editor.CH05M05CommandNodeMapValidation:Run () (at Assets/Game/Scripts/Editor/CH05M05CommandNodeMapValidation.cs:124)
Game.Editor.CH05M05CommandNodeIntegration:BuildCore () (at Assets/Game/Scripts/Editor/CH05M05CommandNodeIntegration.cs:13)
System.Reflection.MethodBase:Invoke (object,object[])
Game.Editor.ExistingEditorValidation/<Run>d__9:MoveNext () (at Assets/Game/Scripts/Editor/ExistingEditorValidation.cs:92)
System.Runtime.CompilerServices.AsyncVoidMethodBuilder:Start<Game.Editor.ExistingEditorValidation/<Run>d__9> (Game.Editor.ExistingEditorValidation/<Run>d__9&)
Game.Editor.ExistingEditorValidation:Run (string,string)
PipelineEvaluation.PipelineEval_ca25750c/<>c__DisplayClass0_0:<Execute>b__0 ()
UnityEditor.EditorApplication:Internal_CallUpdateFunctions () (at /Users/bokken/build/output/unity/unity/Editor/Mono/EditorApplication.cs:403)

[CommandNodeMap] check=Failed Static blocker footprint must be rebased and bounded: Palm_04
UnityEngine.Debug:LogError (object)
Game.Editor.CH05M05CommandNodeMapValidation:Run () (at Assets/Game/Scripts/Editor/CH05M05CommandNodeMapValidation.cs:124)
Game.Editor.CH05M05CommandNodeIntegration:BuildCore () (at Assets/Game/Scripts/Editor/CH05M05CommandNodeIntegration.cs:13)
System.Reflection.MethodBase:Invoke (object,object[])
Game.Editor.ExistingEditorValidation/<Run>d__9:MoveNext () (at Assets/Game/Scripts/Editor/ExistingEditorValidation.cs:92)
System.Runtime.CompilerServices.AsyncVoidMethodBuilder:Start<Game.Editor.ExistingEditorValidation/<Run>d__9> (Game.Editor.ExistingEditorValidation/<Run>d__9&)
Game.Editor.ExistingEditorValidation:Run (string,string)
PipelineEvaluation.PipelineEval_ca25750c/<>c__DisplayClass0_0:<Execute>b__0 ()
UnityEditor.EditorApplication:Internal_CallUpdateFunctions () (at /Users/bokken/build/output/unity/unity/Editor/Mono/EditorApplication.cs:403)

[CommandNodeMap] check=Failed Static blocker footprint must be rebased and bounded: Palm_05
UnityEngine.Debug:LogError (object)
Game.Editor.CH05M05CommandNodeMapValidation:Run () (at Assets/Game/Scripts/Editor/CH05M05CommandNodeMapValidation.cs:124)
Game.Editor.CH05M05CommandNodeIntegration:BuildCore () (at Assets/Game/Scripts/Editor/CH05M05CommandNodeIntegration.cs:13)
System.Reflection.MethodBase:Invoke (object,object[])
Game.Editor.ExistingEditorValidation/<Run>d__9:MoveNext () (at Assets/Game/Scripts/Editor/ExistingEditorValidation.cs:92)
System.Runtime.CompilerServices.AsyncVoidMethodBuilder:Start<Game.Editor.ExistingEditorValidation/<Run>d__9> (Game.Editor.ExistingEditorValidation/<Run>d__9&)
Game.Editor.ExistingEditorValidation:Run (string,string)
PipelineEvaluation.PipelineEval_ca25750c/<>c__DisplayClass0_0:<Execute>b__0 ()
UnityEditor.EditorApplication:Internal_CallUpdateFunctions () (at /Users/bokken/build/output/unity/unity/Editor/Mono/EditorApplication.cs:403)

[CommandNodeMap] check=Failed Static blocker footprint must be rebased and bounded: Palm_06
UnityEngine.Debug:LogError (object)
Game.Editor.CH05M05CommandNodeMapValidation:Run () (at Assets/Game/Scripts/Editor/CH05M05CommandNodeMapValidation.cs:124)
Game.Editor.CH05M05CommandNodeIntegration:BuildCore () (at Assets/Game/Scripts/Editor/CH05M05CommandNodeIntegration.cs:13)
System.Reflection.MethodBase:Invoke (object,object[])
Game.Editor.ExistingEditorValidation/<Run>d__9:MoveNext () (at Assets/Game/Scripts/Editor/ExistingEditorValidation.cs:92)
System.Runtime.CompilerServices.AsyncVoidMethodBuilder:Start<Game.Editor.ExistingEditorValidation/<Run>d__9> (Game.Editor.ExistingEditorValidation/<Run>d__9&)
Game.Editor.ExistingEditorValidation:Run (string,string)
PipelineEvaluation.PipelineEval_ca25750c/<>c__DisplayClass0_0:<Execute>b__0 ()
UnityEditor.EditorApplication:Internal_CallUpdateFunctions () (at /Users/bokken/build/output/unity/unity/Editor/Mono/EditorApplication.cs:403)

[CommandNodeMap] check=Failed Static blocker footprint must be rebased and bounded: Palm_07
UnityEngine.Debug:LogError (object)
Game.Editor.CH05M05CommandNodeMapValidation:Run () (at Assets/Game/Scripts/Editor/CH05M05CommandNodeMapValidation.cs:124)
Game.Editor.CH05M05CommandNodeIntegration:BuildCore () (at Assets/Game/Scripts/Editor/CH05M05CommandNodeIntegration.cs:13)
System.Reflection.MethodBase:Invoke (object,object[])
Game.Editor.ExistingEditorValidation/<Run>d__9:MoveNext () (at Assets/Game/Scripts/Editor/ExistingEditorValidation.cs:92)
System.Runtime.CompilerServices.AsyncVoidMethodBuilder:Start<Game.Editor.ExistingEditorValidation/<Run>d__9> (Game.Editor.ExistingEditorValidation/<Run>d__9&)
Game.Editor.ExistingEditorValidation:Run (string,string)
PipelineEvaluation.PipelineEval_ca25750c/<>c__DisplayClass0_0:<Execute>b__0 ()
UnityEditor.EditorApplication:Internal_CallUpdateFunctions () (at /Users/bokken/build/output/unity/unity/Editor/Mono/EditorApplication.cs:403)

[CommandNodeMap] check=Failed Static blocker footprint must be rebased and bounded: Palm_08
UnityEngine.Debug:LogError (object)
Game.Editor.CH05M05CommandNodeMapValidation:Run () (at Assets/Game/Scripts/Editor/CH05M05CommandNodeMapValidation.cs:124)
Game.Editor.CH05M05CommandNodeIntegration:BuildCore () (at Assets/Game/Scripts/Editor/CH05M05CommandNodeIntegration.cs:13)
System.Reflection.MethodBase:Invoke (object,object[])
Game.Editor.ExistingEditorValidation/<Run>d__9:MoveNext () (at Assets/Game/Scripts/Editor/ExistingEditorValidation.cs:92)
System.Runtime.CompilerServices.AsyncVoidMethodBuilder:Start<Game.Editor.ExistingEditorValidation/<Run>d__9> (Game.Editor.ExistingEditorValidation/<Run>d__9&)
Game.Editor.ExistingEditorValidation:Run (string,string)
PipelineEvaluation.PipelineEval_ca25750c/<>c__DisplayClass0_0:<Execute>b__0 ()
UnityEditor.EditorApplication:Internal_CallUpdateFunctions () (at /Users/bokken/build/output/unity/unity/Editor/Mono/EditorApplication.cs:403)

[CommandNodeMap] check=Failed Static blocker footprint must be rebased and bounded: Palm_09
UnityEngine.Debug:LogError (object)
Game.Editor.CH05M05CommandNodeMapValidation:Run () (at Assets/Game/Scripts/Editor/CH05M05CommandNodeMapValidation.cs:124)
Game.Editor.CH05M05CommandNodeIntegration:BuildCore () (at Assets/Game/Scripts/Editor/CH05M05CommandNodeIntegration.cs:13)
System.Reflection.MethodBase:Invoke (object,object[])
Game.Editor.ExistingEditorValidation/<Run>d__9:MoveNext () (at Assets/Game/Scripts/Editor/ExistingEditorValidation.cs:92)
System.Runtime.CompilerServices.AsyncVoidMethodBuilder:Start<Game.Editor.ExistingEditorValidation/<Run>d__9> (Game.Editor.ExistingEditorValidation/<Run>d__9&)
Game.Editor.ExistingEditorValidation:Run (string,string)
PipelineEvaluation.PipelineEval_ca25750c/<>c__DisplayClass0_0:<Execute>b__0 ()
UnityEditor.EditorApplication:Internal_CallUpdateFunctions () (at /Users/bokken/build/output/unity/unity/Editor/Mono/EditorApplication.cs:403)

[CommandNodeMap] check=Failed Static blocker footprint must be rebased and bounded: Palm_10
UnityEngine.Debug:LogError (object)
Game.Editor.CH05M05CommandNodeMapValidation:Run () (at Assets/Game/Scripts/Editor/CH05M05CommandNodeMapValidation.cs:124)
Game.Editor.CH05M05CommandNodeIntegration:BuildCore () (at Assets/Game/Scripts/Editor/CH05M05CommandNodeIntegration.cs:13)
System.Reflection.MethodBase:Invoke (object,object[])
Game.Editor.ExistingEditorValidation/<Run>d__9:MoveNext () (at Assets/Game/Scripts/Editor/ExistingEditorValidation.cs:92)
System.Runtime.CompilerServices.AsyncVoidMethodBuilder:Start<Game.Editor.ExistingEditorValidation/<Run>d__9> (Game.Editor.ExistingEditorValidation/<Run>d__9&)
Game.Editor.ExistingEditorValidation:Run (string,string)
PipelineEvaluation.PipelineEval_ca25750c/<>c__DisplayClass0_0:<Execute>b__0 ()
UnityEditor.EditorApplication:Internal_CallUpdateFunctions () (at /Users/bokken/build/output/unity/unity/Editor/Mono/EditorApplication.cs:403)

[CommandNodeMap] check=Failed Static blocker footprint must be rebased and bounded: Rock_11
UnityEngine.Debug:LogError (object)
Game.Editor.CH05M05CommandNodeMapValidation:Run () (at Assets/Game/Scripts/Editor/CH05M05CommandNodeMapValidation.cs:124)
Game.Editor.CH05M05CommandNodeIntegration:BuildCore () (at Assets/Game/Scripts/Editor/CH05M05CommandNodeIntegration.cs:13)
System.Reflection.MethodBase:Invoke (object,object[])
Game.Editor.ExistingEditorValidation/<Run>d__9:MoveNext () (at Assets/Game/Scripts/Editor/ExistingEditorValidation.cs:92)
System.Runtime.CompilerServices.AsyncVoidMethodBuilder:Start<Game.Editor.ExistingEditorValidation/<Run>d__9> (Game.Editor.ExistingEditorValidation/<Run>d__9&)
Game.Editor.ExistingEditorValidation:Run (string,string)
PipelineEvaluation.PipelineEval_ca25750c/<>c__DisplayClass0_0:<Execute>b__0 ()
UnityEditor.EditorApplication:Internal_CallUpdateFunctions () (at /Users/bokken/build/output/unity/unity/Editor/Mono/EditorApplication.cs:403)

[CommandNodeMap] check=Failed Static blocker footprint must be rebased and bounded: Rock_12
UnityEngine.Debug:LogError (object)
Game.Editor.CH05M05CommandNodeMapValidation:Run () (at Assets/Game/Scripts/Editor/CH05M05CommandNodeMapValidation.cs:124)
Game.Editor.CH05M05CommandNodeIntegration:BuildCore () (at Assets/Game/Scripts/Editor/CH05M05CommandNodeIntegration.cs:13)
System.Reflection.MethodBase:Invoke (object,object[])
Game.Editor.ExistingEditorValidation/<Run>d__9:MoveNext () (at Assets/Game/Scripts/Editor/ExistingEditorValidation.cs:92)
System.Runtime.CompilerServices.AsyncVoidMethodBuilder:Start<Game.Editor.ExistingEditorValidation/<Run>d__9> (Game.Editor.ExistingEditorValidation/<Run>d__9&)
Game.Editor.ExistingEditorValidation:Run (string,string)
PipelineEvaluation.PipelineEval_ca25750c/<>c__DisplayClass0_0:<Execute>b__0 ()
UnityEditor.EditorApplication:Internal_CallUpdateFunctions () (at /Users/bokken/build/output/unity/unity/Editor/Mono/EditorApplication.cs:403)

[CommandNodeMap] check=Failed Static blocker footprint must be rebased and bounded: Rock_13
UnityEngine.Debug:LogError (object)
Game.Editor.CH05M05CommandNodeMapValidation:Run () (at Assets/Game/Scripts/Editor/CH05M05CommandNodeMapValidation.cs:124)
Game.Editor.CH05M05CommandNodeIntegration:BuildCore () (at Assets/Game/Scripts/Editor/CH05M05CommandNodeIntegration.cs:13)
System.Reflection.MethodBase:Invoke (object,object[])
Game.Editor.ExistingEditorValidation/<Run>d__9:MoveNext () (at Assets/Game/Scripts/Editor/ExistingEditorValidation.cs:92)
System.Runtime.CompilerServices.AsyncVoidMethodBuilder:Start<Game.Editor.ExistingEditorValidation/<Run>d__9> (Game.Editor.ExistingEditorValidation/<Run>d__9&)
Game.Editor.ExistingEditorValidation:Run (string,string)
PipelineEvaluation.PipelineEval_ca25750c/<>c__DisplayClass0_0:<Execute>b__0 ()
UnityEditor.EditorApplication:Internal_CallUpdateFunctions () (at /Users/bokken/build/output/unity/unity/Editor/Mono/EditorApplication.cs:403)

[CommandNodeMap] check=Failed Static blocker footprint must be rebased and bounded: Rock_14
UnityEngine.Debug:LogError (object)
Game.Editor.CH05M05CommandNodeMapValidation:Run () (at Assets/Game/Scripts/Editor/CH05M05CommandNodeMapValidation.cs:124)
Game.Editor.CH05M05CommandNodeIntegration:BuildCore () (at Assets/Game/Scripts/Editor/CH05M05CommandNodeIntegration.cs:13)
System.Reflection.MethodBase:Invoke (object,object[])
Game.Editor.ExistingEditorValidation/<Run>d__9:MoveNext () (at Assets/Game/Scripts/Editor/ExistingEditorValidation.cs:92)
System.Runtime.CompilerServices.AsyncVoidMethodBuilder:Start<Game.Editor.ExistingEditorValidation/<Run>d__9> (Game.Editor.ExistingEditorValidation/<Run>d__9&)
Game.Editor.ExistingEditorValidation:Run (string,string)
PipelineEvaluation.PipelineEval_ca25750c/<>c__DisplayClass0_0:<Execute>b__0 ()
UnityEditor.EditorApplication:Internal_CallUpdateFunctions () (at /Users/bokken/build/output/unity/unity/Editor/Mono/EditorApplication.cs:403)

[CommandNodeMap] check=Failed Static blocker footprint must be rebased and bounded: Rock_15
UnityEngine.Debug:LogError (object)
Game.Editor.CH05M05CommandNodeMapValidation:Run () (at Assets/Game/Scripts/Editor/CH05M05CommandNodeMapValidation.cs:124)
Game.Editor.CH05M05CommandNodeIntegration:BuildCore () (at Assets/Game/Scripts/Editor/CH05M05CommandNodeIntegration.cs:13)
System.Reflection.MethodBase:Invoke (object,object[])
Game.Editor.ExistingEditorValidation/<Run>d__9:MoveNext () (at Assets/Game/Scripts/Editor/ExistingEditorValidation.cs:92)
System.Runtime.CompilerServices.AsyncVoidMethodBuilder:Start<Game.Editor.ExistingEditorValidation/<Run>d__9> (Game.Editor.ExistingEditorValidation/<Run>d__9&)
Game.Editor.ExistingEditorValidation:Run (string,string)
PipelineEvaluation.PipelineEval_ca25750c/<>c__DisplayClass0_0:<Execute>b__0 ()
UnityEditor.EditorApplication:Internal_CallUpdateFunctions () (at /Users/bokken/build/output/unity/unity/Editor/Mono/EditorApplication.cs:403)

[CommandNodeMap] check=Failed Static blocker footprint must be rebased and bounded: Rock_16
UnityEngine.Debug:LogError (object)
Game.Editor.CH05M05CommandNodeMapValidation:Run () (at Assets/Game/Scripts/Editor/CH05M05CommandNodeMapValidation.cs:124)
Game.Editor.CH05M05CommandNodeIntegration:BuildCore () (at Assets/Game/Scripts/Editor/CH05M05CommandNodeIntegration.cs:13)
System.Reflection.MethodBase:Invoke (object,object[])
Game.Editor.ExistingEditorValidation/<Run>d__9:MoveNext () (at Assets/Game/Scripts/Editor/ExistingEditorValidation.cs:92)
System.Runtime.CompilerServices.AsyncVoidMethodBuilder:Start<Game.Editor.ExistingEditorValidation/<Run>d__9> (Game.Editor.ExistingEditorValidation/<Run>d__9&)
Game.Editor.ExistingEditorValidation:Run (string,string)
PipelineEvaluation.PipelineEval_ca25750c/<>c__DisplayClass0_0:<Execute>b__0 ()
UnityEditor.EditorApplication:Internal_CallUpdateFunctions () (at /Users/bokken/build/output/unity/unity/Editor/Mono/EditorApplication.cs:403)

[CommandNodeMap] check=Failed Static blocker footprint must be rebased and bounded: LowRuinedWall_17
UnityEngine.Debug:LogError (object)
Game.Editor.CH05M05CommandNodeMapValidation:Run () (at Assets/Game/Scripts/Editor/CH05M05CommandNodeMapValidation.cs:124)
Game.Editor.CH05M05CommandNodeIntegration:BuildCore () (at Assets/Game/Scripts/Editor/CH05M05CommandNodeIntegration.cs:13)
System.Reflection.MethodBase:Invoke (object,object[])
Game.Editor.ExistingEditorValidation/<Run>d__9:MoveNext () (at Assets/Game/Scripts/Editor/ExistingEditorValidation.cs:92)
System.Runtime.CompilerServices.AsyncVoidMethodBuilder:Start<Game.Editor.ExistingEditorValidation/<Run>d__9> (Game.Editor.ExistingEditorValidation/<Run>d__9&)
Game.Editor.ExistingEditorValidation:Run (string,string)
PipelineEvaluation.PipelineEval_ca25750c/<>c__DisplayClass0_0:<Execute>b__0 ()
UnityEditor.EditorApplication:Internal_CallUpdateFunctions () (at /Users/bokken/build/output/unity/unity/Editor/Mono/EditorApplication.cs:403)

[CommandNodeMap] check=Failed Static blocker footprint must be rebased and bounded: LowRuinedWall_18
UnityEngine.Debug:LogError (object)
Game.Editor.CH05M05CommandNodeMapValidation:Run () (at Assets/Game/Scripts/Editor/CH05M05CommandNodeMapValidation.cs:124)
Game.Editor.CH05M05CommandNodeIntegration:BuildCore () (at Assets/Game/Scripts/Editor/CH05M05CommandNodeIntegration.cs:13)
System.Reflection.MethodBase:Invoke (object,object[])
Game.Editor.ExistingEditorValidation/<Run>d__9:MoveNext () (at Assets/Game/Scripts/Editor/ExistingEditorValidation.cs:92)
System.Runtime.CompilerServices.AsyncVoidMethodBuilder:Start<Game.Editor.ExistingEditorValidation/<Run>d__9> (Game.Editor.ExistingEditorValidation/<Run>d__9&)
Game.Editor.ExistingEditorValidation:Run (string,string)
PipelineEvaluation.PipelineEval_ca25750c/<>c__DisplayClass0_0:<Execute>b__0 ()
UnityEditor.EditorApplication:Internal_CallUpdateFunctions () (at /Users/bokken/build/output/unity/unity/Editor/Mono/EditorApplication.cs:403)

[CommandNodeMap] check=Failed Static blocker footprint must be rebased and bounded: LowRuinedWall_19
UnityEngine.Debug:LogError (object)
Game.Editor.CH05M05CommandNodeMapValidation:Run () (at Assets/Game/Scripts/Editor/CH05M05CommandNodeMapValidation.cs:124)
Game.Editor.CH05M05CommandNodeIntegration:BuildCore () (at Assets/Game/Scripts/Editor/CH05M05CommandNodeIntegration.cs:13)
System.Reflection.MethodBase:Invoke (object,object[])
Game.Editor.ExistingEditorValidation/<Run>d__9:MoveNext () (at Assets/Game/Scripts/Editor/ExistingEditorValidation.cs:92)
System.Runtime.CompilerServices.AsyncVoidMethodBuilder:Start<Game.Editor.ExistingEditorValidation/<Run>d__9> (Game.Editor.ExistingEditorValidation/<Run>d__9&)
Game.Editor.ExistingEditorValidation:Run (string,string)
PipelineEvaluation.PipelineEval_ca25750c/<>c__DisplayClass0_0:<Execute>b__0 ()
UnityEditor.EditorApplication:Internal_CallUpdateFunctions () (at /Users/bokken/build/output/unity/unity/Editor/Mono/EditorApplication.cs:403)

[CommandNodeMap] check=Failed Static blocker footprint must be rebased and bounded: LowRuinedWall_20
UnityEngine.Debug:LogError (object)
Game.Editor.CH05M05CommandNodeMapValidation:Run () (at Assets/Game/Scripts/Editor/CH05M05CommandNodeMapValidation.cs:124)
Game.Editor.CH05M05CommandNodeIntegration:BuildCore () (at Assets/Game/Scripts/Editor/CH05M05CommandNodeIntegration.cs:13)
System.Reflection.MethodBase:Invoke (object,object[])
Game.Editor.ExistingEditorValidation/<Run>d__9:MoveNext () (at Assets/Game/Scripts/Editor/ExistingEditorValidation.cs:92)
System.Runtime.CompilerServices.AsyncVoidMethodBuilder:Start<Game.Editor.ExistingEditorValidation/<Run>d__9> (Game.Editor.ExistingEditorValidation/<Run>d__9&)
Game.Editor.ExistingEditorValidation:Run (string,string)
PipelineEvaluation.PipelineEval_ca25750c/<>c__DisplayClass0_0:<Execute>b__0 ()
UnityEditor.EditorApplication:Internal_CallUpdateFunctions () (at /Users/bokken/build/output/unity/unity/Editor/Mono/EditorApplication.cs:403)

[CommandNodeMap] check=Failed Static blocker footprint must be rebased and bounded: LowRuinedWall_21
UnityEngine.Debug:LogError (object)
Game.Editor.CH05M05CommandNodeMapValidation:Run () (at Assets/Game/Scripts/Editor/CH05M05CommandNodeMapValidation.cs:124)
Game.Editor.CH05M05CommandNodeIntegration:BuildCore () (at Assets/Game/Scripts/Editor/CH05M05CommandNodeIntegration.cs:13)
System.Reflection.MethodBase:Invoke (object,object[])
Game.Editor.ExistingEditorValidation/<Run>d__9:MoveNext () (at Assets/Game/Scripts/Editor/ExistingEditorValidation.cs:92)
System.Runtime.CompilerServices.AsyncVoidMethodBuilder:Start<Game.Editor.ExistingEditorValidation/<Run>d__9> (Game.Editor.ExistingEditorValidation/<Run>d__9&)
Game.Editor.ExistingEditorValidation:Run (string,string)
PipelineEvaluation.PipelineEval_ca25750c/<>c__DisplayClass0_0:<Execute>b__0 ()
UnityEditor.EditorApplication:Internal_CallUpdateFunctions () (at /Users/bokken/build/output/unity/unity/Editor/Mono/EditorApplication.cs:403)

[CommandNodeMap] check=Failed Static blocker footprint must be rebased and bounded: LowRuinedWall_22
UnityEngine.Debug:LogError (object)
Game.Editor.CH05M05CommandNodeMapValidation:Run () (at Assets/Game/Scripts/Editor/CH05M05CommandNodeMapValidation.cs:124)
Game.Editor.CH05M05CommandNodeIntegration:BuildCore () (at Assets/Game/Scripts/Editor/CH05M05CommandNodeIntegration.cs:13)
System.Reflection.MethodBase:Invoke (object,object[])
Game.Editor.ExistingEditorValidation/<Run>d__9:MoveNext () (at Assets/Game/Scripts/Editor/ExistingEditorValidation.cs:92)
System.Runtime.CompilerServices.AsyncVoidMethodBuilder:Start<Game.Editor.ExistingEditorValidation/<Run>d__9> (Game.Editor.ExistingEditorValidation/<Run>d__9&)
Game.Editor.ExistingEditorValidation:Run (string,string)
PipelineEvaluation.PipelineEval_ca25750c/<>c__DisplayClass0_0:<Execute>b__0 ()
UnityEditor.EditorApplication:Internal_CallUpdateFunctions () (at /Users/bokken/build/output/unity/unity/Editor/Mono/EditorApplication.cs:403)

[CommandNodeMap] check=Failed Static blocker footprint must be rebased and bounded: LowRuinedWall_23
UnityEngine.Debug:LogError (object)
Game.Editor.CH05M05CommandNodeMapValidation:Run () (at Assets/Game/Scripts/Editor/CH05M05CommandNodeMapValidation.cs:124)
Game.Editor.CH05M05CommandNodeIntegration:BuildCore () (at Assets/Game/Scripts/Editor/CH05M05CommandNodeIntegration.cs:13)
System.Reflection.MethodBase:Invoke (object,object[])
Game.Editor.ExistingEditorValidation/<Run>d__9:MoveNext () (at Assets/Game/Scripts/Editor/ExistingEditorValidation.cs:92)
System.Runtime.CompilerServices.AsyncVoidMethodBuilder:Start<Game.Editor.ExistingEditorValidation/<Run>d__9> (Game.Editor.ExistingEditorValidation/<Run>d__9&)
Game.Editor.ExistingEditorValidation:Run (string,string)
PipelineEvaluation.PipelineEval_ca25750c/<>c__DisplayClass0_0:<Execute>b__0 ()
UnityEditor.EditorApplication:Internal_CallUpdateFunctions () (at /Users/bokken/build/output/unity/unity/Editor/Mono/EditorApplication.cs:403)

InvalidOperationException: Command Node saved map failed 23 checks.
Game.Editor.CH05M05CommandNodeMapValidation.Run () (at Assets/Game/Scripts/Editor/CH05M05CommandNodeMapValidation.cs:124)
Game.Editor.CH05M05CommandNodeIntegration.BuildCore () (at Assets/Game/Scripts/Editor/CH05M05CommandNodeIntegration.cs:13)
System.Reflection.RuntimeMethodInfo.Invoke (System.Object obj, System.Reflection.BindingFlags invokeAttr, System.Reflection.Binder binder, System.Object[] parameters, System.Globalization.CultureInfo culture) (at <299d5c9ae27b4d27af003e5f456f4b13>:0)
UnityEngine.Debug:LogException(Exception)
Game.Editor.<Run>d__9:MoveNext() (at Assets/Game/Scripts/Editor/ExistingEditorValidation.cs:113)
System.Runtime.CompilerServices.AsyncVoidMethodBuilder:Start(<Run>d__9&)
Game.Editor.ExistingEditorValidation:Run(String, String)
PipelineEvaluation.<>c__DisplayClass0_0:<Execute>b__0()
UnityEditor.EditorApplication:Internal_CallUpdateFunctions() (at /Users/bokken/build/output/unity/unity/Editor/Mono/EditorApplication.cs:403)

[ExistingEditorValidation] result=Failed executeMethod=Game.Editor.CH05M05CommandNodeIntegration.BuildCore
UnityEngine.Debug:LogError (object)
Game.Editor.ExistingEditorValidation/<Run>d__9:MoveNext () (at Assets/Game/Scripts/Editor/ExistingEditorValidation.cs:114)
System.Runtime.CompilerServices.AsyncVoidMethodBuilder:Start<Game.Editor.ExistingEditorValidation/<Run>d__9> (Game.Editor.ExistingEditorValidation/<Run>d__9&)
Game.Editor.ExistingEditorValidation:Run (string,string)
PipelineEvaluation.PipelineEval_ca25750c/<>c__DisplayClass0_0:<Execute>b__0 ()
UnityEditor.EditorApplication:Internal_CallUpdateFunctions () (at /Users/bokken/build/output/unity/unity/Editor/Mono/EditorApplication.cs:403)

