[ExistingEditorValidation] project=/Users/farhad/Projects/WarlineCapture/Assets executeMethod=Game.Editor.CH05M05CommandNodeIntegration.BuildCore
UnityEngine.Debug:Log (object)
Game.Editor.ExistingEditorValidation/<Run>d__9:MoveNext () (at Assets/Game/Scripts/Editor/ExistingEditorValidation.cs:90)
System.Runtime.CompilerServices.AsyncVoidMethodBuilder:Start<Game.Editor.ExistingEditorValidation/<Run>d__9> (Game.Editor.ExistingEditorValidation/<Run>d__9&)
Game.Editor.ExistingEditorValidation:Run (string,string)
PipelineEvaluation.PipelineEval_b06bf033/<>c__DisplayClass0_0:<Execute>b__0 ()
UnityEditor.EditorApplication:Internal_CallUpdateFunctions () (at /Users/bokken/build/output/unity/unity/Editor/Mono/EditorApplication.cs:403)

[CommandNodeBuilderRevision] source=urban-civic-relay-v2-bounded-native-blockers canonicalMovementMask=Preserved explicitMoves=Required
UnityEngine.Debug:Log (object)
Game.Editor.CH05M05CommandNodeConfigBuilder:ReportBuilderRevision () (at Assets/Game/Scripts/Editor/CH05M05CommandNodeConfigBuilder.cs:42)
Game.Editor.CH05M05CommandNodeConfigBuilder:Build () (at Assets/Game/Scripts/Editor/CH05M05CommandNodeConfigBuilder.cs:55)
Game.Editor.CH05M05CommandNodeIntegration:BuildCore () (at Assets/Game/Scripts/Editor/CH05M05CommandNodeIntegration.cs:11)
System.Reflection.MethodBase:Invoke (object,object[])
Game.Editor.ExistingEditorValidation/<Run>d__9:MoveNext () (at Assets/Game/Scripts/Editor/ExistingEditorValidation.cs:92)
System.Runtime.CompilerServices.AsyncVoidMethodBuilder:Start<Game.Editor.ExistingEditorValidation/<Run>d__9> (Game.Editor.ExistingEditorValidation/<Run>d__9&)
Game.Editor.ExistingEditorValidation:Run (string,string)
PipelineEvaluation.PipelineEval_b06bf033/<>c__DisplayClass0_0:<Execute>b__0 ()
UnityEditor.EditorApplication:Internal_CallUpdateFunctions () (at /Users/bokken/build/output/unity/unity/Editor/Mono/EditorApplication.cs:403)

[CommandNodeAcceptedMigration] convertedRenderOnly=8160 retiredAccepted=8546 removedAuthoredVehicles=22 cropAndStaticMask=PendingPhysicalPass
UnityEngine.Debug:Log (object)
Game.Editor.CH05M05CommandNodeConfigBuilder:MigrateAcceptedPresentation (UnityEngine.SceneManagement.Scene) (at Assets/Game/Scripts/Editor/CH05M05CommandNodeConfigBuilder.cs:280)
Game.Editor.CH05M05CommandNodeConfigBuilder:BuildPhysicalMap () (at Assets/Game/Scripts/Editor/CH05M05CommandNodeConfigBuilder.cs:124)
Game.Editor.CH05M05CommandNodeConfigBuilder:Build () (at Assets/Game/Scripts/Editor/CH05M05CommandNodeConfigBuilder.cs:59)
Game.Editor.CH05M05CommandNodeIntegration:BuildCore () (at Assets/Game/Scripts/Editor/CH05M05CommandNodeIntegration.cs:11)
System.Reflection.MethodBase:Invoke (object,object[])
Game.Editor.ExistingEditorValidation/<Run>d__9:MoveNext () (at Assets/Game/Scripts/Editor/ExistingEditorValidation.cs:92)
System.Runtime.CompilerServices.AsyncVoidMethodBuilder:Start<Game.Editor.ExistingEditorValidation/<Run>d__9> (Game.Editor.ExistingEditorValidation/<Run>d__9&)
Game.Editor.ExistingEditorValidation:Run (string,string)
PipelineEvaluation.PipelineEval_b06bf033/<>c__DisplayClass0_0:<Execute>b__0 ()
UnityEditor.EditorApplication:Internal_CallUpdateFunctions () (at /Users/bokken/build/output/unity/unity/Editor/Mono/EditorApplication.cs:403)

[CommandNodeSourceBlockerCrop] result=Passed removedOwnedProps=23 retainedBounded=0 newPerimeter=AuthoredAfterSourceCrop sourceUnchanged=true
UnityEngine.Debug:Log (object)
Game.Editor.CH05M05CommandNodeConfigBuilder:CropSourceStaticBlockers (UnityEngine.SceneManagement.Scene) (at Assets/Game/Scripts/Editor/CH05M05CommandNodeConfigBuilder.cs:409)
Game.Editor.CH05M05CommandNodeConfigBuilder:BuildPhysicalMap () (at Assets/Game/Scripts/Editor/CH05M05CommandNodeConfigBuilder.cs:125)
Game.Editor.CH05M05CommandNodeConfigBuilder:Build () (at Assets/Game/Scripts/Editor/CH05M05CommandNodeConfigBuilder.cs:59)
Game.Editor.CH05M05CommandNodeIntegration:BuildCore () (at Assets/Game/Scripts/Editor/CH05M05CommandNodeIntegration.cs:11)
System.Reflection.MethodBase:Invoke (object,object[])
Game.Editor.ExistingEditorValidation/<Run>d__9:MoveNext () (at Assets/Game/Scripts/Editor/ExistingEditorValidation.cs:92)
System.Runtime.CompilerServices.AsyncVoidMethodBuilder:Start<Game.Editor.ExistingEditorValidation/<Run>d__9> (Game.Editor.ExistingEditorValidation/<Run>d__9&)
Game.Editor.ExistingEditorValidation:Run (string,string)
PipelineEvaluation.PipelineEval_b06bf033/<>c__DisplayClass0_0:<Execute>b__0 ()
UnityEditor.EditorApplication:Internal_CallUpdateFunctions () (at /Users/bokken/build/output/unity/unity/Editor/Mono/EditorApplication.cs:403)

[CommandNodeCompound] result=Passed permanentWalls=5 southOpening=1092..1108 roadPreserved=true Demo2NativeGeometry=QualifiedAtGeneration
UnityEngine.Debug:Log (object)
Game.Editor.CH05M05CommandNodeConfigBuilder:AuthorRelayCompound (UnityEngine.SceneManagement.Scene,bool[]) (at Assets/Game/Scripts/Editor/CH05M05CommandNodeConfigBuilder.cs:460)
Game.Editor.CH05M05CommandNodeConfigBuilder:BuildPhysicalMap () (at Assets/Game/Scripts/Editor/CH05M05CommandNodeConfigBuilder.cs:158)
Game.Editor.CH05M05CommandNodeConfigBuilder:Build () (at Assets/Game/Scripts/Editor/CH05M05CommandNodeConfigBuilder.cs:59)
Game.Editor.CH05M05CommandNodeIntegration:BuildCore () (at Assets/Game/Scripts/Editor/CH05M05CommandNodeIntegration.cs:11)
System.Reflection.MethodBase:Invoke (object,object[])
Game.Editor.ExistingEditorValidation/<Run>d__9:MoveNext () (at Assets/Game/Scripts/Editor/ExistingEditorValidation.cs:92)
System.Runtime.CompilerServices.AsyncVoidMethodBuilder:Start<Game.Editor.ExistingEditorValidation/<Run>d__9> (Game.Editor.ExistingEditorValidation/<Run>d__9&)
Game.Editor.ExistingEditorValidation:Run (string,string)
PipelineEvaluation.PipelineEval_b06bf033/<>c__DisplayClass0_0:<Execute>b__0 ()
UnityEditor.EditorApplication:Internal_CallUpdateFunctions () (at /Users/bokken/build/output/unity/unity/Editor/Mono/EditorApplication.cs:403)

[CommandNodeNativeOwnership] result=Passed repairedGameplayIdentities=105 owners=284 renderOnly=2417 identities=2701 Grid=1 Surface=1 counts=GlobalReadinessContract
UnityEngine.Debug:Log (object)
Game.Editor.CH05M05CommandNodeConfigBuilder:ConfigureNativeOwnership (UnityEngine.SceneManagement.Scene) (at Assets/Game/Scripts/Editor/CH05M05CommandNodeConfigBuilder.cs:246)
Game.Editor.CH05M05CommandNodeConfigBuilder:BuildPhysicalMap () (at Assets/Game/Scripts/Editor/CH05M05CommandNodeConfigBuilder.cs:174)
Game.Editor.CH05M05CommandNodeConfigBuilder:Build () (at Assets/Game/Scripts/Editor/CH05M05CommandNodeConfigBuilder.cs:59)
Game.Editor.CH05M05CommandNodeIntegration:BuildCore () (at Assets/Game/Scripts/Editor/CH05M05CommandNodeIntegration.cs:11)
System.Reflection.MethodBase:Invoke (object,object[])
Game.Editor.ExistingEditorValidation/<Run>d__9:MoveNext () (at Assets/Game/Scripts/Editor/ExistingEditorValidation.cs:92)
System.Runtime.CompilerServices.AsyncVoidMethodBuilder:Start<Game.Editor.ExistingEditorValidation/<Run>d__9> (Game.Editor.ExistingEditorValidation/<Run>d__9&)
Game.Editor.ExistingEditorValidation:Run (string,string)
PipelineEvaluation.PipelineEval_b06bf033/<>c__DisplayClass0_0:<Execute>b__0 ()
UnityEditor.EditorApplication:Internal_CallUpdateFunctions () (at /Users/bokken/build/output/unity/unity/Editor/Mono/EditorApplication.cs:403)

[CommandNodeMinimap] result=Passed mode=NativeURP crop=860,300,440,220 blackUniformGate=Passed
UnityEngine.Debug:Log (object)
Game.Editor.CH05M05CommandNodeConfigBuilder:CreateMinimap (UnityEngine.SceneManagement.Scene) (at Assets/Game/Scripts/Editor/CH05M05CommandNodeConfigBuilder.cs:370)
Game.Editor.CH05M05CommandNodeConfigBuilder:BuildPhysicalMap () (at Assets/Game/Scripts/Editor/CH05M05CommandNodeConfigBuilder.cs:181)
Game.Editor.CH05M05CommandNodeConfigBuilder:Build () (at Assets/Game/Scripts/Editor/CH05M05CommandNodeConfigBuilder.cs:59)
Game.Editor.CH05M05CommandNodeIntegration:BuildCore () (at Assets/Game/Scripts/Editor/CH05M05CommandNodeIntegration.cs:11)
System.Reflection.MethodBase:Invoke (object,object[])
Game.Editor.ExistingEditorValidation/<Run>d__9:MoveNext () (at Assets/Game/Scripts/Editor/ExistingEditorValidation.cs:92)
System.Runtime.CompilerServices.AsyncVoidMethodBuilder:Start<Game.Editor.ExistingEditorValidation/<Run>d__9> (Game.Editor.ExistingEditorValidation/<Run>d__9&)
Game.Editor.ExistingEditorValidation:Run (string,string)
PipelineEvaluation.PipelineEval_b06bf033/<>c__DisplayClass0_0:<Execute>b__0 ()
UnityEditor.EditorApplication:Internal_CallUpdateFunctions () (at /Users/bokken/build/output/unity/unity/Editor/Mono/EditorApplication.cs:403)

[CommandNodeCivicClearance] result=Passed serviceLots=2 productionLots=2 reserveLots=2 healthOwners=RuntimeBuildingPlacement
UnityEngine.Debug:Log (object)
Game.Editor.CH05M05CommandNodeConfigBuilder:ValidateCivicClearance (UnityEngine.SceneManagement.Scene) (at Assets/Game/Scripts/Editor/CH05M05CommandNodeConfigBuilder.cs:314)
Game.Editor.CH05M05CommandNodeConfigBuilder:BuildPhysicalMap () (at Assets/Game/Scripts/Editor/CH05M05CommandNodeConfigBuilder.cs:183)
Game.Editor.CH05M05CommandNodeConfigBuilder:Build () (at Assets/Game/Scripts/Editor/CH05M05CommandNodeConfigBuilder.cs:59)
Game.Editor.CH05M05CommandNodeIntegration:BuildCore () (at Assets/Game/Scripts/Editor/CH05M05CommandNodeIntegration.cs:11)
System.Reflection.MethodBase:Invoke (object,object[])
Game.Editor.ExistingEditorValidation/<Run>d__9:MoveNext () (at Assets/Game/Scripts/Editor/ExistingEditorValidation.cs:92)
System.Runtime.CompilerServices.AsyncVoidMethodBuilder:Start<Game.Editor.ExistingEditorValidation/<Run>d__9> (Game.Editor.ExistingEditorValidation/<Run>d__9&)
Game.Editor.ExistingEditorValidation:Run (string,string)
PipelineEvaluation.PipelineEval_b06bf033/<>c__DisplayClass0_0:<Execute>b__0 ()
UnityEditor.EditorApplication:Internal_CallUpdateFunctions () (at /Users/bokken/build/output/unity/unity/Editor/Mono/EditorApplication.cs:403)

[CommandNodeRoutes] result=Passed approach=381x5 breach=40x5 audit=31x3 release=12x3 buildLots=4 grid=440x220 combinedOwnerSurfaceMask=true
UnityEngine.Debug:Log (object)
Game.Editor.CH05M05CommandNodeConfigBuilder:ValidateRoutes () (at Assets/Game/Scripts/Editor/CH05M05CommandNodeConfigBuilder.cs:549)
Game.Editor.CH05M05CommandNodeConfigBuilder:BuildPhysicalMap () (at Assets/Game/Scripts/Editor/CH05M05CommandNodeConfigBuilder.cs:213)
Game.Editor.CH05M05CommandNodeConfigBuilder:Build () (at Assets/Game/Scripts/Editor/CH05M05CommandNodeConfigBuilder.cs:59)
Game.Editor.CH05M05CommandNodeIntegration:BuildCore () (at Assets/Game/Scripts/Editor/CH05M05CommandNodeIntegration.cs:11)
System.Reflection.MethodBase:Invoke (object,object[])
Game.Editor.ExistingEditorValidation/<Run>d__9:MoveNext () (at Assets/Game/Scripts/Editor/ExistingEditorValidation.cs:92)
System.Runtime.CompilerServices.AsyncVoidMethodBuilder:Start<Game.Editor.ExistingEditorValidation/<Run>d__9> (Game.Editor.ExistingEditorValidation/<Run>d__9&)
Game.Editor.ExistingEditorValidation:Run (string,string)
PipelineEvaluation.PipelineEval_b06bf033/<>c__DisplayClass0_0:<Execute>b__0 ()
UnityEditor.EditorApplication:Internal_CallUpdateFunctions () (at /Users/bokken/build/output/unity/unity/Editor/Mono/EditorApplication.cs:403)

[CommandNodeMap] result=Passed removedStatic=42264 identities=2701 sourcePreserved=true sourceContentHash=2713962f0faa2dae49805e1b7e3a1673199a2cca915334d11421b354cd8f591c derivative=7dc83c58047faf4c26e53b4504cd7ab3874ca8bdb8854cf42a2e99666c20e73d
UnityEngine.Debug:Log (object)
Game.Editor.CH05M05CommandNodeConfigBuilder:BuildPhysicalMap () (at Assets/Game/Scripts/Editor/CH05M05CommandNodeConfigBuilder.cs:216)
Game.Editor.CH05M05CommandNodeConfigBuilder:Build () (at Assets/Game/Scripts/Editor/CH05M05CommandNodeConfigBuilder.cs:59)
Game.Editor.CH05M05CommandNodeIntegration:BuildCore () (at Assets/Game/Scripts/Editor/CH05M05CommandNodeIntegration.cs:11)
System.Reflection.MethodBase:Invoke (object,object[])
Game.Editor.ExistingEditorValidation/<Run>d__9:MoveNext () (at Assets/Game/Scripts/Editor/ExistingEditorValidation.cs:92)
System.Runtime.CompilerServices.AsyncVoidMethodBuilder:Start<Game.Editor.ExistingEditorValidation/<Run>d__9> (Game.Editor.ExistingEditorValidation/<Run>d__9&)
Game.Editor.ExistingEditorValidation:Run (string,string)
PipelineEvaluation.PipelineEval_b06bf033/<>c__DisplayClass0_0:<Execute>b__0 ()
UnityEditor.EditorApplication:Internal_CallUpdateFunctions () (at /Users/bokken/build/output/unity/unity/Editor/Mono/EditorApplication.cs:403)

[CommandNodeSupportContext] result=Passed scope=mission,map,source finiteFuel=ownedReserve protected=clinic+utility+audit+staff route=authored allowed=existing-unlocked readiness=preserved
UnityEngine.Debug:Log (object)
Game.Editor.CH05M05CommandNodeConfigBuilder:BuildSupportContext (bool) (at Assets/Game/Scripts/Editor/CH05M05CommandNodeConfigBuilder.Support.cs:58)
Game.Editor.CH05M05CommandNodeConfigBuilder:Build () (at Assets/Game/Scripts/Editor/CH05M05CommandNodeConfigBuilder.cs:59)
Game.Editor.CH05M05CommandNodeIntegration:BuildCore () (at Assets/Game/Scripts/Editor/CH05M05CommandNodeIntegration.cs:11)
System.Reflection.MethodBase:Invoke (object,object[])
Game.Editor.ExistingEditorValidation/<Run>d__9:MoveNext () (at Assets/Game/Scripts/Editor/ExistingEditorValidation.cs:92)
System.Runtime.CompilerServices.AsyncVoidMethodBuilder:Start<Game.Editor.ExistingEditorValidation/<Run>d__9> (Game.Editor.ExistingEditorValidation/<Run>d__9&)
Game.Editor.ExistingEditorValidation:Run (string,string)
PipelineEvaluation.PipelineEval_b06bf033/<>c__DisplayClass0_0:<Execute>b__0 ()
UnityEditor.EditorApplication:Internal_CallUpdateFunctions () (at /Users/bokken/build/output/unity/unity/Editor/Mono/EditorApplication.cs:403)

[CommandNodeConfig] result=Passed protectedCivicOwners=3 finiteDepots=1 originals=23
UnityEngine.Debug:Log (object)
Game.Editor.CH05M05CommandNodeConfigBuilder:Build () (at Assets/Game/Scripts/Editor/CH05M05CommandNodeConfigBuilder.cs:61)
Game.Editor.CH05M05CommandNodeIntegration:BuildCore () (at Assets/Game/Scripts/Editor/CH05M05CommandNodeIntegration.cs:11)
System.Reflection.MethodBase:Invoke (object,object[])
Game.Editor.ExistingEditorValidation/<Run>d__9:MoveNext () (at Assets/Game/Scripts/Editor/ExistingEditorValidation.cs:92)
System.Runtime.CompilerServices.AsyncVoidMethodBuilder:Start<Game.Editor.ExistingEditorValidation/<Run>d__9> (Game.Editor.ExistingEditorValidation/<Run>d__9&)
Game.Editor.ExistingEditorValidation:Run (string,string)
PipelineEvaluation.PipelineEval_b06bf033/<>c__DisplayClass0_0:<Execute>b__0 ()
UnityEditor.EditorApplication:Internal_CallUpdateFunctions () (at /Users/bokken/build/output/unity/unity/Editor/Mono/EditorApplication.cs:403)

[CommandNodeMedia] result=Passed comics=5 dialogueCrops=41 installedVoices=0 mode=caption-only
UnityEngine.Debug:Log (object)
Game.Editor.CH05M05CommandNodeNarrativeBuilder:ConfigureMedia () (at Assets/Game/Scripts/Editor/CH05M05CommandNodeNarrativeBuilder.cs:100)
Game.Editor.CH05M05CommandNodeNarrativeBuilder:BuildNarrativeCore () (at Assets/Game/Scripts/Editor/CH05M05CommandNodeNarrativeBuilder.cs:55)
Game.Editor.CH05M05CommandNodeNarrativeBuilder:BuildWithoutVoices () (at Assets/Game/Scripts/Editor/CH05M05CommandNodeNarrativeBuilder.cs:48)
Game.Editor.CH05M05CommandNodeIntegration:FinishPrepared () (at Assets/Game/Scripts/Editor/CH05M05CommandNodeIntegration.cs:18)
Game.Editor.CH05M05CommandNodeIntegration:BuildCore () (at Assets/Game/Scripts/Editor/CH05M05CommandNodeIntegration.cs:12)
System.Reflection.MethodBase:Invoke (object,object[])
Game.Editor.ExistingEditorValidation/<Run>d__9:MoveNext () (at Assets/Game/Scripts/Editor/ExistingEditorValidation.cs:92)
System.Runtime.CompilerServices.AsyncVoidMethodBuilder:Start<Game.Editor.ExistingEditorValidation/<Run>d__9> (Game.Editor.ExistingEditorValidation/<Run>d__9&)
Game.Editor.ExistingEditorValidation:Run (string,string)
PipelineEvaluation.PipelineEval_b06bf033/<>c__DisplayClass0_0:<Execute>b__0 ()
UnityEditor.EditorApplication:Internal_CallUpdateFunctions () (at /Users/bokken/build/output/unity/unity/Editor/Mono/EditorApplication.cs:403)

[CampaignComicCoverage] result=Passed mission=seq.ch05.m05. dialogueStates=15 aspects=2
UnityEngine.Debug:Log (object)
Game.Editor.CampaignMissionComicCoverageValidation:ValidateMission (string,string) (at Assets/Game/Scripts/Editor/CampaignMissionComicCoverageValidation.cs:55)
Game.Editor.CampaignMissionComicCoverageValidation:ValidateMissionDistinct (string,string) (at Assets/Game/Scripts/Editor/CampaignMissionComicCoverageValidation.cs:60)
Game.Editor.CH05M05CommandNodeNarrativeBuilder:BuildNarrativeCore () (at Assets/Game/Scripts/Editor/CH05M05CommandNodeNarrativeBuilder.cs:61)
Game.Editor.CH05M05CommandNodeNarrativeBuilder:BuildWithoutVoices () (at Assets/Game/Scripts/Editor/CH05M05CommandNodeNarrativeBuilder.cs:48)
Game.Editor.CH05M05CommandNodeIntegration:FinishPrepared () (at Assets/Game/Scripts/Editor/CH05M05CommandNodeIntegration.cs:18)
Game.Editor.CH05M05CommandNodeIntegration:BuildCore () (at Assets/Game/Scripts/Editor/CH05M05CommandNodeIntegration.cs:12)
System.Reflection.MethodBase:Invoke (object,object[])
Game.Editor.ExistingEditorValidation/<Run>d__9:MoveNext () (at Assets/Game/Scripts/Editor/ExistingEditorValidation.cs:92)
System.Runtime.CompilerServices.AsyncVoidMethodBuilder:Start<Game.Editor.ExistingEditorValidation/<Run>d__9> (Game.Editor.ExistingEditorValidation/<Run>d__9&)
Game.Editor.ExistingEditorValidation:Run (string,string)
PipelineEvaluation.PipelineEval_b06bf033/<>c__DisplayClass0_0:<Execute>b__0 ()
UnityEditor.EditorApplication:Internal_CallUpdateFunctions () (at /Users/bokken/build/output/unity/unity/Editor/Mono/EditorApplication.cs:403)

[CampaignComicDistinctness] result=Passed mission=seq.ch05.m05. dialogueStates=15 distinct16x9=15 distinct20x9=15
UnityEngine.Debug:Log (object)
Game.Editor.CampaignMissionComicCoverageValidation:ValidateMissionDistinct (string,string) (at Assets/Game/Scripts/Editor/CampaignMissionComicCoverageValidation.cs:64)
Game.Editor.CH05M05CommandNodeNarrativeBuilder:BuildNarrativeCore () (at Assets/Game/Scripts/Editor/CH05M05CommandNodeNarrativeBuilder.cs:61)
Game.Editor.CH05M05CommandNodeNarrativeBuilder:BuildWithoutVoices () (at Assets/Game/Scripts/Editor/CH05M05CommandNodeNarrativeBuilder.cs:48)
Game.Editor.CH05M05CommandNodeIntegration:FinishPrepared () (at Assets/Game/Scripts/Editor/CH05M05CommandNodeIntegration.cs:18)
Game.Editor.CH05M05CommandNodeIntegration:BuildCore () (at Assets/Game/Scripts/Editor/CH05M05CommandNodeIntegration.cs:12)
System.Reflection.MethodBase:Invoke (object,object[])
Game.Editor.ExistingEditorValidation/<Run>d__9:MoveNext () (at Assets/Game/Scripts/Editor/ExistingEditorValidation.cs:92)
System.Runtime.CompilerServices.AsyncVoidMethodBuilder:Start<Game.Editor.ExistingEditorValidation/<Run>d__9> (Game.Editor.ExistingEditorValidation/<Run>d__9&)
Game.Editor.ExistingEditorValidation:Run (string,string)
PipelineEvaluation.PipelineEval_b06bf033/<>c__DisplayClass0_0:<Execute>b__0 ()
UnityEditor.EditorApplication:Internal_CallUpdateFunctions () (at /Users/bokken/build/output/unity/unity/Editor/Mono/EditorApplication.cs:403)

[CommandNodeCaptionedFinale] result=Passed sequences=12 panels=41 selectedPanels=38 chapterClosePanels=8 canonicalPanels=9 voices=0 endingGates=0
UnityEngine.Debug:Log (object)
Game.Editor.CH05M05CommandNodeNarrativeBuilder:ValidateCaptionedFinale () (at Assets/Game/Scripts/Editor/CH05M05CommandNodeNarrativeBuilder.cs:246)
Game.Editor.CH05M05CommandNodeNarrativeBuilder:BuildNarrativeCore () (at Assets/Game/Scripts/Editor/CH05M05CommandNodeNarrativeBuilder.cs:62)
Game.Editor.CH05M05CommandNodeNarrativeBuilder:BuildWithoutVoices () (at Assets/Game/Scripts/Editor/CH05M05CommandNodeNarrativeBuilder.cs:48)
Game.Editor.CH05M05CommandNodeIntegration:FinishPrepared () (at Assets/Game/Scripts/Editor/CH05M05CommandNodeIntegration.cs:18)
Game.Editor.CH05M05CommandNodeIntegration:BuildCore () (at Assets/Game/Scripts/Editor/CH05M05CommandNodeIntegration.cs:12)
System.Reflection.MethodBase:Invoke (object,object[])
Game.Editor.ExistingEditorValidation/<Run>d__9:MoveNext () (at Assets/Game/Scripts/Editor/ExistingEditorValidation.cs:92)
System.Runtime.CompilerServices.AsyncVoidMethodBuilder:Start<Game.Editor.ExistingEditorValidation/<Run>d__9> (Game.Editor.ExistingEditorValidation/<Run>d__9&)
Game.Editor.ExistingEditorValidation:Run (string,string)
PipelineEvaluation.PipelineEval_b06bf033/<>c__DisplayClass0_0:<Execute>b__0 ()
UnityEditor.EditorApplication:Internal_CallUpdateFunctions () (at /Users/bokken/build/output/unity/unity/Editor/Mono/EditorApplication.cs:403)

[CommandNodeNarrative] result=Passed sequences=12 dialogueStates=41 locales=en,fa-IR missionComics=3 voiceGate=Separate
UnityEngine.Debug:Log (object)
Game.Editor.CH05M05CommandNodeNarrativeBuilder:BuildNarrativeCore () (at Assets/Game/Scripts/Editor/CH05M05CommandNodeNarrativeBuilder.cs:74)
Game.Editor.CH05M05CommandNodeNarrativeBuilder:BuildWithoutVoices () (at Assets/Game/Scripts/Editor/CH05M05CommandNodeNarrativeBuilder.cs:48)
Game.Editor.CH05M05CommandNodeIntegration:FinishPrepared () (at Assets/Game/Scripts/Editor/CH05M05CommandNodeIntegration.cs:18)
Game.Editor.CH05M05CommandNodeIntegration:BuildCore () (at Assets/Game/Scripts/Editor/CH05M05CommandNodeIntegration.cs:12)
System.Reflection.MethodBase:Invoke (object,object[])
Game.Editor.ExistingEditorValidation/<Run>d__9:MoveNext () (at Assets/Game/Scripts/Editor/ExistingEditorValidation.cs:92)
System.Runtime.CompilerServices.AsyncVoidMethodBuilder:Start<Game.Editor.ExistingEditorValidation/<Run>d__9> (Game.Editor.ExistingEditorValidation/<Run>d__9&)
Game.Editor.ExistingEditorValidation:Run (string,string)
PipelineEvaluation.PipelineEval_b06bf033/<>c__DisplayClass0_0:<Execute>b__0 ()
UnityEditor.EditorApplication:Internal_CallUpdateFunctions () (at /Users/bokken/build/output/unity/unity/Editor/Mono/EditorApplication.cs:403)

[CommandNodeNarrativeVoices] result=Pending expectedClips=0 installedClips=0 externalRequests=0 mode=caption-only nativePlayback=Pending voices=NotRequested
UnityEngine.Debug:Log (object)
Game.Editor.CH05M05CommandNodeNarrativeBuilder:BuildWithoutVoices () (at Assets/Game/Scripts/Editor/CH05M05CommandNodeNarrativeBuilder.cs:49)
Game.Editor.CH05M05CommandNodeIntegration:FinishPrepared () (at Assets/Game/Scripts/Editor/CH05M05CommandNodeIntegration.cs:18)
Game.Editor.CH05M05CommandNodeIntegration:BuildCore () (at Assets/Game/Scripts/Editor/CH05M05CommandNodeIntegration.cs:12)
System.Reflection.MethodBase:Invoke (object,object[])
Game.Editor.ExistingEditorValidation/<Run>d__9:MoveNext () (at Assets/Game/Scripts/Editor/ExistingEditorValidation.cs:92)
System.Runtime.CompilerServices.AsyncVoidMethodBuilder:Start<Game.Editor.ExistingEditorValidation/<Run>d__9> (Game.Editor.ExistingEditorValidation/<Run>d__9&)
Game.Editor.ExistingEditorValidation:Run (string,string)
PipelineEvaluation.PipelineEval_b06bf033/<>c__DisplayClass0_0:<Execute>b__0 ()
UnityEditor.EditorApplication:Internal_CallUpdateFunctions () (at /Users/bokken/build/output/unity/unity/Editor/Mono/EditorApplication.cs:403)

[CommandNodePresentation] result=Passed existingHud=1 newCommandButtons=0 locales=2 finale=Captioned voices=NotRequested
UnityEngine.Debug:Log (object)
Game.Editor.CH05M05CommandNodePresentationBuilder:Build () (at Assets/Game/Scripts/Editor/CH05M05CommandNodePresentationBuilder.cs:24)
Game.Editor.CH05M05CommandNodeIntegration:FinishPrepared () (at Assets/Game/Scripts/Editor/CH05M05CommandNodeIntegration.cs:19)
Game.Editor.CH05M05CommandNodeIntegration:BuildCore () (at Assets/Game/Scripts/Editor/CH05M05CommandNodeIntegration.cs:12)
System.Reflection.MethodBase:Invoke (object,object[])
Game.Editor.ExistingEditorValidation/<Run>d__9:MoveNext () (at Assets/Game/Scripts/Editor/ExistingEditorValidation.cs:92)
System.Runtime.CompilerServices.AsyncVoidMethodBuilder:Start<Game.Editor.ExistingEditorValidation/<Run>d__9> (Game.Editor.ExistingEditorValidation/<Run>d__9&)
Game.Editor.ExistingEditorValidation:Run (string,string)
PipelineEvaluation.PipelineEval_b06bf033/<>c__DisplayClass0_0:<Execute>b__0 ()
UnityEditor.EditorApplication:Internal_CallUpdateFunctions () (at /Users/bokken/build/output/unity/unity/Editor/Mono/EditorApplication.cs:403)

[M01FirstContactConfigBuilder] result=Passed scope=ChapterCatalogs missions=25 maps=32
UnityEngine.Debug:Log (object)
Game.Editor.M01FirstContactConfigBuilder:RefreshChapterCatalogs () (at Assets/Game/Scripts/Editor/M01FirstContactConfigBuilder.cs:75)
Game.Editor.CH05M05CommandNodeIntegration:FinishPrepared () (at Assets/Game/Scripts/Editor/CH05M05CommandNodeIntegration.cs:20)
Game.Editor.CH05M05CommandNodeIntegration:BuildCore () (at Assets/Game/Scripts/Editor/CH05M05CommandNodeIntegration.cs:12)
System.Reflection.MethodBase:Invoke (object,object[])
Game.Editor.ExistingEditorValidation/<Run>d__9:MoveNext () (at Assets/Game/Scripts/Editor/ExistingEditorValidation.cs:92)
System.Runtime.CompilerServices.AsyncVoidMethodBuilder:Start<Game.Editor.ExistingEditorValidation/<Run>d__9> (Game.Editor.ExistingEditorValidation/<Run>d__9&)
Game.Editor.ExistingEditorValidation:Run (string,string)
PipelineEvaluation.PipelineEval_b06bf033/<>c__DisplayClass0_0:<Execute>b__0 ()
UnityEditor.EditorApplication:Internal_CallUpdateFunctions () (at /Users/bokken/build/output/unity/unity/Editor/Mono/EditorApplication.cs:403)

[CommandNodeContentRegistration] result=Passed ownAssets=8 added=0 GUIDLookup=Supported existingEntries=Preserved
UnityEngine.Debug:Log (object)
Game.Editor.CH05M05CommandNodeContentBuilder:RegisterProductionEntries () (at Assets/Game/Scripts/Editor/CH05M05CommandNodeContentBuilder.cs:53)
Game.Editor.CH05M05CommandNodeIntegration:FinishPrepared () (at Assets/Game/Scripts/Editor/CH05M05CommandNodeIntegration.cs:21)
Game.Editor.CH05M05CommandNodeIntegration:BuildCore () (at Assets/Game/Scripts/Editor/CH05M05CommandNodeIntegration.cs:12)
System.Reflection.MethodBase:Invoke (object,object[])
Game.Editor.ExistingEditorValidation/<Run>d__9:MoveNext () (at Assets/Game/Scripts/Editor/ExistingEditorValidation.cs:92)
System.Runtime.CompilerServices.AsyncVoidMethodBuilder:Start<Game.Editor.ExistingEditorValidation/<Run>d__9> (Game.Editor.ExistingEditorValidation/<Run>d__9&)
Game.Editor.ExistingEditorValidation:Run (string,string)
PipelineEvaluation.PipelineEval_b06bf033/<>c__DisplayClass0_0:<Execute>b__0 ()
UnityEditor.EditorApplication:Internal_CallUpdateFunctions () (at /Users/bokken/build/output/unity/unity/Editor/Mono/EditorApplication.cs:403)

[CommandNodeRoutes] result=Passed approach=381x5 breach=40x5 audit=31x3 release=12x3 buildLots=4 grid=440x220 combinedOwnerSurfaceMask=true
UnityEngine.Debug:Log (object)
Game.Editor.CH05M05CommandNodeConfigBuilder:ValidateRoutes () (at Assets/Game/Scripts/Editor/CH05M05CommandNodeConfigBuilder.cs:549)
Game.Editor.CH05M05CommandNodeMapValidation:Run () (at Assets/Game/Scripts/Editor/CH05M05CommandNodeMapValidation.cs:125)
Game.Editor.CH05M05CommandNodeIntegration:BuildCore () (at Assets/Game/Scripts/Editor/CH05M05CommandNodeIntegration.cs:13)
System.Reflection.MethodBase:Invoke (object,object[])
Game.Editor.ExistingEditorValidation/<Run>d__9:MoveNext () (at Assets/Game/Scripts/Editor/ExistingEditorValidation.cs:92)
System.Runtime.CompilerServices.AsyncVoidMethodBuilder:Start<Game.Editor.ExistingEditorValidation/<Run>d__9> (Game.Editor.ExistingEditorValidation/<Run>d__9&)
Game.Editor.ExistingEditorValidation:Run (string,string)
PipelineEvaluation.PipelineEval_b06bf033/<>c__DisplayClass0_0:<Execute>b__0 ()
UnityEditor.EditorApplication:Internal_CallUpdateFunctions () (at /Users/bokken/build/output/unity/unity/Editor/Mono/EditorApplication.cs:403)

[CommandNodeMap] result=Passed identities=2701 owners=284 renderOnly=2417 roots=3 grid=440x220 sourceHashes=6 sourcePreserved=true binding=OwnExplicitLoader rebasedFootprints=Passed
UnityEngine.Debug:Log (object)
Game.Editor.CH05M05CommandNodeMapValidation:Run () (at Assets/Game/Scripts/Editor/CH05M05CommandNodeMapValidation.cs:126)
Game.Editor.CH05M05CommandNodeIntegration:BuildCore () (at Assets/Game/Scripts/Editor/CH05M05CommandNodeIntegration.cs:13)
System.Reflection.MethodBase:Invoke (object,object[])
Game.Editor.ExistingEditorValidation/<Run>d__9:MoveNext () (at Assets/Game/Scripts/Editor/ExistingEditorValidation.cs:92)
System.Runtime.CompilerServices.AsyncVoidMethodBuilder:Start<Game.Editor.ExistingEditorValidation/<Run>d__9> (Game.Editor.ExistingEditorValidation/<Run>d__9&)
Game.Editor.ExistingEditorValidation:Run (string,string)
PipelineEvaluation.PipelineEval_b06bf033/<>c__DisplayClass0_0:<Execute>b__0 ()
UnityEditor.EditorApplication:Internal_CallUpdateFunctions () (at /Users/bokken/build/output/unity/unity/Editor/Mono/EditorApplication.cs:403)

[CommandNodeCore] result=Passed independentMap=Passed finale=Canonical audit=Guaranteed voices=ExcludedByRequest captions=2Locales
UnityEngine.Debug:Log (object)
Game.Editor.CH05M05CommandNodeIntegration:BuildCore () (at Assets/Game/Scripts/Editor/CH05M05CommandNodeIntegration.cs:14)
System.Reflection.MethodBase:Invoke (object,object[])
Game.Editor.ExistingEditorValidation/<Run>d__9:MoveNext () (at Assets/Game/Scripts/Editor/ExistingEditorValidation.cs:92)
System.Runtime.CompilerServices.AsyncVoidMethodBuilder:Start<Game.Editor.ExistingEditorValidation/<Run>d__9> (Game.Editor.ExistingEditorValidation/<Run>d__9&)
Game.Editor.ExistingEditorValidation:Run (string,string)
PipelineEvaluation.PipelineEval_b06bf033/<>c__DisplayClass0_0:<Execute>b__0 ()
UnityEditor.EditorApplication:Internal_CallUpdateFunctions () (at /Users/bokken/build/output/unity/unity/Editor/Mono/EditorApplication.cs:403)

[ExistingEditorValidation] result=Passed executeMethod=Game.Editor.CH05M05CommandNodeIntegration.BuildCore
UnityEngine.Debug:Log (object)
Game.Editor.ExistingEditorValidation/<Run>d__9:MoveNext () (at Assets/Game/Scripts/Editor/ExistingEditorValidation.cs:109)
System.Runtime.CompilerServices.AsyncVoidMethodBuilder:Start<Game.Editor.ExistingEditorValidation/<Run>d__9> (Game.Editor.ExistingEditorValidation/<Run>d__9&)
Game.Editor.ExistingEditorValidation:Run (string,string)
PipelineEvaluation.PipelineEval_b06bf033/<>c__DisplayClass0_0:<Execute>b__0 ()
UnityEditor.EditorApplication:Internal_CallUpdateFunctions () (at /Users/bokken/build/output/unity/unity/Editor/Mono/EditorApplication.cs:403)

