[ExistingEditorValidation] project=/Users/farhad/Projects/WarlineCapture/Assets executeMethod=Game.Editor.CH05M05CommandNodeIntegration.BuildCore
UnityEngine.Debug:Log (object)
Game.Editor.ExistingEditorValidation/<Run>d__9:MoveNext () (at Assets/Game/Scripts/Editor/ExistingEditorValidation.cs:90)
System.Runtime.CompilerServices.AsyncVoidMethodBuilder:Start<Game.Editor.ExistingEditorValidation/<Run>d__9> (Game.Editor.ExistingEditorValidation/<Run>d__9&)
Game.Editor.ExistingEditorValidation:Run (string,string)
PipelineEvaluation.PipelineEval_3263d2ff/<>c__DisplayClass0_0:<Execute>b__0 ()
UnityEditor.EditorApplication:Internal_CallUpdateFunctions () (at /Users/bokken/build/output/unity/unity/Editor/Mono/EditorApplication.cs:403)

[CommandNodeBuilderRevision] source=urban-civic-relay-v1-permanent-perimeter canonicalMovementMask=Preserved explicitMoves=Required
UnityEngine.Debug:Log (object)
Game.Editor.CH05M05CommandNodeConfigBuilder:ReportBuilderRevision () (at Assets/Game/Scripts/Editor/CH05M05CommandNodeConfigBuilder.cs:42)
Game.Editor.CH05M05CommandNodeConfigBuilder:Build () (at Assets/Game/Scripts/Editor/CH05M05CommandNodeConfigBuilder.cs:55)
Game.Editor.CH05M05CommandNodeIntegration:BuildCore () (at Assets/Game/Scripts/Editor/CH05M05CommandNodeIntegration.cs:11)
System.Reflection.MethodBase:Invoke (object,object[])
Game.Editor.ExistingEditorValidation/<Run>d__9:MoveNext () (at Assets/Game/Scripts/Editor/ExistingEditorValidation.cs:92)
System.Runtime.CompilerServices.AsyncVoidMethodBuilder:Start<Game.Editor.ExistingEditorValidation/<Run>d__9> (Game.Editor.ExistingEditorValidation/<Run>d__9&)
Game.Editor.ExistingEditorValidation:Run (string,string)
PipelineEvaluation.PipelineEval_3263d2ff/<>c__DisplayClass0_0:<Execute>b__0 ()
UnityEditor.EditorApplication:Internal_CallUpdateFunctions () (at /Users/bokken/build/output/unity/unity/Editor/Mono/EditorApplication.cs:403)

Loaded 1 ExamplePackConfig assets
UnityEngine.Debug:Log (object)
SyntyPackageHelper:LoadSyntyPackageHelperConfigs () (at Assets/Synty/SyntyPackageHelper/Editor/SyntyPackageHelper.cs:46)
SyntyPackageHelper:OnProjectChanged () (at Assets/Synty/SyntyPackageHelper/Editor/SyntyPackageHelper.cs:55)
UnityEditor.AssetDatabase:Refresh ()
Game.Editor.CH05M05CommandNodeConfigBuilder:Build () (at Assets/Game/Scripts/Editor/CH05M05CommandNodeConfigBuilder.cs:57)
Game.Editor.CH05M05CommandNodeIntegration:BuildCore () (at Assets/Game/Scripts/Editor/CH05M05CommandNodeIntegration.cs:11)
System.Reflection.MethodBase:Invoke (object,object[])
Game.Editor.ExistingEditorValidation/<Run>d__9:MoveNext () (at Assets/Game/Scripts/Editor/ExistingEditorValidation.cs:92)
System.Runtime.CompilerServices.AsyncVoidMethodBuilder:Start<Game.Editor.ExistingEditorValidation/<Run>d__9> (Game.Editor.ExistingEditorValidation/<Run>d__9&)
Game.Editor.ExistingEditorValidation:Run (string,string)
PipelineEvaluation.PipelineEval_3263d2ff/<>c__DisplayClass0_0:<Execute>b__0 ()
UnityEditor.EditorApplication:Internal_CallUpdateFunctions () (at /Users/bokken/build/output/unity/unity/Editor/Mono/EditorApplication.cs:403)

[CommandNodeAcceptedMigration] convertedRenderOnly=8160 retiredAccepted=8546 removedAuthoredVehicles=22 cropAndStaticMask=PendingPhysicalPass
UnityEngine.Debug:Log (object)
Game.Editor.CH05M05CommandNodeConfigBuilder:MigrateAcceptedPresentation (UnityEngine.SceneManagement.Scene) (at Assets/Game/Scripts/Editor/CH05M05CommandNodeConfigBuilder.cs:265)
Game.Editor.CH05M05CommandNodeConfigBuilder:BuildPhysicalMap () (at Assets/Game/Scripts/Editor/CH05M05CommandNodeConfigBuilder.cs:116)
Game.Editor.CH05M05CommandNodeConfigBuilder:Build () (at Assets/Game/Scripts/Editor/CH05M05CommandNodeConfigBuilder.cs:59)
Game.Editor.CH05M05CommandNodeIntegration:BuildCore () (at Assets/Game/Scripts/Editor/CH05M05CommandNodeIntegration.cs:11)
System.Reflection.MethodBase:Invoke (object,object[])
Game.Editor.ExistingEditorValidation/<Run>d__9:MoveNext () (at Assets/Game/Scripts/Editor/ExistingEditorValidation.cs:92)
System.Runtime.CompilerServices.AsyncVoidMethodBuilder:Start<Game.Editor.ExistingEditorValidation/<Run>d__9> (Game.Editor.ExistingEditorValidation/<Run>d__9&)
Game.Editor.ExistingEditorValidation:Run (string,string)
PipelineEvaluation.PipelineEval_3263d2ff/<>c__DisplayClass0_0:<Execute>b__0 ()
UnityEditor.EditorApplication:Internal_CallUpdateFunctions () (at /Users/bokken/build/output/unity/unity/Editor/Mono/EditorApplication.cs:403)

[CommandNodeCompound] result=Passed permanentWalls=5 southOpening=1092..1108 roadPreserved=true Demo2NativeGeometry=QualifiedAtGeneration
UnityEngine.Debug:Log (object)
Game.Editor.CH05M05CommandNodeConfigBuilder:AuthorRelayCompound (UnityEngine.SceneManagement.Scene,bool[]) (at Assets/Game/Scripts/Editor/CH05M05CommandNodeConfigBuilder.cs:398)
Game.Editor.CH05M05CommandNodeConfigBuilder:BuildPhysicalMap () (at Assets/Game/Scripts/Editor/CH05M05CommandNodeConfigBuilder.cs:143)
Game.Editor.CH05M05CommandNodeConfigBuilder:Build () (at Assets/Game/Scripts/Editor/CH05M05CommandNodeConfigBuilder.cs:59)
Game.Editor.CH05M05CommandNodeIntegration:BuildCore () (at Assets/Game/Scripts/Editor/CH05M05CommandNodeIntegration.cs:11)
System.Reflection.MethodBase:Invoke (object,object[])
Game.Editor.ExistingEditorValidation/<Run>d__9:MoveNext () (at Assets/Game/Scripts/Editor/ExistingEditorValidation.cs:92)
System.Runtime.CompilerServices.AsyncVoidMethodBuilder:Start<Game.Editor.ExistingEditorValidation/<Run>d__9> (Game.Editor.ExistingEditorValidation/<Run>d__9&)
Game.Editor.ExistingEditorValidation:Run (string,string)
PipelineEvaluation.PipelineEval_3263d2ff/<>c__DisplayClass0_0:<Execute>b__0 ()
UnityEditor.EditorApplication:Internal_CallUpdateFunctions () (at /Users/bokken/build/output/unity/unity/Editor/Mono/EditorApplication.cs:403)

[CommandNodeNativeOwnership] result=Passed repairedGameplayIdentities=105 owners=284 renderOnly=2417 identities=2701 Grid=1 Surface=1 counts=GlobalReadinessContract
UnityEngine.Debug:Log (object)
Game.Editor.CH05M05CommandNodeConfigBuilder:ConfigureNativeOwnership (UnityEngine.SceneManagement.Scene) (at Assets/Game/Scripts/Editor/CH05M05CommandNodeConfigBuilder.cs:231)
Game.Editor.CH05M05CommandNodeConfigBuilder:BuildPhysicalMap () (at Assets/Game/Scripts/Editor/CH05M05CommandNodeConfigBuilder.cs:159)
Game.Editor.CH05M05CommandNodeConfigBuilder:Build () (at Assets/Game/Scripts/Editor/CH05M05CommandNodeConfigBuilder.cs:59)
Game.Editor.CH05M05CommandNodeIntegration:BuildCore () (at Assets/Game/Scripts/Editor/CH05M05CommandNodeIntegration.cs:11)
System.Reflection.MethodBase:Invoke (object,object[])
Game.Editor.ExistingEditorValidation/<Run>d__9:MoveNext () (at Assets/Game/Scripts/Editor/ExistingEditorValidation.cs:92)
System.Runtime.CompilerServices.AsyncVoidMethodBuilder:Start<Game.Editor.ExistingEditorValidation/<Run>d__9> (Game.Editor.ExistingEditorValidation/<Run>d__9&)
Game.Editor.ExistingEditorValidation:Run (string,string)
PipelineEvaluation.PipelineEval_3263d2ff/<>c__DisplayClass0_0:<Execute>b__0 ()
UnityEditor.EditorApplication:Internal_CallUpdateFunctions () (at /Users/bokken/build/output/unity/unity/Editor/Mono/EditorApplication.cs:403)

[CommandNodeMinimap] result=Passed mode=NativeURP crop=860,300,440,220 blackUniformGate=Passed
UnityEngine.Debug:Log (object)
Game.Editor.CH05M05CommandNodeConfigBuilder:CreateMinimap (UnityEngine.SceneManagement.Scene) (at Assets/Game/Scripts/Editor/CH05M05CommandNodeConfigBuilder.cs:355)
Game.Editor.CH05M05CommandNodeConfigBuilder:BuildPhysicalMap () (at Assets/Game/Scripts/Editor/CH05M05CommandNodeConfigBuilder.cs:166)
Game.Editor.CH05M05CommandNodeConfigBuilder:Build () (at Assets/Game/Scripts/Editor/CH05M05CommandNodeConfigBuilder.cs:59)
Game.Editor.CH05M05CommandNodeIntegration:BuildCore () (at Assets/Game/Scripts/Editor/CH05M05CommandNodeIntegration.cs:11)
System.Reflection.MethodBase:Invoke (object,object[])
Game.Editor.ExistingEditorValidation/<Run>d__9:MoveNext () (at Assets/Game/Scripts/Editor/ExistingEditorValidation.cs:92)
System.Runtime.CompilerServices.AsyncVoidMethodBuilder:Start<Game.Editor.ExistingEditorValidation/<Run>d__9> (Game.Editor.ExistingEditorValidation/<Run>d__9&)
Game.Editor.ExistingEditorValidation:Run (string,string)
PipelineEvaluation.PipelineEval_3263d2ff/<>c__DisplayClass0_0:<Execute>b__0 ()
UnityEditor.EditorApplication:Internal_CallUpdateFunctions () (at /Users/bokken/build/output/unity/unity/Editor/Mono/EditorApplication.cs:403)

[CommandNodeCivicClearance] result=Passed serviceLots=2 productionLots=2 reserveLots=2 healthOwners=RuntimeBuildingPlacement
UnityEngine.Debug:Log (object)
Game.Editor.CH05M05CommandNodeConfigBuilder:ValidateCivicClearance (UnityEngine.SceneManagement.Scene) (at Assets/Game/Scripts/Editor/CH05M05CommandNodeConfigBuilder.cs:299)
Game.Editor.CH05M05CommandNodeConfigBuilder:BuildPhysicalMap () (at Assets/Game/Scripts/Editor/CH05M05CommandNodeConfigBuilder.cs:168)
Game.Editor.CH05M05CommandNodeConfigBuilder:Build () (at Assets/Game/Scripts/Editor/CH05M05CommandNodeConfigBuilder.cs:59)
Game.Editor.CH05M05CommandNodeIntegration:BuildCore () (at Assets/Game/Scripts/Editor/CH05M05CommandNodeIntegration.cs:11)
System.Reflection.MethodBase:Invoke (object,object[])
Game.Editor.ExistingEditorValidation/<Run>d__9:MoveNext () (at Assets/Game/Scripts/Editor/ExistingEditorValidation.cs:92)
System.Runtime.CompilerServices.AsyncVoidMethodBuilder:Start<Game.Editor.ExistingEditorValidation/<Run>d__9> (Game.Editor.ExistingEditorValidation/<Run>d__9&)
Game.Editor.ExistingEditorValidation:Run (string,string)
PipelineEvaluation.PipelineEval_3263d2ff/<>c__DisplayClass0_0:<Execute>b__0 ()
UnityEditor.EditorApplication:Internal_CallUpdateFunctions () (at /Users/bokken/build/output/unity/unity/Editor/Mono/EditorApplication.cs:403)

[CommandNodeRouteCell] reason=StaticMask world=1098,471
UnityEngine.Debug:LogError (object)
Game.Editor.CH05M05CommandNodeConfigBuilder:<ValidateRoutes>g__Fits|68_0 (int,int,int,Game.Editor.CH05M05CommandNodeConfigBuilder/<>c__DisplayClass68_0&) (at Assets/Game/Scripts/Editor/CH05M05CommandNodeConfigBuilder.cs:473)
Game.Editor.CH05M05CommandNodeConfigBuilder:ValidateRoutes () (at Assets/Game/Scripts/Editor/CH05M05CommandNodeConfigBuilder.cs:478)
Game.Editor.CH05M05CommandNodeConfigBuilder:BuildPhysicalMap () (at Assets/Game/Scripts/Editor/CH05M05CommandNodeConfigBuilder.cs:198)
Game.Editor.CH05M05CommandNodeConfigBuilder:Build () (at Assets/Game/Scripts/Editor/CH05M05CommandNodeConfigBuilder.cs:59)
Game.Editor.CH05M05CommandNodeIntegration:BuildCore () (at Assets/Game/Scripts/Editor/CH05M05CommandNodeIntegration.cs:11)
System.Reflection.MethodBase:Invoke (object,object[])
Game.Editor.ExistingEditorValidation/<Run>d__9:MoveNext () (at Assets/Game/Scripts/Editor/ExistingEditorValidation.cs:92)
System.Runtime.CompilerServices.AsyncVoidMethodBuilder:Start<Game.Editor.ExistingEditorValidation/<Run>d__9> (Game.Editor.ExistingEditorValidation/<Run>d__9&)
Game.Editor.ExistingEditorValidation:Run (string,string)
PipelineEvaluation.PipelineEval_3263d2ff/<>c__DisplayClass0_0:<Execute>b__0 ()
UnityEditor.EditorApplication:Internal_CallUpdateFunctions () (at /Users/bokken/build/output/unity/unity/Editor/Mono/EditorApplication.cs:403)

InvalidOperationException: Command designated breach lane blocked1100,469
Game.Editor.CH05M05CommandNodeConfigBuilder.ValidateRoutes () (at Assets/Game/Scripts/Editor/CH05M05CommandNodeConfigBuilder.cs:478)
Game.Editor.CH05M05CommandNodeConfigBuilder.BuildPhysicalMap () (at Assets/Game/Scripts/Editor/CH05M05CommandNodeConfigBuilder.cs:198)
Game.Editor.CH05M05CommandNodeConfigBuilder.Build () (at Assets/Game/Scripts/Editor/CH05M05CommandNodeConfigBuilder.cs:59)
Game.Editor.CH05M05CommandNodeIntegration.BuildCore () (at Assets/Game/Scripts/Editor/CH05M05CommandNodeIntegration.cs:11)
System.Reflection.RuntimeMethodInfo.Invoke (System.Object obj, System.Reflection.BindingFlags invokeAttr, System.Reflection.Binder binder, System.Object[] parameters, System.Globalization.CultureInfo culture) (at <299d5c9ae27b4d27af003e5f456f4b13>:0)
UnityEngine.Debug:LogException(Exception)
Game.Editor.<Run>d__9:MoveNext() (at Assets/Game/Scripts/Editor/ExistingEditorValidation.cs:113)
System.Runtime.CompilerServices.AsyncVoidMethodBuilder:Start(<Run>d__9&)
Game.Editor.ExistingEditorValidation:Run(String, String)
PipelineEvaluation.<>c__DisplayClass0_0:<Execute>b__0()
UnityEditor.EditorApplication:Internal_CallUpdateFunctions() (at /Users/bokken/build/output/unity/unity/Editor/Mono/EditorApplication.cs:403)

[ExistingEditorValidation] result=Failed executeMethod=Game.Editor.CH05M05CommandNodeIntegration.BuildCore
UnityEngine.Debug:LogError (object)
Game.Editor.ExistingEditorValidation/<Run>d__9:MoveNext () (at Assets/Game/Scripts/Editor/ExistingEditorValidation.cs:114)
System.Runtime.CompilerServices.AsyncVoidMethodBuilder:Start<Game.Editor.ExistingEditorValidation/<Run>d__9> (Game.Editor.ExistingEditorValidation/<Run>d__9&)
Game.Editor.ExistingEditorValidation:Run (string,string)
PipelineEvaluation.PipelineEval_3263d2ff/<>c__DisplayClass0_0:<Execute>b__0 ()
UnityEditor.EditorApplication:Internal_CallUpdateFunctions () (at /Users/bokken/build/output/unity/unity/Editor/Mono/EditorApplication.cs:403)

