[ExistingEditorValidation] project=/Users/farhad/Projects/WarlineCapture/Assets executeMethod=Game.Editor.CH05M05CommandNodeIntegration.FinishPrepared
UnityEngine.Debug:Log (object)
Game.Editor.ExistingEditorValidation/<Run>d__9:MoveNext () (at Assets/Game/Scripts/Editor/ExistingEditorValidation.cs:90)
System.Runtime.CompilerServices.AsyncVoidMethodBuilder:Start<Game.Editor.ExistingEditorValidation/<Run>d__9> (Game.Editor.ExistingEditorValidation/<Run>d__9&)
Game.Editor.ExistingEditorValidation:Run (string,string)
PipelineEvaluation.PipelineEval_14e9b90f/<>c__DisplayClass0_0:<Execute>b__0 ()
UnityEditor.EditorApplication:Internal_CallUpdateFunctions () (at /Users/bokken/build/output/unity/unity/Editor/Mono/EditorApplication.cs:403)

[CommandNodeMedia] result=Passed comics=5 dialogueCrops=41 installedVoices=0 mode=caption-only
UnityEngine.Debug:Log (object)
Game.Editor.CH05M05CommandNodeNarrativeBuilder:ConfigureMedia () (at Assets/Game/Scripts/Editor/CH05M05CommandNodeNarrativeBuilder.cs:100)
Game.Editor.CH05M05CommandNodeNarrativeBuilder:BuildNarrativeCore () (at Assets/Game/Scripts/Editor/CH05M05CommandNodeNarrativeBuilder.cs:55)
Game.Editor.CH05M05CommandNodeNarrativeBuilder:BuildWithoutVoices () (at Assets/Game/Scripts/Editor/CH05M05CommandNodeNarrativeBuilder.cs:48)
Game.Editor.CH05M05CommandNodeIntegration:FinishPrepared () (at Assets/Game/Scripts/Editor/CH05M05CommandNodeIntegration.cs:18)
System.Reflection.MethodBase:Invoke (object,object[])
Game.Editor.ExistingEditorValidation/<Run>d__9:MoveNext () (at Assets/Game/Scripts/Editor/ExistingEditorValidation.cs:92)
System.Runtime.CompilerServices.AsyncVoidMethodBuilder:Start<Game.Editor.ExistingEditorValidation/<Run>d__9> (Game.Editor.ExistingEditorValidation/<Run>d__9&)
Game.Editor.ExistingEditorValidation:Run (string,string)
PipelineEvaluation.PipelineEval_14e9b90f/<>c__DisplayClass0_0:<Execute>b__0 ()
UnityEditor.EditorApplication:Internal_CallUpdateFunctions () (at /Users/bokken/build/output/unity/unity/Editor/Mono/EditorApplication.cs:403)

[CampaignComicCoverage] result=Passed mission=seq.ch05.m05. dialogueStates=15 aspects=2
UnityEngine.Debug:Log (object)
Game.Editor.CampaignMissionComicCoverageValidation:ValidateMission (string,string) (at Assets/Game/Scripts/Editor/CampaignMissionComicCoverageValidation.cs:55)
Game.Editor.CampaignMissionComicCoverageValidation:ValidateMissionDistinct (string,string) (at Assets/Game/Scripts/Editor/CampaignMissionComicCoverageValidation.cs:60)
Game.Editor.CH05M05CommandNodeNarrativeBuilder:BuildNarrativeCore () (at Assets/Game/Scripts/Editor/CH05M05CommandNodeNarrativeBuilder.cs:61)
Game.Editor.CH05M05CommandNodeNarrativeBuilder:BuildWithoutVoices () (at Assets/Game/Scripts/Editor/CH05M05CommandNodeNarrativeBuilder.cs:48)
Game.Editor.CH05M05CommandNodeIntegration:FinishPrepared () (at Assets/Game/Scripts/Editor/CH05M05CommandNodeIntegration.cs:18)
System.Reflection.MethodBase:Invoke (object,object[])
Game.Editor.ExistingEditorValidation/<Run>d__9:MoveNext () (at Assets/Game/Scripts/Editor/ExistingEditorValidation.cs:92)
System.Runtime.CompilerServices.AsyncVoidMethodBuilder:Start<Game.Editor.ExistingEditorValidation/<Run>d__9> (Game.Editor.ExistingEditorValidation/<Run>d__9&)
Game.Editor.ExistingEditorValidation:Run (string,string)
PipelineEvaluation.PipelineEval_14e9b90f/<>c__DisplayClass0_0:<Execute>b__0 ()
UnityEditor.EditorApplication:Internal_CallUpdateFunctions () (at /Users/bokken/build/output/unity/unity/Editor/Mono/EditorApplication.cs:403)

[CampaignComicDistinctness] result=Passed mission=seq.ch05.m05. dialogueStates=15 distinct16x9=15 distinct20x9=15
UnityEngine.Debug:Log (object)
Game.Editor.CampaignMissionComicCoverageValidation:ValidateMissionDistinct (string,string) (at Assets/Game/Scripts/Editor/CampaignMissionComicCoverageValidation.cs:64)
Game.Editor.CH05M05CommandNodeNarrativeBuilder:BuildNarrativeCore () (at Assets/Game/Scripts/Editor/CH05M05CommandNodeNarrativeBuilder.cs:61)
Game.Editor.CH05M05CommandNodeNarrativeBuilder:BuildWithoutVoices () (at Assets/Game/Scripts/Editor/CH05M05CommandNodeNarrativeBuilder.cs:48)
Game.Editor.CH05M05CommandNodeIntegration:FinishPrepared () (at Assets/Game/Scripts/Editor/CH05M05CommandNodeIntegration.cs:18)
System.Reflection.MethodBase:Invoke (object,object[])
Game.Editor.ExistingEditorValidation/<Run>d__9:MoveNext () (at Assets/Game/Scripts/Editor/ExistingEditorValidation.cs:92)
System.Runtime.CompilerServices.AsyncVoidMethodBuilder:Start<Game.Editor.ExistingEditorValidation/<Run>d__9> (Game.Editor.ExistingEditorValidation/<Run>d__9&)
Game.Editor.ExistingEditorValidation:Run (string,string)
PipelineEvaluation.PipelineEval_14e9b90f/<>c__DisplayClass0_0:<Execute>b__0 ()
UnityEditor.EditorApplication:Internal_CallUpdateFunctions () (at /Users/bokken/build/output/unity/unity/Editor/Mono/EditorApplication.cs:403)

[CommandNodeCaptionedFinale] result=Passed sequences=12 panels=41 selectedPanels=38 chapterClosePanels=8 canonicalPanels=9 voices=0 endingGates=0
UnityEngine.Debug:Log (object)
Game.Editor.CH05M05CommandNodeNarrativeBuilder:ValidateCaptionedFinale () (at Assets/Game/Scripts/Editor/CH05M05CommandNodeNarrativeBuilder.cs:246)
Game.Editor.CH05M05CommandNodeNarrativeBuilder:BuildNarrativeCore () (at Assets/Game/Scripts/Editor/CH05M05CommandNodeNarrativeBuilder.cs:62)
Game.Editor.CH05M05CommandNodeNarrativeBuilder:BuildWithoutVoices () (at Assets/Game/Scripts/Editor/CH05M05CommandNodeNarrativeBuilder.cs:48)
Game.Editor.CH05M05CommandNodeIntegration:FinishPrepared () (at Assets/Game/Scripts/Editor/CH05M05CommandNodeIntegration.cs:18)
System.Reflection.MethodBase:Invoke (object,object[])
Game.Editor.ExistingEditorValidation/<Run>d__9:MoveNext () (at Assets/Game/Scripts/Editor/ExistingEditorValidation.cs:92)
System.Runtime.CompilerServices.AsyncVoidMethodBuilder:Start<Game.Editor.ExistingEditorValidation/<Run>d__9> (Game.Editor.ExistingEditorValidation/<Run>d__9&)
Game.Editor.ExistingEditorValidation:Run (string,string)
PipelineEvaluation.PipelineEval_14e9b90f/<>c__DisplayClass0_0:<Execute>b__0 ()
UnityEditor.EditorApplication:Internal_CallUpdateFunctions () (at /Users/bokken/build/output/unity/unity/Editor/Mono/EditorApplication.cs:403)

[CommandNodeNarrative] result=Passed sequences=12 dialogueStates=41 locales=en,fa-IR missionComics=3 voiceGate=Separate
UnityEngine.Debug:Log (object)
Game.Editor.CH05M05CommandNodeNarrativeBuilder:BuildNarrativeCore () (at Assets/Game/Scripts/Editor/CH05M05CommandNodeNarrativeBuilder.cs:74)
Game.Editor.CH05M05CommandNodeNarrativeBuilder:BuildWithoutVoices () (at Assets/Game/Scripts/Editor/CH05M05CommandNodeNarrativeBuilder.cs:48)
Game.Editor.CH05M05CommandNodeIntegration:FinishPrepared () (at Assets/Game/Scripts/Editor/CH05M05CommandNodeIntegration.cs:18)
System.Reflection.MethodBase:Invoke (object,object[])
Game.Editor.ExistingEditorValidation/<Run>d__9:MoveNext () (at Assets/Game/Scripts/Editor/ExistingEditorValidation.cs:92)
System.Runtime.CompilerServices.AsyncVoidMethodBuilder:Start<Game.Editor.ExistingEditorValidation/<Run>d__9> (Game.Editor.ExistingEditorValidation/<Run>d__9&)
Game.Editor.ExistingEditorValidation:Run (string,string)
PipelineEvaluation.PipelineEval_14e9b90f/<>c__DisplayClass0_0:<Execute>b__0 ()
UnityEditor.EditorApplication:Internal_CallUpdateFunctions () (at /Users/bokken/build/output/unity/unity/Editor/Mono/EditorApplication.cs:403)

[CommandNodeNarrativeVoices] result=Pending expectedClips=0 installedClips=0 externalRequests=0 mode=caption-only nativePlayback=Pending voices=NotRequested
UnityEngine.Debug:Log (object)
Game.Editor.CH05M05CommandNodeNarrativeBuilder:BuildWithoutVoices () (at Assets/Game/Scripts/Editor/CH05M05CommandNodeNarrativeBuilder.cs:49)
Game.Editor.CH05M05CommandNodeIntegration:FinishPrepared () (at Assets/Game/Scripts/Editor/CH05M05CommandNodeIntegration.cs:18)
System.Reflection.MethodBase:Invoke (object,object[])
Game.Editor.ExistingEditorValidation/<Run>d__9:MoveNext () (at Assets/Game/Scripts/Editor/ExistingEditorValidation.cs:92)
System.Runtime.CompilerServices.AsyncVoidMethodBuilder:Start<Game.Editor.ExistingEditorValidation/<Run>d__9> (Game.Editor.ExistingEditorValidation/<Run>d__9&)
Game.Editor.ExistingEditorValidation:Run (string,string)
PipelineEvaluation.PipelineEval_14e9b90f/<>c__DisplayClass0_0:<Execute>b__0 ()
UnityEditor.EditorApplication:Internal_CallUpdateFunctions () (at /Users/bokken/build/output/unity/unity/Editor/Mono/EditorApplication.cs:403)

[CommandNodePresentation] result=Passed existingHud=1 newCommandButtons=0 locales=2 finale=Captioned voices=NotRequested
UnityEngine.Debug:Log (object)
Game.Editor.CH05M05CommandNodePresentationBuilder:Build () (at Assets/Game/Scripts/Editor/CH05M05CommandNodePresentationBuilder.cs:31)
Game.Editor.CH05M05CommandNodeIntegration:FinishPrepared () (at Assets/Game/Scripts/Editor/CH05M05CommandNodeIntegration.cs:19)
System.Reflection.MethodBase:Invoke (object,object[])
Game.Editor.ExistingEditorValidation/<Run>d__9:MoveNext () (at Assets/Game/Scripts/Editor/ExistingEditorValidation.cs:92)
System.Runtime.CompilerServices.AsyncVoidMethodBuilder:Start<Game.Editor.ExistingEditorValidation/<Run>d__9> (Game.Editor.ExistingEditorValidation/<Run>d__9&)
Game.Editor.ExistingEditorValidation:Run (string,string)
PipelineEvaluation.PipelineEval_14e9b90f/<>c__DisplayClass0_0:<Execute>b__0 ()
UnityEditor.EditorApplication:Internal_CallUpdateFunctions () (at /Users/bokken/build/output/unity/unity/Editor/Mono/EditorApplication.cs:403)

[M01FirstContactConfigBuilder] result=Passed scope=ChapterCatalogs missions=25 maps=32
UnityEngine.Debug:Log (object)
Game.Editor.M01FirstContactConfigBuilder:RefreshChapterCatalogs () (at Assets/Game/Scripts/Editor/M01FirstContactConfigBuilder.cs:75)
Game.Editor.CH05M05CommandNodeIntegration:FinishPrepared () (at Assets/Game/Scripts/Editor/CH05M05CommandNodeIntegration.cs:20)
System.Reflection.MethodBase:Invoke (object,object[])
Game.Editor.ExistingEditorValidation/<Run>d__9:MoveNext () (at Assets/Game/Scripts/Editor/ExistingEditorValidation.cs:92)
System.Runtime.CompilerServices.AsyncVoidMethodBuilder:Start<Game.Editor.ExistingEditorValidation/<Run>d__9> (Game.Editor.ExistingEditorValidation/<Run>d__9&)
Game.Editor.ExistingEditorValidation:Run (string,string)
PipelineEvaluation.PipelineEval_14e9b90f/<>c__DisplayClass0_0:<Execute>b__0 ()
UnityEditor.EditorApplication:Internal_CallUpdateFunctions () (at /Users/bokken/build/output/unity/unity/Editor/Mono/EditorApplication.cs:403)

[CommandNodeContentRegistration] result=Passed ownAssets=8 added=0 GUIDLookup=Supported existingEntries=Preserved
UnityEngine.Debug:Log (object)
Game.Editor.CH05M05CommandNodeContentBuilder:RegisterProductionEntries () (at Assets/Game/Scripts/Editor/CH05M05CommandNodeContentBuilder.cs:53)
Game.Editor.CH05M05CommandNodeIntegration:FinishPrepared () (at Assets/Game/Scripts/Editor/CH05M05CommandNodeIntegration.cs:21)
System.Reflection.MethodBase:Invoke (object,object[])
Game.Editor.ExistingEditorValidation/<Run>d__9:MoveNext () (at Assets/Game/Scripts/Editor/ExistingEditorValidation.cs:92)
System.Runtime.CompilerServices.AsyncVoidMethodBuilder:Start<Game.Editor.ExistingEditorValidation/<Run>d__9> (Game.Editor.ExistingEditorValidation/<Run>d__9&)
Game.Editor.ExistingEditorValidation:Run (string,string)
PipelineEvaluation.PipelineEval_14e9b90f/<>c__DisplayClass0_0:<Execute>b__0 ()
UnityEditor.EditorApplication:Internal_CallUpdateFunctions () (at /Users/bokken/build/output/unity/unity/Editor/Mono/EditorApplication.cs:403)

[ExistingEditorValidation] result=Passed executeMethod=Game.Editor.CH05M05CommandNodeIntegration.FinishPrepared
UnityEngine.Debug:Log (object)
Game.Editor.ExistingEditorValidation/<Run>d__9:MoveNext () (at Assets/Game/Scripts/Editor/ExistingEditorValidation.cs:109)
System.Runtime.CompilerServices.AsyncVoidMethodBuilder:Start<Game.Editor.ExistingEditorValidation/<Run>d__9> (Game.Editor.ExistingEditorValidation/<Run>d__9&)
Game.Editor.ExistingEditorValidation:Run (string,string)
PipelineEvaluation.PipelineEval_14e9b90f/<>c__DisplayClass0_0:<Execute>b__0 ()
UnityEditor.EditorApplication:Internal_CallUpdateFunctions () (at /Users/bokken/build/output/unity/unity/Editor/Mono/EditorApplication.cs:403)

