[ExistingEditorValidation] project=/Users/farhad/Projects/WarlineCapture-Beautify/Assets executeMethod=Game.Editor.MapVariants.MapVariantBeautifyPipeline.RebuildRefineryVisuals
UnityEngine.Debug:Log (object)
Game.Editor.ExistingEditorValidation/<Run>d__9:MoveNext () (at Assets/Game/Scripts/Editor/ExistingEditorValidation.cs:91)
System.Runtime.CompilerServices.AsyncVoidMethodBuilder:Start<Game.Editor.ExistingEditorValidation/<Run>d__9> (Game.Editor.ExistingEditorValidation/<Run>d__9&)
Game.Editor.ExistingEditorValidation:Run (string,string)
PipelineEvaluation.PipelineEval_f6c166a1/<>c__DisplayClass0_0:<Execute>b__0 ()
UnityEditor.EditorApplication:Internal_CallUpdateFunctions () (at /Users/bokken/build/output/unity/unity/Editor/Mono/EditorApplication.cs:403)

[MapBeautify] result=Applied map=RefineryDistrict {"version":"map-beautify-v6","missionDefinitions":4,"clearanceCircles":62,"reachableCells":200032,"deadPocketCells":0,"paintMeshes":2,"paintTriangles":60110,"slabs":3522,"sandySlabs":0,"lines":178,"stains":92,"patches":760,"tracks":9,"drifts":55,"props":2342,"propRejectedNearUnits":3850,"vegetation":1488,"edgeDressing":2286,"cracks":225,"vergeClusters":103,"vignettes":100,"maxLowPropHeight":0.8832724094390869,"missionUnion":"500,360,980,685"}
UnityEngine.Debug:Log (object)
Game.Editor.MapVariants.MapVariantBeautify:Apply (Game.Editor.MapVariants.MapVariantBuilder,string,bool[],UnityEngine.Vector3) (at Assets/Game/Scripts/Editor/MapPrototypes/Variants/MapVariantBeautify.cs:155)
Game.Editor.MapVariants.MapVariantPreparedCandidateBuilder:Build (string) (at Assets/Game/Scripts/Editor/MapPrototypes/Variants/MapVariantPreparedCandidateBuilder.cs:144)
Game.Editor.MapVariants.MapVariantBeautifyPipeline:RebuildRefineryVisuals () (at Assets/Game/Scripts/Editor/MapPrototypes/Variants/MapVariantBeautifyPipeline.cs:36)
System.Reflection.MethodBase:Invoke (object,object[])
Game.Editor.ExistingEditorValidation/<Run>d__9:MoveNext () (at Assets/Game/Scripts/Editor/ExistingEditorValidation.cs:93)
System.Runtime.CompilerServices.AsyncVoidMethodBuilder:Start<Game.Editor.ExistingEditorValidation/<Run>d__9> (Game.Editor.ExistingEditorValidation/<Run>d__9&)
Game.Editor.ExistingEditorValidation:Run (string,string)
PipelineEvaluation.PipelineEval_f6c166a1/<>c__DisplayClass0_0:<Execute>b__0 ()
UnityEditor.EditorApplication:Internal_CallUpdateFunctions () (at /Users/bokken/build/output/unity/unity/Editor/Mono/EditorApplication.cs:403)

[MapPreparedCandidate] result=Passed map=RefineryDistrict owners=217 staticBlockCells=39968 duplicateOriginals=0 semanticHash=2d4fd91a415a68f0299a4075e37730ecd7b746e94e5a2a1e2a6cd7baca687778 replay=Passed scope=AuthoringAndSurfaceData
UnityEngine.Debug:Log (object)
Game.Editor.MapVariants.MapVariantPreparedCandidateBuilder:Build (string) (at Assets/Game/Scripts/Editor/MapPrototypes/Variants/MapVariantPreparedCandidateBuilder.cs:199)
Game.Editor.MapVariants.MapVariantBeautifyPipeline:RebuildRefineryVisuals () (at Assets/Game/Scripts/Editor/MapPrototypes/Variants/MapVariantBeautifyPipeline.cs:36)
System.Reflection.MethodBase:Invoke (object,object[])
Game.Editor.ExistingEditorValidation/<Run>d__9:MoveNext () (at Assets/Game/Scripts/Editor/ExistingEditorValidation.cs:93)
System.Runtime.CompilerServices.AsyncVoidMethodBuilder:Start<Game.Editor.ExistingEditorValidation/<Run>d__9> (Game.Editor.ExistingEditorValidation/<Run>d__9&)
Game.Editor.ExistingEditorValidation:Run (string,string)
PipelineEvaluation.PipelineEval_f6c166a1/<>c__DisplayClass0_0:<Execute>b__0 ()
UnityEditor.EditorApplication:Internal_CallUpdateFunctions () (at /Users/bokken/build/output/unity/unity/Editor/Mono/EditorApplication.cs:403)

[MapBeautify] captureProfile=PC_Premium_RPAsset scope=VisualReview
UnityEngine.Debug:Log (object)
Game.Editor.MapVariants.MapVariantBeautifyPipeline/VisualPreviewProfile:.ctor () (at Assets/Game/Scripts/Editor/MapPrototypes/Variants/MapVariantBeautifyPipeline.cs:246)
Game.Editor.MapVariants.MapVariantBeautifyPipeline:Capture (string,bool,string,string,System.ValueTuple`3<string, UnityEngine.Vector3, UnityEngine.Vector3>[]) (at Assets/Game/Scripts/Editor/MapPrototypes/Variants/MapVariantBeautifyPipeline.cs:183)
Game.Editor.MapVariants.MapVariantBeautifyPipeline:RebuildRefineryVisuals () (at Assets/Game/Scripts/Editor/MapPrototypes/Variants/MapVariantBeautifyPipeline.cs:40)
System.Reflection.MethodBase:Invoke (object,object[])
Game.Editor.ExistingEditorValidation/<Run>d__9:MoveNext () (at Assets/Game/Scripts/Editor/ExistingEditorValidation.cs:93)
System.Runtime.CompilerServices.AsyncVoidMethodBuilder:Start<Game.Editor.ExistingEditorValidation/<Run>d__9> (Game.Editor.ExistingEditorValidation/<Run>d__9&)
Game.Editor.ExistingEditorValidation:Run (string,string)
PipelineEvaluation.PipelineEval_f6c166a1/<>c__DisplayClass0_0:<Execute>b__0 ()
UnityEditor.EditorApplication:Internal_CallUpdateFunctions () (at /Users/bokken/build/output/unity/unity/Editor/Mono/EditorApplication.cs:403)

[MapBeautify] atmosphere map=RefineryDistrict effects=24 stacks=7
UnityEngine.Debug:Log (object)
Game.Editor.MapVariants.MapVariantAtmosphere:Build (UnityEngine.SceneManagement.Scene,UnityEngine.SceneManagement.Scene,string,UnityEngine.Rect) (at Assets/Game/Scripts/Editor/MapPrototypes/Variants/MapVariantAtmosphere.cs:81)
Game.Editor.MapVariants.MapVariantBeautifyPipeline:Capture (string,bool,string,string,System.ValueTuple`3<string, UnityEngine.Vector3, UnityEngine.Vector3>[]) (at Assets/Game/Scripts/Editor/MapPrototypes/Variants/MapVariantBeautifyPipeline.cs:192)
Game.Editor.MapVariants.MapVariantBeautifyPipeline:RebuildRefineryVisuals () (at Assets/Game/Scripts/Editor/MapPrototypes/Variants/MapVariantBeautifyPipeline.cs:40)
System.Reflection.MethodBase:Invoke (object,object[])
Game.Editor.ExistingEditorValidation/<Run>d__9:MoveNext () (at Assets/Game/Scripts/Editor/ExistingEditorValidation.cs:93)
System.Runtime.CompilerServices.AsyncVoidMethodBuilder:Start<Game.Editor.ExistingEditorValidation/<Run>d__9> (Game.Editor.ExistingEditorValidation/<Run>d__9&)
Game.Editor.ExistingEditorValidation:Run (string,string)
PipelineEvaluation.PipelineEval_f6c166a1/<>c__DisplayClass0_0:<Execute>b__0 ()
UnityEditor.EditorApplication:Internal_CallUpdateFunctions () (at /Users/bokken/build/output/unity/unity/Editor/Mono/EditorApplication.cs:403)

[MapBeautify] capture Design/MapVariants/Beautify/SupplyLine/after-battle.png
UnityEngine.Debug:Log (object)
Game.Editor.MapVariants.MapVariantBeautifyPipeline:Capture (string,bool,string,string,System.ValueTuple`3<string, UnityEngine.Vector3, UnityEngine.Vector3>[]) (at Assets/Game/Scripts/Editor/MapPrototypes/Variants/MapVariantBeautifyPipeline.cs:224)
Game.Editor.MapVariants.MapVariantBeautifyPipeline:RebuildRefineryVisuals () (at Assets/Game/Scripts/Editor/MapPrototypes/Variants/MapVariantBeautifyPipeline.cs:40)
System.Reflection.MethodBase:Invoke (object,object[])
Game.Editor.ExistingEditorValidation/<Run>d__9:MoveNext () (at Assets/Game/Scripts/Editor/ExistingEditorValidation.cs:93)
System.Runtime.CompilerServices.AsyncVoidMethodBuilder:Start<Game.Editor.ExistingEditorValidation/<Run>d__9> (Game.Editor.ExistingEditorValidation/<Run>d__9&)
Game.Editor.ExistingEditorValidation:Run (string,string)
PipelineEvaluation.PipelineEval_f6c166a1/<>c__DisplayClass0_0:<Execute>b__0 ()
UnityEditor.EditorApplication:Internal_CallUpdateFunctions () (at /Users/bokken/build/output/unity/unity/Editor/Mono/EditorApplication.cs:403)

[MapBeautify] capture Design/MapVariants/Beautify/SupplyLine/after-overview.png
UnityEngine.Debug:Log (object)
Game.Editor.MapVariants.MapVariantBeautifyPipeline:Capture (string,bool,string,string,System.ValueTuple`3<string, UnityEngine.Vector3, UnityEngine.Vector3>[]) (at Assets/Game/Scripts/Editor/MapPrototypes/Variants/MapVariantBeautifyPipeline.cs:224)
Game.Editor.MapVariants.MapVariantBeautifyPipeline:RebuildRefineryVisuals () (at Assets/Game/Scripts/Editor/MapPrototypes/Variants/MapVariantBeautifyPipeline.cs:40)
System.Reflection.MethodBase:Invoke (object,object[])
Game.Editor.ExistingEditorValidation/<Run>d__9:MoveNext () (at Assets/Game/Scripts/Editor/ExistingEditorValidation.cs:93)
System.Runtime.CompilerServices.AsyncVoidMethodBuilder:Start<Game.Editor.ExistingEditorValidation/<Run>d__9> (Game.Editor.ExistingEditorValidation/<Run>d__9&)
Game.Editor.ExistingEditorValidation:Run (string,string)
PipelineEvaluation.PipelineEval_f6c166a1/<>c__DisplayClass0_0:<Execute>b__0 ()
UnityEditor.EditorApplication:Internal_CallUpdateFunctions () (at /Users/bokken/build/output/unity/unity/Editor/Mono/EditorApplication.cs:403)

[MapBeautify] capture Design/MapVariants/Beautify/SupplyLine/after-zoom-yard.png
UnityEngine.Debug:Log (object)
Game.Editor.MapVariants.MapVariantBeautifyPipeline:Capture (string,bool,string,string,System.ValueTuple`3<string, UnityEngine.Vector3, UnityEngine.Vector3>[]) (at Assets/Game/Scripts/Editor/MapPrototypes/Variants/MapVariantBeautifyPipeline.cs:224)
Game.Editor.MapVariants.MapVariantBeautifyPipeline:RebuildRefineryVisuals () (at Assets/Game/Scripts/Editor/MapPrototypes/Variants/MapVariantBeautifyPipeline.cs:40)
System.Reflection.MethodBase:Invoke (object,object[])
Game.Editor.ExistingEditorValidation/<Run>d__9:MoveNext () (at Assets/Game/Scripts/Editor/ExistingEditorValidation.cs:93)
System.Runtime.CompilerServices.AsyncVoidMethodBuilder:Start<Game.Editor.ExistingEditorValidation/<Run>d__9> (Game.Editor.ExistingEditorValidation/<Run>d__9&)
Game.Editor.ExistingEditorValidation:Run (string,string)
PipelineEvaluation.PipelineEval_f6c166a1/<>c__DisplayClass0_0:<Execute>b__0 ()
UnityEditor.EditorApplication:Internal_CallUpdateFunctions () (at /Users/bokken/build/output/unity/unity/Editor/Mono/EditorApplication.cs:403)

[MapBeautify] capture Design/MapVariants/Beautify/SupplyLine/after-zoom-gate.png
UnityEngine.Debug:Log (object)
Game.Editor.MapVariants.MapVariantBeautifyPipeline:Capture (string,bool,string,string,System.ValueTuple`3<string, UnityEngine.Vector3, UnityEngine.Vector3>[]) (at Assets/Game/Scripts/Editor/MapPrototypes/Variants/MapVariantBeautifyPipeline.cs:224)
Game.Editor.MapVariants.MapVariantBeautifyPipeline:RebuildRefineryVisuals () (at Assets/Game/Scripts/Editor/MapPrototypes/Variants/MapVariantBeautifyPipeline.cs:40)
System.Reflection.MethodBase:Invoke (object,object[])
Game.Editor.ExistingEditorValidation/<Run>d__9:MoveNext () (at Assets/Game/Scripts/Editor/ExistingEditorValidation.cs:93)
System.Runtime.CompilerServices.AsyncVoidMethodBuilder:Start<Game.Editor.ExistingEditorValidation/<Run>d__9> (Game.Editor.ExistingEditorValidation/<Run>d__9&)
Game.Editor.ExistingEditorValidation:Run (string,string)
PipelineEvaluation.PipelineEval_f6c166a1/<>c__DisplayClass0_0:<Execute>b__0 ()
UnityEditor.EditorApplication:Internal_CallUpdateFunctions () (at /Users/bokken/build/output/unity/unity/Editor/Mono/EditorApplication.cs:403)

[MapBeautify] capture Design/MapVariants/Beautify/SupplyLine/after-zoom-pumpgate.png
UnityEngine.Debug:Log (object)
Game.Editor.MapVariants.MapVariantBeautifyPipeline:Capture (string,bool,string,string,System.ValueTuple`3<string, UnityEngine.Vector3, UnityEngine.Vector3>[]) (at Assets/Game/Scripts/Editor/MapPrototypes/Variants/MapVariantBeautifyPipeline.cs:224)
Game.Editor.MapVariants.MapVariantBeautifyPipeline:RebuildRefineryVisuals () (at Assets/Game/Scripts/Editor/MapPrototypes/Variants/MapVariantBeautifyPipeline.cs:40)
System.Reflection.MethodBase:Invoke (object,object[])
Game.Editor.ExistingEditorValidation/<Run>d__9:MoveNext () (at Assets/Game/Scripts/Editor/ExistingEditorValidation.cs:93)
System.Runtime.CompilerServices.AsyncVoidMethodBuilder:Start<Game.Editor.ExistingEditorValidation/<Run>d__9> (Game.Editor.ExistingEditorValidation/<Run>d__9&)
Game.Editor.ExistingEditorValidation:Run (string,string)
PipelineEvaluation.PipelineEval_f6c166a1/<>c__DisplayClass0_0:<Execute>b__0 ()
UnityEditor.EditorApplication:Internal_CallUpdateFunctions () (at /Users/bokken/build/output/unity/unity/Editor/Mono/EditorApplication.cs:403)

[MapBeautify] capture Design/MapVariants/Beautify/SupplyLine/after-zoom-refinery.png
UnityEngine.Debug:Log (object)
Game.Editor.MapVariants.MapVariantBeautifyPipeline:Capture (string,bool,string,string,System.ValueTuple`3<string, UnityEngine.Vector3, UnityEngine.Vector3>[]) (at Assets/Game/Scripts/Editor/MapPrototypes/Variants/MapVariantBeautifyPipeline.cs:224)
Game.Editor.MapVariants.MapVariantBeautifyPipeline:RebuildRefineryVisuals () (at Assets/Game/Scripts/Editor/MapPrototypes/Variants/MapVariantBeautifyPipeline.cs:40)
System.Reflection.MethodBase:Invoke (object,object[])
Game.Editor.ExistingEditorValidation/<Run>d__9:MoveNext () (at Assets/Game/Scripts/Editor/ExistingEditorValidation.cs:93)
System.Runtime.CompilerServices.AsyncVoidMethodBuilder:Start<Game.Editor.ExistingEditorValidation/<Run>d__9> (Game.Editor.ExistingEditorValidation/<Run>d__9&)
Game.Editor.ExistingEditorValidation:Run (string,string)
PipelineEvaluation.PipelineEval_f6c166a1/<>c__DisplayClass0_0:<Execute>b__0 ()
UnityEditor.EditorApplication:Internal_CallUpdateFunctions () (at /Users/bokken/build/output/unity/unity/Editor/Mono/EditorApplication.cs:403)

[MapBeautify] capture label=after result=Passed
UnityEngine.Debug:Log (object)
Game.Editor.MapVariants.MapVariantBeautifyPipeline:Capture (string,bool,string,string,System.ValueTuple`3<string, UnityEngine.Vector3, UnityEngine.Vector3>[]) (at Assets/Game/Scripts/Editor/MapPrototypes/Variants/MapVariantBeautifyPipeline.cs:235)
Game.Editor.MapVariants.MapVariantBeautifyPipeline:RebuildRefineryVisuals () (at Assets/Game/Scripts/Editor/MapPrototypes/Variants/MapVariantBeautifyPipeline.cs:40)
System.Reflection.MethodBase:Invoke (object,object[])
Game.Editor.ExistingEditorValidation/<Run>d__9:MoveNext () (at Assets/Game/Scripts/Editor/ExistingEditorValidation.cs:93)
System.Runtime.CompilerServices.AsyncVoidMethodBuilder:Start<Game.Editor.ExistingEditorValidation/<Run>d__9> (Game.Editor.ExistingEditorValidation/<Run>d__9&)
Game.Editor.ExistingEditorValidation:Run (string,string)
PipelineEvaluation.PipelineEval_f6c166a1/<>c__DisplayClass0_0:<Execute>b__0 ()
UnityEditor.EditorApplication:Internal_CallUpdateFunctions () (at /Users/bokken/build/output/unity/unity/Editor/Mono/EditorApplication.cs:403)

[MapBeautify] visuals result=Passed semanticHash=2d4fd91a415a68f0299a4075e37730ecd7b746e94e5a2a1e2a6cd7baca687778
UnityEngine.Debug:Log (object)
Game.Editor.MapVariants.MapVariantBeautifyPipeline:RebuildRefineryVisuals () (at Assets/Game/Scripts/Editor/MapPrototypes/Variants/MapVariantBeautifyPipeline.cs:41)
System.Reflection.MethodBase:Invoke (object,object[])
Game.Editor.ExistingEditorValidation/<Run>d__9:MoveNext () (at Assets/Game/Scripts/Editor/ExistingEditorValidation.cs:93)
System.Runtime.CompilerServices.AsyncVoidMethodBuilder:Start<Game.Editor.ExistingEditorValidation/<Run>d__9> (Game.Editor.ExistingEditorValidation/<Run>d__9&)
Game.Editor.ExistingEditorValidation:Run (string,string)
PipelineEvaluation.PipelineEval_f6c166a1/<>c__DisplayClass0_0:<Execute>b__0 ()
UnityEditor.EditorApplication:Internal_CallUpdateFunctions () (at /Users/bokken/build/output/unity/unity/Editor/Mono/EditorApplication.cs:403)

[ExistingEditorValidation] result=Passed executeMethod=Game.Editor.MapVariants.MapVariantBeautifyPipeline.RebuildRefineryVisuals
UnityEngine.Debug:Log (object)
Game.Editor.ExistingEditorValidation/<Run>d__9:MoveNext () (at Assets/Game/Scripts/Editor/ExistingEditorValidation.cs:110)
System.Runtime.CompilerServices.AsyncVoidMethodBuilder:Start<Game.Editor.ExistingEditorValidation/<Run>d__9> (Game.Editor.ExistingEditorValidation/<Run>d__9&)
Game.Editor.ExistingEditorValidation:Run (string,string)
PipelineEvaluation.PipelineEval_f6c166a1/<>c__DisplayClass0_0:<Execute>b__0 ()
UnityEditor.EditorApplication:Internal_CallUpdateFunctions () (at /Users/bokken/build/output/unity/unity/Editor/Mono/EditorApplication.cs:403)

