[ExistingEditorValidation] project=/Users/farhad/Projects/WarlineCapture/Assets executeMethod=Game.Tests.Editor.SkirmishSharedMaterialsTests.RunBroaderAndCampaignValidation
UnityEngine.Debug:Log (object)
Game.Editor.ExistingEditorValidation/<Run>d__9:MoveNext () (at Assets/Game/Scripts/Editor/ExistingEditorValidation.cs:91)
System.Runtime.CompilerServices.AsyncVoidMethodBuilder:Start<Game.Editor.ExistingEditorValidation/<Run>d__9> (Game.Editor.ExistingEditorValidation/<Run>d__9&)
Game.Editor.ExistingEditorValidation:Run (string,string)
PipelineEvaluation.PipelineEval_f65b2db7/<>c__DisplayClass0_0:<Execute>b__0 ()
UnityEditor.EditorApplication:Internal_CallUpdateFunctions () (at /Users/bokken/build/output/unity/unity/Editor/Mono/EditorApplication.cs:403)

[UnitMoveOrderFocusedValidation] result=Passed tests=21
UnityEngine.Debug:Log (object)
UnitMoveOrderSystemTests:RunFocusedValidation () (at Assets/Tests/Editor/UnitMoveOrderSystemTests.cs:49)
Game.Tests.Editor.SkirmishSharedMaterialsTests:RunFocusedValidation () (at Assets/Tests/Editor/SkirmishExpansion/SkirmishSharedMaterialsTests.cs:480)
Game.Tests.Editor.SkirmishSharedMaterialsTests:<RunBroaderRegressionValidation>g__Run|10_0 (System.Action,string,Game.Tests.Editor.SkirmishSharedMaterialsTests/<>c__DisplayClass10_0&) (at Assets/Tests/Editor/SkirmishExpansion/SkirmishSharedMaterialsTests.cs:314)
Game.Tests.Editor.SkirmishSharedMaterialsTests:RunBroaderRegressionValidation () (at Assets/Tests/Editor/SkirmishExpansion/SkirmishSharedMaterialsTests.cs:317)
Game.Tests.Editor.SkirmishSharedMaterialsTests:RunBroaderAndCampaignValidation () (at Assets/Tests/Editor/SkirmishExpansion/SkirmishSharedMaterialsTests.cs:336)
System.Reflection.MethodBase:Invoke (object,object[])
Game.Editor.ExistingEditorValidation/<Run>d__9:MoveNext () (at Assets/Game/Scripts/Editor/ExistingEditorValidation.cs:93)
System.Runtime.CompilerServices.AsyncVoidMethodBuilder:Start<Game.Editor.ExistingEditorValidation/<Run>d__9> (Game.Editor.ExistingEditorValidation/<Run>d__9&)
Game.Editor.ExistingEditorValidation:Run (string,string)
PipelineEvaluation.PipelineEval_f65b2db7/<>c__DisplayClass0_0:<Execute>b__0 ()
UnityEditor.EditorApplication:Internal_CallUpdateFunctions () (at /Users/bokken/build/output/unity/unity/Editor/Mono/EditorApplication.cs:403)

[AIFactionControlStartupValidation] result=Passed tests=4
UnityEngine.Debug:Log (object)
AIFactionControlStartupSystemValidationTests:RunFocusedValidation () (at Assets/Tests/Editor/AIFactionControlStartupSystemValidationTests.cs:19)
Game.Tests.Editor.SkirmishSharedMaterialsTests:RunFocusedValidation () (at Assets/Tests/Editor/SkirmishExpansion/SkirmishSharedMaterialsTests.cs:481)
Game.Tests.Editor.SkirmishSharedMaterialsTests:<RunBroaderRegressionValidation>g__Run|10_0 (System.Action,string,Game.Tests.Editor.SkirmishSharedMaterialsTests/<>c__DisplayClass10_0&) (at Assets/Tests/Editor/SkirmishExpansion/SkirmishSharedMaterialsTests.cs:314)
Game.Tests.Editor.SkirmishSharedMaterialsTests:RunBroaderRegressionValidation () (at Assets/Tests/Editor/SkirmishExpansion/SkirmishSharedMaterialsTests.cs:317)
Game.Tests.Editor.SkirmishSharedMaterialsTests:RunBroaderAndCampaignValidation () (at Assets/Tests/Editor/SkirmishExpansion/SkirmishSharedMaterialsTests.cs:336)
System.Reflection.MethodBase:Invoke (object,object[])
Game.Editor.ExistingEditorValidation/<Run>d__9:MoveNext () (at Assets/Game/Scripts/Editor/ExistingEditorValidation.cs:93)
System.Runtime.CompilerServices.AsyncVoidMethodBuilder:Start<Game.Editor.ExistingEditorValidation/<Run>d__9> (Game.Editor.ExistingEditorValidation/<Run>d__9&)
Game.Editor.ExistingEditorValidation:Run (string,string)
PipelineEvaluation.PipelineEval_f65b2db7/<>c__DisplayClass0_0:<Execute>b__0 ()
UnityEditor.EditorApplication:Internal_CallUpdateFunctions () (at /Users/bokken/build/output/unity/unity/Editor/Mono/EditorApplication.cs:403)

[AriaPlayEditorValidation] selected catalog=S002 definition=skirmish.s002 version=2 size=Standard difficulty=Regular seed=104731 locale=en
UnityEngine.Debug:Log (object)
Game.Editor.AriaPlayEditorValidation:AcceptExpandedPayload (Game.Configs.SkirmishAriaAcceptancePayload&) (at Assets/Game/Scripts/Editor/AriaPlayEditorValidation.cs:113)
Game.Tests.Editor.SkirmishS002AriaHarnessTests:PayloadLoggersDoNotStampVictory () (at Assets/Tests/Editor/SkirmishExpansion/SkirmishS002AriaHarnessTests.cs:1028)
Game.Tests.Editor.SkirmishS002AriaHarnessTests:RunFocusedValidation () (at Assets/Tests/Editor/SkirmishExpansion/SkirmishS002AriaHarnessTests.cs:1434)
Game.Tests.Editor.SkirmishExpandedAriaTests:RunFocusedValidation () (at Assets/Tests/Editor/SkirmishExpansion/SkirmishExpandedAriaTests.cs:1014)
Game.Tests.Editor.SkirmishSharedMaterialsTests:RunFocusedValidation () (at Assets/Tests/Editor/SkirmishExpansion/SkirmishSharedMaterialsTests.cs:485)
Game.Tests.Editor.SkirmishSharedMaterialsTests:<RunBroaderRegressionValidation>g__Run|10_0 (System.Action,string,Game.Tests.Editor.SkirmishSharedMaterialsTests/<>c__DisplayClass10_0&) (at Assets/Tests/Editor/SkirmishExpansion/SkirmishSharedMaterialsTests.cs:314)
Game.Tests.Editor.SkirmishSharedMaterialsTests:RunBroaderRegressionValidation () (at Assets/Tests/Editor/SkirmishExpansion/SkirmishSharedMaterialsTests.cs:317)
Game.Tests.Editor.SkirmishSharedMaterialsTests:RunBroaderAndCampaignValidation () (at Assets/Tests/Editor/SkirmishExpansion/SkirmishSharedMaterialsTests.cs:336)
System.Reflection.MethodBase:Invoke (object,object[])
Game.Editor.ExistingEditorValidation/<Run>d__9:MoveNext () (at Assets/Game/Scripts/Editor/ExistingEditorValidation.cs:93)
System.Runtime.CompilerServices.AsyncVoidMethodBuilder:Start<Game.Editor.ExistingEditorValidation/<Run>d__9> (Game.Editor.ExistingEditorValidation/<Run>d__9&)
Game.Editor.ExistingEditorValidation:Run (string,string)
PipelineEvaluation.PipelineEval_f65b2db7/<>c__DisplayClass0_0:<Execute>b__0 ()
UnityEditor.EditorApplication:Internal_CallUpdateFunctions () (at /Users/bokken/build/output/unity/unity/Editor/Mono/EditorApplication.cs:403)

[SkirmishExpandedAriaWatch] selected catalog=S002 definition=skirmish.s002 version=2 size=Standard difficulty=Regular seed=155923 locale=fa-IR
UnityEngine.Debug:Log (object)
Game.Editor.SkirmishExpandedAriaWatchValidation:AcceptExpandedPayload (Game.Configs.SkirmishAriaAcceptancePayload&) (at Assets/Game/Scripts/Editor/Skirmish/SkirmishExpandedAriaWatchValidation.cs:32)
Game.Editor.SkirmishExpandedAriaWatchValidation:AcceptExpandedPayload (string,Game.Skirmish.Contracts.SkirmishSizeId,Game.Skirmish.Contracts.SkirmishDifficultyId,int,string) (at Assets/Game/Scripts/Editor/Skirmish/SkirmishExpandedAriaWatchValidation.cs:55)
Game.Tests.Editor.SkirmishS002AriaHarnessTests:PayloadLoggersDoNotStampVictory () (at Assets/Tests/Editor/SkirmishExpansion/SkirmishS002AriaHarnessTests.cs:1029)
Game.Tests.Editor.SkirmishS002AriaHarnessTests:RunFocusedValidation () (at Assets/Tests/Editor/SkirmishExpansion/SkirmishS002AriaHarnessTests.cs:1434)
Game.Tests.Editor.SkirmishExpandedAriaTests:RunFocusedValidation () (at Assets/Tests/Editor/SkirmishExpansion/SkirmishExpandedAriaTests.cs:1014)
Game.Tests.Editor.SkirmishSharedMaterialsTests:RunFocusedValidation () (at Assets/Tests/Editor/SkirmishExpansion/SkirmishSharedMaterialsTests.cs:485)
Game.Tests.Editor.SkirmishSharedMaterialsTests:<RunBroaderRegressionValidation>g__Run|10_0 (System.Action,string,Game.Tests.Editor.SkirmishSharedMaterialsTests/<>c__DisplayClass10_0&) (at Assets/Tests/Editor/SkirmishExpansion/SkirmishSharedMaterialsTests.cs:314)
Game.Tests.Editor.SkirmishSharedMaterialsTests:RunBroaderRegressionValidation () (at Assets/Tests/Editor/SkirmishExpansion/SkirmishSharedMaterialsTests.cs:317)
Game.Tests.Editor.SkirmishSharedMaterialsTests:RunBroaderAndCampaignValidation () (at Assets/Tests/Editor/SkirmishExpansion/SkirmishSharedMaterialsTests.cs:336)
System.Reflection.MethodBase:Invoke (object,object[])
Game.Editor.ExistingEditorValidation/<Run>d__9:MoveNext () (at Assets/Game/Scripts/Editor/ExistingEditorValidation.cs:93)
System.Runtime.CompilerServices.AsyncVoidMethodBuilder:Start<Game.Editor.ExistingEditorValidation/<Run>d__9> (Game.Editor.ExistingEditorValidation/<Run>d__9&)
Game.Editor.ExistingEditorValidation:Run (string,string)
PipelineEvaluation.PipelineEval_f65b2db7/<>c__DisplayClass0_0:<Execute>b__0 ()
UnityEditor.EditorApplication:Internal_CallUpdateFunctions () (at /Users/bokken/build/output/unity/unity/Editor/Mono/EditorApplication.cs:403)

'Game.Runtime.SkirmishSessionCleanupSystem' creates a query during OnUpdate. Please create queries in OnCreate and store them in the system for use in OnUpdate instead. This is significantly faster.
UnityEngine.Debug:LogWarning (object)
Unity.Debug:LogWarning (object) (at ./Library/PackageCache/com.unity.entities@bab66ffaba49/Unity.Entities/Stubs/Unity/Debug.cs:13)
Unity.Entities.SystemState:CheckOnUpdate_Query () (at ./Library/PackageCache/com.unity.entities@bab66ffaba49/Unity.Entities/SystemState.cs:551)
Unity.Entities.SystemState:GetEntityQuery (Unity.Entities.ComponentType) (at ./Library/PackageCache/com.unity.entities@bab66ffaba49/Unity.Entities/SystemState.cs:834)
Game.Runtime.SkirmishSessionCleanupSystem:OnUpdate (Unity.Entities.SystemState&) (at Assets/Game/Scripts/Runtime/Skirmish/SkirmishSessionCleanupSystem.cs:22)
Game.Runtime.SkirmishSessionCleanupSystem:__codegen__OnUpdate (intptr,intptr)
Unity.Entities.SystemBaseRegistry/<>c__DisplayClass9_0:<SelectBurstFn>b__0 (intptr,intptr) (at ./Library/PackageCache/com.unity.entities@bab66ffaba49/Unity.Entities/SystemBaseRegistry.cs:251)
Unity.Entities.WorldUnmanagedImpl/Unity.Entities.UnmanagedUpdate_000015A0$BurstDirectCall:Invoke (void*)
Unity.Entities.WorldUnmanagedImpl:UnmanagedUpdate (void*)
Unity.Entities.WorldUnmanagedImpl:UpdateSystem (Unity.Entities.SystemHandle) (at ./Library/PackageCache/com.unity.entities@bab66ffaba49/Unity.Entities/WorldUnmanaged.cs:942)
Unity.Entities.SystemHandle:Update (Unity.Entities.WorldUnmanaged) (at ./Library/PackageCache/com.unity.entities@bab66ffaba49/Unity.Entities/WorldUnmanaged.cs:169)
Game.Tests.Editor.SkirmishS002AriaHarnessTests:FinishedMatchRetainsActorsAndSetupUntilExplicitCleanup () (at Assets/Tests/Editor/SkirmishExpansion/SkirmishS002AriaHarnessTests.cs:1144)
Game.Tests.Editor.SkirmishS002AriaHarnessTests:RunFocusedValidation () (at Assets/Tests/Editor/SkirmishExpansion/SkirmishS002AriaHarnessTests.cs:1438)
Game.Tests.Editor.SkirmishExpandedAriaTests:RunFocusedValidation () (at Assets/Tests/Editor/SkirmishExpansion/SkirmishExpandedAriaTests.cs:1014)
Game.Tests.Editor.SkirmishSharedMaterialsTests:RunFocusedValidation () (at Assets/Tests/Editor/SkirmishExpansion/SkirmishSharedMaterialsTests.cs:485)
Game.Tests.Editor.SkirmishSharedMaterialsTests:<RunBroaderRegressionValidation>g__Run|10_0 (System.Action,string,Game.Tests.Editor.SkirmishSharedMaterialsTests/<>c__DisplayClass10_0&) (at Assets/Tests/Editor/SkirmishExpansion/SkirmishSharedMaterialsTests.cs:314)
Game.Tests.Editor.SkirmishSharedMaterialsTests:RunBroaderRegressionValidation () (at Assets/Tests/Editor/SkirmishExpansion/SkirmishSharedMaterialsTests.cs:317)
Game.Tests.Editor.SkirmishSharedMaterialsTests:RunBroaderAndCampaignValidation () (at Assets/Tests/Editor/SkirmishExpansion/SkirmishSharedMaterialsTests.cs:336)
System.Reflection.MethodBase:Invoke (object,object[])
Game.Editor.ExistingEditorValidation/<Run>d__9:MoveNext () (at Assets/Game/Scripts/Editor/ExistingEditorValidation.cs:93)
System.Runtime.CompilerServices.AsyncVoidMethodBuilder:Start<Game.Editor.ExistingEditorValidation/<Run>d__9> (Game.Editor.ExistingEditorValidation/<Run>d__9&)
Game.Editor.ExistingEditorValidation:Run (string,string)
PipelineEvaluation.PipelineEval_f65b2db7/<>c__DisplayClass0_0:<Execute>b__0 ()
UnityEditor.EditorApplication:Internal_CallUpdateFunctions () (at /Users/bokken/build/output/unity/unity/Editor/Mono/EditorApplication.cs:403)

[SkirmishS002AriaHarnessTests] result=Passed
UnityEngine.Debug:Log (object)
Game.Tests.Editor.SkirmishS002AriaHarnessTests:RunFocusedValidation () (at Assets/Tests/Editor/SkirmishExpansion/SkirmishS002AriaHarnessTests.cs:1442)
Game.Tests.Editor.SkirmishExpandedAriaTests:RunFocusedValidation () (at Assets/Tests/Editor/SkirmishExpansion/SkirmishExpandedAriaTests.cs:1014)
Game.Tests.Editor.SkirmishSharedMaterialsTests:RunFocusedValidation () (at Assets/Tests/Editor/SkirmishExpansion/SkirmishSharedMaterialsTests.cs:485)
Game.Tests.Editor.SkirmishSharedMaterialsTests:<RunBroaderRegressionValidation>g__Run|10_0 (System.Action,string,Game.Tests.Editor.SkirmishSharedMaterialsTests/<>c__DisplayClass10_0&) (at Assets/Tests/Editor/SkirmishExpansion/SkirmishSharedMaterialsTests.cs:314)
Game.Tests.Editor.SkirmishSharedMaterialsTests:RunBroaderRegressionValidation () (at Assets/Tests/Editor/SkirmishExpansion/SkirmishSharedMaterialsTests.cs:317)
Game.Tests.Editor.SkirmishSharedMaterialsTests:RunBroaderAndCampaignValidation () (at Assets/Tests/Editor/SkirmishExpansion/SkirmishSharedMaterialsTests.cs:336)
System.Reflection.MethodBase:Invoke (object,object[])
Game.Editor.ExistingEditorValidation/<Run>d__9:MoveNext () (at Assets/Game/Scripts/Editor/ExistingEditorValidation.cs:93)
System.Runtime.CompilerServices.AsyncVoidMethodBuilder:Start<Game.Editor.ExistingEditorValidation/<Run>d__9> (Game.Editor.ExistingEditorValidation/<Run>d__9&)
Game.Editor.ExistingEditorValidation:Run (string,string)
PipelineEvaluation.PipelineEval_f65b2db7/<>c__DisplayClass0_0:<Execute>b__0 ()
UnityEditor.EditorApplication:Internal_CallUpdateFunctions () (at /Users/bokken/build/output/unity/unity/Editor/Mono/EditorApplication.cs:403)

[SkirmishExpandedAriaTests] result=Passed
UnityEngine.Debug:Log (object)
Game.Tests.Editor.SkirmishExpandedAriaTests:RunFocusedValidation () (at Assets/Tests/Editor/SkirmishExpansion/SkirmishExpandedAriaTests.cs:1015)
Game.Tests.Editor.SkirmishSharedMaterialsTests:RunFocusedValidation () (at Assets/Tests/Editor/SkirmishExpansion/SkirmishSharedMaterialsTests.cs:485)
Game.Tests.Editor.SkirmishSharedMaterialsTests:<RunBroaderRegressionValidation>g__Run|10_0 (System.Action,string,Game.Tests.Editor.SkirmishSharedMaterialsTests/<>c__DisplayClass10_0&) (at Assets/Tests/Editor/SkirmishExpansion/SkirmishSharedMaterialsTests.cs:314)
Game.Tests.Editor.SkirmishSharedMaterialsTests:RunBroaderRegressionValidation () (at Assets/Tests/Editor/SkirmishExpansion/SkirmishSharedMaterialsTests.cs:317)
Game.Tests.Editor.SkirmishSharedMaterialsTests:RunBroaderAndCampaignValidation () (at Assets/Tests/Editor/SkirmishExpansion/SkirmishSharedMaterialsTests.cs:336)
System.Reflection.MethodBase:Invoke (object,object[])
Game.Editor.ExistingEditorValidation/<Run>d__9:MoveNext () (at Assets/Game/Scripts/Editor/ExistingEditorValidation.cs:93)
System.Runtime.CompilerServices.AsyncVoidMethodBuilder:Start<Game.Editor.ExistingEditorValidation/<Run>d__9> (Game.Editor.ExistingEditorValidation/<Run>d__9&)
Game.Editor.ExistingEditorValidation:Run (string,string)
PipelineEvaluation.PipelineEval_f65b2db7/<>c__DisplayClass0_0:<Execute>b__0 ()
UnityEditor.EditorApplication:Internal_CallUpdateFunctions () (at /Users/bokken/build/output/unity/unity/Editor/Mono/EditorApplication.cs:403)

[SkirmishExpandedArmyTests] result=Passed
UnityEngine.Debug:Log (object)
Game.Tests.Editor.SkirmishExpandedArmyTests:RunFocusedValidation () (at Assets/Tests/Editor/SkirmishExpansion/SkirmishExpandedArmyTests.cs:394)
Game.Tests.Editor.SkirmishSharedMaterialsTests:RunFocusedValidation () (at Assets/Tests/Editor/SkirmishExpansion/SkirmishSharedMaterialsTests.cs:487)
Game.Tests.Editor.SkirmishSharedMaterialsTests:<RunBroaderRegressionValidation>g__Run|10_0 (System.Action,string,Game.Tests.Editor.SkirmishSharedMaterialsTests/<>c__DisplayClass10_0&) (at Assets/Tests/Editor/SkirmishExpansion/SkirmishSharedMaterialsTests.cs:314)
Game.Tests.Editor.SkirmishSharedMaterialsTests:RunBroaderRegressionValidation () (at Assets/Tests/Editor/SkirmishExpansion/SkirmishSharedMaterialsTests.cs:317)
Game.Tests.Editor.SkirmishSharedMaterialsTests:RunBroaderAndCampaignValidation () (at Assets/Tests/Editor/SkirmishExpansion/SkirmishSharedMaterialsTests.cs:336)
System.Reflection.MethodBase:Invoke (object,object[])
Game.Editor.ExistingEditorValidation/<Run>d__9:MoveNext () (at Assets/Game/Scripts/Editor/ExistingEditorValidation.cs:93)
System.Runtime.CompilerServices.AsyncVoidMethodBuilder:Start<Game.Editor.ExistingEditorValidation/<Run>d__9> (Game.Editor.ExistingEditorValidation/<Run>d__9&)
Game.Editor.ExistingEditorValidation:Run (string,string)
PipelineEvaluation.PipelineEval_f65b2db7/<>c__DisplayClass0_0:<Execute>b__0 ()
UnityEditor.EditorApplication:Internal_CallUpdateFunctions () (at /Users/bokken/build/output/unity/unity/Editor/Mono/EditorApplication.cs:403)

[SkirmishExpandedEconomyTests] result=Passed
UnityEngine.Debug:Log (object)
Game.Tests.Editor.SkirmishExpandedEconomyTests:RunFocusedValidation () (at Assets/Tests/Editor/SkirmishExpansion/SkirmishExpandedEconomyTests.cs:914)
Game.Tests.Editor.SkirmishSharedMaterialsTests:RunFocusedValidation () (at Assets/Tests/Editor/SkirmishExpansion/SkirmishSharedMaterialsTests.cs:488)
Game.Tests.Editor.SkirmishSharedMaterialsTests:<RunBroaderRegressionValidation>g__Run|10_0 (System.Action,string,Game.Tests.Editor.SkirmishSharedMaterialsTests/<>c__DisplayClass10_0&) (at Assets/Tests/Editor/SkirmishExpansion/SkirmishSharedMaterialsTests.cs:314)
Game.Tests.Editor.SkirmishSharedMaterialsTests:RunBroaderRegressionValidation () (at Assets/Tests/Editor/SkirmishExpansion/SkirmishSharedMaterialsTests.cs:317)
Game.Tests.Editor.SkirmishSharedMaterialsTests:RunBroaderAndCampaignValidation () (at Assets/Tests/Editor/SkirmishExpansion/SkirmishSharedMaterialsTests.cs:336)
System.Reflection.MethodBase:Invoke (object,object[])
Game.Editor.ExistingEditorValidation/<Run>d__9:MoveNext () (at Assets/Game/Scripts/Editor/ExistingEditorValidation.cs:93)
System.Runtime.CompilerServices.AsyncVoidMethodBuilder:Start<Game.Editor.ExistingEditorValidation/<Run>d__9> (Game.Editor.ExistingEditorValidation/<Run>d__9&)
Game.Editor.ExistingEditorValidation:Run (string,string)
PipelineEvaluation.PipelineEval_f65b2db7/<>c__DisplayClass0_0:<Execute>b__0 ()
UnityEditor.EditorApplication:Internal_CallUpdateFunctions () (at /Users/bokken/build/output/unity/unity/Editor/Mono/EditorApplication.cs:403)

'Game.Runtime.SkirmishCheckpointSystem' creates a query during OnUpdate. Please create queries in OnCreate and store them in the system for use in OnUpdate instead. This is significantly faster.
UnityEngine.Debug:LogWarning (object)
Unity.Debug:LogWarning (object) (at ./Library/PackageCache/com.unity.entities@bab66ffaba49/Unity.Entities/Stubs/Unity/Debug.cs:13)
Unity.Entities.SystemState:CheckOnUpdate_Query () (at ./Library/PackageCache/com.unity.entities@bab66ffaba49/Unity.Entities/SystemState.cs:551)
Unity.Entities.SystemState:GetEntityQuery (Unity.Entities.ComponentType) (at ./Library/PackageCache/com.unity.entities@bab66ffaba49/Unity.Entities/SystemState.cs:834)
Game.Runtime.SkirmishCheckpointSystem:OnUpdate (Unity.Entities.SystemState&) (at Assets/Game/Scripts/Runtime/Skirmish/SkirmishCheckpointSystem.cs:23)
Game.Runtime.SkirmishCheckpointSystem:__codegen__OnUpdate (intptr,intptr)
Unity.Entities.SystemBaseRegistry/<>c__DisplayClass9_0:<SelectBurstFn>b__0 (intptr,intptr) (at ./Library/PackageCache/com.unity.entities@bab66ffaba49/Unity.Entities/SystemBaseRegistry.cs:251)
Unity.Entities.WorldUnmanagedImpl/Unity.Entities.UnmanagedUpdate_000015A0$BurstDirectCall:Invoke (void*)
Unity.Entities.WorldUnmanagedImpl:UnmanagedUpdate (void*)
Unity.Entities.WorldUnmanagedImpl:UpdateSystem (Unity.Entities.SystemHandle) (at ./Library/PackageCache/com.unity.entities@bab66ffaba49/Unity.Entities/WorldUnmanaged.cs:942)
Unity.Entities.SystemHandle:Update (Unity.Entities.WorldUnmanaged) (at ./Library/PackageCache/com.unity.entities@bab66ffaba49/Unity.Entities/WorldUnmanaged.cs:169)
Game.Tests.Editor.SkirmishExpandedCheckpointTests:FirstCheckpointSystemRequestAttachesItsDocumentWithoutStructuralIterationFailure () (at Assets/Tests/Editor/SkirmishExpansion/SkirmishExpandedCheckpointTests.cs:46)
Game.Tests.Editor.SkirmishExpandedCheckpointTests:RunFocusedValidation () (at Assets/Tests/Editor/SkirmishExpansion/SkirmishExpandedCheckpointTests.cs:396)
Game.Tests.Editor.SkirmishSharedMaterialsTests:RunFocusedValidation () (at Assets/Tests/Editor/SkirmishExpansion/SkirmishSharedMaterialsTests.cs:489)
Game.Tests.Editor.SkirmishSharedMaterialsTests:<RunBroaderRegressionValidation>g__Run|10_0 (System.Action,string,Game.Tests.Editor.SkirmishSharedMaterialsTests/<>c__DisplayClass10_0&) (at Assets/Tests/Editor/SkirmishExpansion/SkirmishSharedMaterialsTests.cs:314)
Game.Tests.Editor.SkirmishSharedMaterialsTests:RunBroaderRegressionValidation () (at Assets/Tests/Editor/SkirmishExpansion/SkirmishSharedMaterialsTests.cs:317)
Game.Tests.Editor.SkirmishSharedMaterialsTests:RunBroaderAndCampaignValidation () (at Assets/Tests/Editor/SkirmishExpansion/SkirmishSharedMaterialsTests.cs:336)
System.Reflection.MethodBase:Invoke (object,object[])
Game.Editor.ExistingEditorValidation/<Run>d__9:MoveNext () (at Assets/Game/Scripts/Editor/ExistingEditorValidation.cs:93)
System.Runtime.CompilerServices.AsyncVoidMethodBuilder:Start<Game.Editor.ExistingEditorValidation/<Run>d__9> (Game.Editor.ExistingEditorValidation/<Run>d__9&)
Game.Editor.ExistingEditorValidation:Run (string,string)
PipelineEvaluation.PipelineEval_f65b2db7/<>c__DisplayClass0_0:<Execute>b__0 ()
UnityEditor.EditorApplication:Internal_CallUpdateFunctions () (at /Users/bokken/build/output/unity/unity/Editor/Mono/EditorApplication.cs:403)

[SkirmishStress] playRequested=1
UnityEngine.Debug:Log (object)
Game.Composition.SkirmishLaunchProjection:TryRequestPlay (Unity.Entities.EntityManager) (at Assets/Game/Scripts/Composition/SkirmishLaunchProjection.cs:232)
Game.Composition.SkirmishCheckpointCompositionSystemHelper:TryReplayLive (Unity.Entities.EntityManager,Unity.Entities.Entity,string&) (at Assets/Game/Scripts/Composition/Skirmish/SkirmishCheckpointCompositionSystemHelper.cs:167)
Game.Composition.SkirmishCheckpointCompositionSystemHelper:TryConsumeExpandedReplay (Unity.Entities.EntityManager,Unity.Entities.Entity,Game.Components.SkirmishAction) (at Assets/Game/Scripts/Composition/Skirmish/SkirmishCheckpointCompositionSystemHelper.cs:181)
Game.Tests.Editor.SkirmishExpandedCheckpointTests:LivePauseSettlesOnceAndReplayReseedsFreshSession () (at Assets/Tests/Editor/SkirmishExpansion/SkirmishExpandedCheckpointTests.cs:333)
Game.Tests.Editor.SkirmishExpandedCheckpointTests:RunFocusedValidation () (at Assets/Tests/Editor/SkirmishExpansion/SkirmishExpandedCheckpointTests.cs:403)
Game.Tests.Editor.SkirmishSharedMaterialsTests:RunFocusedValidation () (at Assets/Tests/Editor/SkirmishExpansion/SkirmishSharedMaterialsTests.cs:489)
Game.Tests.Editor.SkirmishSharedMaterialsTests:<RunBroaderRegressionValidation>g__Run|10_0 (System.Action,string,Game.Tests.Editor.SkirmishSharedMaterialsTests/<>c__DisplayClass10_0&) (at Assets/Tests/Editor/SkirmishExpansion/SkirmishSharedMaterialsTests.cs:314)
Game.Tests.Editor.SkirmishSharedMaterialsTests:RunBroaderRegressionValidation () (at Assets/Tests/Editor/SkirmishExpansion/SkirmishSharedMaterialsTests.cs:317)
Game.Tests.Editor.SkirmishSharedMaterialsTests:RunBroaderAndCampaignValidation () (at Assets/Tests/Editor/SkirmishExpansion/SkirmishSharedMaterialsTests.cs:336)
System.Reflection.MethodBase:Invoke (object,object[])
Game.Editor.ExistingEditorValidation/<Run>d__9:MoveNext () (at Assets/Game/Scripts/Editor/ExistingEditorValidation.cs:93)
System.Runtime.CompilerServices.AsyncVoidMethodBuilder:Start<Game.Editor.ExistingEditorValidation/<Run>d__9> (Game.Editor.ExistingEditorValidation/<Run>d__9&)
Game.Editor.ExistingEditorValidation:Run (string,string)
PipelineEvaluation.PipelineEval_f65b2db7/<>c__DisplayClass0_0:<Execute>b__0 ()
UnityEditor.EditorApplication:Internal_CallUpdateFunctions () (at /Users/bokken/build/output/unity/unity/Editor/Mono/EditorApplication.cs:403)

[SkirmishExpandedCheckpointTests] result=Passed
UnityEngine.Debug:Log (object)
Game.Tests.Editor.SkirmishExpandedCheckpointTests:RunFocusedValidation () (at Assets/Tests/Editor/SkirmishExpansion/SkirmishExpandedCheckpointTests.cs:405)
Game.Tests.Editor.SkirmishSharedMaterialsTests:RunFocusedValidation () (at Assets/Tests/Editor/SkirmishExpansion/SkirmishSharedMaterialsTests.cs:489)
Game.Tests.Editor.SkirmishSharedMaterialsTests:<RunBroaderRegressionValidation>g__Run|10_0 (System.Action,string,Game.Tests.Editor.SkirmishSharedMaterialsTests/<>c__DisplayClass10_0&) (at Assets/Tests/Editor/SkirmishExpansion/SkirmishSharedMaterialsTests.cs:314)
Game.Tests.Editor.SkirmishSharedMaterialsTests:RunBroaderRegressionValidation () (at Assets/Tests/Editor/SkirmishExpansion/SkirmishSharedMaterialsTests.cs:317)
Game.Tests.Editor.SkirmishSharedMaterialsTests:RunBroaderAndCampaignValidation () (at Assets/Tests/Editor/SkirmishExpansion/SkirmishSharedMaterialsTests.cs:336)
System.Reflection.MethodBase:Invoke (object,object[])
Game.Editor.ExistingEditorValidation/<Run>d__9:MoveNext () (at Assets/Game/Scripts/Editor/ExistingEditorValidation.cs:93)
System.Runtime.CompilerServices.AsyncVoidMethodBuilder:Start<Game.Editor.ExistingEditorValidation/<Run>d__9> (Game.Editor.ExistingEditorValidation/<Run>d__9&)
Game.Editor.ExistingEditorValidation:Run (string,string)
PipelineEvaluation.PipelineEval_f65b2db7/<>c__DisplayClass0_0:<Execute>b__0 ()
UnityEditor.EditorApplication:Internal_CallUpdateFunctions () (at /Users/bokken/build/output/unity/unity/Editor/Mono/EditorApplication.cs:403)

[AriaPlayEditorValidation] selected catalog=S002 definition=skirmish.s002 version=2 size=Standard difficulty=Regular seed=104731 locale=en
UnityEngine.Debug:Log (object)
Game.Editor.AriaPlayEditorValidation:AcceptExpandedPayload (Game.Configs.SkirmishAriaAcceptancePayload&) (at Assets/Game/Scripts/Editor/AriaPlayEditorValidation.cs:113)
Game.Tests.Editor.SkirmishS002AriaHarnessTests:PayloadLoggersDoNotStampVictory () (at Assets/Tests/Editor/SkirmishExpansion/SkirmishS002AriaHarnessTests.cs:1028)
Game.Tests.Editor.SkirmishS002AriaHarnessTests:RunFocusedValidation () (at Assets/Tests/Editor/SkirmishExpansion/SkirmishS002AriaHarnessTests.cs:1434)
Game.Tests.Editor.SkirmishSharedMaterialsTests:RunFocusedValidation () (at Assets/Tests/Editor/SkirmishExpansion/SkirmishSharedMaterialsTests.cs:490)
Game.Tests.Editor.SkirmishSharedMaterialsTests:<RunBroaderRegressionValidation>g__Run|10_0 (System.Action,string,Game.Tests.Editor.SkirmishSharedMaterialsTests/<>c__DisplayClass10_0&) (at Assets/Tests/Editor/SkirmishExpansion/SkirmishSharedMaterialsTests.cs:314)
Game.Tests.Editor.SkirmishSharedMaterialsTests:RunBroaderRegressionValidation () (at Assets/Tests/Editor/SkirmishExpansion/SkirmishSharedMaterialsTests.cs:317)
Game.Tests.Editor.SkirmishSharedMaterialsTests:RunBroaderAndCampaignValidation () (at Assets/Tests/Editor/SkirmishExpansion/SkirmishSharedMaterialsTests.cs:336)
System.Reflection.MethodBase:Invoke (object,object[])
Game.Editor.ExistingEditorValidation/<Run>d__9:MoveNext () (at Assets/Game/Scripts/Editor/ExistingEditorValidation.cs:93)
System.Runtime.CompilerServices.AsyncVoidMethodBuilder:Start<Game.Editor.ExistingEditorValidation/<Run>d__9> (Game.Editor.ExistingEditorValidation/<Run>d__9&)
Game.Editor.ExistingEditorValidation:Run (string,string)
PipelineEvaluation.PipelineEval_f65b2db7/<>c__DisplayClass0_0:<Execute>b__0 ()
UnityEditor.EditorApplication:Internal_CallUpdateFunctions () (at /Users/bokken/build/output/unity/unity/Editor/Mono/EditorApplication.cs:403)

[SkirmishExpandedAriaWatch] selected catalog=S002 definition=skirmish.s002 version=2 size=Standard difficulty=Regular seed=155923 locale=fa-IR
UnityEngine.Debug:Log (object)
Game.Editor.SkirmishExpandedAriaWatchValidation:AcceptExpandedPayload (Game.Configs.SkirmishAriaAcceptancePayload&) (at Assets/Game/Scripts/Editor/Skirmish/SkirmishExpandedAriaWatchValidation.cs:32)
Game.Editor.SkirmishExpandedAriaWatchValidation:AcceptExpandedPayload (string,Game.Skirmish.Contracts.SkirmishSizeId,Game.Skirmish.Contracts.SkirmishDifficultyId,int,string) (at Assets/Game/Scripts/Editor/Skirmish/SkirmishExpandedAriaWatchValidation.cs:55)
Game.Tests.Editor.SkirmishS002AriaHarnessTests:PayloadLoggersDoNotStampVictory () (at Assets/Tests/Editor/SkirmishExpansion/SkirmishS002AriaHarnessTests.cs:1029)
Game.Tests.Editor.SkirmishS002AriaHarnessTests:RunFocusedValidation () (at Assets/Tests/Editor/SkirmishExpansion/SkirmishS002AriaHarnessTests.cs:1434)
Game.Tests.Editor.SkirmishSharedMaterialsTests:RunFocusedValidation () (at Assets/Tests/Editor/SkirmishExpansion/SkirmishSharedMaterialsTests.cs:490)
Game.Tests.Editor.SkirmishSharedMaterialsTests:<RunBroaderRegressionValidation>g__Run|10_0 (System.Action,string,Game.Tests.Editor.SkirmishSharedMaterialsTests/<>c__DisplayClass10_0&) (at Assets/Tests/Editor/SkirmishExpansion/SkirmishSharedMaterialsTests.cs:314)
Game.Tests.Editor.SkirmishSharedMaterialsTests:RunBroaderRegressionValidation () (at Assets/Tests/Editor/SkirmishExpansion/SkirmishSharedMaterialsTests.cs:317)
Game.Tests.Editor.SkirmishSharedMaterialsTests:RunBroaderAndCampaignValidation () (at Assets/Tests/Editor/SkirmishExpansion/SkirmishSharedMaterialsTests.cs:336)
System.Reflection.MethodBase:Invoke (object,object[])
Game.Editor.ExistingEditorValidation/<Run>d__9:MoveNext () (at Assets/Game/Scripts/Editor/ExistingEditorValidation.cs:93)
System.Runtime.CompilerServices.AsyncVoidMethodBuilder:Start<Game.Editor.ExistingEditorValidation/<Run>d__9> (Game.Editor.ExistingEditorValidation/<Run>d__9&)
Game.Editor.ExistingEditorValidation:Run (string,string)
PipelineEvaluation.PipelineEval_f65b2db7/<>c__DisplayClass0_0:<Execute>b__0 ()
UnityEditor.EditorApplication:Internal_CallUpdateFunctions () (at /Users/bokken/build/output/unity/unity/Editor/Mono/EditorApplication.cs:403)

'Game.Runtime.SkirmishSessionCleanupSystem' creates a query during OnUpdate. Please create queries in OnCreate and store them in the system for use in OnUpdate instead. This is significantly faster.
UnityEngine.Debug:LogWarning (object)
Unity.Debug:LogWarning (object) (at ./Library/PackageCache/com.unity.entities@bab66ffaba49/Unity.Entities/Stubs/Unity/Debug.cs:13)
Unity.Entities.SystemState:CheckOnUpdate_Query () (at ./Library/PackageCache/com.unity.entities@bab66ffaba49/Unity.Entities/SystemState.cs:551)
Unity.Entities.SystemState:GetEntityQuery (Unity.Entities.ComponentType) (at ./Library/PackageCache/com.unity.entities@bab66ffaba49/Unity.Entities/SystemState.cs:834)
Game.Runtime.SkirmishSessionCleanupSystem:OnUpdate (Unity.Entities.SystemState&) (at Assets/Game/Scripts/Runtime/Skirmish/SkirmishSessionCleanupSystem.cs:22)
Game.Runtime.SkirmishSessionCleanupSystem:__codegen__OnUpdate (intptr,intptr)
Unity.Entities.SystemBaseRegistry/<>c__DisplayClass9_0:<SelectBurstFn>b__0 (intptr,intptr) (at ./Library/PackageCache/com.unity.entities@bab66ffaba49/Unity.Entities/SystemBaseRegistry.cs:251)
Unity.Entities.WorldUnmanagedImpl/Unity.Entities.UnmanagedUpdate_000015A0$BurstDirectCall:Invoke (void*)
Unity.Entities.WorldUnmanagedImpl:UnmanagedUpdate (void*)
Unity.Entities.WorldUnmanagedImpl:UpdateSystem (Unity.Entities.SystemHandle) (at ./Library/PackageCache/com.unity.entities@bab66ffaba49/Unity.Entities/WorldUnmanaged.cs:942)
Unity.Entities.SystemHandle:Update (Unity.Entities.WorldUnmanaged) (at ./Library/PackageCache/com.unity.entities@bab66ffaba49/Unity.Entities/WorldUnmanaged.cs:169)
Game.Tests.Editor.SkirmishS002AriaHarnessTests:FinishedMatchRetainsActorsAndSetupUntilExplicitCleanup () (at Assets/Tests/Editor/SkirmishExpansion/SkirmishS002AriaHarnessTests.cs:1144)
Game.Tests.Editor.SkirmishS002AriaHarnessTests:RunFocusedValidation () (at Assets/Tests/Editor/SkirmishExpansion/SkirmishS002AriaHarnessTests.cs:1438)
Game.Tests.Editor.SkirmishSharedMaterialsTests:RunFocusedValidation () (at Assets/Tests/Editor/SkirmishExpansion/SkirmishSharedMaterialsTests.cs:490)
Game.Tests.Editor.SkirmishSharedMaterialsTests:<RunBroaderRegressionValidation>g__Run|10_0 (System.Action,string,Game.Tests.Editor.SkirmishSharedMaterialsTests/<>c__DisplayClass10_0&) (at Assets/Tests/Editor/SkirmishExpansion/SkirmishSharedMaterialsTests.cs:314)
Game.Tests.Editor.SkirmishSharedMaterialsTests:RunBroaderRegressionValidation () (at Assets/Tests/Editor/SkirmishExpansion/SkirmishSharedMaterialsTests.cs:317)
Game.Tests.Editor.SkirmishSharedMaterialsTests:RunBroaderAndCampaignValidation () (at Assets/Tests/Editor/SkirmishExpansion/SkirmishSharedMaterialsTests.cs:336)
System.Reflection.MethodBase:Invoke (object,object[])
Game.Editor.ExistingEditorValidation/<Run>d__9:MoveNext () (at Assets/Game/Scripts/Editor/ExistingEditorValidation.cs:93)
System.Runtime.CompilerServices.AsyncVoidMethodBuilder:Start<Game.Editor.ExistingEditorValidation/<Run>d__9> (Game.Editor.ExistingEditorValidation/<Run>d__9&)
Game.Editor.ExistingEditorValidation:Run (string,string)
PipelineEvaluation.PipelineEval_f65b2db7/<>c__DisplayClass0_0:<Execute>b__0 ()
UnityEditor.EditorApplication:Internal_CallUpdateFunctions () (at /Users/bokken/build/output/unity/unity/Editor/Mono/EditorApplication.cs:403)

[SkirmishS002AriaHarnessTests] result=Passed
UnityEngine.Debug:Log (object)
Game.Tests.Editor.SkirmishS002AriaHarnessTests:RunFocusedValidation () (at Assets/Tests/Editor/SkirmishExpansion/SkirmishS002AriaHarnessTests.cs:1442)
Game.Tests.Editor.SkirmishSharedMaterialsTests:RunFocusedValidation () (at Assets/Tests/Editor/SkirmishExpansion/SkirmishSharedMaterialsTests.cs:490)
Game.Tests.Editor.SkirmishSharedMaterialsTests:<RunBroaderRegressionValidation>g__Run|10_0 (System.Action,string,Game.Tests.Editor.SkirmishSharedMaterialsTests/<>c__DisplayClass10_0&) (at Assets/Tests/Editor/SkirmishExpansion/SkirmishSharedMaterialsTests.cs:314)
Game.Tests.Editor.SkirmishSharedMaterialsTests:RunBroaderRegressionValidation () (at Assets/Tests/Editor/SkirmishExpansion/SkirmishSharedMaterialsTests.cs:317)
Game.Tests.Editor.SkirmishSharedMaterialsTests:RunBroaderAndCampaignValidation () (at Assets/Tests/Editor/SkirmishExpansion/SkirmishSharedMaterialsTests.cs:336)
System.Reflection.MethodBase:Invoke (object,object[])
Game.Editor.ExistingEditorValidation/<Run>d__9:MoveNext () (at Assets/Game/Scripts/Editor/ExistingEditorValidation.cs:93)
System.Runtime.CompilerServices.AsyncVoidMethodBuilder:Start<Game.Editor.ExistingEditorValidation/<Run>d__9> (Game.Editor.ExistingEditorValidation/<Run>d__9&)
Game.Editor.ExistingEditorValidation:Run (string,string)
PipelineEvaluation.PipelineEval_f65b2db7/<>c__DisplayClass0_0:<Execute>b__0 ()
UnityEditor.EditorApplication:Internal_CallUpdateFunctions () (at /Users/bokken/build/output/unity/unity/Editor/Mono/EditorApplication.cs:403)

[AriaTouchInput] physicalTakeover device=AriaInputFixturePhysicalMouse type=FastMouse generated=False
UnityEngine.Debug:Log (object)
Game.UI.Runtime.AriaTouchInputUiSystemHelper:OnInputEvent (UnityEngine.InputSystem.LowLevel.InputEventPtr,UnityEngine.InputSystem.InputDevice) (at Assets/Game/Scripts/UI/Screens/AriaTouchInputUiSystemHelper.cs:183)
UnityEngine.InputSystem.LowLevel.NativeInputRuntime/<>c__DisplayClass7_0:<set_onUpdate>b__0 (UnityEngineInternal.Input.NativeInputUpdateType,UnityEngineInternal.Input.NativeInputEventBuffer*)
UnityEngineInternal.Input.NativeInputSystem:NotifyUpdate (UnityEngineInternal.Input.NativeInputUpdateType,intptr) (at /Users/bokken/build/output/unity/unity/Modules/Input/Private/Input.cs:132)
System.Reflection.MethodBase:Invoke (object,object[])
Game.Editor.AriaTouchInputValidation:PumpInput () (at Assets/Game/Scripts/Editor/AriaTouchInputValidation.cs:211)
Game.Editor.AriaTouchInputValidation:Run () (at Assets/Game/Scripts/Editor/AriaTouchInputValidation.cs:110)
Game.Tests.Editor.SkirmishSharedMaterialsTests:RunFocusedValidation () (at Assets/Tests/Editor/SkirmishExpansion/SkirmishSharedMaterialsTests.cs:491)
Game.Tests.Editor.SkirmishSharedMaterialsTests:<RunBroaderRegressionValidation>g__Run|10_0 (System.Action,string,Game.Tests.Editor.SkirmishSharedMaterialsTests/<>c__DisplayClass10_0&) (at Assets/Tests/Editor/SkirmishExpansion/SkirmishSharedMaterialsTests.cs:314)
Game.Tests.Editor.SkirmishSharedMaterialsTests:RunBroaderRegressionValidation () (at Assets/Tests/Editor/SkirmishExpansion/SkirmishSharedMaterialsTests.cs:317)
Game.Tests.Editor.SkirmishSharedMaterialsTests:RunBroaderAndCampaignValidation () (at Assets/Tests/Editor/SkirmishExpansion/SkirmishSharedMaterialsTests.cs:336)
System.Reflection.MethodBase:Invoke (object,object[])
Game.Editor.ExistingEditorValidation/<Run>d__9:MoveNext () (at Assets/Game/Scripts/Editor/ExistingEditorValidation.cs:93)
System.Runtime.CompilerServices.AsyncVoidMethodBuilder:Start<Game.Editor.ExistingEditorValidation/<Run>d__9> (Game.Editor.ExistingEditorValidation/<Run>d__9&)
Game.Editor.ExistingEditorValidation:Run (string,string)
PipelineEvaluation.PipelineEval_f65b2db7/<>c__DisplayClass0_0:<Execute>b__0 ()
UnityEditor.EditorApplication:Internal_CallUpdateFunctions () (at /Users/bokken/build/output/unity/unity/Editor/Mono/EditorApplication.cs:403)

[AriaTouchInput] physicalTakeover device=AriaInputFixturePhysicalMouse type=FastMouse generated=False
UnityEngine.Debug:Log (object)
Game.UI.Runtime.AriaTouchInputUiSystemHelper:OnInputEvent (UnityEngine.InputSystem.LowLevel.InputEventPtr,UnityEngine.InputSystem.InputDevice) (at Assets/Game/Scripts/UI/Screens/AriaTouchInputUiSystemHelper.cs:183)
UnityEngine.InputSystem.LowLevel.NativeInputRuntime/<>c__DisplayClass7_0:<set_onUpdate>b__0 (UnityEngineInternal.Input.NativeInputUpdateType,UnityEngineInternal.Input.NativeInputEventBuffer*)
UnityEngineInternal.Input.NativeInputSystem:NotifyUpdate (UnityEngineInternal.Input.NativeInputUpdateType,intptr) (at /Users/bokken/build/output/unity/unity/Modules/Input/Private/Input.cs:132)
System.Reflection.MethodBase:Invoke (object,object[])
Game.Editor.AriaTouchInputValidation:PumpInput () (at Assets/Game/Scripts/Editor/AriaTouchInputValidation.cs:211)
Game.Editor.AriaTouchInputValidation:Run () (at Assets/Game/Scripts/Editor/AriaTouchInputValidation.cs:129)
Game.Tests.Editor.SkirmishSharedMaterialsTests:RunFocusedValidation () (at Assets/Tests/Editor/SkirmishExpansion/SkirmishSharedMaterialsTests.cs:491)
Game.Tests.Editor.SkirmishSharedMaterialsTests:<RunBroaderRegressionValidation>g__Run|10_0 (System.Action,string,Game.Tests.Editor.SkirmishSharedMaterialsTests/<>c__DisplayClass10_0&) (at Assets/Tests/Editor/SkirmishExpansion/SkirmishSharedMaterialsTests.cs:314)
Game.Tests.Editor.SkirmishSharedMaterialsTests:RunBroaderRegressionValidation () (at Assets/Tests/Editor/SkirmishExpansion/SkirmishSharedMaterialsTests.cs:317)
Game.Tests.Editor.SkirmishSharedMaterialsTests:RunBroaderAndCampaignValidation () (at Assets/Tests/Editor/SkirmishExpansion/SkirmishSharedMaterialsTests.cs:336)
System.Reflection.MethodBase:Invoke (object,object[])
Game.Editor.ExistingEditorValidation/<Run>d__9:MoveNext () (at Assets/Game/Scripts/Editor/ExistingEditorValidation.cs:93)
System.Runtime.CompilerServices.AsyncVoidMethodBuilder:Start<Game.Editor.ExistingEditorValidation/<Run>d__9> (Game.Editor.ExistingEditorValidation/<Run>d__9&)
Game.Editor.ExistingEditorValidation:Run (string,string)
PipelineEvaluation.PipelineEval_f65b2db7/<>c__DisplayClass0_0:<Execute>b__0 ()
UnityEditor.EditorApplication:Internal_CallUpdateFunctions () (at /Users/bokken/build/output/unity/unity/Editor/Mono/EditorApplication.cs:403)

[AriaTouchInput] physicalTakeover device=AriaInputFixturePhysicalTouch type=FastTouchscreen generated=False
UnityEngine.Debug:Log (object)
Game.UI.Runtime.AriaTouchInputUiSystemHelper:OnInputEvent (UnityEngine.InputSystem.LowLevel.InputEventPtr,UnityEngine.InputSystem.InputDevice) (at Assets/Game/Scripts/UI/Screens/AriaTouchInputUiSystemHelper.cs:183)
UnityEngine.InputSystem.LowLevel.NativeInputRuntime/<>c__DisplayClass7_0:<set_onUpdate>b__0 (UnityEngineInternal.Input.NativeInputUpdateType,UnityEngineInternal.Input.NativeInputEventBuffer*)
UnityEngineInternal.Input.NativeInputSystem:NotifyUpdate (UnityEngineInternal.Input.NativeInputUpdateType,intptr) (at /Users/bokken/build/output/unity/unity/Modules/Input/Private/Input.cs:132)
System.Reflection.MethodBase:Invoke (object,object[])
Game.Editor.AriaTouchInputValidation:PumpInput () (at Assets/Game/Scripts/Editor/AriaTouchInputValidation.cs:211)
Game.Editor.AriaTouchInputValidation:Run () (at Assets/Game/Scripts/Editor/AriaTouchInputValidation.cs:143)
Game.Tests.Editor.SkirmishSharedMaterialsTests:RunFocusedValidation () (at Assets/Tests/Editor/SkirmishExpansion/SkirmishSharedMaterialsTests.cs:491)
Game.Tests.Editor.SkirmishSharedMaterialsTests:<RunBroaderRegressionValidation>g__Run|10_0 (System.Action,string,Game.Tests.Editor.SkirmishSharedMaterialsTests/<>c__DisplayClass10_0&) (at Assets/Tests/Editor/SkirmishExpansion/SkirmishSharedMaterialsTests.cs:314)
Game.Tests.Editor.SkirmishSharedMaterialsTests:RunBroaderRegressionValidation () (at Assets/Tests/Editor/SkirmishExpansion/SkirmishSharedMaterialsTests.cs:317)
Game.Tests.Editor.SkirmishSharedMaterialsTests:RunBroaderAndCampaignValidation () (at Assets/Tests/Editor/SkirmishExpansion/SkirmishSharedMaterialsTests.cs:336)
System.Reflection.MethodBase:Invoke (object,object[])
Game.Editor.ExistingEditorValidation/<Run>d__9:MoveNext () (at Assets/Game/Scripts/Editor/ExistingEditorValidation.cs:93)
System.Runtime.CompilerServices.AsyncVoidMethodBuilder:Start<Game.Editor.ExistingEditorValidation/<Run>d__9> (Game.Editor.ExistingEditorValidation/<Run>d__9&)
Game.Editor.ExistingEditorValidation:Run (string,string)
PipelineEvaluation.PipelineEval_f65b2db7/<>c__DisplayClass0_0:<Execute>b__0 ()
UnityEditor.EditorApplication:Internal_CallUpdateFunctions () (at /Users/bokken/build/output/unity/unity/Editor/Mono/EditorApplication.cs:403)

[AriaTouchInputValidation] result=Passed cases=22
UnityEngine.Debug:Log (object)
Game.Editor.AriaTouchInputValidation:Run () (at Assets/Game/Scripts/Editor/AriaTouchInputValidation.cs:171)
Game.Tests.Editor.SkirmishSharedMaterialsTests:RunFocusedValidation () (at Assets/Tests/Editor/SkirmishExpansion/SkirmishSharedMaterialsTests.cs:491)
Game.Tests.Editor.SkirmishSharedMaterialsTests:<RunBroaderRegressionValidation>g__Run|10_0 (System.Action,string,Game.Tests.Editor.SkirmishSharedMaterialsTests/<>c__DisplayClass10_0&) (at Assets/Tests/Editor/SkirmishExpansion/SkirmishSharedMaterialsTests.cs:314)
Game.Tests.Editor.SkirmishSharedMaterialsTests:RunBroaderRegressionValidation () (at Assets/Tests/Editor/SkirmishExpansion/SkirmishSharedMaterialsTests.cs:317)
Game.Tests.Editor.SkirmishSharedMaterialsTests:RunBroaderAndCampaignValidation () (at Assets/Tests/Editor/SkirmishExpansion/SkirmishSharedMaterialsTests.cs:336)
System.Reflection.MethodBase:Invoke (object,object[])
Game.Editor.ExistingEditorValidation/<Run>d__9:MoveNext () (at Assets/Game/Scripts/Editor/ExistingEditorValidation.cs:93)
System.Runtime.CompilerServices.AsyncVoidMethodBuilder:Start<Game.Editor.ExistingEditorValidation/<Run>d__9> (Game.Editor.ExistingEditorValidation/<Run>d__9&)
Game.Editor.ExistingEditorValidation:Run (string,string)
PipelineEvaluation.PipelineEval_f65b2db7/<>c__DisplayClass0_0:<Execute>b__0 ()
UnityEditor.EditorApplication:Internal_CallUpdateFunctions () (at /Users/bokken/build/output/unity/unity/Editor/Mono/EditorApplication.cs:403)

DefaultInputActions: Destroy may not be called from edit mode! Use DestroyImmediate instead.
Destroying an object in edit mode destroys it permanently
System.Reflection.MethodBase:Invoke (object,object[])
Game.Editor.AriaTouchInputValidation:Run () (at Assets/Game/Scripts/Editor/AriaTouchInputValidation.cs:186)
Game.Tests.Editor.SkirmishSharedMaterialsTests:RunFocusedValidation () (at Assets/Tests/Editor/SkirmishExpansion/SkirmishSharedMaterialsTests.cs:491)
Game.Tests.Editor.SkirmishSharedMaterialsTests:<RunBroaderRegressionValidation>g__Run|10_0 (System.Action,string,Game.Tests.Editor.SkirmishSharedMaterialsTests/<>c__DisplayClass10_0&) (at Assets/Tests/Editor/SkirmishExpansion/SkirmishSharedMaterialsTests.cs:314)
Game.Tests.Editor.SkirmishSharedMaterialsTests:RunBroaderRegressionValidation () (at Assets/Tests/Editor/SkirmishExpansion/SkirmishSharedMaterialsTests.cs:317)
Game.Tests.Editor.SkirmishSharedMaterialsTests:RunBroaderAndCampaignValidation () (at Assets/Tests/Editor/SkirmishExpansion/SkirmishSharedMaterialsTests.cs:336)
System.Reflection.MethodBase:Invoke (object,object[])
Game.Editor.ExistingEditorValidation/<Run>d__9:MoveNext () (at Assets/Game/Scripts/Editor/ExistingEditorValidation.cs:93)
System.Runtime.CompilerServices.AsyncVoidMethodBuilder:Start<Game.Editor.ExistingEditorValidation/<Run>d__9> (Game.Editor.ExistingEditorValidation/<Run>d__9&)
Game.Editor.ExistingEditorValidation:Run (string,string)
PipelineEvaluation.PipelineEval_f65b2db7/<>c__DisplayClass0_0:<Execute>b__0 ()
UnityEditor.EditorApplication:Internal_CallUpdateFunctions ()

[SkirmishSharedMaterialsTests] result=Passed
UnityEngine.Debug:Log (object)
Game.Tests.Editor.SkirmishSharedMaterialsTests:RunFocusedValidation () (at Assets/Tests/Editor/SkirmishExpansion/SkirmishSharedMaterialsTests.cs:508)
Game.Tests.Editor.SkirmishSharedMaterialsTests:<RunBroaderRegressionValidation>g__Run|10_0 (System.Action,string,Game.Tests.Editor.SkirmishSharedMaterialsTests/<>c__DisplayClass10_0&) (at Assets/Tests/Editor/SkirmishExpansion/SkirmishSharedMaterialsTests.cs:314)
Game.Tests.Editor.SkirmishSharedMaterialsTests:RunBroaderRegressionValidation () (at Assets/Tests/Editor/SkirmishExpansion/SkirmishSharedMaterialsTests.cs:317)
Game.Tests.Editor.SkirmishSharedMaterialsTests:RunBroaderAndCampaignValidation () (at Assets/Tests/Editor/SkirmishExpansion/SkirmishSharedMaterialsTests.cs:336)
System.Reflection.MethodBase:Invoke (object,object[])
Game.Editor.ExistingEditorValidation/<Run>d__9:MoveNext () (at Assets/Game/Scripts/Editor/ExistingEditorValidation.cs:93)
System.Runtime.CompilerServices.AsyncVoidMethodBuilder:Start<Game.Editor.ExistingEditorValidation/<Run>d__9> (Game.Editor.ExistingEditorValidation/<Run>d__9&)
Game.Editor.ExistingEditorValidation:Run (string,string)
PipelineEvaluation.PipelineEval_f65b2db7/<>c__DisplayClass0_0:<Execute>b__0 ()
UnityEditor.EditorApplication:Internal_CallUpdateFunctions () (at /Users/bokken/build/output/unity/unity/Editor/Mono/EditorApplication.cs:403)

[FactionTacticalMaterialsFocusedValidation] result=Passed tests=9
UnityEngine.Debug:Log (object)
FactionTacticalMaterialsUtilitySystemHelperTests:RunFocusedValidation () (at Assets/Tests/Editor/FactionTacticalMaterialsUtilitySystemHelperTests.cs:23)
Game.Tests.Editor.SkirmishSharedMaterialsTests:<RunBroaderRegressionValidation>g__Run|10_0 (System.Action,string,Game.Tests.Editor.SkirmishSharedMaterialsTests/<>c__DisplayClass10_0&) (at Assets/Tests/Editor/SkirmishExpansion/SkirmishSharedMaterialsTests.cs:314)
Game.Tests.Editor.SkirmishSharedMaterialsTests:RunBroaderRegressionValidation () (at Assets/Tests/Editor/SkirmishExpansion/SkirmishSharedMaterialsTests.cs:318)
Game.Tests.Editor.SkirmishSharedMaterialsTests:RunBroaderAndCampaignValidation () (at Assets/Tests/Editor/SkirmishExpansion/SkirmishSharedMaterialsTests.cs:336)
System.Reflection.MethodBase:Invoke (object,object[])
Game.Editor.ExistingEditorValidation/<Run>d__9:MoveNext () (at Assets/Game/Scripts/Editor/ExistingEditorValidation.cs:93)
System.Runtime.CompilerServices.AsyncVoidMethodBuilder:Start<Game.Editor.ExistingEditorValidation/<Run>d__9> (Game.Editor.ExistingEditorValidation/<Run>d__9&)
Game.Editor.ExistingEditorValidation:Run (string,string)
PipelineEvaluation.PipelineEval_f65b2db7/<>c__DisplayClass0_0:<Execute>b__0 ()
UnityEditor.EditorApplication:Internal_CallUpdateFunctions () (at /Users/bokken/build/output/unity/unity/Editor/Mono/EditorApplication.cs:403)

[SkirmishLaunch] queued expanded catalog=S002 definition=skirmish.s002 start=EstablishedBase difficulty=Regular size=Standard seed=104731 mapHint=0
UnityEngine.Debug:Log (object)
Game.Composition.SkirmishLaunchProjection:TryQueueExpanded (Unity.Entities.EntityManager,string,int) (at Assets/Game/Scripts/Composition/SkirmishLaunchProjection.cs:132)
Game.Composition.SkirmishLaunchProjection:TryQueue (Unity.Entities.EntityManager,Game.Configs.QuickGameConfig) (at Assets/Game/Scripts/Composition/SkirmishLaunchProjection.cs:58)
Game.Tests.Editor.SkirmishExpandedDefinitionTests:LibraryDispatchIndexQueuesEstablishedS002 () (at Assets/Tests/Editor/SkirmishExpansion/SkirmishExpandedDefinitionTests.cs:864)
Game.Tests.Editor.SkirmishExpandedDefinitionTests:RunFocusedValidation () (at Assets/Tests/Editor/SkirmishExpansion/SkirmishExpandedDefinitionTests.cs:1031)
Game.Tests.Editor.SkirmishSharedMaterialsTests:<RunBroaderRegressionValidation>g__Run|10_0 (System.Action,string,Game.Tests.Editor.SkirmishSharedMaterialsTests/<>c__DisplayClass10_0&) (at Assets/Tests/Editor/SkirmishExpansion/SkirmishSharedMaterialsTests.cs:314)
Game.Tests.Editor.SkirmishSharedMaterialsTests:RunBroaderRegressionValidation () (at Assets/Tests/Editor/SkirmishExpansion/SkirmishSharedMaterialsTests.cs:319)
Game.Tests.Editor.SkirmishSharedMaterialsTests:RunBroaderAndCampaignValidation () (at Assets/Tests/Editor/SkirmishExpansion/SkirmishSharedMaterialsTests.cs:336)
System.Reflection.MethodBase:Invoke (object,object[])
Game.Editor.ExistingEditorValidation/<Run>d__9:MoveNext () (at Assets/Game/Scripts/Editor/ExistingEditorValidation.cs:93)
System.Runtime.CompilerServices.AsyncVoidMethodBuilder:Start<Game.Editor.ExistingEditorValidation/<Run>d__9> (Game.Editor.ExistingEditorValidation/<Run>d__9&)
Game.Editor.ExistingEditorValidation:Run (string,string)
PipelineEvaluation.PipelineEval_f65b2db7/<>c__DisplayClass0_0:<Execute>b__0 ()
UnityEditor.EditorApplication:Internal_CallUpdateFunctions () (at /Users/bokken/build/output/unity/unity/Editor/Mono/EditorApplication.cs:403)

[SkirmishLaunch] queued expanded catalog=S003 definition=skirmish.s003 start=FieldBase difficulty=Regular size=Standard seed=104732 mapHint=0
UnityEngine.Debug:Log (object)
Game.Composition.SkirmishLaunchProjection:TryQueueExpanded (Unity.Entities.EntityManager,string,int) (at Assets/Game/Scripts/Composition/SkirmishLaunchProjection.cs:132)
Game.Composition.SkirmishLaunchProjection:TryQueue (Unity.Entities.EntityManager,Game.Configs.QuickGameConfig) (at Assets/Game/Scripts/Composition/SkirmishLaunchProjection.cs:60)
Game.Tests.Editor.SkirmishExpandedDefinitionTests:LibraryDispatchIndexQueuesAirMobileS003 () (at Assets/Tests/Editor/SkirmishExpansion/SkirmishExpandedDefinitionTests.cs:889)
Game.Tests.Editor.SkirmishExpandedDefinitionTests:RunFocusedValidation () (at Assets/Tests/Editor/SkirmishExpansion/SkirmishExpandedDefinitionTests.cs:1032)
Game.Tests.Editor.SkirmishSharedMaterialsTests:<RunBroaderRegressionValidation>g__Run|10_0 (System.Action,string,Game.Tests.Editor.SkirmishSharedMaterialsTests/<>c__DisplayClass10_0&) (at Assets/Tests/Editor/SkirmishExpansion/SkirmishSharedMaterialsTests.cs:314)
Game.Tests.Editor.SkirmishSharedMaterialsTests:RunBroaderRegressionValidation () (at Assets/Tests/Editor/SkirmishExpansion/SkirmishSharedMaterialsTests.cs:319)
Game.Tests.Editor.SkirmishSharedMaterialsTests:RunBroaderAndCampaignValidation () (at Assets/Tests/Editor/SkirmishExpansion/SkirmishSharedMaterialsTests.cs:336)
System.Reflection.MethodBase:Invoke (object,object[])
Game.Editor.ExistingEditorValidation/<Run>d__9:MoveNext () (at Assets/Game/Scripts/Editor/ExistingEditorValidation.cs:93)
System.Runtime.CompilerServices.AsyncVoidMethodBuilder:Start<Game.Editor.ExistingEditorValidation/<Run>d__9> (Game.Editor.ExistingEditorValidation/<Run>d__9&)
Game.Editor.ExistingEditorValidation:Run (string,string)
PipelineEvaluation.PipelineEval_f65b2db7/<>c__DisplayClass0_0:<Execute>b__0 ()
UnityEditor.EditorApplication:Internal_CallUpdateFunctions () (at /Users/bokken/build/output/unity/unity/Editor/Mono/EditorApplication.cs:403)

[SkirmishLaunch] queued expanded catalog=S004 definition=skirmish.s004 start=EstablishedBase difficulty=Regular size=Standard seed=104733 mapHint=0
UnityEngine.Debug:Log (object)
Game.Composition.SkirmishLaunchProjection:TryQueueExpanded (Unity.Entities.EntityManager,string,int) (at Assets/Game/Scripts/Composition/SkirmishLaunchProjection.cs:132)
Game.Composition.SkirmishLaunchProjection:TryQueue (Unity.Entities.EntityManager,Game.Configs.QuickGameConfig) (at Assets/Game/Scripts/Composition/SkirmishLaunchProjection.cs:62)
Game.Tests.Editor.SkirmishExpandedDefinitionTests:LibraryDispatchIndexQueuesEstablishedAirMobileS004 () (at Assets/Tests/Editor/SkirmishExpansion/SkirmishExpandedDefinitionTests.cs:916)
Game.Tests.Editor.SkirmishExpandedDefinitionTests:RunFocusedValidation () (at Assets/Tests/Editor/SkirmishExpansion/SkirmishExpandedDefinitionTests.cs:1033)
Game.Tests.Editor.SkirmishSharedMaterialsTests:<RunBroaderRegressionValidation>g__Run|10_0 (System.Action,string,Game.Tests.Editor.SkirmishSharedMaterialsTests/<>c__DisplayClass10_0&) (at Assets/Tests/Editor/SkirmishExpansion/SkirmishSharedMaterialsTests.cs:314)
Game.Tests.Editor.SkirmishSharedMaterialsTests:RunBroaderRegressionValidation () (at Assets/Tests/Editor/SkirmishExpansion/SkirmishSharedMaterialsTests.cs:319)
Game.Tests.Editor.SkirmishSharedMaterialsTests:RunBroaderAndCampaignValidation () (at Assets/Tests/Editor/SkirmishExpansion/SkirmishSharedMaterialsTests.cs:336)
System.Reflection.MethodBase:Invoke (object,object[])
Game.Editor.ExistingEditorValidation/<Run>d__9:MoveNext () (at Assets/Game/Scripts/Editor/ExistingEditorValidation.cs:93)
System.Runtime.CompilerServices.AsyncVoidMethodBuilder:Start<Game.Editor.ExistingEditorValidation/<Run>d__9> (Game.Editor.ExistingEditorValidation/<Run>d__9&)
Game.Editor.ExistingEditorValidation:Run (string,string)
PipelineEvaluation.PipelineEval_f65b2db7/<>c__DisplayClass0_0:<Execute>b__0 ()
UnityEditor.EditorApplication:Internal_CallUpdateFunctions () (at /Users/bokken/build/output/unity/unity/Editor/Mono/EditorApplication.cs:403)

[SkirmishExpandedDefinitionTests] result=Passed
UnityEngine.Debug:Log (object)
Game.Tests.Editor.SkirmishExpandedDefinitionTests:RunFocusedValidation () (at Assets/Tests/Editor/SkirmishExpansion/SkirmishExpandedDefinitionTests.cs:1055)
Game.Tests.Editor.SkirmishSharedMaterialsTests:<RunBroaderRegressionValidation>g__Run|10_0 (System.Action,string,Game.Tests.Editor.SkirmishSharedMaterialsTests/<>c__DisplayClass10_0&) (at Assets/Tests/Editor/SkirmishExpansion/SkirmishSharedMaterialsTests.cs:314)
Game.Tests.Editor.SkirmishSharedMaterialsTests:RunBroaderRegressionValidation () (at Assets/Tests/Editor/SkirmishExpansion/SkirmishSharedMaterialsTests.cs:319)
Game.Tests.Editor.SkirmishSharedMaterialsTests:RunBroaderAndCampaignValidation () (at Assets/Tests/Editor/SkirmishExpansion/SkirmishSharedMaterialsTests.cs:336)
System.Reflection.MethodBase:Invoke (object,object[])
Game.Editor.ExistingEditorValidation/<Run>d__9:MoveNext () (at Assets/Game/Scripts/Editor/ExistingEditorValidation.cs:93)
System.Runtime.CompilerServices.AsyncVoidMethodBuilder:Start<Game.Editor.ExistingEditorValidation/<Run>d__9> (Game.Editor.ExistingEditorValidation/<Run>d__9&)
Game.Editor.ExistingEditorValidation:Run (string,string)
PipelineEvaluation.PipelineEval_f65b2db7/<>c__DisplayClass0_0:<Execute>b__0 ()
UnityEditor.EditorApplication:Internal_CallUpdateFunctions () (at /Users/bokken/build/output/unity/unity/Editor/Mono/EditorApplication.cs:403)

[SkirmishExpandedCatalogTests] result=Passed
UnityEngine.Debug:Log (object)
Game.Tests.Editor.SkirmishExpandedCatalogTests:RunFocusedValidation () (at Assets/Tests/Editor/SkirmishExpansion/SkirmishExpandedCatalogTests.cs:334)
Game.Tests.Editor.SkirmishSharedMaterialsTests:<RunBroaderRegressionValidation>g__Run|10_0 (System.Action,string,Game.Tests.Editor.SkirmishSharedMaterialsTests/<>c__DisplayClass10_0&) (at Assets/Tests/Editor/SkirmishExpansion/SkirmishSharedMaterialsTests.cs:314)
Game.Tests.Editor.SkirmishSharedMaterialsTests:RunBroaderRegressionValidation () (at Assets/Tests/Editor/SkirmishExpansion/SkirmishSharedMaterialsTests.cs:320)
Game.Tests.Editor.SkirmishSharedMaterialsTests:RunBroaderAndCampaignValidation () (at Assets/Tests/Editor/SkirmishExpansion/SkirmishSharedMaterialsTests.cs:336)
System.Reflection.MethodBase:Invoke (object,object[])
Game.Editor.ExistingEditorValidation/<Run>d__9:MoveNext () (at Assets/Game/Scripts/Editor/ExistingEditorValidation.cs:93)
System.Runtime.CompilerServices.AsyncVoidMethodBuilder:Start<Game.Editor.ExistingEditorValidation/<Run>d__9> (Game.Editor.ExistingEditorValidation/<Run>d__9&)
Game.Editor.ExistingEditorValidation:Run (string,string)
PipelineEvaluation.PipelineEval_f65b2db7/<>c__DisplayClass0_0:<Execute>b__0 ()
UnityEditor.EditorApplication:Internal_CallUpdateFunctions () (at /Users/bokken/build/output/unity/unity/Editor/Mono/EditorApplication.cs:403)

[SkirmishExpandedObjectiveTests] result=Passed
UnityEngine.Debug:Log (object)
Game.Tests.Editor.SkirmishExpandedObjectiveTests:RunFocusedValidation () (at Assets/Tests/Editor/SkirmishExpansion/SkirmishExpandedObjectiveTests.cs:292)
Game.Tests.Editor.SkirmishSharedMaterialsTests:<RunBroaderRegressionValidation>g__Run|10_0 (System.Action,string,Game.Tests.Editor.SkirmishSharedMaterialsTests/<>c__DisplayClass10_0&) (at Assets/Tests/Editor/SkirmishExpansion/SkirmishSharedMaterialsTests.cs:314)
Game.Tests.Editor.SkirmishSharedMaterialsTests:RunBroaderRegressionValidation () (at Assets/Tests/Editor/SkirmishExpansion/SkirmishSharedMaterialsTests.cs:321)
Game.Tests.Editor.SkirmishSharedMaterialsTests:RunBroaderAndCampaignValidation () (at Assets/Tests/Editor/SkirmishExpansion/SkirmishSharedMaterialsTests.cs:336)
System.Reflection.MethodBase:Invoke (object,object[])
Game.Editor.ExistingEditorValidation/<Run>d__9:MoveNext () (at Assets/Game/Scripts/Editor/ExistingEditorValidation.cs:93)
System.Runtime.CompilerServices.AsyncVoidMethodBuilder:Start<Game.Editor.ExistingEditorValidation/<Run>d__9> (Game.Editor.ExistingEditorValidation/<Run>d__9&)
Game.Editor.ExistingEditorValidation:Run (string,string)
PipelineEvaluation.PipelineEval_f65b2db7/<>c__DisplayClass0_0:<Execute>b__0 ()
UnityEditor.EditorApplication:Internal_CallUpdateFunctions () (at /Users/bokken/build/output/unity/unity/Editor/Mono/EditorApplication.cs:403)

[SkirmishExpandedVisualTests] result=Passed
UnityEngine.Debug:Log (object)
Game.Tests.Editor.SkirmishExpandedVisualTests:RunFocusedValidation () (at Assets/Tests/Editor/SkirmishExpansion/SkirmishExpandedVisualTests.cs:404)
Game.Tests.Editor.SkirmishSharedMaterialsTests:<RunBroaderRegressionValidation>g__Run|10_0 (System.Action,string,Game.Tests.Editor.SkirmishSharedMaterialsTests/<>c__DisplayClass10_0&) (at Assets/Tests/Editor/SkirmishExpansion/SkirmishSharedMaterialsTests.cs:314)
Game.Tests.Editor.SkirmishSharedMaterialsTests:RunBroaderRegressionValidation () (at Assets/Tests/Editor/SkirmishExpansion/SkirmishSharedMaterialsTests.cs:322)
Game.Tests.Editor.SkirmishSharedMaterialsTests:RunBroaderAndCampaignValidation () (at Assets/Tests/Editor/SkirmishExpansion/SkirmishSharedMaterialsTests.cs:336)
System.Reflection.MethodBase:Invoke (object,object[])
Game.Editor.ExistingEditorValidation/<Run>d__9:MoveNext () (at Assets/Game/Scripts/Editor/ExistingEditorValidation.cs:93)
System.Runtime.CompilerServices.AsyncVoidMethodBuilder:Start<Game.Editor.ExistingEditorValidation/<Run>d__9> (Game.Editor.ExistingEditorValidation/<Run>d__9&)
Game.Editor.ExistingEditorValidation:Run (string,string)
PipelineEvaluation.PipelineEval_f65b2db7/<>c__DisplayClass0_0:<Execute>b__0 ()
UnityEditor.EditorApplication:Internal_CallUpdateFunctions () (at /Users/bokken/build/output/unity/unity/Editor/Mono/EditorApplication.cs:403)

[AriaPlayEditorValidation] selected catalog=S002 definition=skirmish.s002 version=2 size=Standard difficulty=Regular seed=104731 locale=en
UnityEngine.Debug:Log (object)
Game.Editor.AriaPlayEditorValidation:AcceptExpandedPayload (Game.Configs.SkirmishAriaAcceptancePayload&) (at Assets/Game/Scripts/Editor/AriaPlayEditorValidation.cs:113)
Game.Tests.Editor.SkirmishExpandedAcceptanceTests:AriaPlayAndWatchFacilitiesLogSelectedConfiguration () (at Assets/Tests/Editor/SkirmishExpansion/SkirmishExpandedAcceptanceTests.cs:170)
Game.Tests.Editor.SkirmishExpandedAcceptanceTests:RunFocusedValidation () (at Assets/Tests/Editor/SkirmishExpansion/SkirmishExpandedAcceptanceTests.cs:547)
Game.Tests.Editor.SkirmishSharedMaterialsTests:<RunBroaderRegressionValidation>g__Run|10_0 (System.Action,string,Game.Tests.Editor.SkirmishSharedMaterialsTests/<>c__DisplayClass10_0&) (at Assets/Tests/Editor/SkirmishExpansion/SkirmishSharedMaterialsTests.cs:314)
Game.Tests.Editor.SkirmishSharedMaterialsTests:RunBroaderRegressionValidation () (at Assets/Tests/Editor/SkirmishExpansion/SkirmishSharedMaterialsTests.cs:323)
Game.Tests.Editor.SkirmishSharedMaterialsTests:RunBroaderAndCampaignValidation () (at Assets/Tests/Editor/SkirmishExpansion/SkirmishSharedMaterialsTests.cs:336)
System.Reflection.MethodBase:Invoke (object,object[])
Game.Editor.ExistingEditorValidation/<Run>d__9:MoveNext () (at Assets/Game/Scripts/Editor/ExistingEditorValidation.cs:93)
System.Runtime.CompilerServices.AsyncVoidMethodBuilder:Start<Game.Editor.ExistingEditorValidation/<Run>d__9> (Game.Editor.ExistingEditorValidation/<Run>d__9&)
Game.Editor.ExistingEditorValidation:Run (string,string)
PipelineEvaluation.PipelineEval_f65b2db7/<>c__DisplayClass0_0:<Execute>b__0 ()
UnityEditor.EditorApplication:Internal_CallUpdateFunctions () (at /Users/bokken/build/output/unity/unity/Editor/Mono/EditorApplication.cs:403)

[SkirmishExpandedAriaWatch] selected catalog=S002 definition=skirmish.s002 version=2 size=Standard difficulty=Regular seed=130365 locale=fa-IR
UnityEngine.Debug:Log (object)
Game.Editor.SkirmishExpandedAriaWatchValidation:AcceptExpandedPayload (Game.Configs.SkirmishAriaAcceptancePayload&) (at Assets/Game/Scripts/Editor/Skirmish/SkirmishExpandedAriaWatchValidation.cs:32)
Game.Editor.SkirmishExpandedAriaWatchValidation:AcceptExpandedPayload (string,Game.Skirmish.Contracts.SkirmishSizeId,Game.Skirmish.Contracts.SkirmishDifficultyId,int,string) (at Assets/Game/Scripts/Editor/Skirmish/SkirmishExpandedAriaWatchValidation.cs:55)
Game.Tests.Editor.SkirmishExpandedAcceptanceTests:AriaPlayAndWatchFacilitiesLogSelectedConfiguration () (at Assets/Tests/Editor/SkirmishExpansion/SkirmishExpandedAcceptanceTests.cs:178)
Game.Tests.Editor.SkirmishExpandedAcceptanceTests:RunFocusedValidation () (at Assets/Tests/Editor/SkirmishExpansion/SkirmishExpandedAcceptanceTests.cs:547)
Game.Tests.Editor.SkirmishSharedMaterialsTests:<RunBroaderRegressionValidation>g__Run|10_0 (System.Action,string,Game.Tests.Editor.SkirmishSharedMaterialsTests/<>c__DisplayClass10_0&) (at Assets/Tests/Editor/SkirmishExpansion/SkirmishSharedMaterialsTests.cs:314)
Game.Tests.Editor.SkirmishSharedMaterialsTests:RunBroaderRegressionValidation () (at Assets/Tests/Editor/SkirmishExpansion/SkirmishSharedMaterialsTests.cs:323)
Game.Tests.Editor.SkirmishSharedMaterialsTests:RunBroaderAndCampaignValidation () (at Assets/Tests/Editor/SkirmishExpansion/SkirmishSharedMaterialsTests.cs:336)
System.Reflection.MethodBase:Invoke (object,object[])
Game.Editor.ExistingEditorValidation/<Run>d__9:MoveNext () (at Assets/Game/Scripts/Editor/ExistingEditorValidation.cs:93)
System.Runtime.CompilerServices.AsyncVoidMethodBuilder:Start<Game.Editor.ExistingEditorValidation/<Run>d__9> (Game.Editor.ExistingEditorValidation/<Run>d__9&)
Game.Editor.ExistingEditorValidation:Run (string,string)
PipelineEvaluation.PipelineEval_f65b2db7/<>c__DisplayClass0_0:<Execute>b__0 ()
UnityEditor.EditorApplication:Internal_CallUpdateFunctions () (at /Users/bokken/build/output/unity/unity/Editor/Mono/EditorApplication.cs:403)

[SkirmishIndustrialBasinAriaWatch] selected catalog=S002 definition=skirmish.s002 version=2 size=Standard difficulty=Regular seed=104731 locale=en
UnityEngine.Debug:Log (object)
Game.Editor.SkirmishIndustrialBasinAriaWatchProbe:AcceptExpandedPayload (Game.Configs.SkirmishAriaAcceptancePayload&) (at Assets/Game/Scripts/Editor/SkirmishIndustrialBasinAriaWatchProbe.cs:47)
Game.Tests.Editor.SkirmishExpandedAcceptanceTests:AriaPlayAndWatchFacilitiesLogSelectedConfiguration () (at Assets/Tests/Editor/SkirmishExpansion/SkirmishExpandedAcceptanceTests.cs:187)
Game.Tests.Editor.SkirmishExpandedAcceptanceTests:RunFocusedValidation () (at Assets/Tests/Editor/SkirmishExpansion/SkirmishExpandedAcceptanceTests.cs:547)
Game.Tests.Editor.SkirmishSharedMaterialsTests:<RunBroaderRegressionValidation>g__Run|10_0 (System.Action,string,Game.Tests.Editor.SkirmishSharedMaterialsTests/<>c__DisplayClass10_0&) (at Assets/Tests/Editor/SkirmishExpansion/SkirmishSharedMaterialsTests.cs:314)
Game.Tests.Editor.SkirmishSharedMaterialsTests:RunBroaderRegressionValidation () (at Assets/Tests/Editor/SkirmishExpansion/SkirmishSharedMaterialsTests.cs:323)
Game.Tests.Editor.SkirmishSharedMaterialsTests:RunBroaderAndCampaignValidation () (at Assets/Tests/Editor/SkirmishExpansion/SkirmishSharedMaterialsTests.cs:336)
System.Reflection.MethodBase:Invoke (object,object[])
Game.Editor.ExistingEditorValidation/<Run>d__9:MoveNext () (at Assets/Game/Scripts/Editor/ExistingEditorValidation.cs:93)
System.Runtime.CompilerServices.AsyncVoidMethodBuilder:Start<Game.Editor.ExistingEditorValidation/<Run>d__9> (Game.Editor.ExistingEditorValidation/<Run>d__9&)
Game.Editor.ExistingEditorValidation:Run (string,string)
PipelineEvaluation.PipelineEval_f65b2db7/<>c__DisplayClass0_0:<Execute>b__0 ()
UnityEditor.EditorApplication:Internal_CallUpdateFunctions () (at /Users/bokken/build/output/unity/unity/Editor/Mono/EditorApplication.cs:403)

[SkirmishExpandedAcceptanceTests] result=Passed
UnityEngine.Debug:Log (object)
Game.Tests.Editor.SkirmishExpandedAcceptanceTests:RunFocusedValidation () (at Assets/Tests/Editor/SkirmishExpansion/SkirmishExpandedAcceptanceTests.cs:552)
Game.Tests.Editor.SkirmishSharedMaterialsTests:<RunBroaderRegressionValidation>g__Run|10_0 (System.Action,string,Game.Tests.Editor.SkirmishSharedMaterialsTests/<>c__DisplayClass10_0&) (at Assets/Tests/Editor/SkirmishExpansion/SkirmishSharedMaterialsTests.cs:314)
Game.Tests.Editor.SkirmishSharedMaterialsTests:RunBroaderRegressionValidation () (at Assets/Tests/Editor/SkirmishExpansion/SkirmishSharedMaterialsTests.cs:323)
Game.Tests.Editor.SkirmishSharedMaterialsTests:RunBroaderAndCampaignValidation () (at Assets/Tests/Editor/SkirmishExpansion/SkirmishSharedMaterialsTests.cs:336)
System.Reflection.MethodBase:Invoke (object,object[])
Game.Editor.ExistingEditorValidation/<Run>d__9:MoveNext () (at Assets/Game/Scripts/Editor/ExistingEditorValidation.cs:93)
System.Runtime.CompilerServices.AsyncVoidMethodBuilder:Start<Game.Editor.ExistingEditorValidation/<Run>d__9> (Game.Editor.ExistingEditorValidation/<Run>d__9&)
Game.Editor.ExistingEditorValidation:Run (string,string)
PipelineEvaluation.PipelineEval_f65b2db7/<>c__DisplayClass0_0:<Execute>b__0 ()
UnityEditor.EditorApplication:Internal_CallUpdateFunctions () (at /Users/bokken/build/output/unity/unity/Editor/Mono/EditorApplication.cs:403)

[SkirmishScenarioSourceBinding] result=Passed cases=6
UnityEngine.Debug:Log (object)
Game.Tests.Editor.SkirmishSharedMaterialsTests/<>c:<RunBroaderRegressionValidation>b__10_1 () (at Assets/Tests/Editor/SkirmishExpansion/SkirmishSharedMaterialsTests.cs:324)
Game.Tests.Editor.SkirmishSharedMaterialsTests:<RunBroaderRegressionValidation>g__Run|10_0 (System.Action,string,Game.Tests.Editor.SkirmishSharedMaterialsTests/<>c__DisplayClass10_0&) (at Assets/Tests/Editor/SkirmishExpansion/SkirmishSharedMaterialsTests.cs:314)
Game.Tests.Editor.SkirmishSharedMaterialsTests:RunBroaderRegressionValidation () (at Assets/Tests/Editor/SkirmishExpansion/SkirmishSharedMaterialsTests.cs:324)
Game.Tests.Editor.SkirmishSharedMaterialsTests:RunBroaderAndCampaignValidation () (at Assets/Tests/Editor/SkirmishExpansion/SkirmishSharedMaterialsTests.cs:336)
System.Reflection.MethodBase:Invoke (object,object[])
Game.Editor.ExistingEditorValidation/<Run>d__9:MoveNext () (at Assets/Game/Scripts/Editor/ExistingEditorValidation.cs:93)
System.Runtime.CompilerServices.AsyncVoidMethodBuilder:Start<Game.Editor.ExistingEditorValidation/<Run>d__9> (Game.Editor.ExistingEditorValidation/<Run>d__9&)
Game.Editor.ExistingEditorValidation:Run (string,string)
PipelineEvaluation.PipelineEval_f65b2db7/<>c__DisplayClass0_0:<Execute>b__0 ()
UnityEditor.EditorApplication:Internal_CallUpdateFunctions () (at /Users/bokken/build/output/unity/unity/Editor/Mono/EditorApplication.cs:403)

Assertion failed on expression: 'ShouldRunBehaviour()'
UnityEngine.Component:SendMessage (string)
Game.Tests.Editor.SkirmishSharedMaterialsTests:S004CampaignLightingUsesAuthoredSunAndRestoresMatchLights () (at Assets/Tests/Editor/SkirmishExpansion/SkirmishSharedMaterialsTests.cs:416)
Game.Tests.Editor.SkirmishSharedMaterialsTests/<>c:<RunBroaderRegressionValidation>b__10_2 () (at Assets/Tests/Editor/SkirmishExpansion/SkirmishSharedMaterialsTests.cs:325)
Game.Tests.Editor.SkirmishSharedMaterialsTests:<RunBroaderRegressionValidation>g__Run|10_0 (System.Action,string,Game.Tests.Editor.SkirmishSharedMaterialsTests/<>c__DisplayClass10_0&) (at Assets/Tests/Editor/SkirmishExpansion/SkirmishSharedMaterialsTests.cs:314)
Game.Tests.Editor.SkirmishSharedMaterialsTests:RunBroaderRegressionValidation () (at Assets/Tests/Editor/SkirmishExpansion/SkirmishSharedMaterialsTests.cs:325)
Game.Tests.Editor.SkirmishSharedMaterialsTests:RunBroaderAndCampaignValidation () (at Assets/Tests/Editor/SkirmishExpansion/SkirmishSharedMaterialsTests.cs:336)
System.Reflection.MethodBase:Invoke (object,object[])
Game.Editor.ExistingEditorValidation/<Run>d__9:MoveNext () (at Assets/Game/Scripts/Editor/ExistingEditorValidation.cs:93)
System.Runtime.CompilerServices.AsyncVoidMethodBuilder:Start<Game.Editor.ExistingEditorValidation/<Run>d__9> (Game.Editor.ExistingEditorValidation/<Run>d__9&)
Game.Editor.ExistingEditorValidation:Run (string,string)
PipelineEvaluation.PipelineEval_f65b2db7/<>c__DisplayClass0_0:<Execute>b__0 ()
UnityEditor.EditorApplication:Internal_CallUpdateFunctions ()

[S004CampaignLightingValidation] result=Passed authoredSunPreserved=1 matchLightsRestored=1
UnityEngine.Debug:Log (object)
Game.Tests.Editor.SkirmishSharedMaterialsTests:S004CampaignLightingUsesAuthoredSunAndRestoresMatchLights () (at Assets/Tests/Editor/SkirmishExpansion/SkirmishSharedMaterialsTests.cs:427)
Game.Tests.Editor.SkirmishSharedMaterialsTests/<>c:<RunBroaderRegressionValidation>b__10_2 () (at Assets/Tests/Editor/SkirmishExpansion/SkirmishSharedMaterialsTests.cs:325)
Game.Tests.Editor.SkirmishSharedMaterialsTests:<RunBroaderRegressionValidation>g__Run|10_0 (System.Action,string,Game.Tests.Editor.SkirmishSharedMaterialsTests/<>c__DisplayClass10_0&) (at Assets/Tests/Editor/SkirmishExpansion/SkirmishSharedMaterialsTests.cs:314)
Game.Tests.Editor.SkirmishSharedMaterialsTests:RunBroaderRegressionValidation () (at Assets/Tests/Editor/SkirmishExpansion/SkirmishSharedMaterialsTests.cs:325)
Game.Tests.Editor.SkirmishSharedMaterialsTests:RunBroaderAndCampaignValidation () (at Assets/Tests/Editor/SkirmishExpansion/SkirmishSharedMaterialsTests.cs:336)
System.Reflection.MethodBase:Invoke (object,object[])
Game.Editor.ExistingEditorValidation/<Run>d__9:MoveNext () (at Assets/Game/Scripts/Editor/ExistingEditorValidation.cs:93)
System.Runtime.CompilerServices.AsyncVoidMethodBuilder:Start<Game.Editor.ExistingEditorValidation/<Run>d__9> (Game.Editor.ExistingEditorValidation/<Run>d__9&)
Game.Editor.ExistingEditorValidation:Run (string,string)
PipelineEvaluation.PipelineEval_f65b2db7/<>c__DisplayClass0_0:<Execute>b__0 ()
UnityEditor.EditorApplication:Internal_CallUpdateFunctions () (at /Users/bokken/build/output/unity/unity/Editor/Mono/EditorApplication.cs:403)

[SkirmishPlayerReadyRegressions] result=Passed
UnityEngine.Debug:Log (object)
Game.Tests.Editor.SkirmishSharedMaterialsTests:RunBroaderRegressionValidation () (at Assets/Tests/Editor/SkirmishExpansion/SkirmishSharedMaterialsTests.cs:328)
Game.Tests.Editor.SkirmishSharedMaterialsTests:RunBroaderAndCampaignValidation () (at Assets/Tests/Editor/SkirmishExpansion/SkirmishSharedMaterialsTests.cs:336)
System.Reflection.MethodBase:Invoke (object,object[])
Game.Editor.ExistingEditorValidation/<Run>d__9:MoveNext () (at Assets/Game/Scripts/Editor/ExistingEditorValidation.cs:93)
System.Runtime.CompilerServices.AsyncVoidMethodBuilder:Start<Game.Editor.ExistingEditorValidation/<Run>d__9> (Game.Editor.ExistingEditorValidation/<Run>d__9&)
Game.Editor.ExistingEditorValidation:Run (string,string)
PipelineEvaluation.PipelineEval_f65b2db7/<>c__DisplayClass0_0:<Execute>b__0 ()
UnityEditor.EditorApplication:Internal_CallUpdateFunctions () (at /Users/bokken/build/output/unity/unity/Editor/Mono/EditorApplication.cs:403)

[M01FirstContactCampaignUiValidation] passed=NewProfileProjectsAvailableM01
UnityEngine.Debug:Log (object)
M01FirstContactCampaignUiTests:Run (System.Action,int&) (at Assets/Tests/Editor/M01FirstContactCampaignUiTests.cs:301)
M01FirstContactCampaignUiTests:RunFocusedValidation () (at Assets/Tests/Editor/M01FirstContactCampaignUiTests.cs:30)
Game.Tests.Editor.SkirmishSharedMaterialsTests:RunBroaderAndCampaignValidation () (at Assets/Tests/Editor/SkirmishExpansion/SkirmishSharedMaterialsTests.cs:340)
System.Reflection.MethodBase:Invoke (object,object[])
Game.Editor.ExistingEditorValidation/<Run>d__9:MoveNext () (at Assets/Game/Scripts/Editor/ExistingEditorValidation.cs:93)
System.Runtime.CompilerServices.AsyncVoidMethodBuilder:Start<Game.Editor.ExistingEditorValidation/<Run>d__9> (Game.Editor.ExistingEditorValidation/<Run>d__9&)
Game.Editor.ExistingEditorValidation:Run (string,string)
PipelineEvaluation.PipelineEval_f65b2db7/<>c__DisplayClass0_0:<Execute>b__0 ()
UnityEditor.EditorApplication:Internal_CallUpdateFunctions () (at /Users/bokken/build/output/unity/unity/Editor/Mono/EditorApplication.cs:403)

[M01FirstContactCampaignUiValidation] passed=ExplicitLockFailsClosed
UnityEngine.Debug:Log (object)
M01FirstContactCampaignUiTests:Run (System.Action,int&) (at Assets/Tests/Editor/M01FirstContactCampaignUiTests.cs:301)
M01FirstContactCampaignUiTests:RunFocusedValidation () (at Assets/Tests/Editor/M01FirstContactCampaignUiTests.cs:31)
Game.Tests.Editor.SkirmishSharedMaterialsTests:RunBroaderAndCampaignValidation () (at Assets/Tests/Editor/SkirmishExpansion/SkirmishSharedMaterialsTests.cs:340)
System.Reflection.MethodBase:Invoke (object,object[])
Game.Editor.ExistingEditorValidation/<Run>d__9:MoveNext () (at Assets/Game/Scripts/Editor/ExistingEditorValidation.cs:93)
System.Runtime.CompilerServices.AsyncVoidMethodBuilder:Start<Game.Editor.ExistingEditorValidation/<Run>d__9> (Game.Editor.ExistingEditorValidation/<Run>d__9&)
Game.Editor.ExistingEditorValidation:Run (string,string)
PipelineEvaluation.PipelineEval_f65b2db7/<>c__DisplayClass0_0:<Execute>b__0 ()
UnityEditor.EditorApplication:Internal_CallUpdateFunctions () (at /Users/bokken/build/output/unity/unity/Editor/Mono/EditorApplication.cs:403)

[M01FirstContactCampaignUiValidation] passed=PendingResumeProjectsContinue
UnityEngine.Debug:Log (object)
M01FirstContactCampaignUiTests:Run (System.Action,int&) (at Assets/Tests/Editor/M01FirstContactCampaignUiTests.cs:301)
M01FirstContactCampaignUiTests:RunFocusedValidation () (at Assets/Tests/Editor/M01FirstContactCampaignUiTests.cs:32)
Game.Tests.Editor.SkirmishSharedMaterialsTests:RunBroaderAndCampaignValidation () (at Assets/Tests/Editor/SkirmishExpansion/SkirmishSharedMaterialsTests.cs:340)
System.Reflection.MethodBase:Invoke (object,object[])
Game.Editor.ExistingEditorValidation/<Run>d__9:MoveNext () (at Assets/Game/Scripts/Editor/ExistingEditorValidation.cs:93)
System.Runtime.CompilerServices.AsyncVoidMethodBuilder:Start<Game.Editor.ExistingEditorValidation/<Run>d__9> (Game.Editor.ExistingEditorValidation/<Run>d__9&)
Game.Editor.ExistingEditorValidation:Run (string,string)
PipelineEvaluation.PipelineEval_f65b2db7/<>c__DisplayClass0_0:<Execute>b__0 ()
UnityEditor.EditorApplication:Internal_CallUpdateFunctions () (at /Users/bokken/build/output/unity/unity/Editor/Mono/EditorApplication.cs:403)

[M01FirstContactCampaignUiValidation] passed=FirstClearProjectsReplayAndRevealsM02
UnityEngine.Debug:Log (object)
M01FirstContactCampaignUiTests:Run (System.Action,int&) (at Assets/Tests/Editor/M01FirstContactCampaignUiTests.cs:301)
M01FirstContactCampaignUiTests:RunFocusedValidation () (at Assets/Tests/Editor/M01FirstContactCampaignUiTests.cs:33)
Game.Tests.Editor.SkirmishSharedMaterialsTests:RunBroaderAndCampaignValidation () (at Assets/Tests/Editor/SkirmishExpansion/SkirmishSharedMaterialsTests.cs:340)
System.Reflection.MethodBase:Invoke (object,object[])
Game.Editor.ExistingEditorValidation/<Run>d__9:MoveNext () (at Assets/Game/Scripts/Editor/ExistingEditorValidation.cs:93)
System.Runtime.CompilerServices.AsyncVoidMethodBuilder:Start<Game.Editor.ExistingEditorValidation/<Run>d__9> (Game.Editor.ExistingEditorValidation/<Run>d__9&)
Game.Editor.ExistingEditorValidation:Run (string,string)
PipelineEvaluation.PipelineEval_f65b2db7/<>c__DisplayClass0_0:<Execute>b__0 ()
UnityEditor.EditorApplication:Internal_CallUpdateFunctions () (at /Users/bokken/build/output/unity/unity/Editor/Mono/EditorApplication.cs:403)

[M01FirstContactCampaignUiValidation] passed=ReplayProjectsBestMetrics
UnityEngine.Debug:Log (object)
M01FirstContactCampaignUiTests:Run (System.Action,int&) (at Assets/Tests/Editor/M01FirstContactCampaignUiTests.cs:301)
M01FirstContactCampaignUiTests:RunFocusedValidation () (at Assets/Tests/Editor/M01FirstContactCampaignUiTests.cs:34)
Game.Tests.Editor.SkirmishSharedMaterialsTests:RunBroaderAndCampaignValidation () (at Assets/Tests/Editor/SkirmishExpansion/SkirmishSharedMaterialsTests.cs:340)
System.Reflection.MethodBase:Invoke (object,object[])
Game.Editor.ExistingEditorValidation/<Run>d__9:MoveNext () (at Assets/Game/Scripts/Editor/ExistingEditorValidation.cs:93)
System.Runtime.CompilerServices.AsyncVoidMethodBuilder:Start<Game.Editor.ExistingEditorValidation/<Run>d__9> (Game.Editor.ExistingEditorValidation/<Run>d__9&)
Game.Editor.ExistingEditorValidation:Run (string,string)
PipelineEvaluation.PipelineEval_f65b2db7/<>c__DisplayClass0_0:<Execute>b__0 ()
UnityEditor.EditorApplication:Internal_CallUpdateFunctions () (at /Users/bokken/build/output/unity/unity/Editor/Mono/EditorApplication.cs:403)

[M01FirstContactCampaignUiValidation] passed=UnchangedSourcesDoNotChurnVersion
UnityEngine.Debug:Log (object)
M01FirstContactCampaignUiTests:Run (System.Action,int&) (at Assets/Tests/Editor/M01FirstContactCampaignUiTests.cs:301)
M01FirstContactCampaignUiTests:RunFocusedValidation () (at Assets/Tests/Editor/M01FirstContactCampaignUiTests.cs:35)
Game.Tests.Editor.SkirmishSharedMaterialsTests:RunBroaderAndCampaignValidation () (at Assets/Tests/Editor/SkirmishExpansion/SkirmishSharedMaterialsTests.cs:340)
System.Reflection.MethodBase:Invoke (object,object[])
Game.Editor.ExistingEditorValidation/<Run>d__9:MoveNext () (at Assets/Game/Scripts/Editor/ExistingEditorValidation.cs:93)
System.Runtime.CompilerServices.AsyncVoidMethodBuilder:Start<Game.Editor.ExistingEditorValidation/<Run>d__9> (Game.Editor.ExistingEditorValidation/<Run>d__9&)
Game.Editor.ExistingEditorValidation:Run (string,string)
PipelineEvaluation.PipelineEval_f65b2db7/<>c__DisplayClass0_0:<Execute>b__0 ()
UnityEditor.EditorApplication:Internal_CallUpdateFunctions () (at /Users/bokken/build/output/unity/unity/Editor/Mono/EditorApplication.cs:403)

[M01FirstContactCampaignUiValidation] passed=GatewayReadsAuthoritativeProjection
UnityEngine.Debug:Log (object)
M01FirstContactCampaignUiTests:Run (System.Action,int&) (at Assets/Tests/Editor/M01FirstContactCampaignUiTests.cs:301)
M01FirstContactCampaignUiTests:RunFocusedValidation () (at Assets/Tests/Editor/M01FirstContactCampaignUiTests.cs:36)
Game.Tests.Editor.SkirmishSharedMaterialsTests:RunBroaderAndCampaignValidation () (at Assets/Tests/Editor/SkirmishExpansion/SkirmishSharedMaterialsTests.cs:340)
System.Reflection.MethodBase:Invoke (object,object[])
Game.Editor.ExistingEditorValidation/<Run>d__9:MoveNext () (at Assets/Game/Scripts/Editor/ExistingEditorValidation.cs:93)
System.Runtime.CompilerServices.AsyncVoidMethodBuilder:Start<Game.Editor.ExistingEditorValidation/<Run>d__9> (Game.Editor.ExistingEditorValidation/<Run>d__9&)
Game.Editor.ExistingEditorValidation:Run (string,string)
PipelineEvaluation.PipelineEval_f65b2db7/<>c__DisplayClass0_0:<Execute>b__0 ()
UnityEditor.EditorApplication:Internal_CallUpdateFunctions () (at /Users/bokken/build/output/unity/unity/Editor/Mono/EditorApplication.cs:403)

[M01FirstContactCampaignUiValidation] passed=GatewayRejectsLockedAndEnqueuesAvailableAction
UnityEngine.Debug:Log (object)
M01FirstContactCampaignUiTests:Run (System.Action,int&) (at Assets/Tests/Editor/M01FirstContactCampaignUiTests.cs:301)
M01FirstContactCampaignUiTests:RunFocusedValidation () (at Assets/Tests/Editor/M01FirstContactCampaignUiTests.cs:37)
Game.Tests.Editor.SkirmishSharedMaterialsTests:RunBroaderAndCampaignValidation () (at Assets/Tests/Editor/SkirmishExpansion/SkirmishSharedMaterialsTests.cs:340)
System.Reflection.MethodBase:Invoke (object,object[])
Game.Editor.ExistingEditorValidation/<Run>d__9:MoveNext () (at Assets/Game/Scripts/Editor/ExistingEditorValidation.cs:93)
System.Runtime.CompilerServices.AsyncVoidMethodBuilder:Start<Game.Editor.ExistingEditorValidation/<Run>d__9> (Game.Editor.ExistingEditorValidation/<Run>d__9&)
Game.Editor.ExistingEditorValidation:Run (string,string)
PipelineEvaluation.PipelineEval_f65b2db7/<>c__DisplayClass0_0:<Execute>b__0 ()
UnityEditor.EditorApplication:Internal_CallUpdateFunctions () (at /Users/bokken/build/output/unity/unity/Editor/Mono/EditorApplication.cs:403)

[M01FirstContactCampaignUiValidation] passed=BinderHasNoFramePollingLoop
UnityEngine.Debug:Log (object)
M01FirstContactCampaignUiTests:Run (System.Action,int&) (at Assets/Tests/Editor/M01FirstContactCampaignUiTests.cs:301)
M01FirstContactCampaignUiTests:RunFocusedValidation () (at Assets/Tests/Editor/M01FirstContactCampaignUiTests.cs:38)
Game.Tests.Editor.SkirmishSharedMaterialsTests:RunBroaderAndCampaignValidation () (at Assets/Tests/Editor/SkirmishExpansion/SkirmishSharedMaterialsTests.cs:340)
System.Reflection.MethodBase:Invoke (object,object[])
Game.Editor.ExistingEditorValidation/<Run>d__9:MoveNext () (at Assets/Game/Scripts/Editor/ExistingEditorValidation.cs:93)
System.Runtime.CompilerServices.AsyncVoidMethodBuilder:Start<Game.Editor.ExistingEditorValidation/<Run>d__9> (Game.Editor.ExistingEditorValidation/<Run>d__9&)
Game.Editor.ExistingEditorValidation:Run (string,string)
PipelineEvaluation.PipelineEval_f65b2db7/<>c__DisplayClass0_0:<Execute>b__0 ()
UnityEditor.EditorApplication:Internal_CallUpdateFunctions () (at /Users/bokken/build/output/unity/unity/Editor/Mono/EditorApplication.cs:403)

[M01DC029Capture] aspect=16x9 size=1280x720 sha256=d3b43ff12dc257a84739f446d5e9c9d26cc0ad54a2d16bc396ae2add792d424f path=Build/EditorEvidence/M01FirstContact/M01DC029/campaign_16x9.png
UnityEngine.Debug:Log (object)
M01FirstContactCampaignUiTests:Capture (UnityEngine.GameObject,int,int,string) (at Assets/Tests/Editor/M01FirstContactCampaignUiTests.cs:271)
M01FirstContactCampaignUiTests:ViewAppliesProfilesAndCapturesSupportedAspects () (at Assets/Tests/Editor/M01FirstContactCampaignUiTests.cs:170)
M01FirstContactCampaignUiTests:Run (System.Action,int&) (at Assets/Tests/Editor/M01FirstContactCampaignUiTests.cs:299)
M01FirstContactCampaignUiTests:RunFocusedValidation () (at Assets/Tests/Editor/M01FirstContactCampaignUiTests.cs:39)
Game.Tests.Editor.SkirmishSharedMaterialsTests:RunBroaderAndCampaignValidation () (at Assets/Tests/Editor/SkirmishExpansion/SkirmishSharedMaterialsTests.cs:340)
System.Reflection.MethodBase:Invoke (object,object[])
Game.Editor.ExistingEditorValidation/<Run>d__9:MoveNext () (at Assets/Game/Scripts/Editor/ExistingEditorValidation.cs:93)
System.Runtime.CompilerServices.AsyncVoidMethodBuilder:Start<Game.Editor.ExistingEditorValidation/<Run>d__9> (Game.Editor.ExistingEditorValidation/<Run>d__9&)
Game.Editor.ExistingEditorValidation:Run (string,string)
PipelineEvaluation.PipelineEval_f65b2db7/<>c__DisplayClass0_0:<Execute>b__0 ()
UnityEditor.EditorApplication:Internal_CallUpdateFunctions () (at /Users/bokken/build/output/unity/unity/Editor/Mono/EditorApplication.cs:403)

[M01DC029Capture] aspect=20x9 size=1000x450 sha256=8b1f738b5db11144d6dd35afdd371bf2f77b58429514f11772d5b191148bf499 path=Build/EditorEvidence/M01FirstContact/M01DC029/campaign_20x9.png
UnityEngine.Debug:Log (object)
M01FirstContactCampaignUiTests:Capture (UnityEngine.GameObject,int,int,string) (at Assets/Tests/Editor/M01FirstContactCampaignUiTests.cs:271)
M01FirstContactCampaignUiTests:ViewAppliesProfilesAndCapturesSupportedAspects () (at Assets/Tests/Editor/M01FirstContactCampaignUiTests.cs:171)
M01FirstContactCampaignUiTests:Run (System.Action,int&) (at Assets/Tests/Editor/M01FirstContactCampaignUiTests.cs:299)
M01FirstContactCampaignUiTests:RunFocusedValidation () (at Assets/Tests/Editor/M01FirstContactCampaignUiTests.cs:39)
Game.Tests.Editor.SkirmishSharedMaterialsTests:RunBroaderAndCampaignValidation () (at Assets/Tests/Editor/SkirmishExpansion/SkirmishSharedMaterialsTests.cs:340)
System.Reflection.MethodBase:Invoke (object,object[])
Game.Editor.ExistingEditorValidation/<Run>d__9:MoveNext () (at Assets/Game/Scripts/Editor/ExistingEditorValidation.cs:93)
System.Runtime.CompilerServices.AsyncVoidMethodBuilder:Start<Game.Editor.ExistingEditorValidation/<Run>d__9> (Game.Editor.ExistingEditorValidation/<Run>d__9&)
Game.Editor.ExistingEditorValidation:Run (string,string)
PipelineEvaluation.PipelineEval_f65b2db7/<>c__DisplayClass0_0:<Execute>b__0 ()
UnityEditor.EditorApplication:Internal_CallUpdateFunctions () (at /Users/bokken/build/output/unity/unity/Editor/Mono/EditorApplication.cs:403)

[M01DC029Capture] aspect=tablet4x3 size=1024x768 sha256=d93caf3a3226bd540d6a7040ee507a08cd9f89d45781da6cc32399812c219f33 path=Build/EditorEvidence/M01FirstContact/M01DC029/campaign_tablet4x3.png
UnityEngine.Debug:Log (object)
M01FirstContactCampaignUiTests:Capture (UnityEngine.GameObject,int,int,string) (at Assets/Tests/Editor/M01FirstContactCampaignUiTests.cs:271)
M01FirstContactCampaignUiTests:ViewAppliesProfilesAndCapturesSupportedAspects () (at Assets/Tests/Editor/M01FirstContactCampaignUiTests.cs:172)
M01FirstContactCampaignUiTests:Run (System.Action,int&) (at Assets/Tests/Editor/M01FirstContactCampaignUiTests.cs:299)
M01FirstContactCampaignUiTests:RunFocusedValidation () (at Assets/Tests/Editor/M01FirstContactCampaignUiTests.cs:39)
Game.Tests.Editor.SkirmishSharedMaterialsTests:RunBroaderAndCampaignValidation () (at Assets/Tests/Editor/SkirmishExpansion/SkirmishSharedMaterialsTests.cs:340)
System.Reflection.MethodBase:Invoke (object,object[])
Game.Editor.ExistingEditorValidation/<Run>d__9:MoveNext () (at Assets/Game/Scripts/Editor/ExistingEditorValidation.cs:93)
System.Runtime.CompilerServices.AsyncVoidMethodBuilder:Start<Game.Editor.ExistingEditorValidation/<Run>d__9> (Game.Editor.ExistingEditorValidation/<Run>d__9&)
Game.Editor.ExistingEditorValidation:Run (string,string)
PipelineEvaluation.PipelineEval_f65b2db7/<>c__DisplayClass0_0:<Execute>b__0 ()
UnityEditor.EditorApplication:Internal_CallUpdateFunctions () (at /Users/bokken/build/output/unity/unity/Editor/Mono/EditorApplication.cs:403)

[M01FirstContactCampaignUiValidation] passed=ViewAppliesProfilesAndCapturesSupportedAspects
UnityEngine.Debug:Log (object)
M01FirstContactCampaignUiTests:Run (System.Action,int&) (at Assets/Tests/Editor/M01FirstContactCampaignUiTests.cs:301)
M01FirstContactCampaignUiTests:RunFocusedValidation () (at Assets/Tests/Editor/M01FirstContactCampaignUiTests.cs:39)
Game.Tests.Editor.SkirmishSharedMaterialsTests:RunBroaderAndCampaignValidation () (at Assets/Tests/Editor/SkirmishExpansion/SkirmishSharedMaterialsTests.cs:340)
System.Reflection.MethodBase:Invoke (object,object[])
Game.Editor.ExistingEditorValidation/<Run>d__9:MoveNext () (at Assets/Game/Scripts/Editor/ExistingEditorValidation.cs:93)
System.Runtime.CompilerServices.AsyncVoidMethodBuilder:Start<Game.Editor.ExistingEditorValidation/<Run>d__9> (Game.Editor.ExistingEditorValidation/<Run>d__9&)
Game.Editor.ExistingEditorValidation:Run (string,string)
PipelineEvaluation.PipelineEval_f65b2db7/<>c__DisplayClass0_0:<Execute>b__0 ()
UnityEditor.EditorApplication:Internal_CallUpdateFunctions () (at /Users/bokken/build/output/unity/unity/Editor/Mono/EditorApplication.cs:403)

[M01FirstContactCampaignUiValidation] result=Passed tests=10 captures=3
UnityEngine.Debug:Log (object)
M01FirstContactCampaignUiTests:RunFocusedValidation () (at Assets/Tests/Editor/M01FirstContactCampaignUiTests.cs:40)
Game.Tests.Editor.SkirmishSharedMaterialsTests:RunBroaderAndCampaignValidation () (at Assets/Tests/Editor/SkirmishExpansion/SkirmishSharedMaterialsTests.cs:340)
System.Reflection.MethodBase:Invoke (object,object[])
Game.Editor.ExistingEditorValidation/<Run>d__9:MoveNext () (at Assets/Game/Scripts/Editor/ExistingEditorValidation.cs:93)
System.Runtime.CompilerServices.AsyncVoidMethodBuilder:Start<Game.Editor.ExistingEditorValidation/<Run>d__9> (Game.Editor.ExistingEditorValidation/<Run>d__9&)
Game.Editor.ExistingEditorValidation:Run (string,string)
PipelineEvaluation.PipelineEval_f65b2db7/<>c__DisplayClass0_0:<Execute>b__0 ()
UnityEditor.EditorApplication:Internal_CallUpdateFunctions () (at /Users/bokken/build/output/unity/unity/Editor/Mono/EditorApplication.cs:403)

[ExistingEditorValidation] result=Passed executeMethod=Game.Tests.Editor.SkirmishSharedMaterialsTests.RunBroaderAndCampaignValidation
UnityEngine.Debug:Log (object)
Game.Editor.ExistingEditorValidation/<Run>d__9:MoveNext () (at Assets/Game/Scripts/Editor/ExistingEditorValidation.cs:110)
System.Runtime.CompilerServices.AsyncVoidMethodBuilder:Start<Game.Editor.ExistingEditorValidation/<Run>d__9> (Game.Editor.ExistingEditorValidation/<Run>d__9&)
Game.Editor.ExistingEditorValidation:Run (string,string)
PipelineEvaluation.PipelineEval_f65b2db7/<>c__DisplayClass0_0:<Execute>b__0 ()
UnityEditor.EditorApplication:Internal_CallUpdateFunctions () (at /Users/bokken/build/output/unity/unity/Editor/Mono/EditorApplication.cs:403)

