Unity Editor version:    6000.4.0f1 (8cf496087c8f)
Branch:                  6000.4/staging
Build type:              Release
Batch mode:              YES
macOS version:           Version 26.5.1 (Build 25F80)
Darwin version:          25.5.0
Architecture:            arm64
Running under Rosetta:   NO
Available memory:        16384 MB
Date:                    2026-06-23T14:16:03Z
[Licensing::Module] Trying to connect to existing licensing client channel...
[Licensing::IpcConnector] Successfully connected to: "LicenseClient-farhad" at "2026-06-23T14:16:03.732575Z"
Launching external process: /Applications/Unity/Hub/Editor/6000.4.0f1/Unity.app/Contents/Helpers/PackageManager/Server/UnityPackageManager

COMMAND LINE ARGUMENTS:
/Applications/Unity/Hub/Editor/6000.4.0f1/Unity.app/Contents/MacOS/Unity
-batchmode
-projectPath
/Users/farhad/Projects/WarlineCapture-CodexUnity1
-executeMethod
CanvasMenuFallbackValidation.RunRouteCapture
-logFile
/Users/farhad/Projects/WarlineCapture/Design/VisualLockLayered/_CanvasTargetLockVisualMatch/SCN-03_CommanderProfile/iteration_02/shadow_canvas_scn03_layout_pass_1920x1080.log
Successfully changed project path to: /Users/farhad/Projects/WarlineCapture-CodexUnity1
/Users/farhad/Projects/WarlineCapture-CodexUnity1
[UnityMemory] Configuration Parameters - Can be set up in boot.config
    "memorysetup-temp-allocator-size-gi-baking-worker=262144"
    "memorysetup-temp-allocator-size-gi-baking-worker=262144"
    "memorysetup-temp-allocator-size-gi-baking-worker=262144"
    "memorysetup-temp-allocator-size-gi-baking-worker=262144"
    "memorysetup-temp-allocator-size-gi-baking-worker=262144"
    "memorysetup-temp-allocator-size-nav-mesh-worker=65536"
    "memorysetup-temp-allocator-size-audio-worker=65536"
    "memorysetup-temp-allocator-size-cloud-worker=32768"
    "memorysetup-allocator-temp-initial-block-size-main=262144"
    "memorysetup-allocator-temp-initial-block-size-worker=262144"
    "memorysetup-temp-allocator-size-background-worker=32768"
    "memorysetup-temp-allocator-size-job-worker=262144"
    "memorysetup-temp-allocator-size-preload-manager=33554432"
    "memorysetup-temp-allocator-size-gfx=262144"
    "memorysetup-bucket-allocator-granularity=16"
    "memorysetup-bucket-allocator-bucket-count=8"
    "memorysetup-bucket-allocator-block-size=33554432"
    "memorysetup-bucket-allocator-block-count=8"
    "memorysetup-main-allocator-block-size=16777216"
    "memorysetup-thread-allocator-block-size=16777216"
    "memorysetup-gfx-main-allocator-block-size=16777216"
    "memorysetup-gfx-thread-allocator-block-size=16777216"
    "memorysetup-cache-allocator-block-size=4194304"
    "memorysetup-typetree-allocator-block-size=2097152"
    "memorysetup-profiler-bucket-allocator-granularity=16"
    "memorysetup-profiler-bucket-allocator-bucket-count=8"
    "memorysetup-profiler-bucket-allocator-block-size=33554432"
    "memorysetup-profiler-bucket-allocator-block-count=8"
    "memorysetup-profiler-allocator-block-size=16777216"
    "memorysetup-profiler-editor-allocator-block-size=1048576"
    "memorysetup-temp-allocator-size-main=16777216"
    "memorysetup-job-temp-allocator-block-size=2097152"
    "memorysetup-job-temp-allocator-block-size-background=1048576"
    "memorysetup-job-temp-allocator-reduction-small-platforms=262144"
Player connection [8301764224]  Target information:

Player connection [8301764224]  * "[IP] 192.168.2.175 [Port] 55504 [Flags] 2 [Guid] 1493372537 [EditorId] 1493372537 [Version] 1048832 [Id] OSXEditor(0,Farhads-Air-2) [Debug] 1 [PackageName] OSXEditor [ProjectName] Editor" 

Player connection [8301764224] Host joined multi-casting on [225.0.0.222:54997]...
Player connection [8301764224] Host joined alternative multi-casting on [225.0.0.222:34997]...
Input System module state changed to: Initialized.
[Physics::Module] Initialized fallback backend.
[Physics::Module] Id: 0xdecafbad
[Licensing::Client] Error: HandshakeResponse reported an error:
	ResponseCode: 505
	ResponseStatus: Unsupported protocol version '1.18.1'.
[Licensing::Module] Error: Failed to handshake to channel: "LicenseClient-farhad"
[Licensing::IpcConnector] LicenseClient-farhad channel disconnected successfully.
[Licensing::IpcConnector] Channel LicenseClient-farhad-6000.4.0 doesn't exist
Launching external process: /Applications/Unity/Hub/Editor/6000.4.0f1/Unity.app/Contents/Helpers/UnityLicensingClient.app/Contents/MacOS/Unity.Licensing.Client
[Licensing::Module] Successfully launched the LicensingClient (PId: 37539)
[Package Manager] Connected to IPC stream "Upm-37508" after 0.2 seconds.
[Licensing::Module] Licensing is not yet initialized.
[Licensing::IpcConnector] Successfully connected to: "LicenseClient-farhad-6000.4.0" at "2026-06-23T14:16:04.919072Z"
[Licensing::Client] Handshaking with LicensingClient:
  Version:                 1.18.1+9fbee8e
  Session Id:              8e1258f64e564659aaa772808e010484
  Correlation Id:          2d7125ce94f9d7c59a512a9fb74e68a8
  External correlation Id: 7393981828174963843
  Machine Id:              10T5sSSYWiUOOlqtQecUz0BYTYA=
[Licensing::Module] Successfully connected to LicensingClient on channel: "LicenseClient-farhad-6000.4.0" (connect: 0.58s, validation: 0.04s, handshake: 0.50s)
[Licensing::IpcConnector] Successfully connected to: "LicenseClient-farhad-6000.4.0-notifications" at "2026-06-23T14:16:05.463319Z"
[Licensing::Module] Connected to LicensingClient (PId: 37539, launch time: 0.00, total connection time: 1.12s)
[Licensing::Module] Error: Access token is unavailable; failed to update
[Licensing::Client] Successfully resolved entitlement details
[Licensing::Module] License group:
  Id: 2197950-UnityPersXXXX
  Product: Unity Personal
  Type: Assigned
  Expiration: Unlimited
[Licensing::Client] Successfully updated license, isAsync: True, time: 0.01
[Licensing::Client] Successfully resolved entitlement details
[Licensing::Module] Licensing Background thread has ended after 1.75s
[Licensing::Module] Licensing is initialized (took 1.02s).
[Licensing::Client] Successfully resolved entitlement details
Library Redirect Path: Library/
[Physics::Module] Selected backend.
[Physics::Module] Name: PhysX
[Physics::Module] Id: 0xf2b8ea05
[Physics::Module] SDK Version: 4.1.2
[Physics::Module] Integration Version: 1.0.0
[Physics::Module] Threading Mode: Multi-Threaded
Artifact Garbage Collection - Removed 1 unused hashed content files
Initialize engine version: 6000.4.0f1 (8cf496087c8f)
[Subsystems] Discovering subsystems at path /Applications/Unity/Hub/Editor/6000.4.0f1/Unity.app/Contents/Resources/UnitySubsystems
[Subsystems] Discovering subsystems at path /Users/farhad/Projects/WarlineCapture-CodexUnity1/Assets
GfxDevice: creating device client; kGfxThreadingModeNonThreaded
 preferred device: Apple M5 (high power)
Metal devices available: 1
0: Apple M5 (high power)
Using device Apple M5 (high power)
Initializing Metal device caps: Apple M5
Mac GPU Family: 2
Apple GPU Family: 9
MSL Version: 3.0
Has Float MSAA: 1
Has Float Filtering: 1
ReadWrite Texture Tier: 2
Initialize mono
Mono path[0] = '/Applications/Unity/Hub/Editor/6000.4.0f1/Unity.app/Contents/Resources/Scripting/Managed'
Mono path[1] = '/Applications/Unity/Hub/Editor/6000.4.0f1/Unity.app/Contents/Resources/Scripting/MonoBleedingEdge/lib/mono/unityjit-macos'
Mono config path = '/Applications/Unity/Hub/Editor/6000.4.0f1/Unity.app/Contents/Resources/Scripting/MonoBleedingEdge/etc'
Using monoOptions --debugger-agent=transport=dt_socket,embedding=1,server=y,suspend=n,address=127.0.0.1:56508
CodeReloadManager initialized
Using cacheserver namespaces - metadata:defaultmetadata, artifacts:defaultartifacts
Using cacheserver namespaces - metadata:defaultmetadata, artifacts:defaultartifacts
ImportWorker Server TCP listen port: 0
AcceleratorClientConnectionCallback - disconnected - :0
Begin MonoManager ReloadAssembly
Registering precompiled unity dll's ...
Register platform support module: /Applications/Unity/Hub/Editor/6000.4.0f1/Unity.app/Contents/PlaybackEngines/MacStandaloneSupport/UnityEditor.OSXStandalone.Extensions.dll
Register platform support module: /Applications/Unity/Hub/Editor/6000.4.0f1/PlaybackEngines/WindowsStandaloneSupport/UnityEditor.WindowsStandalone.Extensions.dll
[Licensing::Client] Successfully resolved entitlement details
Register platform support module: /Applications/Unity/Hub/Editor/6000.4.0f1/PlaybackEngines/AndroidPlayer/UnityEditor.Android.Extensions.dll
[Licensing::Client] Successfully resolved entitlement details
Register platform support module: /Applications/Unity/Hub/Editor/6000.4.0f1/PlaybackEngines/iOSSupport/UnityEditor.iOS.Extensions.dll
Registered in 0.008552 seconds.
[usbmuxd] Start listen thread
[usbmuxd] Listen thread started
[usbmuxd] Send listen message
Native extension for iOS target not found
Native extension for Android target not found
Android Extension - Scanning For ADB Devices 3137 ms
Native extension for WindowsStandalone target not found
Native extension for OSXStandalone target not found
Package Manager log level set to [2]
ScheduleIndexationOnStartup MainProcess:False IndexOnStartup:True
Mono: successfully reloaded assembly
- Finished resetting the current domain, in  3.735 seconds
Domain Reload Profiling: 4310ms
	BeginReloadAssembly (112ms)
		CreateAndSetChildDomain (9ms)
	RebuildCommonClasses (45ms)
	RebuildNativeTypeToScriptingClass (20ms)
	initialDomainReloadingComplete (73ms)
	LoadAllAssembliesAndSetupDomain (325ms)
		LoadAssemblies (104ms)
		AnalyzeDomain (309ms)
			TypeCache.Refresh (308ms)
				TypeCache.ScanAssembly (288ms)
	FinalizeReload (3735ms)
		SetupLoadedEditorAssemblies (0ms)
			InitializePlatformSupportModulesInManaged (3359ms)
			BeforeProcessingInitializeOnLoad (96ms)
			ProcessInitializeOnLoadAttributes (98ms)
			ProcessInitializeOnLoadMethodAttributes (90ms)
[Licensing::Client] Successfully resolved entitlement details
Application.AssetDatabase Initial Refresh Start
[Package Manager] Restoring resolved packages state from cache
[Licensing::Client] Successfully resolved entitlement details
[Package Manager] Registered 65 packages:
  Packages from [https://packages.unity.com]:
    com.unity.collab-proxy@2.11.4 (location: /Users/farhad/Projects/WarlineCapture-CodexUnity1/Library/PackageCache/com.unity.collab-proxy@a5329f833fa8)
    com.unity.ide.rider@3.0.40 (location: /Users/farhad/Projects/WarlineCapture-CodexUnity1/Library/PackageCache/com.unity.ide.rider@e4950c6d131b)
    com.unity.ide.visualstudio@2.0.27 (location: /Users/farhad/Projects/WarlineCapture-CodexUnity1/Library/PackageCache/com.unity.ide.visualstudio@dc1ddd4f09b6)
    com.unity.inputsystem@1.19.0 (location: /Users/farhad/Projects/WarlineCapture-CodexUnity1/Library/PackageCache/com.unity.inputsystem@21a28c3a6c83)
    com.unity.postprocessing@3.5.4 (location: /Users/farhad/Projects/WarlineCapture-CodexUnity1/Library/PackageCache/com.unity.postprocessing@141166b789e3)
    com.unity.probuilder@6.0.9 (location: /Users/farhad/Projects/WarlineCapture-CodexUnity1/Library/PackageCache/com.unity.probuilder@1f279ab829b7)
    com.unity.serialization@3.1.2 (location: /Users/farhad/Projects/WarlineCapture-CodexUnity1/Library/PackageCache/com.unity.serialization@582cbf30bbfd)
    com.unity.timeline@1.8.11 (location: /Users/farhad/Projects/WarlineCapture-CodexUnity1/Library/PackageCache/com.unity.timeline@bfd27f8016ff)
    com.unity.visualscripting@1.9.10 (location: /Users/farhad/Projects/WarlineCapture-CodexUnity1/Library/PackageCache/com.unity.visualscripting@eb6004dcc707)
    com.unity.burst@1.8.28 (location: /Users/farhad/Projects/WarlineCapture-CodexUnity1/Library/PackageCache/com.unity.burst@07790c2d06d9)
    com.unity.searcher@4.9.4 (location: /Users/farhad/Projects/WarlineCapture-CodexUnity1/Library/PackageCache/com.unity.searcher@d45a78918735)
    com.unity.settings-manager@2.1.1 (location: /Users/farhad/Projects/WarlineCapture-CodexUnity1/Library/PackageCache/com.unity.settings-manager@0b8638c5ce86)
    com.unity.mathematics@1.3.3 (location: /Users/farhad/Projects/WarlineCapture-CodexUnity1/Library/PackageCache/com.unity.mathematics@19a9377c4ffa)
    com.unity.nuget.mono-cecil@1.11.6 (location: /Users/farhad/Projects/WarlineCapture-CodexUnity1/Library/PackageCache/com.unity.nuget.mono-cecil@ecb9724e46ff)
    com.unity.profiling.core@1.0.3 (location: /Users/farhad/Projects/WarlineCapture-CodexUnity1/Library/PackageCache/com.unity.profiling.core@8a49f7027d06)
    com.unity.scriptablebuildpipeline@2.6.1 (location: /Users/farhad/Projects/WarlineCapture-CodexUnity1/Library/PackageCache/com.unity.scriptablebuildpipeline@36e3b5898ee2)
    com.unity.test-framework.performance@3.2.0 (location: /Users/farhad/Projects/WarlineCapture-CodexUnity1/Library/PackageCache/com.unity.test-framework.performance@0840f58e4562)
  Built-in packages:
    com.unity.2d.sprite@1.0.0 (location: /Users/farhad/Projects/WarlineCapture-CodexUnity1/Library/PackageCache/com.unity.2d.sprite@929df5adbb1f)
    com.unity.entities@6.4.0 (location: /Users/farhad/Projects/WarlineCapture-CodexUnity1/Library/PackageCache/com.unity.entities@d66668920c3f)
    com.unity.entities.graphics@6.4.0 (location: /Users/farhad/Projects/WarlineCapture-CodexUnity1/Library/PackageCache/com.unity.entities.graphics@2ad17cac7401)
    com.unity.multiplayer.center@1.0.1 (location: /Users/farhad/Projects/WarlineCapture-CodexUnity1/Library/PackageCache/com.unity.multiplayer.center@f01f4ba8d00a)
    com.unity.render-pipelines.universal@17.4.0 (location: /Users/farhad/Projects/WarlineCapture-CodexUnity1/Library/PackageCache/com.unity.render-pipelines.universal@0c5162adfb45)
    com.unity.shadergraph@17.4.0 (location: /Users/farhad/Projects/WarlineCapture-CodexUnity1/Library/PackageCache/com.unity.shadergraph@c6e5f4d3afa5)
    com.unity.test-framework@1.6.0 (location: /Users/farhad/Projects/WarlineCapture-CodexUnity1/Library/PackageCache/com.unity.test-framework@629486125cfc)
    com.unity.ugui@2.0.0 (location: /Users/farhad/Projects/WarlineCapture-CodexUnity1/Library/PackageCache/com.unity.ugui@3dd2fbd8c1f1)
    com.unity.modules.accessibility@1.0.0 (location: /Users/farhad/Projects/WarlineCapture-CodexUnity1/Library/PackageCache/com.unity.modules.accessibility)
    com.unity.modules.adaptiveperformance@1.0.0 (location: /Users/farhad/Projects/WarlineCapture-CodexUnity1/Library/PackageCache/com.unity.modules.adaptiveperformance)
    com.unity.modules.ai@1.0.0 (location: /Users/farhad/Projects/WarlineCapture-CodexUnity1/Library/PackageCache/com.unity.modules.ai)
    com.unity.modules.androidjni@1.0.0 (location: /Users/farhad/Projects/WarlineCapture-CodexUnity1/Library/PackageCache/com.unity.modules.androidjni)
    com.unity.modules.animation@1.0.0 (location: /Users/farhad/Projects/WarlineCapture-CodexUnity1/Library/PackageCache/com.unity.modules.animation)
    com.unity.modules.assetbundle@1.0.0 (location: /Users/farhad/Projects/WarlineCapture-CodexUnity1/Library/PackageCache/com.unity.modules.assetbundle)
    com.unity.modules.audio@1.0.0 (location: /Users/farhad/Projects/WarlineCapture-CodexUnity1/Library/PackageCache/com.unity.modules.audio)
    com.unity.modules.cloth@1.0.0 (location: /Users/farhad/Projects/WarlineCapture-CodexUnity1/Library/PackageCache/com.unity.modules.cloth)
    com.unity.modules.director@1.0.0 (location: /Users/farhad/Projects/WarlineCapture-CodexUnity1/Library/PackageCache/com.unity.modules.director)
    com.unity.modules.imageconversion@1.0.0 (location: /Users/farhad/Projects/WarlineCapture-CodexUnity1/Library/PackageCache/com.unity.modules.imageconversion)
    com.unity.modules.imgui@1.0.0 (location: /Users/farhad/Projects/WarlineCapture-CodexUnity1/Library/PackageCache/com.unity.modules.imgui)
    com.unity.modules.jsonserialize@1.0.0 (location: /Users/farhad/Projects/WarlineCapture-CodexUnity1/Library/PackageCache/com.unity.modules.jsonserialize)
    com.unity.modules.screencapture@1.0.0 (location: /Users/farhad/Projects/WarlineCapture-CodexUnity1/Library/PackageCache/com.unity.modules.screencapture)
    com.unity.modules.tilemap@1.0.0 (location: /Users/farhad/Projects/WarlineCapture-CodexUnity1/Library/PackageCache/com.unity.modules.tilemap)
    com.unity.modules.ui@1.0.0 (location: /Users/farhad/Projects/WarlineCapture-CodexUnity1/Library/PackageCache/com.unity.modules.ui)
    com.unity.modules.uielements@1.0.0 (location: /Users/farhad/Projects/WarlineCapture-CodexUnity1/Library/PackageCache/com.unity.modules.uielements)
    com.unity.modules.umbra@1.0.0 (location: /Users/farhad/Projects/WarlineCapture-CodexUnity1/Library/PackageCache/com.unity.modules.umbra)
    com.unity.modules.unityanalytics@1.0.0 (location: /Users/farhad/Projects/WarlineCapture-CodexUnity1/Library/PackageCache/com.unity.modules.unityanalytics)
    com.unity.modules.unitywebrequest@1.0.0 (location: /Users/farhad/Projects/WarlineCapture-CodexUnity1/Library/PackageCache/com.unity.modules.unitywebrequest)
    com.unity.modules.unitywebrequestassetbundle@1.0.0 (location: /Users/farhad/Projects/WarlineCapture-CodexUnity1/Library/PackageCache/com.unity.modules.unitywebrequestassetbundle)
    com.unity.modules.unitywebrequestaudio@1.0.0 (location: /Users/farhad/Projects/WarlineCapture-CodexUnity1/Library/PackageCache/com.unity.modules.unitywebrequestaudio)
    com.unity.modules.unitywebrequesttexture@1.0.0 (location: /Users/farhad/Projects/WarlineCapture-CodexUnity1/Library/PackageCache/com.unity.modules.unitywebrequesttexture)
    com.unity.modules.unitywebrequestwww@1.0.0 (location: /Users/farhad/Projects/WarlineCapture-CodexUnity1/Library/PackageCache/com.unity.modules.unitywebrequestwww)
    com.unity.modules.vectorgraphics@1.0.0 (location: /Users/farhad/Projects/WarlineCapture-CodexUnity1/Library/PackageCache/com.unity.modules.vectorgraphics)
    com.unity.modules.vehicles@1.0.0 (location: /Users/farhad/Projects/WarlineCapture-CodexUnity1/Library/PackageCache/com.unity.modules.vehicles)
    com.unity.modules.video@1.0.0 (location: /Users/farhad/Projects/WarlineCapture-CodexUnity1/Library/PackageCache/com.unity.modules.video)
    com.unity.modules.vr@1.0.0 (location: /Users/farhad/Projects/WarlineCapture-CodexUnity1/Library/PackageCache/com.unity.modules.vr)
    com.unity.modules.wind@1.0.0 (location: /Users/farhad/Projects/WarlineCapture-CodexUnity1/Library/PackageCache/com.unity.modules.wind)
    com.unity.modules.xr@1.0.0 (location: /Users/farhad/Projects/WarlineCapture-CodexUnity1/Library/PackageCache/com.unity.modules.xr)
    com.unity.modules.physics@1.0.0 (location: /Users/farhad/Projects/WarlineCapture-CodexUnity1/Library/PackageCache/com.unity.modules.physics)
    com.unity.modules.subsystems@1.0.0 (location: /Users/farhad/Projects/WarlineCapture-CodexUnity1/Library/PackageCache/com.unity.modules.subsystems)
    com.unity.modules.hierarchycore@1.0.0 (location: /Users/farhad/Projects/WarlineCapture-CodexUnity1/Library/PackageCache/com.unity.modules.hierarchycore)
    com.unity.modules.physics2d@1.0.0 (location: /Users/farhad/Projects/WarlineCapture-CodexUnity1/Library/PackageCache/com.unity.modules.physics2d)
    com.unity.modules.particlesystem@1.0.0 (location: /Users/farhad/Projects/WarlineCapture-CodexUnity1/Library/PackageCache/com.unity.modules.particlesystem)
    com.unity.ext.nunit@2.0.5 (location: /Users/farhad/Projects/WarlineCapture-CodexUnity1/Library/PackageCache/com.unity.ext.nunit@d8c07649098d)
    com.unity.render-pipelines.core@17.4.0 (location: /Users/farhad/Projects/WarlineCapture-CodexUnity1/Library/PackageCache/com.unity.render-pipelines.core@6a60abc179f8)
    com.unity.collections@6.4.0 (location: /Users/farhad/Projects/WarlineCapture-CodexUnity1/Library/PackageCache/com.unity.collections@538ace9075bc)
    com.unity.render-pipelines.universal-config@17.4.0 (location: /Users/farhad/Projects/WarlineCapture-CodexUnity1/Library/PackageCache/com.unity.render-pipelines.universal-config@0db4263b9e6b)
    com.unity.modules.terrain@1.0.0 (location: /Users/farhad/Projects/WarlineCapture-CodexUnity1/Library/PackageCache/com.unity.modules.terrain)
  Embedded packages:
    com.sniveler-code.gpu-animation@file:/Users/farhad/Projects/WarlineCapture-CodexUnity1/Packages/com.sniveler-code.gpu-animation (location: /Users/farhad/Projects/WarlineCapture-CodexUnity1/Packages/com.sniveler-code.gpu-animation)
[Subsystems] No new subsystems found in resolved package list.
[Package Manager] Done registering packages in 0.01 seconds
Assembly reference Packages/com.unity.entities/Unity.Scenes.Editor/Internals/Properties/Unity.Properties.Internals.asmref has no target assembly definition
Assembly reference Packages/com.unity.entities/Unity.Scenes.Editor/Internals/Properties/Unity.Properties.Internals.asmref has no target assembly definition
info: Microsoft.Hosting.Lifetime[14]
      Now listening on: http://unix:/tmp/ilpp.sock-b4ec84c031c239252d01ca6208c174fd
info: Microsoft.Hosting.Lifetime[0]
      Application started. Press Ctrl+C to shut down.
info: Microsoft.Hosting.Lifetime[0]
      Hosting environment: Production
info: Microsoft.Hosting.Lifetime[0]
      Content root path: /Users/farhad/Projects/WarlineCapture-CodexUnity1
info: Microsoft.AspNetCore.Hosting.Diagnostics[1]
      Request starting HTTP/2 POST http://ilpp/UnityILPP.PostProcessing/Ping - application/grpc -
info: Microsoft.AspNetCore.Routing.EndpointMiddleware[0]
      Executing endpoint 'gRPC - /UnityILPP.PostProcessing/Ping'
info: Microsoft.AspNetCore.Routing.EndpointMiddleware[1]
      Executed endpoint 'gRPC - /UnityILPP.PostProcessing/Ping'
info: Microsoft.AspNetCore.Hosting.Diagnostics[2]
      Request finished HTTP/2 POST http://ilpp/UnityILPP.PostProcessing/Ping - 200 - application/grpc 39.0135ms
Starting: /Applications/Unity/Hub/Editor/6000.4.0f1/Unity.app/Contents/Resources/BuildPipeline/bee_backend --ipc --defer-dag-verification --dagfile="Library/Bee/200b0aEDbg.dag" --continue-on-failure --profile="Library/Bee/backend1.traceevents" ScriptAssemblies
WorkingDir: /Users/farhad/Projects/WarlineCapture-CodexUnity1
DisplayProgressbar: Compiling Scripts
info: Microsoft.AspNetCore.Hosting.Diagnostics[1]
      Request starting HTTP/2 POST http://ilpp/UnityILPP.PostProcessing/ConfigurePostProcessors - application/grpc -
info: Microsoft.AspNetCore.Routing.EndpointMiddleware[0]
      Executing endpoint 'gRPC - /UnityILPP.PostProcessing/ConfigurePostProcessors'
warn: Unity.ILPP.Runner.PostProcessingAssemblyLoadContext[0]
      Assembly unityeditor.ios.extensions.xcode has duplicate hint path. Ignoring "/Applications/Unity/Hub/Editor/6000.4.0f1/Unity.app/Contents/PlaybackEngines/MacStandaloneSupport/UnityEditor.iOS.Extensions.Xcode.dll" in favor of "/Applications/Unity/Hub/Editor/6000.4.0f1/PlaybackEngines/iOSSupport/UnityEditor.iOS.Extensions.Xcode.dll"
warn: Unity.ILPP.Runner.PostProcessingAssemblyLoadContext[0]
      Assembly system.runtime.interopservices.windowsruntime has duplicate hint path. Ignoring "/Applications/Unity/Hub/Editor/6000.4.0f1/Unity.app/Contents/Resources/Scripting/UnityReferenceAssemblies/unity-4.8-api/Facades/System.Runtime.InteropServices.WindowsRuntime.dll" in favor of "/Applications/Unity/Hub/Editor/6000.4.0f1/Unity.app/Contents/Resources/Scripting/NetStandard/Extensions/2.0.0/System.Runtime.InteropServices.WindowsRuntime.dll"
warn: Unity.ILPP.Runner.PostProcessingAssemblyLoadContext[0]
      Assembly system.componentmodel.composition has duplicate hint path. Ignoring "/Applications/Unity/Hub/Editor/6000.4.0f1/Unity.app/Contents/Resources/Scripting/UnityReferenceAssemblies/unity-4.8-api/System.ComponentModel.Composition.dll" in favor of "/Applications/Unity/Hub/Editor/6000.4.0f1/Unity.app/Contents/Resources/Scripting/NetStandard/compat/2.1.0/shims/netfx/System.ComponentModel.Composition.dll"
info: Unity.ILPP.Runner.PostProcessingAssemblyLoadContext[0]
      Resolved Unity.Burst.Cecil, Version=0.11.4.0, Culture=neutral, PublicKeyToken=50cebf1cceb9d05e with Library/PackageCache/com.unity.burst@07790c2d06d9/Unity.Burst.CodeGen/Unity.Burst.Cecil.dll
info: Unity.ILPP.Runner.PostProcessingAssemblyLoadContext[0]
      Resolved Mono.Cecil, Version=0.11.5.0, Culture=neutral, PublicKeyToken=50cebf1cceb9d05e with Library/PackageCache/com.unity.nuget.mono-cecil@ecb9724e46ff/Mono.Cecil.dll
info: Unity.ILPP.Runner.PostProcessingAssemblyLoadContext[0]
      Resolved Unity.Entities, Version=0.0.0.0, Culture=neutral, PublicKeyToken=null with Library/Bee/artifacts/200b0aEDbg.dag/Unity.Entities.dll
info: Microsoft.AspNetCore.Routing.EndpointMiddleware[1]
      Executed endpoint 'gRPC - /UnityILPP.PostProcessing/ConfigurePostProcessors'
info: Microsoft.AspNetCore.Hosting.Diagnostics[2]
      Request finished HTTP/2 POST http://ilpp/UnityILPP.PostProcessing/ConfigurePostProcessors - 200 - application/grpc 35.5685ms
ExitCode: 0 Duration: 0s767ms
[1025/1392  0s] ILPP-Configuration Library/ilpp-configuration.nevergeneratedoutput
*** Tundra build success (0.74 seconds), 1 items updated, 1392 evaluated
AssetDatabase: script compilation time: 1.607976s
Begin MonoManager ReloadAssembly
Total cache size 268255558
Total cache size after purge 268255558, took 00:00:00.3012581
Assembly Assembly-CSharp-Editor-firstpass.dll at Library/ScriptAssemblies/Assembly-CSharp-Editor-firstpass.dll not valid. Loading of assembly skipped.
Assembly Assembly-CSharp-Editor.dll at Library/ScriptAssemblies/Assembly-CSharp-Editor.dll not valid. Loading of assembly skipped.
Assembly Assembly-CSharp-firstpass.dll at Library/ScriptAssemblies/Assembly-CSharp-firstpass.dll not valid. Loading of assembly skipped.
Assembly Assembly-CSharp.dll at Library/ScriptAssemblies/Assembly-CSharp.dll not valid. Loading of assembly skipped.
Assembly DocCodeExamples.dll at Library/ScriptAssemblies/DocCodeExamples.dll not valid. Loading of assembly skipped.
Assembly DocCodeSamples.dll at Library/ScriptAssemblies/DocCodeSamples.dll not valid. Loading of assembly skipped.
Assembly MockTests.dll at Library/ScriptAssemblies/MockTests.dll not valid. Loading of assembly skipped.
Assembly TestNewCustomAssembly.dll at Library/ScriptAssemblies/TestNewCustomAssembly.dll not valid. Loading of assembly skipped.
Assembly TypeDependencyCacheTestAssembly.dll at Library/ScriptAssemblies/TypeDependencyCacheTestAssembly.dll not valid. Loading of assembly skipped.
Assembly Unity.2D.Sprite.Package.EditorTests.dll at Library/ScriptAssemblies/Unity.2D.Sprite.Package.EditorTests.dll not valid. Loading of assembly skipped.
Assembly Unity.Burst.Tests.dll at Library/ScriptAssemblies/Unity.Burst.Tests.dll not valid. Loading of assembly skipped.
Assembly Unity.Collections.BurstCompatibilityGen.dll at Library/ScriptAssemblies/Unity.Collections.BurstCompatibilityGen.dll not valid. Loading of assembly skipped.
Assembly Unity.Collections.DocCodeSamples.dll at Library/ScriptAssemblies/Unity.Collections.DocCodeSamples.dll not valid. Loading of assembly skipped.
Assembly Unity.Collections.PerformanceTests.dll at Library/ScriptAssemblies/Unity.Collections.PerformanceTests.dll not valid. Loading of assembly skipped.
Assembly Unity.Collections.Tests.dll at Library/ScriptAssemblies/Unity.Collections.Tests.dll not valid. Loading of assembly skipped.
Assembly Unity.Collections.Tests.Playmode.dll at Library/ScriptAssemblies/Unity.Collections.Tests.Playmode.dll not valid. Loading of assembly skipped.
Assembly Unity.Entities.CodeGen.Tests.dll at Library/ScriptAssemblies/Unity.Entities.CodeGen.Tests.dll not valid. Loading of assembly skipped.
Assembly Unity.Entities.ContentDelivery.Tests.dll at Library/ScriptAssemblies/Unity.Entities.ContentDelivery.Tests.dll not valid. Loading of assembly skipped.
Assembly Unity.Entities.Editor.PerformanceTests.dll at Library/ScriptAssemblies/Unity.Entities.Editor.PerformanceTests.dll not valid. Loading of assembly skipped.
Assembly Unity.Entities.Editor.Tests.dll at Library/ScriptAssemblies/Unity.Entities.Editor.Tests.dll not valid. Loading of assembly skipped.
Assembly Unity.Entities.Graphics.Tests.dll at Library/ScriptAssemblies/Unity.Entities.Graphics.Tests.dll not valid. Loading of assembly skipped.
Assembly Unity.Entities.Hybrid.EndToEnd.Tests.dll at Library/ScriptAssemblies/Unity.Entities.Hybrid.EndToEnd.Tests.dll not valid. Loading of assembly skipped.
Assembly Unity.Entities.Hybrid.PerformanceTests.dll at Library/ScriptAssemblies/Unity.Entities.Hybrid.PerformanceTests.dll not valid. Loading of assembly skipped.
Assembly Unity.Entities.Hybrid.Tests.dll at Library/ScriptAssemblies/Unity.Entities.Hybrid.Tests.dll not valid. Loading of assembly skipped.
Assembly Unity.Entities.Hybrid.Tests.ExcludedAssembly.dll at Library/ScriptAssemblies/Unity.Entities.Hybrid.Tests.ExcludedAssembly.dll not valid. Loading of assembly skipped.
Assembly Unity.Entities.Hybrid.Tests.SeparateAssembly.dll at Library/ScriptAssemblies/Unity.Entities.Hybrid.Tests.SeparateAssembly.dll not valid. Loading of assembly skipped.
Assembly Unity.Entities.PerformanceTests.dll at Library/ScriptAssemblies/Unity.Entities.PerformanceTests.dll not valid. Loading of assembly skipped.
Assembly Unity.Entities.TestComponents.dll at Library/ScriptAssemblies/Unity.Entities.TestComponents.dll not valid. Loading of assembly skipped.
Assembly Unity.Entities.Tests.dll at Library/ScriptAssemblies/Unity.Entities.Tests.dll not valid. Loading of assembly skipped.
Assembly Unity.Entities.Tests.InAnotherAssembly.dll at Library/ScriptAssemblies/Unity.Entities.Tests.InAnotherAssembly.dll not valid. Loading of assembly skipped.
Assembly Unity.Entities.Tests.InAnotherEmptyAssembly.dll at Library/ScriptAssemblies/Unity.Entities.Tests.InAnotherEmptyAssembly.dll not valid. Loading of assembly skipped.
Assembly Unity.InputSystem.IntegrationTests.dll at Library/ScriptAssemblies/Unity.InputSystem.IntegrationTests.dll not valid. Loading of assembly skipped.
Assembly Unity.Mathematics.Extensions.Tests.dll at Library/ScriptAssemblies/Unity.Mathematics.Extensions.Tests.dll not valid. Loading of assembly skipped.
Assembly Unity.Mathematics.Tests.dll at Library/ScriptAssemblies/Unity.Mathematics.Tests.dll not valid. Loading of assembly skipped.
Assembly Unity.Multiplayer.Center.Editor.Tests.dll at Library/ScriptAssemblies/Unity.Multiplayer.Center.Editor.Tests.dll not valid. Loading of assembly skipped.
Assembly Unity.Multiplayer.Center.Tests.dll at Library/ScriptAssemblies/Unity.Multiplayer.Center.Tests.dll not valid. Loading of assembly skipped.
Assembly Unity.Nuget.Mono-Cecil.dll at Library/ScriptAssemblies/Unity.Nuget.Mono-Cecil.dll not valid. Loading of assembly skipped.
Assembly Unity.PathTracing.Editor.Tests.dll at Library/ScriptAssemblies/Unity.PathTracing.Editor.Tests.dll not valid. Loading of assembly skipped.
Assembly Unity.PathTracing.Runtime.Tests.dll at Library/ScriptAssemblies/Unity.PathTracing.Runtime.Tests.dll not valid. Loading of assembly skipped.
Assembly Unity.Postprocessing.Editor.Tests.dll at Library/ScriptAssemblies/Unity.Postprocessing.Editor.Tests.dll not valid. Loading of assembly skipped.
Assembly Unity.Postprocessing.Runtime.Tests.dll at Library/ScriptAssemblies/Unity.Postprocessing.Runtime.Tests.dll not valid. Loading of assembly skipped.
Assembly Unity.RenderPipelines.Core.Editor.Tests.dll at Library/ScriptAssemblies/Unity.RenderPipelines.Core.Editor.Tests.dll not valid. Loading of assembly skipped.
Assembly Unity.RenderPipelines.Core.Runtime.Tests.dll at Library/ScriptAssemblies/Unity.RenderPipelines.Core.Runtime.Tests.dll not valid. Loading of assembly skipped.
Assembly Unity.RenderPipelines.Universal.Config.Editor.Tests.dll at Library/ScriptAssemblies/Unity.RenderPipelines.Universal.Config.Editor.Tests.dll not valid. Loading of assembly skipped.
Assembly Unity.RenderPipelines.Universal.Editor.Tests.dll at Library/ScriptAssemblies/Unity.RenderPipelines.Universal.Editor.Tests.dll not valid. Loading of assembly skipped.
Assembly Unity.RenderPipelines.Universal.Runtime.Tests.dll at Library/ScriptAssemblies/Unity.RenderPipelines.Universal.Runtime.Tests.dll not valid. Loading of assembly skipped.
Assembly Unity.Scenes.Editor.PerformanceTests.dll at Library/ScriptAssemblies/Unity.Scenes.Editor.PerformanceTests.dll not valid. Loading of assembly skipped.
Assembly Unity.Scenes.Editor.Tests.dll at Library/ScriptAssemblies/Unity.Scenes.Editor.Tests.dll not valid. Loading of assembly skipped.
Assembly Unity.Scenes.Hybrid.Tests.dll at Library/ScriptAssemblies/Unity.Scenes.Hybrid.Tests.dll not valid. Loading of assembly skipped.
Assembly Unity.Scenes.Hybrid.Tests.Editmode.Content.dll at Library/ScriptAssemblies/Unity.Scenes.Hybrid.Tests.Editmode.Content.dll not valid. Loading of assembly skipped.
Assembly Unity.Scenes.Hybrid.Tests.Playmode.dll at Library/ScriptAssemblies/Unity.Scenes.Hybrid.Tests.Playmode.dll not valid. Loading of assembly skipped.
Assembly Unity.Scenes.PerformanceTests.dll at Library/ScriptAssemblies/Unity.Scenes.PerformanceTests.dll not valid. Loading of assembly skipped.
Assembly Unity.Scenes.Tests.dll at Library/ScriptAssemblies/Unity.Scenes.Tests.dll not valid. Loading of assembly skipped.
Assembly Unity.ScriptableBuildPipeline.Editor.Tests.dll at Library/ScriptAssemblies/Unity.ScriptableBuildPipeline.Editor.Tests.dll not valid. Loading of assembly skipped.
Assembly Unity.ScriptableBuildPipeline.Tests.dll at Library/ScriptAssemblies/Unity.ScriptableBuildPipeline.Tests.dll not valid. Loading of assembly skipped.
Assembly Unity.ScriptableBuildPipelineTests.Runtime.Tests.dll at Library/ScriptAssemblies/Unity.ScriptableBuildPipelineTests.Runtime.Tests.dll not valid. Loading of assembly skipped.
Assembly Unity.Searcher.EditorTests.dll at Library/ScriptAssemblies/Unity.Searcher.EditorTests.dll not valid. Loading of assembly skipped.
Assembly Unity.Serialization.Tests.dll at Library/ScriptAssemblies/Unity.Serialization.Tests.dll not valid. Loading of assembly skipped.
Assembly Unity.Settings.Tests.dll at Library/ScriptAssemblies/Unity.Settings.Tests.dll not valid. Loading of assembly skipped.
Assembly Unity.ShaderGraph.Editor.Tests.dll at Library/ScriptAssemblies/Unity.ShaderGraph.Editor.Tests.dll not valid. Loading of assembly skipped.
Assembly Unity.TextMeshPro.Editor.Tests.dll at Library/ScriptAssemblies/Unity.TextMeshPro.Editor.Tests.dll not valid. Loading of assembly skipped.
Assembly Unity.TextMeshPro.Tests.dll at Library/ScriptAssemblies/Unity.TextMeshPro.Tests.dll not valid. Loading of assembly skipped.
Assembly Unity.Transforms.Hybrid.Tests.dll at Library/ScriptAssemblies/Unity.Transforms.Hybrid.Tests.dll not valid. Loading of assembly skipped.
Assembly Unity.Transforms.PerformanceTests.dll at Library/ScriptAssemblies/Unity.Transforms.PerformanceTests.dll not valid. Loading of assembly skipped.
Assembly Unity.Transforms.Tests.dll at Library/ScriptAssemblies/Unity.Transforms.Tests.dll not valid. Loading of assembly skipped.
Assembly Unity.UnifiedRayTracing.Editor.Tests.dll at Library/ScriptAssemblies/Unity.UnifiedRayTracing.Editor.Tests.dll not valid. Loading of assembly skipped.
Assembly UnityEditor.UI.Common.Tests.dll at Library/ScriptAssemblies/UnityEditor.UI.Common.Tests.dll not valid. Loading of assembly skipped.
Assembly UnityEditor.UI.EditorTests.dll at Library/ScriptAssemblies/UnityEditor.UI.EditorTests.dll not valid. Loading of assembly skipped.
Assembly UnityEngine.UI.Tests.dll at Library/ScriptAssemblies/UnityEngine.UI.Tests.dll not valid. Loading of assembly skipped.
Refreshing native plugins compatible for Editor in 2.18 ms, found 2 plugins.
Native extension for iOS target not found
Native extension for Android target not found
Native extension for WindowsStandalone target not found
Native extension for OSXStandalone target not found
Assembly reference Packages/com.unity.entities/Unity.Scenes.Editor/Internals/Properties/Unity.Properties.Internals.asmref has no target assembly definition
TypeManager.Initialize took: 270ms
[MODES] ModeService[none].Initialize
[MODES] ModeService[none].LoadModes
[MODES] Loading mode Default (0) for mode-current-id-WarlineCapture
ScheduleIndexationOnStartup MainProcess:True IndexOnStartup:True
Mono: successfully reloaded assembly
- Finished resetting the current domain, in 11.811 seconds
Domain Reload Profiling: 12900ms
	BeginReloadAssembly (198ms)
		DisableScriptedObjects (16ms)
		CreateAndSetChildDomain (52ms)
	RebuildCommonClasses (55ms)
	RebuildNativeTypeToScriptingClass (21ms)
	initialDomainReloadingComplete (72ms)
	LoadAllAssembliesAndSetupDomain (743ms)
		LoadAssemblies (401ms)
		AnalyzeDomain (409ms)
			TypeCache.Refresh (305ms)
				TypeCache.ScanAssembly (280ms)
			BuildScriptInfoCaches (88ms)
			ResolveRequiredComponents (14ms)
	FinalizeReload (11811ms)
		SetupLoadedEditorAssemblies (0ms)
			InitializePlatformSupportModulesInManaged (41ms)
			BeforeProcessingInitializeOnLoad (312ms)
			ProcessInitializeOnLoadAttributes (4827ms)
			ProcessInitializeOnLoadMethodAttributes (6293ms)
		AwakeInstancesAfterBackupRestoration (5ms)
Start importing Packages/com.unity.render-pipelines.core/Tests/Editor/UnifiedRayTracing/TraceRays.urtshader using Guid(1142bbad8b9e8c44c83a9775ff120d37) (ScriptedImporter)Launching external process: /Applications/Unity/Hub/Editor/6000.4.0f1/Unity.app/Contents/Helpers/UnityShaderCompiler
Launched and connected shader compiler UnityShaderCompiler after 0.09 seconds
 -> (Import Result ID: 'b02b1eedf2bc72d741d6fb1ef13cea2a') in 0.114435417 seconds [static and dynamic dependencies]. Details - ImportResultOutputID=60676db5e0937350a290b1c1f7b4c70c DependenciesID=dff11659726e3206eee5f5491e2bd149 StaticDependenciesID=b7859538b7c8061be2c1df0681a26cec 
Start importing Packages/com.unity.render-pipelines.core/Runtime/Lighting/SurfaceCache/RisEstimation.urtshader using Guid(713f6141bd66a134383b787f2eaa7c11) (ScriptedImporter) -> (Import Result ID: '05c6d1ea900f86ee09e6bb27b4646a87') in 0.011021958 seconds [static and dynamic dependencies]. Details - ImportResultOutputID=e73fff175b07306384be23486f46bb6b DependenciesID=ced94bf71a170954e1bf67b89b48149e StaticDependenciesID=1251c416255850dca778d66927462604 
Start importing Packages/com.unity.render-pipelines.core/Runtime/PathTracing/Shaders/LightmapShadowMaskIntegration.urtshader using Guid(d19f4f8a13b6edb48b986a47ec96402e) (ScriptedImporter) -> (Import Result ID: '47c2d3a000b1e494d0ba285a8f0a105f') in 0.014645083 seconds [static and dynamic dependencies]. Details - ImportResultOutputID=7292740b7d14d968ffe1ba017433ef4d DependenciesID=b74c3c74677c528b6bd855772b62a492 StaticDependenciesID=dddefbaa39ba5d51a386df5433e82fa1 
Start importing Packages/com.unity.render-pipelines.core/Runtime/PathTracing/Shaders/LightmapGBufferDebug.urtshader using Guid(737a1597422c12547a8714d76a9406ec) (ScriptedImporter) -> (Import Result ID: 'fb134b04cc8cd60e139516ef69dc4307') in 0.006766292 seconds [static and dynamic dependencies]. Details - ImportResultOutputID=7b9efb9dc52fdc4f4521bcdc2e30a7fc DependenciesID=3ef5ae9b6b50a8640f163a1439c3d1d2 StaticDependenciesID=62194a0448f2b8616e1214fb593272db 
Start importing Packages/com.unity.render-pipelines.core/Runtime/PathTracing/Shaders/LightmapNormalIntegration.urtshader using Guid(1451d029813b192429211be28181beab) (ScriptedImporter) -> (Import Result ID: '2427e3208793fce3f995d3b1ed18a003') in 0.006219375 seconds [static and dynamic dependencies]. Details - ImportResultOutputID=1fb3bb394802fba5ed9a601594c8e342 DependenciesID=8ee4effb22a1534392b58d45431cd4c4 StaticDependenciesID=cbe3820d9825e61936c3967ec27e4e90 
Start importing Packages/com.unity.render-pipelines.core/Editor/Lighting/ProbeVolume/RenderingLayerMask/TraceRenderingLayerMask.urtshader using Guid(94a070d33e408384bafc1dea4a565df9) (ScriptedImporter) -> (Import Result ID: 'f88f7acaf1a7e477605bba0095105036') in 0.004921458 seconds [static and dynamic dependencies]. Details - ImportResultOutputID=8195f6983a0c506670a186a3a61db13f DependenciesID=774966b3832c801ec34c2360d87d611d StaticDependenciesID=83d03f1fcc976b11b697d3bab0b97d8c 
Start importing Packages/com.unity.render-pipelines.core/Runtime/Lighting/SurfaceCache/UniformEstimation.urtshader using Guid(94a39d12848d8d64ca962a72b74e7c50) (ScriptedImporter) -> (Import Result ID: '3ec0d0b8f49b65f82fb60e5b755baa33') in 0.0052775 seconds [static and dynamic dependencies]. Details - ImportResultOutputID=749c2e2d762f936fcec628b8784b0e6b DependenciesID=3c8723a4370ad02d8d135538442cca47 StaticDependenciesID=f100dc97879ef35876f7ad5427566dd9 
Start importing Packages/com.unity.render-pipelines.core/Tests/Editor/UnifiedRayTracing/TraceTransparentRays.urtshader using Guid(6513c3b892e933c4f8d00c19d5c47532) (ScriptedImporter) -> (Import Result ID: 'f11c861015fcf3685285c1aa9daedc85') in 0.003692708 seconds [static and dynamic dependencies]. Details - ImportResultOutputID=97f2bd3542fbeabfa3e3e23f43dca624 DependenciesID=cdba4b949e0ba956953e1f75418cedba StaticDependenciesID=5e41b194f27d8b70c797e75555e2b1f0 
Start importing Packages/com.unity.render-pipelines.core/Runtime/PathTracing/Shaders/LightmapIndirectIntegration.urtshader using Guid(7624adbeb148b5c48ab5ab660cc2602a) (ScriptedImporter) -> (Import Result ID: 'ff7b3efe18a0c4a4dae72eb76d7bee68') in 0.006940916 seconds [static and dynamic dependencies]. Details - ImportResultOutputID=d96b1e00ddfc6919e38333e93001b46c DependenciesID=df77dcbf66e42f62472b8402e847eb85 StaticDependenciesID=6d19372de11b03798f093933090e79bb 
Start importing Packages/com.unity.render-pipelines.core/Runtime/PathTracing/Shaders/LightmapGBufferIntegration.urtshader using Guid(e9f4de6d1e07fb94f9a60d35b618f724) (ScriptedImporter) -> (Import Result ID: '1c0b1cd7dd9f2ac795241deec52fe440') in 0.005495875 seconds [static and dynamic dependencies]. Details - ImportResultOutputID=79c24a6b8f903a8b20074a3304a9f558 DependenciesID=8b5a68ac65dd41d064395c702bea2717 StaticDependenciesID=66dc06979910318021783fcb4ccd3ecc 
Start importing Packages/com.unity.render-pipelines.core/Editor/Lighting/ProbeVolume/DynamicGI/DynamicGISkyOcclusion.urtshader using Guid(5a2a534753fbdb44e96c3c78b5a6999d) (ScriptedImporter) -> (Import Result ID: 'f1c68a4d112abd04187954c6ad251e22') in 0.004220125 seconds [static and dynamic dependencies]. Details - ImportResultOutputID=9e1c1921fdf2c3b2900ff3480cd51260 DependenciesID=cb3dd5663327c5b17bef632fe86e7f24 StaticDependenciesID=18974378deb0e4fc540e6b2321b0ff13 
Start importing Packages/com.unity.render-pipelines.core/Runtime/PathTracing/Shaders/LightmapDirectIntegration.urtshader using Guid(5bbebdef5916845478fcef13fa10d89f) (ScriptedImporter) -> (Import Result ID: '146f49c533ff459504b8672e3fbc562c') in 0.005831416 seconds [static and dynamic dependencies]. Details - ImportResultOutputID=d5cfbeb9ffd8685e31c0e109cc8dac78 DependenciesID=91168c31aa219e20f51de159879329d7 StaticDependenciesID=63188f79534be5f4b9e074ad4af5bfb7 
Start importing Packages/com.unity.render-pipelines.core/Tests/Editor/UnifiedRayTracing/TraceRaysAndFetchAttributes.urtshader using Guid(fbc59f55df2416344b008dc23753cae2) (ScriptedImporter) -> (Import Result ID: '8babd1fc4ff4bbc3afa40f0cb7fe8c53') in 0.003642291 seconds [static and dynamic dependencies]. Details - ImportResultOutputID=0abdf43c06899e4e2e8dbb96b1d8c093 DependenciesID=ed31ead7cade9cc7600758cf4cd29bcd StaticDependenciesID=aa8291e86ea82085a643681c1c779d39 
Start importing Packages/com.unity.render-pipelines.core/Runtime/PathTracing/Shaders/LightmapAOIntegration.urtshader using Guid(1c410815c01ce1d4d82c645c0cd45747) (ScriptedImporter) -> (Import Result ID: '644c7f439d24f821923b57f734e87261') in 0.006632375 seconds [static and dynamic dependencies]. Details - ImportResultOutputID=a2e790bf6e8e762f0136210410aea7aa DependenciesID=273bd0f3e6e0b1d91d2760e33f7343a6 StaticDependenciesID=bcaf3aac9727a2ca27155e619d011e5f 
Start importing Packages/com.unity.render-pipelines.core/Runtime/PathTracing/Shaders/ProbeIntegrationValidity.urtshader using Guid(2c32233d92a2d0745930664c087c5c9a) (ScriptedImporter) -> (Import Result ID: 'eb678bed033c9fc6d8fe1ba0e8c8bd40') in 0.005473625 seconds [static and dynamic dependencies]. Details - ImportResultOutputID=d09e6c2713b8d0b8d08d095477013d9d DependenciesID=8ada901a9643d2de3f5935c602bdcddc StaticDependenciesID=4aea10376946a8225ccdfdec15a70dac 
Start importing Packages/com.unity.render-pipelines.core/Runtime/PathTracing/Shaders/LightmapValidityIntegration.urtshader using Guid(ace95ac84e213794891b4bd7c9b3c158) (ScriptedImporter) -> (Import Result ID: 'fee1b11ea6956af240ad70c85fc6f505') in 0.006977625 seconds [static and dynamic dependencies]. Details - ImportResultOutputID=54903fd78e2e1aaf80e41b587d86af20 DependenciesID=db4d8657ed3291ebfeaf487bc0bebe9f StaticDependenciesID=46d905dacc01197a8e043a8ad4f9d21d 
Start importing Packages/com.unity.render-pipelines.core/Runtime/Lighting/SurfaceCache/RestirCandidateTemporal.urtshader using Guid(ad3a9f9982f8c4f4a839a78955e78458) (ScriptedImporter) -> (Import Result ID: 'b442de830db69b9a8a915a20459c5c45') in 0.004705708 seconds [static and dynamic dependencies]. Details - ImportResultOutputID=a8021dada5002c5eb95eabc2614490d5 DependenciesID=351bb1a82a620e898a80389997e150e3 StaticDependenciesID=2beaac54fac463ee5ee15c00b0990d01 
Start importing Packages/com.unity.render-pipelines.core/Runtime/PathTracing/Shaders/ProbeIntegrationIndirect.urtshader using Guid(5ecdabd800f05984696f22ba95284516) (ScriptedImporter) -> (Import Result ID: 'ad33169ebd7ffdbb7be5366266c37a8f') in 0.006356375 seconds [static and dynamic dependencies]. Details - ImportResultOutputID=8628c55e1e78c55ea30e441309a25855 DependenciesID=524aa4a0bfb667a29054d55f6f09e003 StaticDependenciesID=83ecbbd61911181b4944eb7ac9eabee5 
Start importing Packages/com.unity.render-pipelines.core/Tests/Runtime/PathTracing/PathIteratorTest.urtshader using Guid(6e0b547bab30a804c8123974120d583f) (ScriptedImporter) -> (Import Result ID: '6a1a4586c52dc1799b76297a514b0822') in 0.007026417 seconds [static and dynamic dependencies]. Details - ImportResultOutputID=b56b33ee2ce80fb8bf887bafae871996 DependenciesID=a96fe9912a2403edb1a2e48738a2b60d StaticDependenciesID=cf2a33ce9b71ea08a4459556694e1323 
Start importing Packages/com.unity.render-pipelines.core/Runtime/PathTracing/Shaders/LiveGI.urtshader using Guid(ceb7a31b84722d144bbeff1c8cd88769) (ScriptedImporter) -> (Import Result ID: 'de4eb87adb84513523d6068b1980a2e1') in 0.006530834 seconds [static and dynamic dependencies]. Details - ImportResultOutputID=c4a67998f8769ad00a0995b933a38fd2 DependenciesID=d17a396d998884e9280fae0242a5d6df StaticDependenciesID=628001b751fe9fddf64a203b1446575e 
Start importing Packages/com.unity.render-pipelines.core/Runtime/PathTracing/Shaders/ProbeIntegrationOcclusion.urtshader using Guid(de3013e16d99f2746ab1735ec06a660b) (ScriptedImporter) -> (Import Result ID: '03439e488ea2b9668cbf826c646e8874') in 0.006647917 seconds [static and dynamic dependencies]. Details - ImportResultOutputID=930e6c70ae7940b8e3037136c66d54b3 DependenciesID=bb78a387594d2b7143d854bc34d2cf3d StaticDependenciesID=183f3d853e4af89ec08f4e79696e167d 
Start importing Packages/com.unity.render-pipelines.core/Runtime/PathTracing/Shaders/ProbeIntegrationDirect.urtshader using Guid(1f9bfe60b4ad75943a5281839c1a4e5c) (ScriptedImporter) -> (Import Result ID: '52daf38213497b4c1fcb20ca57641e2c') in 0.005885375 seconds [static and dynamic dependencies]. Details - ImportResultOutputID=c192d6f8227a8fd399028bdd05775228 DependenciesID=c4309f14eaa78f48144d0328753e5397 StaticDependenciesID=d3f99f9cc1ae2c0c0147c2fa8da668fc 
Start importing Packages/com.unity.render-pipelines.core/Editor/Lighting/ProbeVolume/VirtualOffset/TraceVirtualOffset.urtshader using Guid(ff2cbab5da58bf04d82c5f34037ed123) (ScriptedImporter) -> (Import Result ID: '3c7c0f2c78e43531183d19b65a6a5269') in 0.004605917 seconds [static and dynamic dependencies]. Details - ImportResultOutputID=245dc2138e98d0743f6132ee8ff93b87 DependenciesID=7a001765e33fd257941e16a860803d2a StaticDependenciesID=f51ff46b48d84884c883ac486ebfd7f9 
Refreshing native plugins compatible for Editor in 2.09 ms, found 2 plugins.
(Values over 0.050ms)
Asset Pipeline Refresh (id=c0dc7fdee5a3f4c9cb38fbf6958f920a): Total: 17.722 seconds - Initiated by InitialRefreshV2(ForceSynchronousImport)
	Summary:
		Imports: total=0 (actual=0, local cache=0, cache server=0)
		Asset DB Process Time: managed=3 ms, native=14203 ms
		Asset DB Callback time: managed=530 ms, native=77 ms
		Scripting: domain reloads=1, domain reload time=1092 ms, compile time=1609 ms, other=205 ms
		Project Asset Count: scripts=2387, non-scripts=15763
		Asset File Changes: new=0, changed=0, moved=0, deleted=0
		Scan Filter Count: 1
	InvokePackagesCallback: 14.641ms
	ApplyChangesToAssetFolders: 0.504ms
	Scan: 1266.674ms
	CategorizeScriptCompilationAssets: 96.937ms
	ProcessAssetsWithTransientArtifactChanges: 89.649ms
	CategorizeAssets: 311.504ms
	CompileScripts: 1609.118ms
	ImportOutOfDateAssets: 12108.735ms (11821.736ms without children)
		ImportManagerImport: 275.313ms (1.686ms without children)
		ReloadNativeAssets: 0.739ms
		UnloadImportedAssets: 4.348ms
		ReloadImportedAssets: 0.999ms
		EnsureUptoDateAssetsAreRegisteredWithGuidPM: 5.051ms
		OnDemandSchedulerStart: 1.537ms
	PostProcessAllAssets: 587.646ms
		ComputeShaderImportPostprocess 28.692ms
		RaytracingShaderImportPostprocess 26.247ms
		VCAutoAddAssetPostprocess 1.052ms
		XRBuildSystem.XRAssetImported 0.147ms
		PostProcessCallbackCreateDeferredMaterials 0.091ms
		ShaderAssetModifiedCallback 0.066ms
		MonoPostProcessAllAssets: 530.188ms
			AssetPostprocessor.OnPostprocessAllAssets 438.568ms
			StyleCatalogPostProcessor.OnPostprocessAllAssets 36.297ms
			UniversalRenderPipelineGlobalSettingsPostprocessor.OnPostprocessAllAssets 10.203ms
			BuilderAssetPostprocessor.OnPostprocessAllAssets 6.495ms
			SceneAssetPostProcessor.OnPostprocessAllAssets 5.370ms
			ShaderGraphAssetPostProcessor.OnPostprocessAllAssets 3.244ms
			WindowAssetPostprocessingWatcher.OnPostprocessAllAssets 2.218ms
			SyncVS.PostprocessSyncProject 2.185ms
			SpeedTree9Postprocessor.OnPostprocessAllAssets 1.756ms
			AssetChangedListener.OnPostprocessAllAssets 1.473ms
			MaterialPostprocessor.OnPostprocessAllAssets 1.033ms
			RetainedModeAssetPostprocessor.OnPostprocessAllAssets 1.014ms
			PostProcessor.OnPostprocessAllAssets 0.789ms
			InputActionAssetPostprocessor.OnPostprocessAllAssets 0.725ms
			ArtifactBrowserPostProcessor.OnPostprocessAllAssets 0.710ms
			InputActionJsonNameModifierAssetProcessor.OnPostprocessAllAssets 0.635ms
			RenderPipelineGlobalSettingsPostprocessor.OnPostprocessAllAssets 0.578ms
			TMPro_TexturePostProcessor.OnPostprocessAllAssets 0.557ms
			SpriteEditorTexturePostprocessor.OnPostprocessAllAssets 0.444ms
			TextAssetPostProcessor.OnPostprocessAllAssets 0.428ms
			UVCSAssetPostprocessor.OnPostprocessAllAssets 0.406ms
			AudioMixerPostprocessor.OnPostprocessAllAssets 0.349ms
			CubeLutAssetImporter.OnPostprocessAllAssets 0.335ms
			ReferencedClipsPostProcessor.OnPostprocessAllAssets 0.255ms
			AssetEvents.OnPostprocessAllAssets 0.223ms
			TerrainToolbarOverlayPostProcessor.OnPostprocessAllAssets 0.218ms
			AssetDatabaseCallbacks.OnPostprocessAllAssets 0.178ms
			ConfigAssetsTracker.OnPostprocessAllAssets 0.174ms
			ProjectSettingsPostprocessor.OnPostprocessAllAssets 0.148ms
			SpeedTreePostProcessor.OnPostprocessAllAssets 0.143ms
			SamplePostprocessor.OnPostprocessAllAssets 0.137ms
			ScenarioDriftAssetsTracker.OnPostprocessAllAssets 0.124ms
			AudioContainerPostProcessor.OnPostprocessAllAssets 0.115ms
	PostAssetChangesProfiler: 6.722ms
	UnloadStreamsBegin: 4.428ms
	PersistCurrentRevisions: 1.122ms
	GenerateScriptTypeHashes: 5.568ms
	GenerateScriptTypeSerializationHashes: 9.057ms
	Untracked: 1622.956ms

Application.AssetDatabase Initial Refresh End
Shader Hidden/ChartRasterizerHardware is not supported: GPU does not support conservative rasterization
Scanning for USB devices : 0.048ms
Initializing Unity extensions:
Script 'Library/PackageCache/com.unity.test-framework@629486125cfc/Tests/TestNewCustomAssembly/TestNewCustomAssembly.asmdef' will not be compiled because it exists outside the Assets folder and does not to belong to any assembly definition file.
Script 'Library/PackageCache/com.unity.entities@d66668920c3f/Unity.Entities.Hybrid.Tests/Baking/ExcludedAssemblyTest/Unity.Entities.Hybrid.Tests.ExcludedAssembly.asmdef' will not be compiled because it exists outside the Assets folder and does not to belong to any assembly definition file.
Script 'Library/PackageCache/com.unity.mathematics@19a9377c4ffa/Tests/Unity.Mathematics.Tests.asmdef' will not be compiled because it exists outside the Assets folder and does not to belong to any assembly definition file.
Script 'Library/PackageCache/com.unity.collections@538ace9075bc/Unity.Collections.Tests/System.Runtime.CompilerServices.Unsafe/System.Runtime.CompilerServices.Unsafe.xml' will not be compiled because it exists outside the Assets folder and does not to belong to any assembly definition file.
Script 'Library/PackageCache/com.unity.entities@d66668920c3f/Unity.Entities.PerformanceTests/Unity.Entities.PerformanceTests.asmdef' will not be compiled because it exists outside the Assets folder and does not to belong to any assembly definition file.
Script 'Library/PackageCache/com.unity.entities@d66668920c3f/Unity.Entities.Tests/InAnotherEmptyAssembly/Unity.Entities.Tests.InAnotherEmptyAssembly.asmdef' will not be compiled because it exists outside the Assets folder and does not to belong to any assembly definition file.
Script 'Library/PackageCache/com.unity.entities@d66668920c3f/Unity.Transforms.PerformanceTests/Unity.Transforms.PerformanceTests.asmdef' will not be compiled because it exists outside the Assets folder and does not to belong to any assembly definition file.
Script 'Library/PackageCache/com.unity.entities@d66668920c3f/Unity.Transforms.Tests/Unity.Transforms.Tests.asmdef' will not be compiled because it exists outside the Assets folder and does not to belong to any assembly definition file.
Script 'Library/PackageCache/com.unity.collections@538ace9075bc/DocCodeSamples.Tests/DocCodeSamples.Tests.asmdef' will not be compiled because it exists outside the Assets folder and does not to belong to any assembly definition file.
Script 'Library/PackageCache/com.unity.entities@d66668920c3f/Unity.Entities.Editor.PerformanceTests/Unity.Entities.Editor.PerformanceTests.asmdef' will not be compiled because it exists outside the Assets folder and does not to belong to any assembly definition file.
Script 'Library/PackageCache/com.unity.entities@d66668920c3f/Unity.Scenes.Hybrid.Tests/Playmode/Unity.Scenes.Hybrid.Tests.Playmode.asmdef' will not be compiled because it exists outside the Assets folder and does not to belong to any assembly definition file.
Script 'Library/PackageCache/com.unity.entities@d66668920c3f/Unity.Scenes.Tests/Unity.Scenes.Tests.asmdef' will not be compiled because it exists outside the Assets folder and does not to belong to any assembly definition file.
Script 'Library/PackageCache/com.unity.entities@d66668920c3f/Unity.Scenes.Editor.Tests/TypeDependencyCacheTestAssembly/TypeDependencyCacheTestAssembly.asmdef' will not be compiled because it exists outside the Assets folder and does not to belong to any assembly definition file.
Script 'Library/PackageCache/com.unity.serialization@582cbf30bbfd/Tests/Unity.Serialization.Tests/Unity.Serialization.Tests.asmdef' will not be compiled because it exists outside the Assets folder and does not to belong to any assembly definition file.
Script 'Library/PackageCache/com.unity.scriptablebuildpipeline@36e3b5898ee2/Tests/Runtime/TestAssets/Unity.ScriptableBuildPipelineTests.Runtime.Tests.asmdef' will not be compiled because it exists outside the Assets folder and does not to belong to any assembly definition file.
Script 'Library/PackageCache/com.unity.collections@538ace9075bc/Unity.Collections.PerformanceTests/Unity.Collections.PerformanceTests.asmdef' will not be compiled because it exists outside the Assets folder and does not to belong to any assembly definition file.
Script 'Library/PackageCache/com.unity.postprocessing@141166b789e3/Tests/Runtime/Unity.Postprocessing.Runtime.Tests.asmdef' will not be compiled because it exists outside the Assets folder and does not to belong to any assembly definition file.
Script 'Library/PackageCache/com.unity.timeline@bfd27f8016ff/DocCodeExamples/DocCodeExamples.asmdef' will not be compiled because it exists outside the Assets folder and does not to belong to any assembly definition file.
Script 'Library/PackageCache/com.unity.multiplayer.center@f01f4ba8d00a/Tests/Runtime/Unity.Multiplayer.Center.Tests.asmdef' will not be compiled because it exists outside the Assets folder and does not to belong to any assembly definition file.
Script 'Library/PackageCache/com.unity.entities@d66668920c3f/Unity.Entities.Hybrid.EndToEnd.Tests/Unity.Entities.Hybrid.EndToEnd.Tests.asmdef' will not be compiled because it exists outside the Assets folder and does not to belong to any assembly definition file.
Script 'Library/PackageCache/com.unity.entities@d66668920c3f/Unity.Scenes.Hybrid.Tests/Editmode/Content/Unity.Scenes.Hybrid.Tests.Editmode.Content.asmdef' will not be compiled because it exists outside the Assets folder and does not to belong to any assembly definition file.
Script 'Library/PackageCache/com.unity.entities@d66668920c3f/Unity.Entities.Tests/Content/ContentDeliveryTests/Unity.Entities.ContentDeliveryGlobalState.Tests.asmdef' will not be compiled because it exists outside the Assets folder and does not to belong to any assembly definition file.
Script 'Library/PackageCache/com.unity.entities@d66668920c3f/Unity.Entities.Hybrid.Tests/Baking/SeparateAssembly/Unity.Entities.Hybrid.Tests.SeparateAssembly.asmdef' will not be compiled because it exists outside the Assets folder and does not to belong to any assembly definition file.
Script 'Library/PackageCache/com.unity.render-pipelines.core@6a60abc179f8/Tests/Runtime/Threading/FunctionTestsGroup.compute' will not be compiled because it exists outside the Assets folder and does not to belong to any assembly definition file.
Script 'Library/PackageCache/com.unity.entities@d66668920c3f/DocCodeSamples.Tests/DocCodeSamples.asmdef' will not be compiled because it exists outside the Assets folder and does not to belong to any assembly definition file.
Script 'Library/PackageCache/com.unity.render-pipelines.core@6a60abc179f8/Tests/Runtime/PathTracing/UniformAlbedoMetaPass.shader' will not be compiled because it exists outside the Assets folder and does not to belong to any assembly definition file.
Script 'Library/PackageCache/com.unity.ugui@3dd2fbd8c1f1/Tests/Runtime/UGUI/UnityEngine.UI.Tests.asmdef' will not be compiled because it exists outside the Assets folder and does not to belong to any assembly definition file.
Script 'Library/PackageCache/com.unity.inputsystem@21a28c3a6c83/Tests/IntegrationTests/Unity.InputSystem.IntegrationTests.asmdef' will not be compiled because it exists outside the Assets folder and does not to belong to any assembly definition file.
Script 'Library/PackageCache/com.unity.entities@d66668920c3f/Unity.Transforms.Hybrid.Tests/Unity.Transforms.Hybrid.Tests.asmdef' will not be compiled because it exists outside the Assets folder and does not to belong to any assembly definition file.
Script 'Library/PackageCache/com.unity.collections@538ace9075bc/Unity.Collections.Tests.Playmode/FixedListPlayModeTests.tt' will not be compiled because it exists outside the Assets folder and does not to belong to any assembly definition file.
Script 'Library/PackageCache/com.unity.serialization@582cbf30bbfd/Tests/Unity.Serialization.Editor.Tests/Unity.Serialization.Editor.Tests.asmdef' will not be compiled because it exists outside the Assets folder and does not to belong to any assembly definition file.
Script 'Library/PackageCache/com.unity.entities@d66668920c3f/Unity.Entities.Hybrid.PerformanceTests/Unity.Entities.Hybrid.PerformanceTests.asmdef' will not be compiled because it exists outside the Assets folder and does not to belong to any assembly definition file.
Script 'Library/PackageCache/com.unity.entities@d66668920c3f/Unity.Scenes.Hybrid.Tests/Editmode/Unity.Scenes.Hybrid.Tests.asmdef' will not be compiled because it exists outside the Assets folder and does not to belong to any assembly definition file.
Script 'Library/PackageCache/com.unity.entities@d66668920c3f/Unity.Burst.Tests/Unity.Burst.Tests.asmdef' will not be compiled because it exists outside the Assets folder and does not to belong to any assembly definition file.
Script 'Library/PackageCache/com.unity.ugui@3dd2fbd8c1f1/Tests/Runtime/TMP/Unity.TextMeshPro.Tests.asmdef' will not be compiled because it exists outside the Assets folder and does not to belong to any assembly definition file.
Script 'Library/PackageCache/com.unity.entities.graphics@2ad17cac7401/Unity.Entities.Graphics.Tests/Unity.Entities.Graphics.Tests.asmdef' will not be compiled because it exists outside the Assets folder and does not to belong to any assembly definition file.
Script 'Library/PackageCache/com.unity.render-pipelines.universal@0c5162adfb45/Tests/Runtime/Unity.RenderPipelines.Universal.Runtime.Tests.asmdef' will not be compiled because it exists outside the Assets folder and does not to belong to any assembly definition file.
Script 'Library/PackageCache/com.unity.entities@d66668920c3f/Unity.Entities.Tests/InAnotherAssembly/Unity.Entities.Tests.InAnotherAssembly.asmdef' will not be compiled because it exists outside the Assets folder and does not to belong to any assembly definition file.
Script 'Library/PackageCache/com.unity.entities@d66668920c3f/Unity.Mathematics.Extensions.Tests/Unity.Mathematics.Extensions.Tests.asmdef' will not be compiled because it exists outside the Assets folder and does not to belong to any assembly definition file.
Script 'Library/PackageCache/com.unity.scriptablebuildpipeline@36e3b5898ee2/Tests/Runtime/Unity.ScriptableBuildPipeline.Tests.asmdef' will not be compiled because it exists outside the Assets folder and does not to belong to any assembly definition file.
Script 'Library/PackageCache/com.unity.entities@d66668920c3f/Unity.Entities.Hybrid.Tests/Unity.Entities.Hybrid.Tests.asmdef' will not be compiled because it exists outside the Assets folder and does not to belong to any assembly definition file.
Script 'Library/PackageCache/com.unity.entities@d66668920c3f/Unity.Entities.Tests/Unity.Entities.Tests.asmdef' will not be compiled because it exists outside the Assets folder and does not to belong to any assembly definition file.
Script 'Library/PackageCache/com.unity.entities@d66668920c3f/Unity.Scenes.Editor.Tests/Unity.Scenes.Editor.Tests.asmdef' will not be compiled because it exists outside the Assets folder and does not to belong to any assembly definition file.
Script 'Library/PackageCache/com.unity.entities@d66668920c3f/Unity.Entities.TestComponents/Unity.TestComponents.asmdef' will not be compiled because it exists outside the Assets folder and does not to belong to any assembly definition file.
Script 'Library/PackageCache/com.unity.entities@d66668920c3f/Unity.Scenes.Editor.PerformanceTests/Unity.Scenes.Editor.PerformanceTests.asmdef' will not be compiled because it exists outside the Assets folder and does not to belong to any assembly definition file.
Script 'Library/PackageCache/com.unity.entities@d66668920c3f/Unity.Entities.CodeGen.Tests/Unity.Entities.CodeGen.Tests.asmdef' will not be compiled because it exists outside the Assets folder and does not to belong to any assembly definition file.
Script 'Library/PackageCache/com.unity.collections@538ace9075bc/Unity.Collections.BurstCompatibilityGen/Unity.Collections.BurstCompatibilityGen.asmdef' will not be compiled because it exists outside the Assets folder and does not to belong to any assembly definition file.
Script 'Library/PackageCache/com.unity.entities@d66668920c3f/Unity.Entities.Editor.Tests/Unity.Entities.Editor.Tests.asmdef' will not be compiled because it exists outside the Assets folder and does not to belong to any assembly definition file.
Script 'Library/PackageCache/com.unity.entities@d66668920c3f/Unity.Scenes.PerformanceTests/Unity.Scenes.PerformanceTests.asmdef' will not be compiled because it exists outside the Assets folder and does not to belong to any assembly definition file.
2026-06-23 16:16:30.608 Unity[37508:111279] NSEventModifierFlagFunction specified to -setKeyEquivalentModifierMask: for item <NSMenuItem: 0x7ce8f69e0 SDF, ke='Command-F12'>, but is only supported for system-provided menu items; will not be used
Unloading 75 Unused Serialized files (Serialized files now loaded: 0)
Unloading 9879 unused Assets / (6.8 MB). Loaded Objects now: 10304.
Memory consumption went from 422.5 MB to 415.7 MB.
Total: 20.899542 ms (FindLiveObjects: 0.535125 ms CreateObjectMapping: 0.428292 ms MarkObjects: 15.632000 ms  DeleteObjects: 4.303167 ms)

2026-06-23 16:16:30.734 Unity[37508:111279] NSEventModifierFlagFunction specified to -setKeyEquivalentModifierMask: for item <NSMenuItem: 0x7ce8fdc20 SDF, ke='Command-F12'>, but is only supported for system-provided menu items; will not be used
2026-06-23 16:16:30.784 Unity[37508:111279] [XcodeApplications] Failed to read NSDictionary from path L/Contents/Info.plist
Start importing Assets/Game/Data/UI/RuntimeUiConfig.asset using Guid(d2c44335263b4a319f6ef8cebdde548a) (NativeFormatImporter) -> (Import Result ID: '39eddd83c8dadd53f02e571cb11961fa') in 0.001767333 seconds [static dependencies only]. Details - ImportResultOutputID=5a0bb9f38e66257519ba6953a15a4d9c DependenciesID=33cf197984036216b06cf5aab7236deb StaticDependenciesID=7234ad994a771508e2b0dd4bcf6a6130 
Asset Pipeline Refresh (id=54353beb6ceb3451a9e28e4f21a61100): Total: 0.186 seconds - Initiated by StopAssetImportingV2(NoUpdateAssetOptions)
Opening scene 'Assets/Game/Scenes/Menu.unity'
Unloading 892 Unused Serialized files (Serialized files now loaded: 0)
Loaded scene 'Assets/Game/Scenes/Menu.unity'
	Deserialize:            874.085 ms
	Integration:            492.255 ms
	Integration of assets:  1196.306 ms
	Thread Wait Time:       -0.020 ms
	Total Operation Time:   2562.626 ms
Unloading 11 unused Assets / (2.4 KB). Loaded Objects now: 19912.
Memory consumption went from 0.83 GB to 0.83 GB.
Total: 14.891291 ms (FindLiveObjects: 0.579584 ms CreateObjectMapping: 0.382375 ms MarkObjects: 13.865750 ms  DeleteObjects: 0.063000 ms)

[Project] Loading completed in 29.850 seconds
	Project init time: 				25.972 seconds
		Template init time: 		0.000 seconds
		Package Manager init time: 		1.258 seconds
		Asset Database init time: 		0.589 seconds
		Global illumination init time: 	0.001 seconds
		Assemblies load time: 			4.358 seconds
		Unity extensions init time: 	0.020 seconds
		Asset Database refresh time: 	17.723 seconds
	Scene opening time: 			3.446 seconds
##utp:{"type":"ProjectInfo","version":2,"phase":"Immediate","time":1782224193576,"processId":37508,"projectLoad":29.850323833,"projectInit":25.972008417,"templateInit":0.0,"packageManagerInit":1.2581425,"assetDatabaseInit":0.589236875,"globalIlluminationInit":0.000918709,"assembliesLoad":4.357928167,"unityExtensionsInit":0.020092417,"assetDatabaseRefresh":17.722555917,"sceneOpening":3.446024333}
##utp:{"type":"EditorInfo","version":2,"phase":"Immediate","time":1782224193576,"processId":37508,"editorVersion":"6000.4.0f1 (8cf496087c8f)","branch":"6000.4/staging","buildType":"Release","platform":"OSX"}
Subscribe to USB device events
Thread 0x35fb47000 may have been prematurely finalized
Entering Playmode with Reload Domain disabled.
If you experience any issues, please disable "Enter Play Mode Options" in Editor Settings
Entering Playmode with Reload Scene disabled. If you experience any issues, please disable "Enter Play Mode Options" in Editor Settings
(Values over 0.050ms)
Asset Pipeline Refresh (id=0a730a1459e6b4e26ae046d25d2ed73d): Total: 0.670 seconds - Initiated by RefreshV2(NoUpdateAssetOptions)
	Summary:
		Imports: total=0 (actual=0, local cache=0, cache server=0)
		Asset DB Process Time: managed=0 ms, native=669 ms
		Asset DB Callback time: managed=0 ms, native=0 ms
		Scripting: domain reloads=0, domain reload time=0 ms, compile time=0 ms, other=0 ms
		Project Asset Count: scripts=2387, non-scripts=15763
		Asset File Changes: new=0, changed=0, moved=0, deleted=0
		Scan Filter Count: 1
	ApplyChangesToAssetFolders: 0.232ms
	Scan: 481.783ms
	ProcessAssetsWithTransientArtifactChanges: 0.074ms
	CategorizeAssets: 166.251ms
	ImportOutOfDateAssets: 6.419ms (1.361ms without children)
		ReloadNativeAssets: 0.566ms
		UnloadImportedAssets: 0.138ms
		EnsureUptoDateAssetsAreRegisteredWithGuidPM: 3.096ms
		OnDemandSchedulerStart: 1.256ms
	GatherAllCurrentPrimaryImportResultRevisions: 1.045ms
	UnloadStreamsBegin: 1.675ms
	PersistCurrentRevisions: 1.061ms
	Untracked: 10.741ms

[Licensing::Client] Successfully resolved entitlement details
Start Indexing on Editor startup
[Indexing] Starting Initial Indexing for Assets
Created GICache directory at /Users/farhad/Library/Caches/com.unity3d.UnityEditor/GiCache. Took: 0.006s, timestamps: [31.243 - 31.249]
[Licensing::Client] Successfully resolved entitlement details
[CanvasRouteCaptureValidation] staticContentPrefab=Assets/Game/Prefabs/UI/Shell/Content/SCN03_CommanderProfileContent.prefab
UnityEngine.Debug:ExtractStackTraceNoAlloc (byte*,int,string)
UnityEngine.StackTraceUtility:ExtractStackTrace () (at /Users/bokken/build/output/unity/unity/Runtime/Export/Scripting/StackTrace.cs:35)
UnityEngine.DebugLogHandler:Internal_Log (UnityEngine.LogType,UnityEngine.LogOption,string,UnityEngine.Object)
UnityEngine.DebugLogHandler:LogFormat (UnityEngine.LogType,UnityEngine.Object,string,object[])
UnityEngine.Logger:Log (UnityEngine.LogType,object)
UnityEngine.Debug:Log (object)
CanvasMenuFallbackValidation:TryMountStaticMenuContent (MenuBootstrapView,string,string&) (at Assets/Game/Scripts/Editor/CanvasMenuFallbackValidation.cs:794)
CanvasMenuFallbackValidation:TryConfigureRouteCapture (MenuBootstrapView,string&) (at Assets/Game/Scripts/Editor/CanvasMenuFallbackValidation.cs:664)
CanvasMenuFallbackValidation:ContinueRouteCapture () (at Assets/Game/Scripts/Editor/CanvasMenuFallbackValidation.cs:523)
UnityEditor.EditorApplication:Internal_CallUpdateFunctions () (at /Users/bokken/build/output/unity/unity/Editor/Mono/EditorApplication.cs:401)

(Filename: Assets/Game/Scripts/Editor/CanvasMenuFallbackValidation.cs Line: 794)

[CanvasRouteCaptureValidation] result=Passed Canvas route is visible. route=CommandFeed popup=None overlay=None modal=None armoryCategory=Default selectedButton=None luma=0.170 size=1920x1080 path=/Users/farhad/Projects/WarlineCapture/Design/VisualLockLayered/_CanvasTargetLockVisualMatch/SCN-03_CommanderProfile/iteration_02/shadow_canvas_scn03_layout_pass_1920x1080.png
UnityEngine.Debug:ExtractStackTraceNoAlloc (byte*,int,string)
UnityEngine.StackTraceUtility:ExtractStackTrace () (at /Users/bokken/build/output/unity/unity/Runtime/Export/Scripting/StackTrace.cs:35)
UnityEngine.DebugLogHandler:Internal_Log (UnityEngine.LogType,UnityEngine.LogOption,string,UnityEngine.Object)
UnityEngine.DebugLogHandler:LogFormat (UnityEngine.LogType,UnityEngine.Object,string,object[])
UnityEngine.Logger:Log (UnityEngine.LogType,object)
UnityEngine.Debug:Log (object)
CanvasMenuFallbackValidation:CompleteRouteCapture (bool,string) (at Assets/Game/Scripts/Editor/CanvasMenuFallbackValidation.cs:1183)
CanvasMenuFallbackValidation:ContinueRouteCapture () (at Assets/Game/Scripts/Editor/CanvasMenuFallbackValidation.cs:560)
UnityEditor.EditorApplication:Internal_CallUpdateFunctions () (at /Users/bokken/build/output/unity/unity/Editor/Mono/EditorApplication.cs:401)

(Filename: Assets/Game/Scripts/Editor/CanvasMenuFallbackValidation.cs Line: 1183)

Killing ADB server in 0.078421 seconds.
Input System module state changed to: ShutdownInProgress.
Input Polling Thread exited.
Input System module state changed to: Shutdown.
[Physics::Module] Cleanup current backend.
[Physics::Module] Id: 0xf2b8ea05
[Licensing::IpcConnector] LicenseClient-farhad-6000.4.0-notifications channel disconnected successfully.
[Licensing::IpcConnector] LicenseClient-farhad-6000.4.0 channel disconnected successfully.
Thread 0x16e8cf000 may have been prematurely finalized
Thread 0x16e95b000 may have been prematurely finalized
Thread 0x16eb8b000 may have been prematurely finalized
Thread 0x16ec17000 may have been prematurely finalized
Thread 0x16eca3000 may have been prematurely finalized
Thread 0x16e9e7000 may have been prematurely finalized
Thread 0x16ea73000 may have been prematurely finalized
Thread 0x16eaff000 may have been prematurely finalized
AcceleratorClientConnectionCallback - disconnected - :0
info: Microsoft.Hosting.Lifetime[0]
      Application is shutting down...
Cleanup mono
CodeReloadManager destroyed
info: Unity.ILPP.Runner.PostProcessingAssemblyLoadContext[0]
      ALC ILPP context 1 is unloading
16:16:39.283 |V| RiderPlugin                    | :1                             | AppDomain.CurrentDomain.DomainUnload lifetimeDefinition.Terminate
debugger-agent: Unable to listen on 45
[usbmuxd] Stop listen thread
[usbmuxd] Error: 
[usbmuxd] Listen thread exiting
