[ExistingEditorValidation] project=/Volumes/T7/Projects/WarlineCapture-MenuUiUx/Assets executeMethod=Game.Editor.BarrackMasonryPrefabBuilder.BuildAndValidate
UnityEngine.Debug:Log (object)
Game.Editor.ExistingEditorValidation/<Run>d__9:MoveNext () (at Assets/Game/Scripts/Editor/ExistingEditorValidation.cs:91)
System.Runtime.CompilerServices.AsyncVoidMethodBuilder:Start<Game.Editor.ExistingEditorValidation/<Run>d__9> (Game.Editor.ExistingEditorValidation/<Run>d__9&)
Game.Editor.ExistingEditorValidation:Run (string,string)
PipelineEvaluation.PipelineEval_738c7f7e/<>c__DisplayClass0_0:<Execute>b__0 ()
UnityEditor.EditorApplication:Internal_CallUpdateFunctions () (at /Users/bokken/build/output/unity/unity/Editor/Mono/EditorApplication.cs:403)

Loaded 1 ExamplePackConfig assets
UnityEngine.Debug:Log (object)
SyntyPackageHelper:LoadSyntyPackageHelperConfigs () (at Assets/Synty/SyntyPackageHelper/Editor/SyntyPackageHelper.cs:46)
SyntyPackageHelper:OnProjectChanged () (at Assets/Synty/SyntyPackageHelper/Editor/SyntyPackageHelper.cs:55)
UnityEditor.AssetDatabase:CreateFolder (string,string)
Game.Editor.BarrackMasonryPrefabBuilder:EnsureFolder (string) (at Assets/Game/Scripts/Editor/BarrackMasonryPrefabBuilder.cs:28)
Game.Editor.BarrackMasonryPrefabBuilder:EnsureFolder (string) (at Assets/Game/Scripts/Editor/BarrackMasonryPrefabBuilder.cs:28)
Game.Editor.BarrackMasonryPrefabBuilder:BuildAndValidate () (at Assets/Game/Scripts/Editor/BarrackMasonryPrefabBuilder.cs:32)
System.Reflection.MethodBase:Invoke (object,object[])
Game.Editor.ExistingEditorValidation/<Run>d__9:MoveNext () (at Assets/Game/Scripts/Editor/ExistingEditorValidation.cs:93)
System.Runtime.CompilerServices.AsyncVoidMethodBuilder:Start<Game.Editor.ExistingEditorValidation/<Run>d__9> (Game.Editor.ExistingEditorValidation/<Run>d__9&)
Game.Editor.ExistingEditorValidation:Run (string,string)
PipelineEvaluation.PipelineEval_738c7f7e/<>c__DisplayClass0_0:<Execute>b__0 ()
UnityEditor.EditorApplication:Internal_CallUpdateFunctions () (at /Users/bokken/build/output/unity/unity/Editor/Mono/EditorApplication.cs:403)

[BarrackMasonryRuntime] result=Passed create=Native destruction=Native cleanup=Native production=4Soldiers exits=Outside28x15 footprint=28x15 deviceAcceptance=Pending fullMission=NotClaimed
UnityEngine.Debug:Log (object)
Game.Editor.BarrackMasonryPrefabBuilder:ValidateRuntimeAndCapture () (at Assets/Game/Scripts/Editor/BarrackMasonryPrefabBuilder.cs:158)
Game.Editor.BarrackMasonryPrefabBuilder:BuildAndValidate () (at Assets/Game/Scripts/Editor/BarrackMasonryPrefabBuilder.cs:84)
System.Reflection.MethodBase:Invoke (object,object[])
Game.Editor.ExistingEditorValidation/<Run>d__9:MoveNext () (at Assets/Game/Scripts/Editor/ExistingEditorValidation.cs:93)
System.Runtime.CompilerServices.AsyncVoidMethodBuilder:Start<Game.Editor.ExistingEditorValidation/<Run>d__9> (Game.Editor.ExistingEditorValidation/<Run>d__9&)
Game.Editor.ExistingEditorValidation:Run (string,string)
PipelineEvaluation.PipelineEval_738c7f7e/<>c__DisplayClass0_0:<Execute>b__0 ()
UnityEditor.EditorApplication:Internal_CallUpdateFunctions () (at /Users/bokken/build/output/unity/unity/Editor/Mono/EditorApplication.cs:403)

[BarrackMasonryReplacement] result=Passed assetIdentity=Preserved footprint=28x15 gameplay=Preserved genericCityRuins=Preserved runtimeCreateDestroyCleanup=Passed productionExit=OutsideFootprint activeScene=Preserved
UnityEngine.Debug:Log (object)
Game.Editor.BarrackMasonryPrefabBuilder:BuildAndValidate () (at Assets/Game/Scripts/Editor/BarrackMasonryPrefabBuilder.cs:87)
System.Reflection.MethodBase:Invoke (object,object[])
Game.Editor.ExistingEditorValidation/<Run>d__9:MoveNext () (at Assets/Game/Scripts/Editor/ExistingEditorValidation.cs:93)
System.Runtime.CompilerServices.AsyncVoidMethodBuilder:Start<Game.Editor.ExistingEditorValidation/<Run>d__9> (Game.Editor.ExistingEditorValidation/<Run>d__9&)
Game.Editor.ExistingEditorValidation:Run (string,string)
PipelineEvaluation.PipelineEval_738c7f7e/<>c__DisplayClass0_0:<Execute>b__0 ()
UnityEditor.EditorApplication:Internal_CallUpdateFunctions () (at /Users/bokken/build/output/unity/unity/Editor/Mono/EditorApplication.cs:403)

[ExistingEditorValidation] result=Passed executeMethod=Game.Editor.BarrackMasonryPrefabBuilder.BuildAndValidate
UnityEngine.Debug:Log (object)
Game.Editor.ExistingEditorValidation/<Run>d__9:MoveNext () (at Assets/Game/Scripts/Editor/ExistingEditorValidation.cs:110)
System.Runtime.CompilerServices.AsyncVoidMethodBuilder:Start<Game.Editor.ExistingEditorValidation/<Run>d__9> (Game.Editor.ExistingEditorValidation/<Run>d__9&)
Game.Editor.ExistingEditorValidation:Run (string,string)
PipelineEvaluation.PipelineEval_738c7f7e/<>c__DisplayClass0_0:<Execute>b__0 ()
UnityEditor.EditorApplication:Internal_CallUpdateFunctions () (at /Users/bokken/build/output/unity/unity/Editor/Mono/EditorApplication.cs:403)

