[ExistingEditorValidation] project=/Users/farhad/Projects/WarlineCapture/Assets executeMethod=MenuHeaderRemediationTests.BuildAndValidateNativePresentation
UnityEngine.Debug:Log (object)
Game.Editor.ExistingEditorValidation/<Run>d__9:MoveNext () (at Assets/Game/Scripts/Editor/ExistingEditorValidation.cs:90)
System.Runtime.CompilerServices.AsyncVoidMethodBuilder:Start<Game.Editor.ExistingEditorValidation/<Run>d__9> (Game.Editor.ExistingEditorValidation/<Run>d__9&)
Game.Editor.ExistingEditorValidation:Run (string,string)
PipelineEvaluation.PipelineEval_e2bb8dd2/<>c__DisplayClass0_0:<Execute>b__0 ()
UnityEditor.EditorApplication:Internal_CallUpdateFunctions () (at /Users/bokken/build/output/unity/unity/Editor/Mono/EditorApplication.cs:403)

[MainMenuV3PrefabBuilder] validation=Passed gradients=20 images=38
UnityEngine.Debug:Log (object)
Game.Editor.MainMenuV3PrefabBuilder:Validate () (at Assets/Game/Scripts/Editor/MainMenuV3PrefabBuilder.cs:187)
Game.Editor.MainMenuV3PrefabBuilder:Build () (at Assets/Game/Scripts/Editor/MainMenuV3PrefabBuilder.cs:108)
MenuHeaderRemediationTests:BuildAndValidateNativePresentation () (at Assets/Tests/Editor/MenuHeaderRemediationTests.cs:35)
System.Reflection.MethodBase:Invoke (object,object[])
Game.Editor.ExistingEditorValidation/<Run>d__9:MoveNext () (at Assets/Game/Scripts/Editor/ExistingEditorValidation.cs:92)
System.Runtime.CompilerServices.AsyncVoidMethodBuilder:Start<Game.Editor.ExistingEditorValidation/<Run>d__9> (Game.Editor.ExistingEditorValidation/<Run>d__9&)
Game.Editor.ExistingEditorValidation:Run (string,string)
PipelineEvaluation.PipelineEval_e2bb8dd2/<>c__DisplayClass0_0:<Execute>b__0 ()
UnityEditor.EditorApplication:Internal_CallUpdateFunctions () (at /Users/bokken/build/output/unity/unity/Editor/Mono/EditorApplication.cs:403)

[MainMenuV3PrefabBuilder] result=Passed v3=True Campaign-led home with native portraits, informational Credits, and independent mode routes.
UnityEngine.Debug:Log (object)
Game.Editor.MainMenuV3PrefabBuilder:Build () (at Assets/Game/Scripts/Editor/MainMenuV3PrefabBuilder.cs:109)
MenuHeaderRemediationTests:BuildAndValidateNativePresentation () (at Assets/Tests/Editor/MenuHeaderRemediationTests.cs:35)
System.Reflection.MethodBase:Invoke (object,object[])
Game.Editor.ExistingEditorValidation/<Run>d__9:MoveNext () (at Assets/Game/Scripts/Editor/ExistingEditorValidation.cs:92)
System.Runtime.CompilerServices.AsyncVoidMethodBuilder:Start<Game.Editor.ExistingEditorValidation/<Run>d__9> (Game.Editor.ExistingEditorValidation/<Run>d__9&)
Game.Editor.ExistingEditorValidation:Run (string,string)
PipelineEvaluation.PipelineEval_e2bb8dd2/<>c__DisplayClass0_0:<Execute>b__0 ()
UnityEditor.EditorApplication:Internal_CallUpdateFunctions () (at /Users/bokken/build/output/unity/unity/Editor/Mono/EditorApplication.cs:403)

[MenuHeaderLocalization] result=Passed nativeBindings=True preservedCatalog=True
UnityEngine.Debug:Log (object)
Game.Editor.V3UiLocalizationCatalogBuilder:RebuildMenuHeaderLocalization () (at Assets/Game/Scripts/Editor/V3UiLocalizationCatalogBuilder.cs:228)
MenuHeaderRemediationTests:BuildAndValidateNativePresentation () (at Assets/Tests/Editor/MenuHeaderRemediationTests.cs:36)
System.Reflection.MethodBase:Invoke (object,object[])
Game.Editor.ExistingEditorValidation/<Run>d__9:MoveNext () (at Assets/Game/Scripts/Editor/ExistingEditorValidation.cs:92)
System.Runtime.CompilerServices.AsyncVoidMethodBuilder:Start<Game.Editor.ExistingEditorValidation/<Run>d__9> (Game.Editor.ExistingEditorValidation/<Run>d__9&)
Game.Editor.ExistingEditorValidation:Run (string,string)
PipelineEvaluation.PipelineEval_e2bb8dd2/<>c__DisplayClass0_0:<Execute>b__0 ()
UnityEditor.EditorApplication:Internal_CallUpdateFunctions () (at /Users/bokken/build/output/unity/unity/Editor/Mono/EditorApplication.cs:403)

[MenuHeaderCombatBoundary] result=Passed accountCreditsAbsent=True
UnityEngine.Debug:Log (object)
Game.Editor.MenuAccountHeaderAuthoring:RemoveAccountBindingFromCombatPopup () (at Assets/Game/Scripts/Editor/MenuAccountHeaderAuthoring.cs:81)
MenuHeaderRemediationTests:ValidateAndCaptureNativePresentation () (at Assets/Tests/Editor/MenuHeaderRemediationTests.cs:41)
MenuHeaderRemediationTests:BuildAndValidateNativePresentation () (at Assets/Tests/Editor/MenuHeaderRemediationTests.cs:37)
System.Reflection.MethodBase:Invoke (object,object[])
Game.Editor.ExistingEditorValidation/<Run>d__9:MoveNext () (at Assets/Game/Scripts/Editor/ExistingEditorValidation.cs:92)
System.Runtime.CompilerServices.AsyncVoidMethodBuilder:Start<Game.Editor.ExistingEditorValidation/<Run>d__9> (Game.Editor.ExistingEditorValidation/<Run>d__9&)
Game.Editor.ExistingEditorValidation:Run (string,string)
PipelineEvaluation.PipelineEval_e2bb8dd2/<>c__DisplayClass0_0:<Execute>b__0 ()
UnityEditor.EditorApplication:Internal_CallUpdateFunctions () (at /Users/bokken/build/output/unity/unity/Editor/Mono/EditorApplication.cs:403)

[MenuHeaderAria] result=Passed originalSourceAndImport=True
UnityEngine.Debug:Log (object)
Game.Editor.MenuAccountHeaderAuthoring:PreserveNativeAriaImport () (at Assets/Game/Scripts/Editor/MenuAccountHeaderAuthoring.cs:65)
MenuHeaderRemediationTests:ValidateAndCaptureNativePresentation () (at Assets/Tests/Editor/MenuHeaderRemediationTests.cs:42)
MenuHeaderRemediationTests:BuildAndValidateNativePresentation () (at Assets/Tests/Editor/MenuHeaderRemediationTests.cs:37)
System.Reflection.MethodBase:Invoke (object,object[])
Game.Editor.ExistingEditorValidation/<Run>d__9:MoveNext () (at Assets/Game/Scripts/Editor/ExistingEditorValidation.cs:92)
System.Runtime.CompilerServices.AsyncVoidMethodBuilder:Start<Game.Editor.ExistingEditorValidation/<Run>d__9> (Game.Editor.ExistingEditorValidation/<Run>d__9&)
Game.Editor.ExistingEditorValidation:Run (string,string)
PipelineEvaluation.PipelineEval_e2bb8dd2/<>c__DisplayClass0_0:<Execute>b__0 ()
UnityEditor.EditorApplication:Internal_CallUpdateFunctions () (at /Users/bokken/build/output/unity/unity/Editor/Mono/EditorApplication.cs:403)

[MainMenuV3PrefabBuilder] validation=Passed gradients=20 images=38
UnityEngine.Debug:Log (object)
Game.Editor.MainMenuV3PrefabBuilder:Validate () (at Assets/Game/Scripts/Editor/MainMenuV3PrefabBuilder.cs:187)
MenuHeaderRemediationTests:RunFocusedValidation () (at Assets/Tests/Editor/MenuHeaderRemediationTests.cs:57)
MenuHeaderRemediationTests:ValidateAndCaptureNativePresentation () (at Assets/Tests/Editor/MenuHeaderRemediationTests.cs:43)
MenuHeaderRemediationTests:BuildAndValidateNativePresentation () (at Assets/Tests/Editor/MenuHeaderRemediationTests.cs:37)
System.Reflection.MethodBase:Invoke (object,object[])
Game.Editor.ExistingEditorValidation/<Run>d__9:MoveNext () (at Assets/Game/Scripts/Editor/ExistingEditorValidation.cs:92)
System.Runtime.CompilerServices.AsyncVoidMethodBuilder:Start<Game.Editor.ExistingEditorValidation/<Run>d__9> (Game.Editor.ExistingEditorValidation/<Run>d__9&)
Game.Editor.ExistingEditorValidation:Run (string,string)
PipelineEvaluation.PipelineEval_e2bb8dd2/<>c__DisplayClass0_0:<Execute>b__0 ()
UnityEditor.EditorApplication:Internal_CallUpdateFunctions () (at /Users/bokken/build/output/unity/unity/Editor/Mono/EditorApplication.cs:403)

[MenuHeaderRemediation] result=Passed accountRefresh=True utf8PlayerName=True targetRouting=True missingArt=True clearReloadCompletion=True duplicateTap=True disclosure=True
UnityEngine.Debug:Log (object)
MenuHeaderRemediationTests:RunFocusedValidation () (at Assets/Tests/Editor/MenuHeaderRemediationTests.cs:58)
MenuHeaderRemediationTests:ValidateAndCaptureNativePresentation () (at Assets/Tests/Editor/MenuHeaderRemediationTests.cs:43)
MenuHeaderRemediationTests:BuildAndValidateNativePresentation () (at Assets/Tests/Editor/MenuHeaderRemediationTests.cs:37)
System.Reflection.MethodBase:Invoke (object,object[])
Game.Editor.ExistingEditorValidation/<Run>d__9:MoveNext () (at Assets/Game/Scripts/Editor/ExistingEditorValidation.cs:92)
System.Runtime.CompilerServices.AsyncVoidMethodBuilder:Start<Game.Editor.ExistingEditorValidation/<Run>d__9> (Game.Editor.ExistingEditorValidation/<Run>d__9&)
Game.Editor.ExistingEditorValidation:Run (string,string)
PipelineEvaluation.PipelineEval_e2bb8dd2/<>c__DisplayClass0_0:<Execute>b__0 ()
UnityEditor.EditorApplication:Internal_CallUpdateFunctions () (at /Users/bokken/build/output/unity/unity/Editor/Mono/EditorApplication.cs:403)

[MainMenuV3PrefabBuilder] captured=Design/AgentReports/MenuHeaderMonetization/After/home-en-1920.png size=1920x1080 scene=
UnityEngine.Debug:Log (object)
Game.Editor.MainMenuV3PrefabBuilder:Capture (string,int,int) (at Assets/Game/Scripts/Editor/MainMenuV3PrefabBuilder.cs:1098)
System.Reflection.MethodBase:Invoke (object,object[])
MenuHeaderRemediationTests:CapturePresentationFixtures () (at Assets/Tests/Editor/MenuHeaderRemediationTests.cs:216)
MenuHeaderRemediationTests:ValidateAndCaptureNativePresentation () (at Assets/Tests/Editor/MenuHeaderRemediationTests.cs:45)
MenuHeaderRemediationTests:BuildAndValidateNativePresentation () (at Assets/Tests/Editor/MenuHeaderRemediationTests.cs:37)
System.Reflection.MethodBase:Invoke (object,object[])
Game.Editor.ExistingEditorValidation/<Run>d__9:MoveNext () (at Assets/Game/Scripts/Editor/ExistingEditorValidation.cs:92)
System.Runtime.CompilerServices.AsyncVoidMethodBuilder:Start<Game.Editor.ExistingEditorValidation/<Run>d__9> (Game.Editor.ExistingEditorValidation/<Run>d__9&)
Game.Editor.ExistingEditorValidation:Run (string,string)
PipelineEvaluation.PipelineEval_e2bb8dd2/<>c__DisplayClass0_0:<Execute>b__0 ()
UnityEditor.EditorApplication:Internal_CallUpdateFunctions () (at /Users/bokken/build/output/unity/unity/Editor/Mono/EditorApplication.cs:403)

[MainMenuV3PrefabBuilder] captured=Design/AgentReports/MenuHeaderMonetization/After/home-en-2400.png size=2400x1080 scene=
UnityEngine.Debug:Log (object)
Game.Editor.MainMenuV3PrefabBuilder:Capture (string,int,int) (at Assets/Game/Scripts/Editor/MainMenuV3PrefabBuilder.cs:1098)
System.Reflection.MethodBase:Invoke (object,object[])
MenuHeaderRemediationTests:CapturePresentationFixtures () (at Assets/Tests/Editor/MenuHeaderRemediationTests.cs:216)
MenuHeaderRemediationTests:ValidateAndCaptureNativePresentation () (at Assets/Tests/Editor/MenuHeaderRemediationTests.cs:45)
MenuHeaderRemediationTests:BuildAndValidateNativePresentation () (at Assets/Tests/Editor/MenuHeaderRemediationTests.cs:37)
System.Reflection.MethodBase:Invoke (object,object[])
Game.Editor.ExistingEditorValidation/<Run>d__9:MoveNext () (at Assets/Game/Scripts/Editor/ExistingEditorValidation.cs:92)
System.Runtime.CompilerServices.AsyncVoidMethodBuilder:Start<Game.Editor.ExistingEditorValidation/<Run>d__9> (Game.Editor.ExistingEditorValidation/<Run>d__9&)
Game.Editor.ExistingEditorValidation:Run (string,string)
PipelineEvaluation.PipelineEval_e2bb8dd2/<>c__DisplayClass0_0:<Execute>b__0 ()
UnityEditor.EditorApplication:Internal_CallUpdateFunctions () (at /Users/bokken/build/output/unity/unity/Editor/Mono/EditorApplication.cs:403)

[MainMenuV3PrefabBuilder] captured=Design/AgentReports/MenuHeaderMonetization/After/home-fa-IR-1920.png size=1920x1080 scene=
UnityEngine.Debug:Log (object)
Game.Editor.MainMenuV3PrefabBuilder:Capture (string,int,int) (at Assets/Game/Scripts/Editor/MainMenuV3PrefabBuilder.cs:1098)
System.Reflection.MethodBase:Invoke (object,object[])
MenuHeaderRemediationTests:CapturePresentationFixtures () (at Assets/Tests/Editor/MenuHeaderRemediationTests.cs:216)
MenuHeaderRemediationTests:ValidateAndCaptureNativePresentation () (at Assets/Tests/Editor/MenuHeaderRemediationTests.cs:45)
MenuHeaderRemediationTests:BuildAndValidateNativePresentation () (at Assets/Tests/Editor/MenuHeaderRemediationTests.cs:37)
System.Reflection.MethodBase:Invoke (object,object[])
Game.Editor.ExistingEditorValidation/<Run>d__9:MoveNext () (at Assets/Game/Scripts/Editor/ExistingEditorValidation.cs:92)
System.Runtime.CompilerServices.AsyncVoidMethodBuilder:Start<Game.Editor.ExistingEditorValidation/<Run>d__9> (Game.Editor.ExistingEditorValidation/<Run>d__9&)
Game.Editor.ExistingEditorValidation:Run (string,string)
PipelineEvaluation.PipelineEval_e2bb8dd2/<>c__DisplayClass0_0:<Execute>b__0 ()
UnityEditor.EditorApplication:Internal_CallUpdateFunctions () (at /Users/bokken/build/output/unity/unity/Editor/Mono/EditorApplication.cs:403)

[MainMenuV3PrefabBuilder] captured=Design/AgentReports/MenuHeaderMonetization/After/home-fa-IR-2400.png size=2400x1080 scene=
UnityEngine.Debug:Log (object)
Game.Editor.MainMenuV3PrefabBuilder:Capture (string,int,int) (at Assets/Game/Scripts/Editor/MainMenuV3PrefabBuilder.cs:1098)
System.Reflection.MethodBase:Invoke (object,object[])
MenuHeaderRemediationTests:CapturePresentationFixtures () (at Assets/Tests/Editor/MenuHeaderRemediationTests.cs:216)
MenuHeaderRemediationTests:ValidateAndCaptureNativePresentation () (at Assets/Tests/Editor/MenuHeaderRemediationTests.cs:45)
MenuHeaderRemediationTests:BuildAndValidateNativePresentation () (at Assets/Tests/Editor/MenuHeaderRemediationTests.cs:37)
System.Reflection.MethodBase:Invoke (object,object[])
Game.Editor.ExistingEditorValidation/<Run>d__9:MoveNext () (at Assets/Game/Scripts/Editor/ExistingEditorValidation.cs:92)
System.Runtime.CompilerServices.AsyncVoidMethodBuilder:Start<Game.Editor.ExistingEditorValidation/<Run>d__9> (Game.Editor.ExistingEditorValidation/<Run>d__9&)
Game.Editor.ExistingEditorValidation:Run (string,string)
PipelineEvaluation.PipelineEval_e2bb8dd2/<>c__DisplayClass0_0:<Execute>b__0 ()
UnityEditor.EditorApplication:Internal_CallUpdateFunctions () (at /Users/bokken/build/output/unity/unity/Editor/Mono/EditorApplication.cs:403)

[MenuHeaderFixtures] result=Passed captures=4 state=SteelPush presentationFixture=True gameplayAcceptance=False
UnityEngine.Debug:Log (object)
MenuHeaderRemediationTests:CapturePresentationFixtures () (at Assets/Tests/Editor/MenuHeaderRemediationTests.cs:218)
MenuHeaderRemediationTests:ValidateAndCaptureNativePresentation () (at Assets/Tests/Editor/MenuHeaderRemediationTests.cs:45)
MenuHeaderRemediationTests:BuildAndValidateNativePresentation () (at Assets/Tests/Editor/MenuHeaderRemediationTests.cs:37)
System.Reflection.MethodBase:Invoke (object,object[])
Game.Editor.ExistingEditorValidation/<Run>d__9:MoveNext () (at Assets/Game/Scripts/Editor/ExistingEditorValidation.cs:92)
System.Runtime.CompilerServices.AsyncVoidMethodBuilder:Start<Game.Editor.ExistingEditorValidation/<Run>d__9> (Game.Editor.ExistingEditorValidation/<Run>d__9&)
Game.Editor.ExistingEditorValidation:Run (string,string)
PipelineEvaluation.PipelineEval_e2bb8dd2/<>c__DisplayClass0_0:<Execute>b__0 ()
UnityEditor.EditorApplication:Internal_CallUpdateFunctions () (at /Users/bokken/build/output/unity/unity/Editor/Mono/EditorApplication.cs:403)

[MainMenuV3PrefabBuilder] captured=Design/AgentReports/MenuHeaderMonetization/After/home-long-name-en-1920.png size=1920x1080 scene=
UnityEngine.Debug:Log (object)
Game.Editor.MainMenuV3PrefabBuilder:Capture (string,int,int) (at Assets/Game/Scripts/Editor/MainMenuV3PrefabBuilder.cs:1098)
System.Reflection.MethodBase:Invoke (object,object[])
MenuHeaderRemediationTests:CapturePresentationFixtures () (at Assets/Tests/Editor/MenuHeaderRemediationTests.cs:226)
MenuHeaderRemediationTests:ValidateAndCaptureNativePresentation () (at Assets/Tests/Editor/MenuHeaderRemediationTests.cs:45)
MenuHeaderRemediationTests:BuildAndValidateNativePresentation () (at Assets/Tests/Editor/MenuHeaderRemediationTests.cs:37)
System.Reflection.MethodBase:Invoke (object,object[])
Game.Editor.ExistingEditorValidation/<Run>d__9:MoveNext () (at Assets/Game/Scripts/Editor/ExistingEditorValidation.cs:92)
System.Runtime.CompilerServices.AsyncVoidMethodBuilder:Start<Game.Editor.ExistingEditorValidation/<Run>d__9> (Game.Editor.ExistingEditorValidation/<Run>d__9&)
Game.Editor.ExistingEditorValidation:Run (string,string)
PipelineEvaluation.PipelineEval_e2bb8dd2/<>c__DisplayClass0_0:<Execute>b__0 ()
UnityEditor.EditorApplication:Internal_CallUpdateFunctions () (at /Users/bokken/build/output/unity/unity/Editor/Mono/EditorApplication.cs:403)

[MainMenuV3PrefabBuilder] captured=Design/AgentReports/MenuHeaderMonetization/After/home-long-name-en-2400.png size=2400x1080 scene=
UnityEngine.Debug:Log (object)
Game.Editor.MainMenuV3PrefabBuilder:Capture (string,int,int) (at Assets/Game/Scripts/Editor/MainMenuV3PrefabBuilder.cs:1098)
System.Reflection.MethodBase:Invoke (object,object[])
MenuHeaderRemediationTests:CapturePresentationFixtures () (at Assets/Tests/Editor/MenuHeaderRemediationTests.cs:226)
MenuHeaderRemediationTests:ValidateAndCaptureNativePresentation () (at Assets/Tests/Editor/MenuHeaderRemediationTests.cs:45)
MenuHeaderRemediationTests:BuildAndValidateNativePresentation () (at Assets/Tests/Editor/MenuHeaderRemediationTests.cs:37)
System.Reflection.MethodBase:Invoke (object,object[])
Game.Editor.ExistingEditorValidation/<Run>d__9:MoveNext () (at Assets/Game/Scripts/Editor/ExistingEditorValidation.cs:92)
System.Runtime.CompilerServices.AsyncVoidMethodBuilder:Start<Game.Editor.ExistingEditorValidation/<Run>d__9> (Game.Editor.ExistingEditorValidation/<Run>d__9&)
Game.Editor.ExistingEditorValidation:Run (string,string)
PipelineEvaluation.PipelineEval_e2bb8dd2/<>c__DisplayClass0_0:<Execute>b__0 ()
UnityEditor.EditorApplication:Internal_CallUpdateFunctions () (at /Users/bokken/build/output/unity/unity/Editor/Mono/EditorApplication.cs:403)

[MainMenuV3PrefabBuilder] captured=Design/AgentReports/MenuHeaderMonetization/After/home-long-name-fa-IR-1920.png size=1920x1080 scene=
UnityEngine.Debug:Log (object)
Game.Editor.MainMenuV3PrefabBuilder:Capture (string,int,int) (at Assets/Game/Scripts/Editor/MainMenuV3PrefabBuilder.cs:1098)
System.Reflection.MethodBase:Invoke (object,object[])
MenuHeaderRemediationTests:CapturePresentationFixtures () (at Assets/Tests/Editor/MenuHeaderRemediationTests.cs:226)
MenuHeaderRemediationTests:ValidateAndCaptureNativePresentation () (at Assets/Tests/Editor/MenuHeaderRemediationTests.cs:45)
MenuHeaderRemediationTests:BuildAndValidateNativePresentation () (at Assets/Tests/Editor/MenuHeaderRemediationTests.cs:37)
System.Reflection.MethodBase:Invoke (object,object[])
Game.Editor.ExistingEditorValidation/<Run>d__9:MoveNext () (at Assets/Game/Scripts/Editor/ExistingEditorValidation.cs:92)
System.Runtime.CompilerServices.AsyncVoidMethodBuilder:Start<Game.Editor.ExistingEditorValidation/<Run>d__9> (Game.Editor.ExistingEditorValidation/<Run>d__9&)
Game.Editor.ExistingEditorValidation:Run (string,string)
PipelineEvaluation.PipelineEval_e2bb8dd2/<>c__DisplayClass0_0:<Execute>b__0 ()
UnityEditor.EditorApplication:Internal_CallUpdateFunctions () (at /Users/bokken/build/output/unity/unity/Editor/Mono/EditorApplication.cs:403)

[MainMenuV3PrefabBuilder] captured=Design/AgentReports/MenuHeaderMonetization/After/home-long-name-fa-IR-2400.png size=2400x1080 scene=
UnityEngine.Debug:Log (object)
Game.Editor.MainMenuV3PrefabBuilder:Capture (string,int,int) (at Assets/Game/Scripts/Editor/MainMenuV3PrefabBuilder.cs:1098)
System.Reflection.MethodBase:Invoke (object,object[])
MenuHeaderRemediationTests:CapturePresentationFixtures () (at Assets/Tests/Editor/MenuHeaderRemediationTests.cs:226)
MenuHeaderRemediationTests:ValidateAndCaptureNativePresentation () (at Assets/Tests/Editor/MenuHeaderRemediationTests.cs:45)
MenuHeaderRemediationTests:BuildAndValidateNativePresentation () (at Assets/Tests/Editor/MenuHeaderRemediationTests.cs:37)
System.Reflection.MethodBase:Invoke (object,object[])
Game.Editor.ExistingEditorValidation/<Run>d__9:MoveNext () (at Assets/Game/Scripts/Editor/ExistingEditorValidation.cs:92)
System.Runtime.CompilerServices.AsyncVoidMethodBuilder:Start<Game.Editor.ExistingEditorValidation/<Run>d__9> (Game.Editor.ExistingEditorValidation/<Run>d__9&)
Game.Editor.ExistingEditorValidation:Run (string,string)
PipelineEvaluation.PipelineEval_e2bb8dd2/<>c__DisplayClass0_0:<Execute>b__0 ()
UnityEditor.EditorApplication:Internal_CallUpdateFunctions () (at /Users/bokken/build/output/unity/unity/Editor/Mono/EditorApplication.cs:403)

[MenuHeaderStressFixtures] result=Passed captures=4 names=32Characters credits=Int32Max gameplayAcceptance=False
UnityEngine.Debug:Log (object)
MenuHeaderRemediationTests:CapturePresentationFixtures () (at Assets/Tests/Editor/MenuHeaderRemediationTests.cs:228)
MenuHeaderRemediationTests:ValidateAndCaptureNativePresentation () (at Assets/Tests/Editor/MenuHeaderRemediationTests.cs:45)
MenuHeaderRemediationTests:BuildAndValidateNativePresentation () (at Assets/Tests/Editor/MenuHeaderRemediationTests.cs:37)
System.Reflection.MethodBase:Invoke (object,object[])
Game.Editor.ExistingEditorValidation/<Run>d__9:MoveNext () (at Assets/Game/Scripts/Editor/ExistingEditorValidation.cs:92)
System.Runtime.CompilerServices.AsyncVoidMethodBuilder:Start<Game.Editor.ExistingEditorValidation/<Run>d__9> (Game.Editor.ExistingEditorValidation/<Run>d__9&)
Game.Editor.ExistingEditorValidation:Run (string,string)
PipelineEvaluation.PipelineEval_e2bb8dd2/<>c__DisplayClass0_0:<Execute>b__0 ()
UnityEditor.EditorApplication:Internal_CallUpdateFunctions () (at /Users/bokken/build/output/unity/unity/Editor/Mono/EditorApplication.cs:403)

[ExistingEditorValidation] result=Passed executeMethod=MenuHeaderRemediationTests.BuildAndValidateNativePresentation
UnityEngine.Debug:Log (object)
Game.Editor.ExistingEditorValidation/<Run>d__9:MoveNext () (at Assets/Game/Scripts/Editor/ExistingEditorValidation.cs:109)
System.Runtime.CompilerServices.AsyncVoidMethodBuilder:Start<Game.Editor.ExistingEditorValidation/<Run>d__9> (Game.Editor.ExistingEditorValidation/<Run>d__9&)
Game.Editor.ExistingEditorValidation:Run (string,string)
PipelineEvaluation.PipelineEval_e2bb8dd2/<>c__DisplayClass0_0:<Execute>b__0 ()
UnityEditor.EditorApplication:Internal_CallUpdateFunctions () (at /Users/bokken/build/output/unity/unity/Editor/Mono/EditorApplication.cs:403)

