[ExistingEditorValidation] project=/Users/farhad/Projects/WarlineCapture/Assets executeMethod=MenuHeaderRemediationTests.BuildAndValidateNativePresentation
UnityEngine.Debug:Log (object)
Game.Editor.ExistingEditorValidation/<Run>d__9:MoveNext () (at Assets/Game/Scripts/Editor/ExistingEditorValidation.cs:90)
System.Runtime.CompilerServices.AsyncVoidMethodBuilder:Start<Game.Editor.ExistingEditorValidation/<Run>d__9> (Game.Editor.ExistingEditorValidation/<Run>d__9&)
Game.Editor.ExistingEditorValidation:Run (string,string)
PipelineEvaluation.PipelineEval_72108b26/<>c__DisplayClass0_0:<Execute>b__0 ()
UnityEditor.EditorApplication:Internal_CallUpdateFunctions () (at /Users/bokken/build/output/unity/unity/Editor/Mono/EditorApplication.cs:403)

Loaded 1 ExamplePackConfig assets
UnityEngine.Debug:Log (object)
SyntyPackageHelper:LoadSyntyPackageHelperConfigs () (at Assets/Synty/SyntyPackageHelper/Editor/SyntyPackageHelper.cs:46)
SyntyPackageHelper:OnProjectChanged () (at Assets/Synty/SyntyPackageHelper/Editor/SyntyPackageHelper.cs:55)
UnityEditor.AssetImporter:SaveAndReimport ()
Game.Editor.MainMenuV3PrefabBuilder:ConfigureTexture (string,bool,int) (at Assets/Game/Scripts/Editor/MainMenuV3PrefabBuilder.cs:962)
Game.Editor.MainMenuV3PrefabBuilder:Build () (at Assets/Game/Scripts/Editor/MainMenuV3PrefabBuilder.cs:81)
MenuHeaderRemediationTests:BuildAndValidateNativePresentation () (at Assets/Tests/Editor/MenuHeaderRemediationTests.cs:35)
System.Reflection.MethodBase:Invoke (object,object[])
Game.Editor.ExistingEditorValidation/<Run>d__9:MoveNext () (at Assets/Game/Scripts/Editor/ExistingEditorValidation.cs:92)
System.Runtime.CompilerServices.AsyncVoidMethodBuilder:Start<Game.Editor.ExistingEditorValidation/<Run>d__9> (Game.Editor.ExistingEditorValidation/<Run>d__9&)
Game.Editor.ExistingEditorValidation:Run (string,string)
PipelineEvaluation.PipelineEval_72108b26/<>c__DisplayClass0_0:<Execute>b__0 ()
UnityEditor.EditorApplication:Internal_CallUpdateFunctions () (at /Users/bokken/build/output/unity/unity/Editor/Mono/EditorApplication.cs:403)

[MainMenuV3PrefabBuilder] validation=Passed gradients=25 images=39
UnityEngine.Debug:Log (object)
Game.Editor.MainMenuV3PrefabBuilder:Validate () (at Assets/Game/Scripts/Editor/MainMenuV3PrefabBuilder.cs:208)
Game.Editor.MainMenuV3PrefabBuilder:Build () (at Assets/Game/Scripts/Editor/MainMenuV3PrefabBuilder.cs:117)
MenuHeaderRemediationTests:BuildAndValidateNativePresentation () (at Assets/Tests/Editor/MenuHeaderRemediationTests.cs:35)
System.Reflection.MethodBase:Invoke (object,object[])
Game.Editor.ExistingEditorValidation/<Run>d__9:MoveNext () (at Assets/Game/Scripts/Editor/ExistingEditorValidation.cs:92)
System.Runtime.CompilerServices.AsyncVoidMethodBuilder:Start<Game.Editor.ExistingEditorValidation/<Run>d__9> (Game.Editor.ExistingEditorValidation/<Run>d__9&)
Game.Editor.ExistingEditorValidation:Run (string,string)
PipelineEvaluation.PipelineEval_72108b26/<>c__DisplayClass0_0:<Execute>b__0 ()
UnityEditor.EditorApplication:Internal_CallUpdateFunctions () (at /Users/bokken/build/output/unity/unity/Editor/Mono/EditorApplication.cs:403)

[MainMenuV3PrefabBuilder] result=Passed v3=True Campaign-led home with native portraits, informational Credits, and independent mode routes.
UnityEngine.Debug:Log (object)
Game.Editor.MainMenuV3PrefabBuilder:Build () (at Assets/Game/Scripts/Editor/MainMenuV3PrefabBuilder.cs:118)
MenuHeaderRemediationTests:BuildAndValidateNativePresentation () (at Assets/Tests/Editor/MenuHeaderRemediationTests.cs:35)
System.Reflection.MethodBase:Invoke (object,object[])
Game.Editor.ExistingEditorValidation/<Run>d__9:MoveNext () (at Assets/Game/Scripts/Editor/ExistingEditorValidation.cs:92)
System.Runtime.CompilerServices.AsyncVoidMethodBuilder:Start<Game.Editor.ExistingEditorValidation/<Run>d__9> (Game.Editor.ExistingEditorValidation/<Run>d__9&)
Game.Editor.ExistingEditorValidation:Run (string,string)
PipelineEvaluation.PipelineEval_72108b26/<>c__DisplayClass0_0:<Execute>b__0 ()
UnityEditor.EditorApplication:Internal_CallUpdateFunctions () (at /Users/bokken/build/output/unity/unity/Editor/Mono/EditorApplication.cs:403)

[MenuHeaderLocalization] result=Passed nativeBindings=True preservedCatalog=True
UnityEngine.Debug:Log (object)
Game.Editor.V3UiLocalizationCatalogBuilder:RebuildMenuHeaderLocalization () (at Assets/Game/Scripts/Editor/V3UiLocalizationCatalogBuilder.cs:228)
MenuHeaderRemediationTests:BuildAndValidateNativePresentation () (at Assets/Tests/Editor/MenuHeaderRemediationTests.cs:36)
System.Reflection.MethodBase:Invoke (object,object[])
Game.Editor.ExistingEditorValidation/<Run>d__9:MoveNext () (at Assets/Game/Scripts/Editor/ExistingEditorValidation.cs:92)
System.Runtime.CompilerServices.AsyncVoidMethodBuilder:Start<Game.Editor.ExistingEditorValidation/<Run>d__9> (Game.Editor.ExistingEditorValidation/<Run>d__9&)
Game.Editor.ExistingEditorValidation:Run (string,string)
PipelineEvaluation.PipelineEval_72108b26/<>c__DisplayClass0_0:<Execute>b__0 ()
UnityEditor.EditorApplication:Internal_CallUpdateFunctions () (at /Users/bokken/build/output/unity/unity/Editor/Mono/EditorApplication.cs:403)

[MenuHeaderCombatBoundary] result=Passed accountCreditsAbsent=True
UnityEngine.Debug:Log (object)
Game.Editor.MenuAccountHeaderAuthoring:RemoveAccountBindingFromCombatPopup () (at Assets/Game/Scripts/Editor/MenuAccountHeaderAuthoring.cs:81)
MenuHeaderRemediationTests:ValidateAndCaptureNativePresentation () (at Assets/Tests/Editor/MenuHeaderRemediationTests.cs:41)
MenuHeaderRemediationTests:BuildAndValidateNativePresentation () (at Assets/Tests/Editor/MenuHeaderRemediationTests.cs:37)
System.Reflection.MethodBase:Invoke (object,object[])
Game.Editor.ExistingEditorValidation/<Run>d__9:MoveNext () (at Assets/Game/Scripts/Editor/ExistingEditorValidation.cs:92)
System.Runtime.CompilerServices.AsyncVoidMethodBuilder:Start<Game.Editor.ExistingEditorValidation/<Run>d__9> (Game.Editor.ExistingEditorValidation/<Run>d__9&)
Game.Editor.ExistingEditorValidation:Run (string,string)
PipelineEvaluation.PipelineEval_72108b26/<>c__DisplayClass0_0:<Execute>b__0 ()
UnityEditor.EditorApplication:Internal_CallUpdateFunctions () (at /Users/bokken/build/output/unity/unity/Editor/Mono/EditorApplication.cs:403)

[MenuHeaderAria] result=Passed originalSourceAndImport=True
UnityEngine.Debug:Log (object)
Game.Editor.MenuAccountHeaderAuthoring:PreserveNativeAriaImport () (at Assets/Game/Scripts/Editor/MenuAccountHeaderAuthoring.cs:65)
MenuHeaderRemediationTests:ValidateAndCaptureNativePresentation () (at Assets/Tests/Editor/MenuHeaderRemediationTests.cs:42)
MenuHeaderRemediationTests:BuildAndValidateNativePresentation () (at Assets/Tests/Editor/MenuHeaderRemediationTests.cs:37)
System.Reflection.MethodBase:Invoke (object,object[])
Game.Editor.ExistingEditorValidation/<Run>d__9:MoveNext () (at Assets/Game/Scripts/Editor/ExistingEditorValidation.cs:92)
System.Runtime.CompilerServices.AsyncVoidMethodBuilder:Start<Game.Editor.ExistingEditorValidation/<Run>d__9> (Game.Editor.ExistingEditorValidation/<Run>d__9&)
Game.Editor.ExistingEditorValidation:Run (string,string)
PipelineEvaluation.PipelineEval_72108b26/<>c__DisplayClass0_0:<Execute>b__0 ()
UnityEditor.EditorApplication:Internal_CallUpdateFunctions () (at /Users/bokken/build/output/unity/unity/Editor/Mono/EditorApplication.cs:403)

AssertionException:   Expected: 262143
  But was:  229382

NUnit.Framework.Assert.That[TActual] (TActual actual, NUnit.Framework.Constraints.IResolveConstraint expression, System.String message, System.Object[] args) (at <8b63e8ac0a4746599ed207982825ae6c>:0)
NUnit.Framework.Assert.AreEqual (System.Object expected, System.Object actual) (at <8b63e8ac0a4746599ed207982825ae6c>:0)
MenuHeaderRemediationTests.ProjectHomeTarget (Game.Runtime.CampaignMissionProgressStore store, System.Boolean allCompleted) (at Assets/Tests/Editor/MenuHeaderRemediationTests.cs:198)
MenuHeaderRemediationTests.HomeTargetTracksClearReloadAndCompletion () (at Assets/Tests/Editor/MenuHeaderRemediationTests.cs:169)
MenuHeaderRemediationTests.RunFocusedValidation () (at Assets/Tests/Editor/MenuHeaderRemediationTests.cs:57)
UnityEngine.Debug:LogException(Exception)
MenuHeaderRemediationTests:RunFocusedValidation() (at Assets/Tests/Editor/MenuHeaderRemediationTests.cs:64)
MenuHeaderRemediationTests:ValidateAndCaptureNativePresentation() (at Assets/Tests/Editor/MenuHeaderRemediationTests.cs:43)
MenuHeaderRemediationTests:BuildAndValidateNativePresentation() (at Assets/Tests/Editor/MenuHeaderRemediationTests.cs:37)
System.Reflection.MethodBase:Invoke(Object, Object[])
Game.Editor.<Run>d__9:MoveNext() (at Assets/Game/Scripts/Editor/ExistingEditorValidation.cs:92)
System.Runtime.CompilerServices.AsyncVoidMethodBuilder:Start(<Run>d__9&)
Game.Editor.ExistingEditorValidation:Run(String, String)
PipelineEvaluation.<>c__DisplayClass0_0:<Execute>b__0()
UnityEditor.EditorApplication:Internal_CallUpdateFunctions() (at /Users/bokken/build/output/unity/unity/Editor/Mono/EditorApplication.cs:403)

[MenuHeaderRemediation] result=Failed
UnityEngine.Debug:LogError (object)
MenuHeaderRemediationTests:RunFocusedValidation () (at Assets/Tests/Editor/MenuHeaderRemediationTests.cs:64)
MenuHeaderRemediationTests:ValidateAndCaptureNativePresentation () (at Assets/Tests/Editor/MenuHeaderRemediationTests.cs:43)
MenuHeaderRemediationTests:BuildAndValidateNativePresentation () (at Assets/Tests/Editor/MenuHeaderRemediationTests.cs:37)
System.Reflection.MethodBase:Invoke (object,object[])
Game.Editor.ExistingEditorValidation/<Run>d__9:MoveNext () (at Assets/Game/Scripts/Editor/ExistingEditorValidation.cs:92)
System.Runtime.CompilerServices.AsyncVoidMethodBuilder:Start<Game.Editor.ExistingEditorValidation/<Run>d__9> (Game.Editor.ExistingEditorValidation/<Run>d__9&)
Game.Editor.ExistingEditorValidation:Run (string,string)
PipelineEvaluation.PipelineEval_72108b26/<>c__DisplayClass0_0:<Execute>b__0 ()
UnityEditor.EditorApplication:Internal_CallUpdateFunctions () (at /Users/bokken/build/output/unity/unity/Editor/Mono/EditorApplication.cs:403)

[ExistingEditorValidation] result=Failed executeMethod=MenuHeaderRemediationTests.BuildAndValidateNativePresentation
UnityEngine.Debug:Log (object)
Game.Editor.ExistingEditorValidation/<Run>d__9:MoveNext () (at Assets/Game/Scripts/Editor/ExistingEditorValidation.cs:109)
System.Runtime.CompilerServices.AsyncVoidMethodBuilder:Start<Game.Editor.ExistingEditorValidation/<Run>d__9> (Game.Editor.ExistingEditorValidation/<Run>d__9&)
Game.Editor.ExistingEditorValidation:Run (string,string)
PipelineEvaluation.PipelineEval_72108b26/<>c__DisplayClass0_0:<Execute>b__0 ()
UnityEditor.EditorApplication:Internal_CallUpdateFunctions () (at /Users/bokken/build/output/unity/unity/Editor/Mono/EditorApplication.cs:403)

