[ExistingEditorValidation] project=/Users/farhad/Projects/WarlineCapture/Assets executeMethod=Game.Editor.CH04M03SplitFrontPresentationBuilder.BuildCheckpoint
UnityEngine.Debug:Log (object)
Game.Editor.ExistingEditorValidation/<Run>d__9:MoveNext () (at Assets/Game/Scripts/Editor/ExistingEditorValidation.cs:90)
System.Runtime.CompilerServices.AsyncVoidMethodBuilder:Start<Game.Editor.ExistingEditorValidation/<Run>d__9> (Game.Editor.ExistingEditorValidation/<Run>d__9&)
Game.Editor.ExistingEditorValidation:Run (string,string)
PipelineEvaluation.PipelineEval_e74e35ed/<>c__DisplayClass0_0:<Execute>b__0 ()
UnityEditor.EditorApplication:Internal_CallUpdateFunctions () (at /Users/bokken/build/output/unity/unity/Editor/Mono/EditorApplication.cs:403)

[SplitFrontSupportContext] result=Passed scope=mission,map,version protected=civilians route=none optional=Smoke
UnityEngine.Debug:Log (object)
Game.Editor.CH04M03SplitFrontSupportBuilder:Build () (at Assets/Game/Scripts/Editor/CH04M03SplitFrontSupportBuilder.cs:49)
Game.Editor.CH04M03SplitFrontConfigBuilder:Build () (at Assets/Game/Scripts/Editor/CH04M03SplitFrontConfigBuilder.cs:28)
Game.Editor.CH04M03SplitFrontPresentationBuilder:BuildCheckpoint () (at Assets/Game/Scripts/Editor/CH04M03SplitFrontPresentationBuilder.cs:16)
System.Reflection.MethodBase:Invoke (object,object[])
Game.Editor.ExistingEditorValidation/<Run>d__9:MoveNext () (at Assets/Game/Scripts/Editor/ExistingEditorValidation.cs:92)
System.Runtime.CompilerServices.AsyncVoidMethodBuilder:Start<Game.Editor.ExistingEditorValidation/<Run>d__9> (Game.Editor.ExistingEditorValidation/<Run>d__9&)
Game.Editor.ExistingEditorValidation:Run (string,string)
PipelineEvaluation.PipelineEval_e74e35ed/<>c__DisplayClass0_0:<Execute>b__0 ()
UnityEditor.EditorApplication:Internal_CallUpdateFunctions () (at /Users/bokken/build/output/unity/unity/Editor/Mono/EditorApplication.cs:403)

[M01FirstContactConfigBuilder] result=Passed scope=ChapterCatalogs missions=18 maps=18
UnityEngine.Debug:Log (object)
Game.Editor.M01FirstContactConfigBuilder:RefreshChapterCatalogs () (at Assets/Game/Scripts/Editor/M01FirstContactConfigBuilder.cs:75)
Game.Editor.CH04M03SplitFrontConfigBuilder:Build () (at Assets/Game/Scripts/Editor/CH04M03SplitFrontConfigBuilder.cs:29)
Game.Editor.CH04M03SplitFrontPresentationBuilder:BuildCheckpoint () (at Assets/Game/Scripts/Editor/CH04M03SplitFrontPresentationBuilder.cs:16)
System.Reflection.MethodBase:Invoke (object,object[])
Game.Editor.ExistingEditorValidation/<Run>d__9:MoveNext () (at Assets/Game/Scripts/Editor/ExistingEditorValidation.cs:92)
System.Runtime.CompilerServices.AsyncVoidMethodBuilder:Start<Game.Editor.ExistingEditorValidation/<Run>d__9> (Game.Editor.ExistingEditorValidation/<Run>d__9&)
Game.Editor.ExistingEditorValidation:Run (string,string)
PipelineEvaluation.PipelineEval_e74e35ed/<>c__DisplayClass0_0:<Execute>b__0 ()
UnityEditor.EditorApplication:Internal_CallUpdateFunctions () (at /Users/bokken/build/output/unity/unity/Editor/Mono/EditorApplication.cs:403)

[SplitFrontConfig] result=Passed chapter=4 mission=3 launcher=1 defenders=7 hostiles=5 protectedCivilians=3 terrain=qualified-urban
UnityEngine.Debug:Log (object)
Game.Editor.CH04M03SplitFrontConfigBuilder:Build () (at Assets/Game/Scripts/Editor/CH04M03SplitFrontConfigBuilder.cs:30)
Game.Editor.CH04M03SplitFrontPresentationBuilder:BuildCheckpoint () (at Assets/Game/Scripts/Editor/CH04M03SplitFrontPresentationBuilder.cs:16)
System.Reflection.MethodBase:Invoke (object,object[])
Game.Editor.ExistingEditorValidation/<Run>d__9:MoveNext () (at Assets/Game/Scripts/Editor/ExistingEditorValidation.cs:92)
System.Runtime.CompilerServices.AsyncVoidMethodBuilder:Start<Game.Editor.ExistingEditorValidation/<Run>d__9> (Game.Editor.ExistingEditorValidation/<Run>d__9&)
Game.Editor.ExistingEditorValidation:Run (string,string)
PipelineEvaluation.PipelineEval_e74e35ed/<>c__DisplayClass0_0:<Execute>b__0 ()
UnityEditor.EditorApplication:Internal_CallUpdateFunctions () (at /Users/bokken/build/output/unity/unity/Editor/Mono/EditorApplication.cs:403)

[SplitFrontMedia] result=Passed comics=3 dialogueCrops=8 voices=0 mode=captioned
UnityEngine.Debug:Log (object)
Game.Editor.CH04M03SplitFrontNarrativeBuilder:ConfigureMedia () (at Assets/Game/Scripts/Editor/CH04M03SplitFrontNarrativeBuilder.cs:99)
Game.Editor.CH04M03SplitFrontNarrativeBuilder:BuildAndInstall () (at Assets/Game/Scripts/Editor/CH04M03SplitFrontNarrativeBuilder.cs:30)
Game.Editor.CH04M03SplitFrontPresentationBuilder:BuildCheckpoint () (at Assets/Game/Scripts/Editor/CH04M03SplitFrontPresentationBuilder.cs:17)
System.Reflection.MethodBase:Invoke (object,object[])
Game.Editor.ExistingEditorValidation/<Run>d__9:MoveNext () (at Assets/Game/Scripts/Editor/ExistingEditorValidation.cs:92)
System.Runtime.CompilerServices.AsyncVoidMethodBuilder:Start<Game.Editor.ExistingEditorValidation/<Run>d__9> (Game.Editor.ExistingEditorValidation/<Run>d__9&)
Game.Editor.ExistingEditorValidation:Run (string,string)
PipelineEvaluation.PipelineEval_e74e35ed/<>c__DisplayClass0_0:<Execute>b__0 ()
UnityEditor.EditorApplication:Internal_CallUpdateFunctions () (at /Users/bokken/build/output/unity/unity/Editor/Mono/EditorApplication.cs:403)

Main Object Name 'CH04M03_SplitFront_brief' does not match filename 'CH04M03_SplitFront_Narrative'
UnityEngine.StackTraceUtility:ExtractStackTrace ()
Game.Editor.CH04M03SplitFrontNarrativeBuilder:BuildAndInstall () (at Assets/Game/Scripts/Editor/CH04M03SplitFrontNarrativeBuilder.cs:37)
Game.Editor.CH04M03SplitFrontPresentationBuilder:BuildCheckpoint () (at Assets/Game/Scripts/Editor/CH04M03SplitFrontPresentationBuilder.cs:17)
System.Reflection.MethodBase:Invoke (object,object[])
Game.Editor.ExistingEditorValidation/<Run>d__9:MoveNext () (at Assets/Game/Scripts/Editor/ExistingEditorValidation.cs:92)
System.Runtime.CompilerServices.AsyncVoidMethodBuilder:Start<Game.Editor.ExistingEditorValidation/<Run>d__9> (Game.Editor.ExistingEditorValidation/<Run>d__9&)
Game.Editor.ExistingEditorValidation:Run (string,string)
PipelineEvaluation.PipelineEval_e74e35ed/<>c__DisplayClass0_0:<Execute>b__0 ()
UnityEditor.EditorApplication:Internal_CallUpdateFunctions ()

[CampaignComicCoverage] result=Passed mission=seq.ch04.m03. dialogueStates=8 aspects=2
UnityEngine.Debug:Log (object)
Game.Editor.CampaignMissionComicCoverageValidation:ValidateMission (string,string) (at Assets/Game/Scripts/Editor/CampaignMissionComicCoverageValidation.cs:55)
Game.Editor.CampaignMissionComicCoverageValidation:ValidateMissionDistinct (string,string) (at Assets/Game/Scripts/Editor/CampaignMissionComicCoverageValidation.cs:60)
Game.Editor.CH04M03SplitFrontNarrativeBuilder:BuildAndInstall () (at Assets/Game/Scripts/Editor/CH04M03SplitFrontNarrativeBuilder.cs:38)
Game.Editor.CH04M03SplitFrontPresentationBuilder:BuildCheckpoint () (at Assets/Game/Scripts/Editor/CH04M03SplitFrontPresentationBuilder.cs:17)
System.Reflection.MethodBase:Invoke (object,object[])
Game.Editor.ExistingEditorValidation/<Run>d__9:MoveNext () (at Assets/Game/Scripts/Editor/ExistingEditorValidation.cs:92)
System.Runtime.CompilerServices.AsyncVoidMethodBuilder:Start<Game.Editor.ExistingEditorValidation/<Run>d__9> (Game.Editor.ExistingEditorValidation/<Run>d__9&)
Game.Editor.ExistingEditorValidation:Run (string,string)
PipelineEvaluation.PipelineEval_e74e35ed/<>c__DisplayClass0_0:<Execute>b__0 ()
UnityEditor.EditorApplication:Internal_CallUpdateFunctions () (at /Users/bokken/build/output/unity/unity/Editor/Mono/EditorApplication.cs:403)

[CampaignComicDistinctness] result=Passed mission=seq.ch04.m03. dialogueStates=8 distinct16x9=8 distinct20x9=8
UnityEngine.Debug:Log (object)
Game.Editor.CampaignMissionComicCoverageValidation:ValidateMissionDistinct (string,string) (at Assets/Game/Scripts/Editor/CampaignMissionComicCoverageValidation.cs:64)
Game.Editor.CH04M03SplitFrontNarrativeBuilder:BuildAndInstall () (at Assets/Game/Scripts/Editor/CH04M03SplitFrontNarrativeBuilder.cs:38)
Game.Editor.CH04M03SplitFrontPresentationBuilder:BuildCheckpoint () (at Assets/Game/Scripts/Editor/CH04M03SplitFrontPresentationBuilder.cs:17)
System.Reflection.MethodBase:Invoke (object,object[])
Game.Editor.ExistingEditorValidation/<Run>d__9:MoveNext () (at Assets/Game/Scripts/Editor/ExistingEditorValidation.cs:92)
System.Runtime.CompilerServices.AsyncVoidMethodBuilder:Start<Game.Editor.ExistingEditorValidation/<Run>d__9> (Game.Editor.ExistingEditorValidation/<Run>d__9&)
Game.Editor.ExistingEditorValidation:Run (string,string)
PipelineEvaluation.PipelineEval_e74e35ed/<>c__DisplayClass0_0:<Execute>b__0 ()
UnityEditor.EditorApplication:Internal_CallUpdateFunctions () (at /Users/bokken/build/output/unity/unity/Editor/Mono/EditorApplication.cs:403)

[SplitFrontNarrative] result=Passed sequences=3 dialogueStates=8 locales=en,fa-IR comics=3
UnityEngine.Debug:Log (object)
Game.Editor.CH04M03SplitFrontNarrativeBuilder:BuildAndInstall () (at Assets/Game/Scripts/Editor/CH04M03SplitFrontNarrativeBuilder.cs:50)
Game.Editor.CH04M03SplitFrontPresentationBuilder:BuildCheckpoint () (at Assets/Game/Scripts/Editor/CH04M03SplitFrontPresentationBuilder.cs:17)
System.Reflection.MethodBase:Invoke (object,object[])
Game.Editor.ExistingEditorValidation/<Run>d__9:MoveNext () (at Assets/Game/Scripts/Editor/ExistingEditorValidation.cs:92)
System.Runtime.CompilerServices.AsyncVoidMethodBuilder:Start<Game.Editor.ExistingEditorValidation/<Run>d__9> (Game.Editor.ExistingEditorValidation/<Run>d__9&)
Game.Editor.ExistingEditorValidation:Run (string,string)
PipelineEvaluation.PipelineEval_e74e35ed/<>c__DisplayClass0_0:<Execute>b__0 ()
UnityEditor.EditorApplication:Internal_CallUpdateFunctions () (at /Users/bokken/build/output/unity/unity/Editor/Mono/EditorApplication.cs:403)

[SplitFrontNativeHud] result=Passed launcherPanel=authored confirm=bound cancel=bound
UnityEngine.Debug:Log (object)
Game.Editor.MissionSupportUiStyle:BuildSplitFrontHud () (at Assets/Game/Scripts/Editor/MissionSupportUiStyle.SplitFront.cs:44)
Game.Editor.CH04M03SplitFrontPresentationBuilder:BuildCheckpoint () (at Assets/Game/Scripts/Editor/CH04M03SplitFrontPresentationBuilder.cs:18)
System.Reflection.MethodBase:Invoke (object,object[])
Game.Editor.ExistingEditorValidation/<Run>d__9:MoveNext () (at Assets/Game/Scripts/Editor/ExistingEditorValidation.cs:92)
System.Runtime.CompilerServices.AsyncVoidMethodBuilder:Start<Game.Editor.ExistingEditorValidation/<Run>d__9> (Game.Editor.ExistingEditorValidation/<Run>d__9&)
Game.Editor.ExistingEditorValidation:Run (string,string)
PipelineEvaluation.PipelineEval_e74e35ed/<>c__DisplayClass0_0:<Execute>b__0 ()
UnityEditor.EditorApplication:Internal_CallUpdateFunctions () (at /Users/bokken/build/output/unity/unity/Editor/Mono/EditorApplication.cs:403)

[SplitFrontDeathObservation] result=Passed actual-zero-health=durable stale-attempt=rejected missing-entity=not-defeated
UnityEngine.Debug:Log (object)
Game.Editor.CH04M03SplitFrontRulesValidation:Run () (at Assets/Game/Scripts/Editor/CH04M03SplitFrontRulesValidation.cs:51)
Game.Editor.CH04M03SplitFrontPresentationBuilder:BuildCheckpoint () (at Assets/Game/Scripts/Editor/CH04M03SplitFrontPresentationBuilder.cs:18)
System.Reflection.MethodBase:Invoke (object,object[])
Game.Editor.ExistingEditorValidation/<Run>d__9:MoveNext () (at Assets/Game/Scripts/Editor/ExistingEditorValidation.cs:92)
System.Runtime.CompilerServices.AsyncVoidMethodBuilder:Start<Game.Editor.ExistingEditorValidation/<Run>d__9> (Game.Editor.ExistingEditorValidation/<Run>d__9&)
Game.Editor.ExistingEditorValidation:Run (string,string)
PipelineEvaluation.PipelineEval_e74e35ed/<>c__DisplayClass0_0:<Execute>b__0 ()
UnityEditor.EditorApplication:Internal_CallUpdateFunctions () (at /Users/bokken/build/output/unity/unity/Editor/Mono/EditorApplication.cs:403)

[SplitFrontRules] result=Passed progression=18 range=minimum,maximum civilians=protected selection=not-consent cancel=preview,preparation noRecall=in-flight
UnityEngine.Debug:Log (object)
Game.Editor.CH04M03SplitFrontRulesValidation:Run () (at Assets/Game/Scripts/Editor/CH04M03SplitFrontRulesValidation.cs:52)
Game.Editor.CH04M03SplitFrontPresentationBuilder:BuildCheckpoint () (at Assets/Game/Scripts/Editor/CH04M03SplitFrontPresentationBuilder.cs:18)
System.Reflection.MethodBase:Invoke (object,object[])
Game.Editor.ExistingEditorValidation/<Run>d__9:MoveNext () (at Assets/Game/Scripts/Editor/ExistingEditorValidation.cs:92)
System.Runtime.CompilerServices.AsyncVoidMethodBuilder:Start<Game.Editor.ExistingEditorValidation/<Run>d__9> (Game.Editor.ExistingEditorValidation/<Run>d__9&)
Game.Editor.ExistingEditorValidation:Run (string,string)
PipelineEvaluation.PipelineEval_e74e35ed/<>c__DisplayClass0_0:<Execute>b__0 ()
UnityEditor.EditorApplication:Internal_CallUpdateFunctions () (at /Users/bokken/build/output/unity/unity/Editor/Mono/EditorApplication.cs:403)

[CampaignComicCoverage] result=Passed mission=seq.ch02.m05. dialogueStates=7 aspects=2
UnityEngine.Debug:Log (object)
Game.Editor.CampaignMissionComicCoverageValidation:ValidateMission (string,string) (at Assets/Game/Scripts/Editor/CampaignMissionComicCoverageValidation.cs:55)
Game.Editor.CampaignMissionComicCoverageValidation:ValidateMissionDistinct (string,string) (at Assets/Game/Scripts/Editor/CampaignMissionComicCoverageValidation.cs:60)
Game.Editor.CampaignMissionComicCoverageValidation:ValidateAll () (at Assets/Game/Scripts/Editor/CampaignMissionComicCoverageValidation.cs:38)
Game.Editor.CH04M03SplitFrontPresentationBuilder:BuildCheckpoint () (at Assets/Game/Scripts/Editor/CH04M03SplitFrontPresentationBuilder.cs:18)
System.Reflection.MethodBase:Invoke (object,object[])
Game.Editor.ExistingEditorValidation/<Run>d__9:MoveNext () (at Assets/Game/Scripts/Editor/ExistingEditorValidation.cs:92)
System.Runtime.CompilerServices.AsyncVoidMethodBuilder:Start<Game.Editor.ExistingEditorValidation/<Run>d__9> (Game.Editor.ExistingEditorValidation/<Run>d__9&)
Game.Editor.ExistingEditorValidation:Run (string,string)
PipelineEvaluation.PipelineEval_e74e35ed/<>c__DisplayClass0_0:<Execute>b__0 ()
UnityEditor.EditorApplication:Internal_CallUpdateFunctions () (at /Users/bokken/build/output/unity/unity/Editor/Mono/EditorApplication.cs:403)

[CampaignComicDistinctness] result=Passed mission=seq.ch02.m05. dialogueStates=7 distinct16x9=7 distinct20x9=7
UnityEngine.Debug:Log (object)
Game.Editor.CampaignMissionComicCoverageValidation:ValidateMissionDistinct (string,string) (at Assets/Game/Scripts/Editor/CampaignMissionComicCoverageValidation.cs:64)
Game.Editor.CampaignMissionComicCoverageValidation:ValidateAll () (at Assets/Game/Scripts/Editor/CampaignMissionComicCoverageValidation.cs:38)
Game.Editor.CH04M03SplitFrontPresentationBuilder:BuildCheckpoint () (at Assets/Game/Scripts/Editor/CH04M03SplitFrontPresentationBuilder.cs:18)
System.Reflection.MethodBase:Invoke (object,object[])
Game.Editor.ExistingEditorValidation/<Run>d__9:MoveNext () (at Assets/Game/Scripts/Editor/ExistingEditorValidation.cs:92)
System.Runtime.CompilerServices.AsyncVoidMethodBuilder:Start<Game.Editor.ExistingEditorValidation/<Run>d__9> (Game.Editor.ExistingEditorValidation/<Run>d__9&)
Game.Editor.ExistingEditorValidation:Run (string,string)
PipelineEvaluation.PipelineEval_e74e35ed/<>c__DisplayClass0_0:<Execute>b__0 ()
UnityEditor.EditorApplication:Internal_CallUpdateFunctions () (at /Users/bokken/build/output/unity/unity/Editor/Mono/EditorApplication.cs:403)

[CampaignComicCoverage] result=Passed mission=seq.ch03.m01. dialogueStates=7 aspects=2
UnityEngine.Debug:Log (object)
Game.Editor.CampaignMissionComicCoverageValidation:ValidateMission (string,string) (at Assets/Game/Scripts/Editor/CampaignMissionComicCoverageValidation.cs:55)
Game.Editor.CampaignMissionComicCoverageValidation:ValidateMissionDistinct (string,string) (at Assets/Game/Scripts/Editor/CampaignMissionComicCoverageValidation.cs:60)
Game.Editor.CampaignMissionComicCoverageValidation:ValidateAll () (at Assets/Game/Scripts/Editor/CampaignMissionComicCoverageValidation.cs:39)
Game.Editor.CH04M03SplitFrontPresentationBuilder:BuildCheckpoint () (at Assets/Game/Scripts/Editor/CH04M03SplitFrontPresentationBuilder.cs:18)
System.Reflection.MethodBase:Invoke (object,object[])
Game.Editor.ExistingEditorValidation/<Run>d__9:MoveNext () (at Assets/Game/Scripts/Editor/ExistingEditorValidation.cs:92)
System.Runtime.CompilerServices.AsyncVoidMethodBuilder:Start<Game.Editor.ExistingEditorValidation/<Run>d__9> (Game.Editor.ExistingEditorValidation/<Run>d__9&)
Game.Editor.ExistingEditorValidation:Run (string,string)
PipelineEvaluation.PipelineEval_e74e35ed/<>c__DisplayClass0_0:<Execute>b__0 ()
UnityEditor.EditorApplication:Internal_CallUpdateFunctions () (at /Users/bokken/build/output/unity/unity/Editor/Mono/EditorApplication.cs:403)

[CampaignComicDistinctness] result=Passed mission=seq.ch03.m01. dialogueStates=7 distinct16x9=7 distinct20x9=7
UnityEngine.Debug:Log (object)
Game.Editor.CampaignMissionComicCoverageValidation:ValidateMissionDistinct (string,string) (at Assets/Game/Scripts/Editor/CampaignMissionComicCoverageValidation.cs:64)
Game.Editor.CampaignMissionComicCoverageValidation:ValidateAll () (at Assets/Game/Scripts/Editor/CampaignMissionComicCoverageValidation.cs:39)
Game.Editor.CH04M03SplitFrontPresentationBuilder:BuildCheckpoint () (at Assets/Game/Scripts/Editor/CH04M03SplitFrontPresentationBuilder.cs:18)
System.Reflection.MethodBase:Invoke (object,object[])
Game.Editor.ExistingEditorValidation/<Run>d__9:MoveNext () (at Assets/Game/Scripts/Editor/ExistingEditorValidation.cs:92)
System.Runtime.CompilerServices.AsyncVoidMethodBuilder:Start<Game.Editor.ExistingEditorValidation/<Run>d__9> (Game.Editor.ExistingEditorValidation/<Run>d__9&)
Game.Editor.ExistingEditorValidation:Run (string,string)
PipelineEvaluation.PipelineEval_e74e35ed/<>c__DisplayClass0_0:<Execute>b__0 ()
UnityEditor.EditorApplication:Internal_CallUpdateFunctions () (at /Users/bokken/build/output/unity/unity/Editor/Mono/EditorApplication.cs:403)

[CampaignComicCoverage] result=Passed mission=seq.ch03.m02. dialogueStates=7 aspects=2
UnityEngine.Debug:Log (object)
Game.Editor.CampaignMissionComicCoverageValidation:ValidateMission (string,string) (at Assets/Game/Scripts/Editor/CampaignMissionComicCoverageValidation.cs:55)
Game.Editor.CampaignMissionComicCoverageValidation:ValidateMissionDistinct (string,string) (at Assets/Game/Scripts/Editor/CampaignMissionComicCoverageValidation.cs:60)
Game.Editor.CampaignMissionComicCoverageValidation:ValidateAll () (at Assets/Game/Scripts/Editor/CampaignMissionComicCoverageValidation.cs:40)
Game.Editor.CH04M03SplitFrontPresentationBuilder:BuildCheckpoint () (at Assets/Game/Scripts/Editor/CH04M03SplitFrontPresentationBuilder.cs:18)
System.Reflection.MethodBase:Invoke (object,object[])
Game.Editor.ExistingEditorValidation/<Run>d__9:MoveNext () (at Assets/Game/Scripts/Editor/ExistingEditorValidation.cs:92)
System.Runtime.CompilerServices.AsyncVoidMethodBuilder:Start<Game.Editor.ExistingEditorValidation/<Run>d__9> (Game.Editor.ExistingEditorValidation/<Run>d__9&)
Game.Editor.ExistingEditorValidation:Run (string,string)
PipelineEvaluation.PipelineEval_e74e35ed/<>c__DisplayClass0_0:<Execute>b__0 ()
UnityEditor.EditorApplication:Internal_CallUpdateFunctions () (at /Users/bokken/build/output/unity/unity/Editor/Mono/EditorApplication.cs:403)

[CampaignComicDistinctness] result=Passed mission=seq.ch03.m02. dialogueStates=7 distinct16x9=7 distinct20x9=7
UnityEngine.Debug:Log (object)
Game.Editor.CampaignMissionComicCoverageValidation:ValidateMissionDistinct (string,string) (at Assets/Game/Scripts/Editor/CampaignMissionComicCoverageValidation.cs:64)
Game.Editor.CampaignMissionComicCoverageValidation:ValidateAll () (at Assets/Game/Scripts/Editor/CampaignMissionComicCoverageValidation.cs:40)
Game.Editor.CH04M03SplitFrontPresentationBuilder:BuildCheckpoint () (at Assets/Game/Scripts/Editor/CH04M03SplitFrontPresentationBuilder.cs:18)
System.Reflection.MethodBase:Invoke (object,object[])
Game.Editor.ExistingEditorValidation/<Run>d__9:MoveNext () (at Assets/Game/Scripts/Editor/ExistingEditorValidation.cs:92)
System.Runtime.CompilerServices.AsyncVoidMethodBuilder:Start<Game.Editor.ExistingEditorValidation/<Run>d__9> (Game.Editor.ExistingEditorValidation/<Run>d__9&)
Game.Editor.ExistingEditorValidation:Run (string,string)
PipelineEvaluation.PipelineEval_e74e35ed/<>c__DisplayClass0_0:<Execute>b__0 ()
UnityEditor.EditorApplication:Internal_CallUpdateFunctions () (at /Users/bokken/build/output/unity/unity/Editor/Mono/EditorApplication.cs:403)

[CampaignComicCoverage] result=Passed mission=seq.ch03.m03. dialogueStates=7 aspects=2
UnityEngine.Debug:Log (object)
Game.Editor.CampaignMissionComicCoverageValidation:ValidateMission (string,string) (at Assets/Game/Scripts/Editor/CampaignMissionComicCoverageValidation.cs:55)
Game.Editor.CampaignMissionComicCoverageValidation:ValidateMissionDistinct (string,string) (at Assets/Game/Scripts/Editor/CampaignMissionComicCoverageValidation.cs:60)
Game.Editor.CampaignMissionComicCoverageValidation:ValidateAll () (at Assets/Game/Scripts/Editor/CampaignMissionComicCoverageValidation.cs:41)
Game.Editor.CH04M03SplitFrontPresentationBuilder:BuildCheckpoint () (at Assets/Game/Scripts/Editor/CH04M03SplitFrontPresentationBuilder.cs:18)
System.Reflection.MethodBase:Invoke (object,object[])
Game.Editor.ExistingEditorValidation/<Run>d__9:MoveNext () (at Assets/Game/Scripts/Editor/ExistingEditorValidation.cs:92)
System.Runtime.CompilerServices.AsyncVoidMethodBuilder:Start<Game.Editor.ExistingEditorValidation/<Run>d__9> (Game.Editor.ExistingEditorValidation/<Run>d__9&)
Game.Editor.ExistingEditorValidation:Run (string,string)
PipelineEvaluation.PipelineEval_e74e35ed/<>c__DisplayClass0_0:<Execute>b__0 ()
UnityEditor.EditorApplication:Internal_CallUpdateFunctions () (at /Users/bokken/build/output/unity/unity/Editor/Mono/EditorApplication.cs:403)

[CampaignComicDistinctness] result=Passed mission=seq.ch03.m03. dialogueStates=7 distinct16x9=7 distinct20x9=7
UnityEngine.Debug:Log (object)
Game.Editor.CampaignMissionComicCoverageValidation:ValidateMissionDistinct (string,string) (at Assets/Game/Scripts/Editor/CampaignMissionComicCoverageValidation.cs:64)
Game.Editor.CampaignMissionComicCoverageValidation:ValidateAll () (at Assets/Game/Scripts/Editor/CampaignMissionComicCoverageValidation.cs:41)
Game.Editor.CH04M03SplitFrontPresentationBuilder:BuildCheckpoint () (at Assets/Game/Scripts/Editor/CH04M03SplitFrontPresentationBuilder.cs:18)
System.Reflection.MethodBase:Invoke (object,object[])
Game.Editor.ExistingEditorValidation/<Run>d__9:MoveNext () (at Assets/Game/Scripts/Editor/ExistingEditorValidation.cs:92)
System.Runtime.CompilerServices.AsyncVoidMethodBuilder:Start<Game.Editor.ExistingEditorValidation/<Run>d__9> (Game.Editor.ExistingEditorValidation/<Run>d__9&)
Game.Editor.ExistingEditorValidation:Run (string,string)
PipelineEvaluation.PipelineEval_e74e35ed/<>c__DisplayClass0_0:<Execute>b__0 ()
UnityEditor.EditorApplication:Internal_CallUpdateFunctions () (at /Users/bokken/build/output/unity/unity/Editor/Mono/EditorApplication.cs:403)

[CampaignComicCoverage] result=Passed mission=seq.ch03.m04. dialogueStates=7 aspects=2
UnityEngine.Debug:Log (object)
Game.Editor.CampaignMissionComicCoverageValidation:ValidateMission (string,string) (at Assets/Game/Scripts/Editor/CampaignMissionComicCoverageValidation.cs:55)
Game.Editor.CampaignMissionComicCoverageValidation:ValidateMissionDistinct (string,string) (at Assets/Game/Scripts/Editor/CampaignMissionComicCoverageValidation.cs:60)
Game.Editor.CampaignMissionComicCoverageValidation:ValidateAll () (at Assets/Game/Scripts/Editor/CampaignMissionComicCoverageValidation.cs:42)
Game.Editor.CH04M03SplitFrontPresentationBuilder:BuildCheckpoint () (at Assets/Game/Scripts/Editor/CH04M03SplitFrontPresentationBuilder.cs:18)
System.Reflection.MethodBase:Invoke (object,object[])
Game.Editor.ExistingEditorValidation/<Run>d__9:MoveNext () (at Assets/Game/Scripts/Editor/ExistingEditorValidation.cs:92)
System.Runtime.CompilerServices.AsyncVoidMethodBuilder:Start<Game.Editor.ExistingEditorValidation/<Run>d__9> (Game.Editor.ExistingEditorValidation/<Run>d__9&)
Game.Editor.ExistingEditorValidation:Run (string,string)
PipelineEvaluation.PipelineEval_e74e35ed/<>c__DisplayClass0_0:<Execute>b__0 ()
UnityEditor.EditorApplication:Internal_CallUpdateFunctions () (at /Users/bokken/build/output/unity/unity/Editor/Mono/EditorApplication.cs:403)

[CampaignComicDistinctness] result=Passed mission=seq.ch03.m04. dialogueStates=7 distinct16x9=7 distinct20x9=7
UnityEngine.Debug:Log (object)
Game.Editor.CampaignMissionComicCoverageValidation:ValidateMissionDistinct (string,string) (at Assets/Game/Scripts/Editor/CampaignMissionComicCoverageValidation.cs:64)
Game.Editor.CampaignMissionComicCoverageValidation:ValidateAll () (at Assets/Game/Scripts/Editor/CampaignMissionComicCoverageValidation.cs:42)
Game.Editor.CH04M03SplitFrontPresentationBuilder:BuildCheckpoint () (at Assets/Game/Scripts/Editor/CH04M03SplitFrontPresentationBuilder.cs:18)
System.Reflection.MethodBase:Invoke (object,object[])
Game.Editor.ExistingEditorValidation/<Run>d__9:MoveNext () (at Assets/Game/Scripts/Editor/ExistingEditorValidation.cs:92)
System.Runtime.CompilerServices.AsyncVoidMethodBuilder:Start<Game.Editor.ExistingEditorValidation/<Run>d__9> (Game.Editor.ExistingEditorValidation/<Run>d__9&)
Game.Editor.ExistingEditorValidation:Run (string,string)
PipelineEvaluation.PipelineEval_e74e35ed/<>c__DisplayClass0_0:<Execute>b__0 ()
UnityEditor.EditorApplication:Internal_CallUpdateFunctions () (at /Users/bokken/build/output/unity/unity/Editor/Mono/EditorApplication.cs:403)

[CampaignComicCoverage] result=Passed mission=seq.ch03.m05. dialogueStates=6 aspects=2
UnityEngine.Debug:Log (object)
Game.Editor.CampaignMissionComicCoverageValidation:ValidateMission (string,string) (at Assets/Game/Scripts/Editor/CampaignMissionComicCoverageValidation.cs:55)
Game.Editor.CampaignMissionComicCoverageValidation:ValidateMissionDistinct (string,string) (at Assets/Game/Scripts/Editor/CampaignMissionComicCoverageValidation.cs:60)
Game.Editor.CampaignMissionComicCoverageValidation:ValidateAll () (at Assets/Game/Scripts/Editor/CampaignMissionComicCoverageValidation.cs:43)
Game.Editor.CH04M03SplitFrontPresentationBuilder:BuildCheckpoint () (at Assets/Game/Scripts/Editor/CH04M03SplitFrontPresentationBuilder.cs:18)
System.Reflection.MethodBase:Invoke (object,object[])
Game.Editor.ExistingEditorValidation/<Run>d__9:MoveNext () (at Assets/Game/Scripts/Editor/ExistingEditorValidation.cs:92)
System.Runtime.CompilerServices.AsyncVoidMethodBuilder:Start<Game.Editor.ExistingEditorValidation/<Run>d__9> (Game.Editor.ExistingEditorValidation/<Run>d__9&)
Game.Editor.ExistingEditorValidation:Run (string,string)
PipelineEvaluation.PipelineEval_e74e35ed/<>c__DisplayClass0_0:<Execute>b__0 ()
UnityEditor.EditorApplication:Internal_CallUpdateFunctions () (at /Users/bokken/build/output/unity/unity/Editor/Mono/EditorApplication.cs:403)

[CampaignComicDistinctness] result=Passed mission=seq.ch03.m05. dialogueStates=6 distinct16x9=6 distinct20x9=6
UnityEngine.Debug:Log (object)
Game.Editor.CampaignMissionComicCoverageValidation:ValidateMissionDistinct (string,string) (at Assets/Game/Scripts/Editor/CampaignMissionComicCoverageValidation.cs:64)
Game.Editor.CampaignMissionComicCoverageValidation:ValidateAll () (at Assets/Game/Scripts/Editor/CampaignMissionComicCoverageValidation.cs:43)
Game.Editor.CH04M03SplitFrontPresentationBuilder:BuildCheckpoint () (at Assets/Game/Scripts/Editor/CH04M03SplitFrontPresentationBuilder.cs:18)
System.Reflection.MethodBase:Invoke (object,object[])
Game.Editor.ExistingEditorValidation/<Run>d__9:MoveNext () (at Assets/Game/Scripts/Editor/ExistingEditorValidation.cs:92)
System.Runtime.CompilerServices.AsyncVoidMethodBuilder:Start<Game.Editor.ExistingEditorValidation/<Run>d__9> (Game.Editor.ExistingEditorValidation/<Run>d__9&)
Game.Editor.ExistingEditorValidation:Run (string,string)
PipelineEvaluation.PipelineEval_e74e35ed/<>c__DisplayClass0_0:<Execute>b__0 ()
UnityEditor.EditorApplication:Internal_CallUpdateFunctions () (at /Users/bokken/build/output/unity/unity/Editor/Mono/EditorApplication.cs:403)

[CampaignComicCoverage] result=Passed mission=seq.ch04.m01. dialogueStates=6 aspects=2
UnityEngine.Debug:Log (object)
Game.Editor.CampaignMissionComicCoverageValidation:ValidateMission (string,string) (at Assets/Game/Scripts/Editor/CampaignMissionComicCoverageValidation.cs:55)
Game.Editor.CampaignMissionComicCoverageValidation:ValidateMissionDistinct (string,string) (at Assets/Game/Scripts/Editor/CampaignMissionComicCoverageValidation.cs:60)
Game.Editor.CampaignMissionComicCoverageValidation:ValidateAll () (at Assets/Game/Scripts/Editor/CampaignMissionComicCoverageValidation.cs:44)
Game.Editor.CH04M03SplitFrontPresentationBuilder:BuildCheckpoint () (at Assets/Game/Scripts/Editor/CH04M03SplitFrontPresentationBuilder.cs:18)
System.Reflection.MethodBase:Invoke (object,object[])
Game.Editor.ExistingEditorValidation/<Run>d__9:MoveNext () (at Assets/Game/Scripts/Editor/ExistingEditorValidation.cs:92)
System.Runtime.CompilerServices.AsyncVoidMethodBuilder:Start<Game.Editor.ExistingEditorValidation/<Run>d__9> (Game.Editor.ExistingEditorValidation/<Run>d__9&)
Game.Editor.ExistingEditorValidation:Run (string,string)
PipelineEvaluation.PipelineEval_e74e35ed/<>c__DisplayClass0_0:<Execute>b__0 ()
UnityEditor.EditorApplication:Internal_CallUpdateFunctions () (at /Users/bokken/build/output/unity/unity/Editor/Mono/EditorApplication.cs:403)

[CampaignComicDistinctness] result=Passed mission=seq.ch04.m01. dialogueStates=6 distinct16x9=6 distinct20x9=6
UnityEngine.Debug:Log (object)
Game.Editor.CampaignMissionComicCoverageValidation:ValidateMissionDistinct (string,string) (at Assets/Game/Scripts/Editor/CampaignMissionComicCoverageValidation.cs:64)
Game.Editor.CampaignMissionComicCoverageValidation:ValidateAll () (at Assets/Game/Scripts/Editor/CampaignMissionComicCoverageValidation.cs:44)
Game.Editor.CH04M03SplitFrontPresentationBuilder:BuildCheckpoint () (at Assets/Game/Scripts/Editor/CH04M03SplitFrontPresentationBuilder.cs:18)
System.Reflection.MethodBase:Invoke (object,object[])
Game.Editor.ExistingEditorValidation/<Run>d__9:MoveNext () (at Assets/Game/Scripts/Editor/ExistingEditorValidation.cs:92)
System.Runtime.CompilerServices.AsyncVoidMethodBuilder:Start<Game.Editor.ExistingEditorValidation/<Run>d__9> (Game.Editor.ExistingEditorValidation/<Run>d__9&)
Game.Editor.ExistingEditorValidation:Run (string,string)
PipelineEvaluation.PipelineEval_e74e35ed/<>c__DisplayClass0_0:<Execute>b__0 ()
UnityEditor.EditorApplication:Internal_CallUpdateFunctions () (at /Users/bokken/build/output/unity/unity/Editor/Mono/EditorApplication.cs:403)

[CampaignComicCoverage] result=Passed sequences=40 dialogueStates=95 aspects=16x9,20x9 shipGate=enabled
UnityEngine.Debug:Log (object)
Game.Editor.CampaignMissionComicCoverageValidation:ValidateAll () (at Assets/Game/Scripts/Editor/CampaignMissionComicCoverageValidation.cs:45)
Game.Editor.CH04M03SplitFrontPresentationBuilder:BuildCheckpoint () (at Assets/Game/Scripts/Editor/CH04M03SplitFrontPresentationBuilder.cs:18)
System.Reflection.MethodBase:Invoke (object,object[])
Game.Editor.ExistingEditorValidation/<Run>d__9:MoveNext () (at Assets/Game/Scripts/Editor/ExistingEditorValidation.cs:92)
System.Runtime.CompilerServices.AsyncVoidMethodBuilder:Start<Game.Editor.ExistingEditorValidation/<Run>d__9> (Game.Editor.ExistingEditorValidation/<Run>d__9&)
Game.Editor.ExistingEditorValidation:Run (string,string)
PipelineEvaluation.PipelineEval_e74e35ed/<>c__DisplayClass0_0:<Execute>b__0 ()
UnityEditor.EditorApplication:Internal_CallUpdateFunctions () (at /Users/bokken/build/output/unity/unity/Editor/Mono/EditorApplication.cs:403)

[SplitFrontCheckpoint] result=Passed dialogue=8 locales=en,fa-IR launcher=explicit-consent controls=existing-only
UnityEngine.Debug:Log (object)
Game.Editor.CH04M03SplitFrontPresentationBuilder:BuildCheckpoint () (at Assets/Game/Scripts/Editor/CH04M03SplitFrontPresentationBuilder.cs:19)
System.Reflection.MethodBase:Invoke (object,object[])
Game.Editor.ExistingEditorValidation/<Run>d__9:MoveNext () (at Assets/Game/Scripts/Editor/ExistingEditorValidation.cs:92)
System.Runtime.CompilerServices.AsyncVoidMethodBuilder:Start<Game.Editor.ExistingEditorValidation/<Run>d__9> (Game.Editor.ExistingEditorValidation/<Run>d__9&)
Game.Editor.ExistingEditorValidation:Run (string,string)
PipelineEvaluation.PipelineEval_e74e35ed/<>c__DisplayClass0_0:<Execute>b__0 ()
UnityEditor.EditorApplication:Internal_CallUpdateFunctions () (at /Users/bokken/build/output/unity/unity/Editor/Mono/EditorApplication.cs:403)

[ExistingEditorValidation] result=Passed executeMethod=Game.Editor.CH04M03SplitFrontPresentationBuilder.BuildCheckpoint
UnityEngine.Debug:Log (object)
Game.Editor.ExistingEditorValidation/<Run>d__9:MoveNext () (at Assets/Game/Scripts/Editor/ExistingEditorValidation.cs:109)
System.Runtime.CompilerServices.AsyncVoidMethodBuilder:Start<Game.Editor.ExistingEditorValidation/<Run>d__9> (Game.Editor.ExistingEditorValidation/<Run>d__9&)
Game.Editor.ExistingEditorValidation:Run (string,string)
PipelineEvaluation.PipelineEval_e74e35ed/<>c__DisplayClass0_0:<Execute>b__0 ()
UnityEditor.EditorApplication:Internal_CallUpdateFunctions () (at /Users/bokken/build/output/unity/unity/Editor/Mono/EditorApplication.cs:403)

