[ExistingEditorValidation] project=/Users/farhad/Projects/WarlineCapture/Assets executeMethod=Game.Editor.CH05M03NetworkCollapseConfigBuilder.Build
UnityEngine.Debug:Log (object)
Game.Editor.ExistingEditorValidation/<Run>d__9:MoveNext () (at Assets/Game/Scripts/Editor/ExistingEditorValidation.cs:90)
System.Runtime.CompilerServices.AsyncVoidMethodBuilder:Start<Game.Editor.ExistingEditorValidation/<Run>d__9> (Game.Editor.ExistingEditorValidation/<Run>d__9&)
Game.Editor.ExistingEditorValidation:Run (string,string)
PipelineEvaluation.PipelineEval_0defaf99/<>c__DisplayClass0_0:<Execute>b__0 ()
UnityEditor.EditorApplication:Internal_CallUpdateFunctions () (at /Users/bokken/build/output/unity/unity/Editor/Mono/EditorApplication.cs:403)

[NetworkCollapseBuilderRevision] source=urban-evidence-v1-ordered-verified-nodes canonicalMovementMask=Preserved explicitMoves=Required
UnityEngine.Debug:Log (object)
Game.Editor.CH05M03NetworkCollapseConfigBuilder:ReportBuilderRevision () (at Assets/Game/Scripts/Editor/CH05M03NetworkCollapseConfigBuilder.cs:43)
Game.Editor.CH05M03NetworkCollapseConfigBuilder:Build () (at Assets/Game/Scripts/Editor/CH05M03NetworkCollapseConfigBuilder.cs:56)
System.Reflection.MethodBase:Invoke (object,object[])
Game.Editor.ExistingEditorValidation/<Run>d__9:MoveNext () (at Assets/Game/Scripts/Editor/ExistingEditorValidation.cs:92)
System.Runtime.CompilerServices.AsyncVoidMethodBuilder:Start<Game.Editor.ExistingEditorValidation/<Run>d__9> (Game.Editor.ExistingEditorValidation/<Run>d__9&)
Game.Editor.ExistingEditorValidation:Run (string,string)
PipelineEvaluation.PipelineEval_0defaf99/<>c__DisplayClass0_0:<Execute>b__0 ()
UnityEditor.EditorApplication:Internal_CallUpdateFunctions () (at /Users/bokken/build/output/unity/unity/Editor/Mono/EditorApplication.cs:403)

Loaded 1 ExamplePackConfig assets
UnityEngine.Debug:Log (object)
SyntyPackageHelper:LoadSyntyPackageHelperConfigs () (at Assets/Synty/SyntyPackageHelper/Editor/SyntyPackageHelper.cs:46)
SyntyPackageHelper:OnProjectChanged () (at Assets/Synty/SyntyPackageHelper/Editor/SyntyPackageHelper.cs:55)
UnityEditor.AssetDatabase:Refresh ()
Game.Editor.CH05M03NetworkCollapseConfigBuilder:Build () (at Assets/Game/Scripts/Editor/CH05M03NetworkCollapseConfigBuilder.cs:58)
System.Reflection.MethodBase:Invoke (object,object[])
Game.Editor.ExistingEditorValidation/<Run>d__9:MoveNext () (at Assets/Game/Scripts/Editor/ExistingEditorValidation.cs:92)
System.Runtime.CompilerServices.AsyncVoidMethodBuilder:Start<Game.Editor.ExistingEditorValidation/<Run>d__9> (Game.Editor.ExistingEditorValidation/<Run>d__9&)
Game.Editor.ExistingEditorValidation:Run (string,string)
PipelineEvaluation.PipelineEval_0defaf99/<>c__DisplayClass0_0:<Execute>b__0 ()
UnityEditor.EditorApplication:Internal_CallUpdateFunctions () (at /Users/bokken/build/output/unity/unity/Editor/Mono/EditorApplication.cs:403)

[NetworkCollapseAcceptedMigration] convertedRenderOnly=8160 retiredAccepted=8546 removedAuthoredVehicles=22 cropAndStaticMask=PendingPhysicalPass
UnityEngine.Debug:Log (object)
Game.Editor.CH05M03NetworkCollapseConfigBuilder:MigrateAcceptedPresentation (UnityEngine.SceneManagement.Scene) (at Assets/Game/Scripts/Editor/CH05M03NetworkCollapseConfigBuilder.cs:265)
Game.Editor.CH05M03NetworkCollapseConfigBuilder:BuildPhysicalMap () (at Assets/Game/Scripts/Editor/CH05M03NetworkCollapseConfigBuilder.cs:117)
Game.Editor.CH05M03NetworkCollapseConfigBuilder:Build () (at Assets/Game/Scripts/Editor/CH05M03NetworkCollapseConfigBuilder.cs:60)
System.Reflection.MethodBase:Invoke (object,object[])
Game.Editor.ExistingEditorValidation/<Run>d__9:MoveNext () (at Assets/Game/Scripts/Editor/ExistingEditorValidation.cs:92)
System.Runtime.CompilerServices.AsyncVoidMethodBuilder:Start<Game.Editor.ExistingEditorValidation/<Run>d__9> (Game.Editor.ExistingEditorValidation/<Run>d__9&)
Game.Editor.ExistingEditorValidation:Run (string,string)
PipelineEvaluation.PipelineEval_0defaf99/<>c__DisplayClass0_0:<Execute>b__0 ()
UnityEditor.EditorApplication:Internal_CallUpdateFunctions () (at /Users/bokken/build/output/unity/unity/Editor/Mono/EditorApplication.cs:403)

[NetworkCollapseNativeOwnership] result=Passed repairedGameplayIdentities=110 owners=314 renderOnly=2658 identities=2972 Grid=1 Surface=1 counts=GlobalReadinessContract
UnityEngine.Debug:Log (object)
Game.Editor.CH05M03NetworkCollapseConfigBuilder:ConfigureNativeOwnership (UnityEngine.SceneManagement.Scene) (at Assets/Game/Scripts/Editor/CH05M03NetworkCollapseConfigBuilder.cs:231)
Game.Editor.CH05M03NetworkCollapseConfigBuilder:BuildPhysicalMap () (at Assets/Game/Scripts/Editor/CH05M03NetworkCollapseConfigBuilder.cs:159)
Game.Editor.CH05M03NetworkCollapseConfigBuilder:Build () (at Assets/Game/Scripts/Editor/CH05M03NetworkCollapseConfigBuilder.cs:60)
System.Reflection.MethodBase:Invoke (object,object[])
Game.Editor.ExistingEditorValidation/<Run>d__9:MoveNext () (at Assets/Game/Scripts/Editor/ExistingEditorValidation.cs:92)
System.Runtime.CompilerServices.AsyncVoidMethodBuilder:Start<Game.Editor.ExistingEditorValidation/<Run>d__9> (Game.Editor.ExistingEditorValidation/<Run>d__9&)
Game.Editor.ExistingEditorValidation:Run (string,string)
PipelineEvaluation.PipelineEval_0defaf99/<>c__DisplayClass0_0:<Execute>b__0 ()
UnityEditor.EditorApplication:Internal_CallUpdateFunctions () (at /Users/bokken/build/output/unity/unity/Editor/Mono/EditorApplication.cs:403)

[NetworkCollapseMinimap] result=Passed mode=NativeURP crop=860,300,440,220 blackUniformGate=Passed
UnityEngine.Debug:Log (object)
Game.Editor.CH05M03NetworkCollapseConfigBuilder:CreateMinimap (UnityEngine.SceneManagement.Scene) (at Assets/Game/Scripts/Editor/CH05M03NetworkCollapseConfigBuilder.cs:355)
Game.Editor.CH05M03NetworkCollapseConfigBuilder:BuildPhysicalMap () (at Assets/Game/Scripts/Editor/CH05M03NetworkCollapseConfigBuilder.cs:166)
Game.Editor.CH05M03NetworkCollapseConfigBuilder:Build () (at Assets/Game/Scripts/Editor/CH05M03NetworkCollapseConfigBuilder.cs:60)
System.Reflection.MethodBase:Invoke (object,object[])
Game.Editor.ExistingEditorValidation/<Run>d__9:MoveNext () (at Assets/Game/Scripts/Editor/ExistingEditorValidation.cs:92)
System.Runtime.CompilerServices.AsyncVoidMethodBuilder:Start<Game.Editor.ExistingEditorValidation/<Run>d__9> (Game.Editor.ExistingEditorValidation/<Run>d__9&)
Game.Editor.ExistingEditorValidation:Run (string,string)
PipelineEvaluation.PipelineEval_0defaf99/<>c__DisplayClass0_0:<Execute>b__0 ()
UnityEditor.EditorApplication:Internal_CallUpdateFunctions () (at /Users/bokken/build/output/unity/unity/Editor/Mono/EditorApplication.cs:403)

[NetworkCollapseCivicClearance] result=Passed serviceLots=2 productionLots=2 reserveLots=2 healthOwners=RuntimeBuildingPlacement
UnityEngine.Debug:Log (object)
Game.Editor.CH05M03NetworkCollapseConfigBuilder:ValidateCivicClearance (UnityEngine.SceneManagement.Scene) (at Assets/Game/Scripts/Editor/CH05M03NetworkCollapseConfigBuilder.cs:299)
Game.Editor.CH05M03NetworkCollapseConfigBuilder:BuildPhysicalMap () (at Assets/Game/Scripts/Editor/CH05M03NetworkCollapseConfigBuilder.cs:168)
Game.Editor.CH05M03NetworkCollapseConfigBuilder:Build () (at Assets/Game/Scripts/Editor/CH05M03NetworkCollapseConfigBuilder.cs:60)
System.Reflection.MethodBase:Invoke (object,object[])
Game.Editor.ExistingEditorValidation/<Run>d__9:MoveNext () (at Assets/Game/Scripts/Editor/ExistingEditorValidation.cs:92)
System.Runtime.CompilerServices.AsyncVoidMethodBuilder:Start<Game.Editor.ExistingEditorValidation/<Run>d__9> (Game.Editor.ExistingEditorValidation/<Run>d__9&)
Game.Editor.ExistingEditorValidation:Run (string,string)
PipelineEvaluation.PipelineEval_0defaf99/<>c__DisplayClass0_0:<Execute>b__0 ()
UnityEditor.EditorApplication:Internal_CallUpdateFunctions () (at /Users/bokken/build/output/unity/unity/Editor/Mono/EditorApplication.cs:403)

[NetworkCollapseRoutes] result=Passed boulevard=401x7 rearCarrierLane=97x5 evidenceApproaches=3x13x3 buildLots=4 grid=440x220 combinedOwnerSurfaceMask=true
UnityEngine.Debug:Log (object)
Game.Editor.CH05M03NetworkCollapseConfigBuilder:ValidateRoutes () (at Assets/Game/Scripts/Editor/CH05M03NetworkCollapseConfigBuilder.cs:459)
Game.Editor.CH05M03NetworkCollapseConfigBuilder:BuildPhysicalMap () (at Assets/Game/Scripts/Editor/CH05M03NetworkCollapseConfigBuilder.cs:198)
Game.Editor.CH05M03NetworkCollapseConfigBuilder:Build () (at Assets/Game/Scripts/Editor/CH05M03NetworkCollapseConfigBuilder.cs:60)
System.Reflection.MethodBase:Invoke (object,object[])
Game.Editor.ExistingEditorValidation/<Run>d__9:MoveNext () (at Assets/Game/Scripts/Editor/ExistingEditorValidation.cs:92)
System.Runtime.CompilerServices.AsyncVoidMethodBuilder:Start<Game.Editor.ExistingEditorValidation/<Run>d__9> (Game.Editor.ExistingEditorValidation/<Run>d__9&)
Game.Editor.ExistingEditorValidation:Run (string,string)
PipelineEvaluation.PipelineEval_0defaf99/<>c__DisplayClass0_0:<Execute>b__0 ()
UnityEditor.EditorApplication:Internal_CallUpdateFunctions () (at /Users/bokken/build/output/unity/unity/Editor/Mono/EditorApplication.cs:403)

[NetworkCollapseMap] result=Passed removedStatic=41985 identities=2972 sourcePreserved=true sourceContentHash=2713962f0faa2dae49805e1b7e3a1673199a2cca915334d11421b354cd8f591c derivative=0f5987b77d4dd100b09d0aec532112b0b9194ee22fb9ffea0838ff971aaea47a
UnityEngine.Debug:Log (object)
Game.Editor.CH05M03NetworkCollapseConfigBuilder:BuildPhysicalMap () (at Assets/Game/Scripts/Editor/CH05M03NetworkCollapseConfigBuilder.cs:201)
Game.Editor.CH05M03NetworkCollapseConfigBuilder:Build () (at Assets/Game/Scripts/Editor/CH05M03NetworkCollapseConfigBuilder.cs:60)
System.Reflection.MethodBase:Invoke (object,object[])
Game.Editor.ExistingEditorValidation/<Run>d__9:MoveNext () (at Assets/Game/Scripts/Editor/ExistingEditorValidation.cs:92)
System.Runtime.CompilerServices.AsyncVoidMethodBuilder:Start<Game.Editor.ExistingEditorValidation/<Run>d__9> (Game.Editor.ExistingEditorValidation/<Run>d__9&)
Game.Editor.ExistingEditorValidation:Run (string,string)
PipelineEvaluation.PipelineEval_0defaf99/<>c__DisplayClass0_0:<Execute>b__0 ()
UnityEditor.EditorApplication:Internal_CallUpdateFunctions () (at /Users/bokken/build/output/unity/unity/Editor/Mono/EditorApplication.cs:403)

[NetworkCollapseSupportContext] result=Passed scope=mission,map,source finiteFuel=ownedReserve protected=civicOne+civicTwo+audit+externalGate+external-gate route=authored allowed=existing-unlocked readiness=preserved
UnityEngine.Debug:Log (object)
Game.Editor.CH05M03NetworkCollapseConfigBuilder:BuildSupportContext (bool) (at Assets/Game/Scripts/Editor/CH05M03NetworkCollapseConfigBuilder.Support.cs:58)
Game.Editor.CH05M03NetworkCollapseConfigBuilder:Build () (at Assets/Game/Scripts/Editor/CH05M03NetworkCollapseConfigBuilder.cs:60)
System.Reflection.MethodBase:Invoke (object,object[])
Game.Editor.ExistingEditorValidation/<Run>d__9:MoveNext () (at Assets/Game/Scripts/Editor/ExistingEditorValidation.cs:92)
System.Runtime.CompilerServices.AsyncVoidMethodBuilder:Start<Game.Editor.ExistingEditorValidation/<Run>d__9> (Game.Editor.ExistingEditorValidation/<Run>d__9&)
Game.Editor.ExistingEditorValidation:Run (string,string)
PipelineEvaluation.PipelineEval_0defaf99/<>c__DisplayClass0_0:<Execute>b__0 ()
UnityEditor.EditorApplication:Internal_CallUpdateFunctions () (at /Users/bokken/build/output/unity/unity/Editor/Mono/EditorApplication.cs:403)

[NetworkCollapseConfig] result=Passed verifiedNodes=3 protectedCivic=2 audit=1 reserve=1 originals=21
UnityEngine.Debug:Log (object)
Game.Editor.CH05M03NetworkCollapseConfigBuilder:Build () (at Assets/Game/Scripts/Editor/CH05M03NetworkCollapseConfigBuilder.cs:62)
System.Reflection.MethodBase:Invoke (object,object[])
Game.Editor.ExistingEditorValidation/<Run>d__9:MoveNext () (at Assets/Game/Scripts/Editor/ExistingEditorValidation.cs:92)
System.Runtime.CompilerServices.AsyncVoidMethodBuilder:Start<Game.Editor.ExistingEditorValidation/<Run>d__9> (Game.Editor.ExistingEditorValidation/<Run>d__9&)
Game.Editor.ExistingEditorValidation:Run (string,string)
PipelineEvaluation.PipelineEval_0defaf99/<>c__DisplayClass0_0:<Execute>b__0 ()
UnityEditor.EditorApplication:Internal_CallUpdateFunctions () (at /Users/bokken/build/output/unity/unity/Editor/Mono/EditorApplication.cs:403)

[ExistingEditorValidation] result=Passed executeMethod=Game.Editor.CH05M03NetworkCollapseConfigBuilder.Build
UnityEngine.Debug:Log (object)
Game.Editor.ExistingEditorValidation/<Run>d__9:MoveNext () (at Assets/Game/Scripts/Editor/ExistingEditorValidation.cs:109)
System.Runtime.CompilerServices.AsyncVoidMethodBuilder:Start<Game.Editor.ExistingEditorValidation/<Run>d__9> (Game.Editor.ExistingEditorValidation/<Run>d__9&)
Game.Editor.ExistingEditorValidation:Run (string,string)
PipelineEvaluation.PipelineEval_0defaf99/<>c__DisplayClass0_0:<Execute>b__0 ()
UnityEditor.EditorApplication:Internal_CallUpdateFunctions () (at /Users/bokken/build/output/unity/unity/Editor/Mono/EditorApplication.cs:403)

