[ExistingEditorValidation] project=/Users/farhad/Projects/WarlineCapture/Assets executeMethod=Game.Editor.CH05M03NetworkCollapseIntegration.FinishPrepared
UnityEngine.Debug:Log (object)
Game.Editor.ExistingEditorValidation/<Run>d__9:MoveNext () (at Assets/Game/Scripts/Editor/ExistingEditorValidation.cs:90)
System.Runtime.CompilerServices.AsyncVoidMethodBuilder:Start<Game.Editor.ExistingEditorValidation/<Run>d__9> (Game.Editor.ExistingEditorValidation/<Run>d__9&)
Game.Editor.ExistingEditorValidation:Run (string,string)
PipelineEvaluation.PipelineEval_6b34fbbf/<>c__DisplayClass0_0:<Execute>b__0 ()
UnityEditor.EditorApplication:Internal_CallUpdateFunctions () (at /Users/bokken/build/output/unity/unity/Editor/Mono/EditorApplication.cs:403)

[NetworkSupplyReadiness] result=Passed scope=SupplyOnly candidate=RequiresNativeQualification
UnityEngine.Debug:Log (object)
Game.Editor.CH05M03NetworkCollapseConfigBuilder:SetSupplyReadiness () (at Assets/Game/Scripts/Editor/CH05M03NetworkCollapseConfigBuilder.Support.cs:36)
Game.Editor.CH05M03NetworkCollapseIntegration:FinishPrepared () (at Assets/Game/Scripts/Editor/CH05M03NetworkCollapseIntegration.cs:18)
System.Reflection.MethodBase:Invoke (object,object[])
Game.Editor.ExistingEditorValidation/<Run>d__9:MoveNext () (at Assets/Game/Scripts/Editor/ExistingEditorValidation.cs:92)
System.Runtime.CompilerServices.AsyncVoidMethodBuilder:Start<Game.Editor.ExistingEditorValidation/<Run>d__9> (Game.Editor.ExistingEditorValidation/<Run>d__9&)
Game.Editor.ExistingEditorValidation:Run (string,string)
PipelineEvaluation.PipelineEval_6b34fbbf/<>c__DisplayClass0_0:<Execute>b__0 ()
UnityEditor.EditorApplication:Internal_CallUpdateFunctions () (at /Users/bokken/build/output/unity/unity/Editor/Mono/EditorApplication.cs:403)

[NetworkCollapseMedia] result=Passed comics=3 dialogueCrops=7 installedVoices=0 mode=caption-only
UnityEngine.Debug:Log (object)
Game.Editor.CH05M03NetworkCollapseNarrativeBuilder:ConfigureMedia () (at Assets/Game/Scripts/Editor/CH05M03NetworkCollapseNarrativeBuilder.cs:85)
Game.Editor.CH05M03NetworkCollapseNarrativeBuilder:BuildNarrativeCore () (at Assets/Game/Scripts/Editor/CH05M03NetworkCollapseNarrativeBuilder.cs:38)
Game.Editor.CH05M03NetworkCollapseNarrativeBuilder:BuildWithoutVoices () (at Assets/Game/Scripts/Editor/CH05M03NetworkCollapseNarrativeBuilder.cs:31)
Game.Editor.CH05M03NetworkCollapseIntegration:FinishPrepared () (at Assets/Game/Scripts/Editor/CH05M03NetworkCollapseIntegration.cs:19)
System.Reflection.MethodBase:Invoke (object,object[])
Game.Editor.ExistingEditorValidation/<Run>d__9:MoveNext () (at Assets/Game/Scripts/Editor/ExistingEditorValidation.cs:92)
System.Runtime.CompilerServices.AsyncVoidMethodBuilder:Start<Game.Editor.ExistingEditorValidation/<Run>d__9> (Game.Editor.ExistingEditorValidation/<Run>d__9&)
Game.Editor.ExistingEditorValidation:Run (string,string)
PipelineEvaluation.PipelineEval_6b34fbbf/<>c__DisplayClass0_0:<Execute>b__0 ()
UnityEditor.EditorApplication:Internal_CallUpdateFunctions () (at /Users/bokken/build/output/unity/unity/Editor/Mono/EditorApplication.cs:403)

[CampaignComicCoverage] result=Passed mission=seq.ch05.m03. dialogueStates=7 aspects=2
UnityEngine.Debug:Log (object)
Game.Editor.CampaignMissionComicCoverageValidation:ValidateMission (string,string) (at Assets/Game/Scripts/Editor/CampaignMissionComicCoverageValidation.cs:55)
Game.Editor.CampaignMissionComicCoverageValidation:ValidateMissionDistinct (string,string) (at Assets/Game/Scripts/Editor/CampaignMissionComicCoverageValidation.cs:60)
Game.Editor.CH05M03NetworkCollapseNarrativeBuilder:BuildNarrativeCore () (at Assets/Game/Scripts/Editor/CH05M03NetworkCollapseNarrativeBuilder.cs:46)
Game.Editor.CH05M03NetworkCollapseNarrativeBuilder:BuildWithoutVoices () (at Assets/Game/Scripts/Editor/CH05M03NetworkCollapseNarrativeBuilder.cs:31)
Game.Editor.CH05M03NetworkCollapseIntegration:FinishPrepared () (at Assets/Game/Scripts/Editor/CH05M03NetworkCollapseIntegration.cs:19)
System.Reflection.MethodBase:Invoke (object,object[])
Game.Editor.ExistingEditorValidation/<Run>d__9:MoveNext () (at Assets/Game/Scripts/Editor/ExistingEditorValidation.cs:92)
System.Runtime.CompilerServices.AsyncVoidMethodBuilder:Start<Game.Editor.ExistingEditorValidation/<Run>d__9> (Game.Editor.ExistingEditorValidation/<Run>d__9&)
Game.Editor.ExistingEditorValidation:Run (string,string)
PipelineEvaluation.PipelineEval_6b34fbbf/<>c__DisplayClass0_0:<Execute>b__0 ()
UnityEditor.EditorApplication:Internal_CallUpdateFunctions () (at /Users/bokken/build/output/unity/unity/Editor/Mono/EditorApplication.cs:403)

[CampaignComicDistinctness] result=Passed mission=seq.ch05.m03. dialogueStates=7 distinct16x9=7 distinct20x9=7
UnityEngine.Debug:Log (object)
Game.Editor.CampaignMissionComicCoverageValidation:ValidateMissionDistinct (string,string) (at Assets/Game/Scripts/Editor/CampaignMissionComicCoverageValidation.cs:64)
Game.Editor.CH05M03NetworkCollapseNarrativeBuilder:BuildNarrativeCore () (at Assets/Game/Scripts/Editor/CH05M03NetworkCollapseNarrativeBuilder.cs:46)
Game.Editor.CH05M03NetworkCollapseNarrativeBuilder:BuildWithoutVoices () (at Assets/Game/Scripts/Editor/CH05M03NetworkCollapseNarrativeBuilder.cs:31)
Game.Editor.CH05M03NetworkCollapseIntegration:FinishPrepared () (at Assets/Game/Scripts/Editor/CH05M03NetworkCollapseIntegration.cs:19)
System.Reflection.MethodBase:Invoke (object,object[])
Game.Editor.ExistingEditorValidation/<Run>d__9:MoveNext () (at Assets/Game/Scripts/Editor/ExistingEditorValidation.cs:92)
System.Runtime.CompilerServices.AsyncVoidMethodBuilder:Start<Game.Editor.ExistingEditorValidation/<Run>d__9> (Game.Editor.ExistingEditorValidation/<Run>d__9&)
Game.Editor.ExistingEditorValidation:Run (string,string)
PipelineEvaluation.PipelineEval_6b34fbbf/<>c__DisplayClass0_0:<Execute>b__0 ()
UnityEditor.EditorApplication:Internal_CallUpdateFunctions () (at /Users/bokken/build/output/unity/unity/Editor/Mono/EditorApplication.cs:403)

[NetworkCollapseNarrative] result=Passed sequences=3 dialogueStates=7 locales=en,fa-IR missionComics=3 voiceGate=Separate
UnityEngine.Debug:Log (object)
Game.Editor.CH05M03NetworkCollapseNarrativeBuilder:BuildNarrativeCore () (at Assets/Game/Scripts/Editor/CH05M03NetworkCollapseNarrativeBuilder.cs:58)
Game.Editor.CH05M03NetworkCollapseNarrativeBuilder:BuildWithoutVoices () (at Assets/Game/Scripts/Editor/CH05M03NetworkCollapseNarrativeBuilder.cs:31)
Game.Editor.CH05M03NetworkCollapseIntegration:FinishPrepared () (at Assets/Game/Scripts/Editor/CH05M03NetworkCollapseIntegration.cs:19)
System.Reflection.MethodBase:Invoke (object,object[])
Game.Editor.ExistingEditorValidation/<Run>d__9:MoveNext () (at Assets/Game/Scripts/Editor/ExistingEditorValidation.cs:92)
System.Runtime.CompilerServices.AsyncVoidMethodBuilder:Start<Game.Editor.ExistingEditorValidation/<Run>d__9> (Game.Editor.ExistingEditorValidation/<Run>d__9&)
Game.Editor.ExistingEditorValidation:Run (string,string)
PipelineEvaluation.PipelineEval_6b34fbbf/<>c__DisplayClass0_0:<Execute>b__0 ()
UnityEditor.EditorApplication:Internal_CallUpdateFunctions () (at /Users/bokken/build/output/unity/unity/Editor/Mono/EditorApplication.cs:403)

[NetworkCollapseNarrativeVoices] result=Pending expectedClips=14 installedClips=0 externalRequests=0 mode=caption-only nativePlayback=Pending
UnityEngine.Debug:Log (object)
Game.Editor.CH05M03NetworkCollapseNarrativeBuilder:BuildWithoutVoices () (at Assets/Game/Scripts/Editor/CH05M03NetworkCollapseNarrativeBuilder.cs:32)
Game.Editor.CH05M03NetworkCollapseIntegration:FinishPrepared () (at Assets/Game/Scripts/Editor/CH05M03NetworkCollapseIntegration.cs:19)
System.Reflection.MethodBase:Invoke (object,object[])
Game.Editor.ExistingEditorValidation/<Run>d__9:MoveNext () (at Assets/Game/Scripts/Editor/ExistingEditorValidation.cs:92)
System.Runtime.CompilerServices.AsyncVoidMethodBuilder:Start<Game.Editor.ExistingEditorValidation/<Run>d__9> (Game.Editor.ExistingEditorValidation/<Run>d__9&)
Game.Editor.ExistingEditorValidation:Run (string,string)
PipelineEvaluation.PipelineEval_6b34fbbf/<>c__DisplayClass0_0:<Execute>b__0 ()
UnityEditor.EditorApplication:Internal_CallUpdateFunctions () (at /Users/bokken/build/output/unity/unity/Editor/Mono/EditorApplication.cs:403)

[NetworkCollapsePresentation] result=Passed existingHud=1 newCommandButtons=0 locales=2 orderedGroundReconFallback=Explicit voices=NotRequested
UnityEngine.Debug:Log (object)
Game.Editor.CH05M03NetworkCollapsePresentationBuilder:Build () (at Assets/Game/Scripts/Editor/CH05M03NetworkCollapsePresentationBuilder.cs:19)
Game.Editor.CH05M03NetworkCollapseIntegration:FinishPrepared () (at Assets/Game/Scripts/Editor/CH05M03NetworkCollapseIntegration.cs:20)
System.Reflection.MethodBase:Invoke (object,object[])
Game.Editor.ExistingEditorValidation/<Run>d__9:MoveNext () (at Assets/Game/Scripts/Editor/ExistingEditorValidation.cs:92)
System.Runtime.CompilerServices.AsyncVoidMethodBuilder:Start<Game.Editor.ExistingEditorValidation/<Run>d__9> (Game.Editor.ExistingEditorValidation/<Run>d__9&)
Game.Editor.ExistingEditorValidation:Run (string,string)
PipelineEvaluation.PipelineEval_6b34fbbf/<>c__DisplayClass0_0:<Execute>b__0 ()
UnityEditor.EditorApplication:Internal_CallUpdateFunctions () (at /Users/bokken/build/output/unity/unity/Editor/Mono/EditorApplication.cs:403)

[M01FirstContactConfigBuilder] result=Passed scope=ChapterCatalogs missions=23 maps=30
UnityEngine.Debug:Log (object)
Game.Editor.M01FirstContactConfigBuilder:RefreshChapterCatalogs () (at Assets/Game/Scripts/Editor/M01FirstContactConfigBuilder.cs:75)
Game.Editor.CH05M03NetworkCollapseIntegration:Register () (at Assets/Game/Scripts/Editor/CH05M03NetworkCollapseIntegration.cs:26)
Game.Editor.CH05M03NetworkCollapseIntegration:FinishPrepared () (at Assets/Game/Scripts/Editor/CH05M03NetworkCollapseIntegration.cs:21)
System.Reflection.MethodBase:Invoke (object,object[])
Game.Editor.ExistingEditorValidation/<Run>d__9:MoveNext () (at Assets/Game/Scripts/Editor/ExistingEditorValidation.cs:92)
System.Runtime.CompilerServices.AsyncVoidMethodBuilder:Start<Game.Editor.ExistingEditorValidation/<Run>d__9> (Game.Editor.ExistingEditorValidation/<Run>d__9&)
Game.Editor.ExistingEditorValidation:Run (string,string)
PipelineEvaluation.PipelineEval_6b34fbbf/<>c__DisplayClass0_0:<Execute>b__0 ()
UnityEditor.EditorApplication:Internal_CallUpdateFunctions () (at /Users/bokken/build/output/unity/unity/Editor/Mono/EditorApplication.cs:403)

[NetworkCollapseContentRegistration] result=Passed ownAssets=8 added=0 GUIDLookup=Supported existingEntries=Preserved
UnityEngine.Debug:Log (object)
Game.Editor.CH05M03NetworkCollapseContentBuilder:RegisterProductionEntries () (at Assets/Game/Scripts/Editor/CH05M03NetworkCollapseContentBuilder.cs:53)
Game.Editor.CH05M03NetworkCollapseIntegration:Register () (at Assets/Game/Scripts/Editor/CH05M03NetworkCollapseIntegration.cs:27)
Game.Editor.CH05M03NetworkCollapseIntegration:FinishPrepared () (at Assets/Game/Scripts/Editor/CH05M03NetworkCollapseIntegration.cs:21)
System.Reflection.MethodBase:Invoke (object,object[])
Game.Editor.ExistingEditorValidation/<Run>d__9:MoveNext () (at Assets/Game/Scripts/Editor/ExistingEditorValidation.cs:92)
System.Runtime.CompilerServices.AsyncVoidMethodBuilder:Start<Game.Editor.ExistingEditorValidation/<Run>d__9> (Game.Editor.ExistingEditorValidation/<Run>d__9&)
Game.Editor.ExistingEditorValidation:Run (string,string)
PipelineEvaluation.PipelineEval_6b34fbbf/<>c__DisplayClass0_0:<Execute>b__0 ()
UnityEditor.EditorApplication:Internal_CallUpdateFunctions () (at /Users/bokken/build/output/unity/unity/Editor/Mono/EditorApplication.cs:403)

[NetworkCollapseRoutes] result=Passed boulevard=401x7 rearCarrierLane=97x5 evidenceApproaches=3x13x3 buildLots=4 grid=440x220 combinedOwnerSurfaceMask=true
UnityEngine.Debug:Log (object)
Game.Editor.CH05M03NetworkCollapseConfigBuilder:ValidateRoutes () (at Assets/Game/Scripts/Editor/CH05M03NetworkCollapseConfigBuilder.cs:459)
Game.Editor.CH05M03NetworkCollapseMapValidation:Run () (at Assets/Game/Scripts/Editor/CH05M03NetworkCollapseMapValidation.cs:114)
Game.Editor.CH05M03NetworkCollapseIntegration:ValidateCore () (at Assets/Game/Scripts/Editor/CH05M03NetworkCollapseIntegration.cs:32)
Game.Editor.CH05M03NetworkCollapseIntegration:FinishPrepared () (at Assets/Game/Scripts/Editor/CH05M03NetworkCollapseIntegration.cs:22)
System.Reflection.MethodBase:Invoke (object,object[])
Game.Editor.ExistingEditorValidation/<Run>d__9:MoveNext () (at Assets/Game/Scripts/Editor/ExistingEditorValidation.cs:92)
System.Runtime.CompilerServices.AsyncVoidMethodBuilder:Start<Game.Editor.ExistingEditorValidation/<Run>d__9> (Game.Editor.ExistingEditorValidation/<Run>d__9&)
Game.Editor.ExistingEditorValidation:Run (string,string)
PipelineEvaluation.PipelineEval_6b34fbbf/<>c__DisplayClass0_0:<Execute>b__0 ()
UnityEditor.EditorApplication:Internal_CallUpdateFunctions () (at /Users/bokken/build/output/unity/unity/Editor/Mono/EditorApplication.cs:403)

[NetworkCollapseMap] result=Passed identities=2972 owners=314 renderOnly=2658 roots=3 grid=440x220 sourceHashes=6 sourcePreserved=true binding=OwnExplicitLoader rebasedFootprints=Passed
UnityEngine.Debug:Log (object)
Game.Editor.CH05M03NetworkCollapseMapValidation:Run () (at Assets/Game/Scripts/Editor/CH05M03NetworkCollapseMapValidation.cs:115)
Game.Editor.CH05M03NetworkCollapseIntegration:ValidateCore () (at Assets/Game/Scripts/Editor/CH05M03NetworkCollapseIntegration.cs:32)
Game.Editor.CH05M03NetworkCollapseIntegration:FinishPrepared () (at Assets/Game/Scripts/Editor/CH05M03NetworkCollapseIntegration.cs:22)
System.Reflection.MethodBase:Invoke (object,object[])
Game.Editor.ExistingEditorValidation/<Run>d__9:MoveNext () (at Assets/Game/Scripts/Editor/ExistingEditorValidation.cs:92)
System.Runtime.CompilerServices.AsyncVoidMethodBuilder:Start<Game.Editor.ExistingEditorValidation/<Run>d__9> (Game.Editor.ExistingEditorValidation/<Run>d__9&)
Game.Editor.ExistingEditorValidation:Run (string,string)
PipelineEvaluation.PipelineEval_6b34fbbf/<>c__DisplayClass0_0:<Execute>b__0 ()
UnityEditor.EditorApplication:Internal_CallUpdateFunctions () (at /Users/bokken/build/output/unity/unity/Editor/Mono/EditorApplication.cs:403)

[NetworkCollapseRules] result=Passed originalRoster=21 verification=ordered targetSuppression=actual audit=preserved occupancy=original settlement=idempotent
UnityEngine.Debug:Log (object)
Game.Editor.CH05M03NetworkCollapseRulesValidation:Run () (at Assets/Game/Scripts/Editor/CH05M03NetworkCollapseRulesValidation.cs:35)
Game.Editor.CH05M03NetworkCollapseIntegration:ValidateCore () (at Assets/Game/Scripts/Editor/CH05M03NetworkCollapseIntegration.cs:33)
Game.Editor.CH05M03NetworkCollapseIntegration:FinishPrepared () (at Assets/Game/Scripts/Editor/CH05M03NetworkCollapseIntegration.cs:22)
System.Reflection.MethodBase:Invoke (object,object[])
Game.Editor.ExistingEditorValidation/<Run>d__9:MoveNext () (at Assets/Game/Scripts/Editor/ExistingEditorValidation.cs:92)
System.Runtime.CompilerServices.AsyncVoidMethodBuilder:Start<Game.Editor.ExistingEditorValidation/<Run>d__9> (Game.Editor.ExistingEditorValidation/<Run>d__9&)
Game.Editor.ExistingEditorValidation:Run (string,string)
PipelineEvaluation.PipelineEval_6b34fbbf/<>c__DisplayClass0_0:<Execute>b__0 ()
UnityEditor.EditorApplication:Internal_CallUpdateFunctions () (at /Users/bokken/build/output/unity/unity/Editor/Mono/EditorApplication.cs:403)

[NetworkCollapseObjectives] result=Passed writer=published nodes=verified audit=actual extraction=original protection=qualified
UnityEngine.Debug:Log (object)
Game.Editor.CH05M03NetworkCollapseObjectiveValidation:Run () (at Assets/Game/Scripts/Editor/CH05M03NetworkCollapseObjectiveValidation.cs:53)
Game.Editor.CH05M03NetworkCollapseIntegration:ValidateCore () (at Assets/Game/Scripts/Editor/CH05M03NetworkCollapseIntegration.cs:34)
Game.Editor.CH05M03NetworkCollapseIntegration:FinishPrepared () (at Assets/Game/Scripts/Editor/CH05M03NetworkCollapseIntegration.cs:22)
System.Reflection.MethodBase:Invoke (object,object[])
Game.Editor.ExistingEditorValidation/<Run>d__9:MoveNext () (at Assets/Game/Scripts/Editor/ExistingEditorValidation.cs:92)
System.Runtime.CompilerServices.AsyncVoidMethodBuilder:Start<Game.Editor.ExistingEditorValidation/<Run>d__9> (Game.Editor.ExistingEditorValidation/<Run>d__9&)
Game.Editor.ExistingEditorValidation:Run (string,string)
PipelineEvaluation.PipelineEval_6b34fbbf/<>c__DisplayClass0_0:<Execute>b__0 ()
UnityEditor.EditorApplication:Internal_CallUpdateFunctions () (at /Users/bokken/build/output/unity/unity/Editor/Mono/EditorApplication.cs:403)

[NetworkCollapseCoreValidation] result=Passed nativeMap=Passed rules=Passed objectives=Passed voices=NotRequested
UnityEngine.Debug:Log (object)
Game.Editor.CH05M03NetworkCollapseIntegration:ValidateCore () (at Assets/Game/Scripts/Editor/CH05M03NetworkCollapseIntegration.cs:35)
Game.Editor.CH05M03NetworkCollapseIntegration:FinishPrepared () (at Assets/Game/Scripts/Editor/CH05M03NetworkCollapseIntegration.cs:22)
System.Reflection.MethodBase:Invoke (object,object[])
Game.Editor.ExistingEditorValidation/<Run>d__9:MoveNext () (at Assets/Game/Scripts/Editor/ExistingEditorValidation.cs:92)
System.Runtime.CompilerServices.AsyncVoidMethodBuilder:Start<Game.Editor.ExistingEditorValidation/<Run>d__9> (Game.Editor.ExistingEditorValidation/<Run>d__9&)
Game.Editor.ExistingEditorValidation:Run (string,string)
PipelineEvaluation.PipelineEval_6b34fbbf/<>c__DisplayClass0_0:<Execute>b__0 ()
UnityEditor.EditorApplication:Internal_CallUpdateFunctions () (at /Users/bokken/build/output/unity/unity/Editor/Mono/EditorApplication.cs:403)

[ExistingEditorValidation] result=Passed executeMethod=Game.Editor.CH05M03NetworkCollapseIntegration.FinishPrepared
UnityEngine.Debug:Log (object)
Game.Editor.ExistingEditorValidation/<Run>d__9:MoveNext () (at Assets/Game/Scripts/Editor/ExistingEditorValidation.cs:109)
System.Runtime.CompilerServices.AsyncVoidMethodBuilder:Start<Game.Editor.ExistingEditorValidation/<Run>d__9> (Game.Editor.ExistingEditorValidation/<Run>d__9&)
Game.Editor.ExistingEditorValidation:Run (string,string)
PipelineEvaluation.PipelineEval_6b34fbbf/<>c__DisplayClass0_0:<Execute>b__0 ()
UnityEditor.EditorApplication:Internal_CallUpdateFunctions () (at /Users/bokken/build/output/unity/unity/Editor/Mono/EditorApplication.cs:403)

