[ExistingEditorValidation] project=/Users/farhad/Projects/WarlineCapture/Assets executeMethod=Game.Editor.CH05M03NetworkCollapseContentBuilder.BuildPackedContent
UnityEngine.Debug:Log (object)
Game.Editor.ExistingEditorValidation/<Run>d__9:MoveNext () (at Assets/Game/Scripts/Editor/ExistingEditorValidation.cs:90)
System.Runtime.CompilerServices.AsyncVoidMethodBuilder:Start<Game.Editor.ExistingEditorValidation/<Run>d__9> (Game.Editor.ExistingEditorValidation/<Run>d__9&)
Game.Editor.ExistingEditorValidation:Run (string,string)
PipelineEvaluation.PipelineEval_5262b945/<>c__DisplayClass0_0:<Execute>b__0 ()
UnityEditor.EditorApplication:Internal_CallUpdateFunctions () (at /Users/bokken/build/output/unity/unity/Editor/Mono/EditorApplication.cs:403)

Main Object Name 'Game_UnitPrefabRegistry_Config' does not match filename 'UnitFixtureRegistry'
UnityEditor.AssetDatabase:SaveAssetIfDirty (UnityEngine.Object)
Game.Editor.CH05M03NetworkCollapseContentBuilder:BuildUnitFixture () (at Assets/Game/Scripts/Editor/CH05M03NetworkCollapseContentBuilder.cs:115)
Game.Editor.CH05M03NetworkCollapseContentBuilder:BuildPackedContent () (at Assets/Game/Scripts/Editor/CH05M03NetworkCollapseContentBuilder.cs:81)
System.Reflection.MethodBase:Invoke (object,object[])
Game.Editor.ExistingEditorValidation/<Run>d__9:MoveNext () (at Assets/Game/Scripts/Editor/ExistingEditorValidation.cs:92)
System.Runtime.CompilerServices.AsyncVoidMethodBuilder:Start<Game.Editor.ExistingEditorValidation/<Run>d__9> (Game.Editor.ExistingEditorValidation/<Run>d__9&)
Game.Editor.ExistingEditorValidation:Run (string,string)
PipelineEvaluation.PipelineEval_5262b945/<>c__DisplayClass0_0:<Execute>b__0 ()
UnityEditor.EditorApplication:Internal_CallUpdateFunctions ()

[NetworkCollapseUnitFixture] result=Passed uniquePrefabs=15 combinedArms=Armor+Infantry+EvidenceExtraction civicOwners=2 audit=1 Fuel=RealStorage fixtureLoadedByMission=false
UnityEngine.Debug:Log (object)
Game.Editor.CH05M03NetworkCollapseContentBuilder:BuildUnitFixture () (at Assets/Game/Scripts/Editor/CH05M03NetworkCollapseContentBuilder.cs:123)
Game.Editor.CH05M03NetworkCollapseContentBuilder:BuildPackedContent () (at Assets/Game/Scripts/Editor/CH05M03NetworkCollapseContentBuilder.cs:81)
System.Reflection.MethodBase:Invoke (object,object[])
Game.Editor.ExistingEditorValidation/<Run>d__9:MoveNext () (at Assets/Game/Scripts/Editor/ExistingEditorValidation.cs:92)
System.Runtime.CompilerServices.AsyncVoidMethodBuilder:Start<Game.Editor.ExistingEditorValidation/<Run>d__9> (Game.Editor.ExistingEditorValidation/<Run>d__9&)
Game.Editor.ExistingEditorValidation:Run (string,string)
PipelineEvaluation.PipelineEval_5262b945/<>c__DisplayClass0_0:<Execute>b__0 ()
UnityEditor.EditorApplication:Internal_CallUpdateFunctions () (at /Users/bokken/build/output/unity/unity/Editor/Mono/EditorApplication.cs:403)

Loaded 1 ExamplePackConfig assets
UnityEngine.Debug:Log (object)
SyntyPackageHelper:LoadSyntyPackageHelperConfigs () (at Assets/Synty/SyntyPackageHelper/Editor/SyntyPackageHelper.cs:46)
SyntyPackageHelper:OnProjectChanged () (at Assets/Synty/SyntyPackageHelper/Editor/SyntyPackageHelper.cs:55)
UnityEditor.AddressableAssets.Settings.AddressableAssetSettings:Create (string,string,bool,bool)
Game.Editor.CH05M03NetworkCollapseContentBuilder:BuildAddressables () (at Assets/Game/Scripts/Editor/CH05M03NetworkCollapseContentBuilder.cs:136)
Game.Editor.CH05M03NetworkCollapseContentBuilder:BuildPackedContent () (at Assets/Game/Scripts/Editor/CH05M03NetworkCollapseContentBuilder.cs:90)
System.Reflection.MethodBase:Invoke (object,object[])
Game.Editor.ExistingEditorValidation/<Run>d__9:MoveNext () (at Assets/Game/Scripts/Editor/ExistingEditorValidation.cs:92)
System.Runtime.CompilerServices.AsyncVoidMethodBuilder:Start<Game.Editor.ExistingEditorValidation/<Run>d__9> (Game.Editor.ExistingEditorValidation/<Run>d__9&)
Game.Editor.ExistingEditorValidation:Run (string,string)
PipelineEvaluation.PipelineEval_5262b945/<>c__DisplayClass0_0:<Execute>b__0 ()
UnityEditor.EditorApplication:Internal_CallUpdateFunctions () (at /Users/bokken/build/output/unity/unity/Editor/Mono/EditorApplication.cs:403)

[NetworkCollapsePackedContent] result=Passed map=opmap.ch05.network_collapse entityScene=6e51ec1d41cd54e2a9d19c8b17193103 fixture=ba9f7e1ac6fd549eebaba0d514eb8619 bytes=105825524 locator=GUID+CampaignAddress scope=ContentBuildOnly
UnityEngine.Debug:Log (object)
Game.Editor.CH05M03NetworkCollapseContentBuilder:BuildPackedContent () (at Assets/Game/Scripts/Editor/CH05M03NetworkCollapseContentBuilder.cs:99)
System.Reflection.MethodBase:Invoke (object,object[])
Game.Editor.ExistingEditorValidation/<Run>d__9:MoveNext () (at Assets/Game/Scripts/Editor/ExistingEditorValidation.cs:92)
System.Runtime.CompilerServices.AsyncVoidMethodBuilder:Start<Game.Editor.ExistingEditorValidation/<Run>d__9> (Game.Editor.ExistingEditorValidation/<Run>d__9&)
Game.Editor.ExistingEditorValidation:Run (string,string)
PipelineEvaluation.PipelineEval_5262b945/<>c__DisplayClass0_0:<Execute>b__0 ()
UnityEditor.EditorApplication:Internal_CallUpdateFunctions () (at /Users/bokken/build/output/unity/unity/Editor/Mono/EditorApplication.cs:403)

[ExistingEditorValidation] result=Passed executeMethod=Game.Editor.CH05M03NetworkCollapseContentBuilder.BuildPackedContent
UnityEngine.Debug:Log (object)
Game.Editor.ExistingEditorValidation/<Run>d__9:MoveNext () (at Assets/Game/Scripts/Editor/ExistingEditorValidation.cs:109)
System.Runtime.CompilerServices.AsyncVoidMethodBuilder:Start<Game.Editor.ExistingEditorValidation/<Run>d__9> (Game.Editor.ExistingEditorValidation/<Run>d__9&)
Game.Editor.ExistingEditorValidation:Run (string,string)
PipelineEvaluation.PipelineEval_5262b945/<>c__DisplayClass0_0:<Execute>b__0 ()
UnityEditor.EditorApplication:Internal_CallUpdateFunctions () (at /Users/bokken/build/output/unity/unity/Editor/Mono/EditorApplication.cs:403)

