[ExistingEditorValidation] project=/Users/farhad/Projects/WarlineCapture/Assets executeMethod=Game.Editor.CH05M03NetworkCollapseContentBuilder.BuildPackedContent
UnityEngine.Debug:Log (object)
Game.Editor.ExistingEditorValidation/<Run>d__9:MoveNext () (at Assets/Game/Scripts/Editor/ExistingEditorValidation.cs:90)
System.Runtime.CompilerServices.AsyncVoidMethodBuilder:Start<Game.Editor.ExistingEditorValidation/<Run>d__9> (Game.Editor.ExistingEditorValidation/<Run>d__9&)
Game.Editor.ExistingEditorValidation:Run (string,string)
PipelineEvaluation.PipelineEval_c801d267/<>c__DisplayClass0_0:<Execute>b__0 ()
UnityEditor.EditorApplication:Internal_CallUpdateFunctions () (at /Users/bokken/build/output/unity/unity/Editor/Mono/EditorApplication.cs:403)

Main Object Name 'Game_UnitPrefabRegistry_Config' does not match filename 'UnitFixtureRegistry'
UnityEditor.AssetDatabase:SaveAssetIfDirty (UnityEngine.Object)
Game.Editor.CH05M03NetworkCollapseContentBuilder:BuildUnitFixture () (at Assets/Game/Scripts/Editor/CH05M03NetworkCollapseContentBuilder.cs:95)
Game.Editor.CH05M03NetworkCollapseContentBuilder:BuildPackedContent () (at Assets/Game/Scripts/Editor/CH05M03NetworkCollapseContentBuilder.cs:62)
System.Reflection.MethodBase:Invoke (object,object[])
Game.Editor.ExistingEditorValidation/<Run>d__9:MoveNext () (at Assets/Game/Scripts/Editor/ExistingEditorValidation.cs:92)
System.Runtime.CompilerServices.AsyncVoidMethodBuilder:Start<Game.Editor.ExistingEditorValidation/<Run>d__9> (Game.Editor.ExistingEditorValidation/<Run>d__9&)
Game.Editor.ExistingEditorValidation:Run (string,string)
PipelineEvaluation.PipelineEval_c801d267/<>c__DisplayClass0_0:<Execute>b__0 ()
UnityEditor.EditorApplication:Internal_CallUpdateFunctions ()

[NetworkCollapseUnitFixture] result=Passed uniquePrefabs=15 combinedArms=Armor+Infantry+EvidenceExtraction civicOwners=2 audit=1 Fuel=RealStorage fixtureLoadedByMission=false
UnityEngine.Debug:Log (object)
Game.Editor.CH05M03NetworkCollapseContentBuilder:BuildUnitFixture () (at Assets/Game/Scripts/Editor/CH05M03NetworkCollapseContentBuilder.cs:103)
Game.Editor.CH05M03NetworkCollapseContentBuilder:BuildPackedContent () (at Assets/Game/Scripts/Editor/CH05M03NetworkCollapseContentBuilder.cs:62)
System.Reflection.MethodBase:Invoke (object,object[])
Game.Editor.ExistingEditorValidation/<Run>d__9:MoveNext () (at Assets/Game/Scripts/Editor/ExistingEditorValidation.cs:92)
System.Runtime.CompilerServices.AsyncVoidMethodBuilder:Start<Game.Editor.ExistingEditorValidation/<Run>d__9> (Game.Editor.ExistingEditorValidation/<Run>d__9&)
Game.Editor.ExistingEditorValidation:Run (string,string)
PipelineEvaluation.PipelineEval_c801d267/<>c__DisplayClass0_0:<Execute>b__0 ()
UnityEditor.EditorApplication:Internal_CallUpdateFunctions () (at /Users/bokken/build/output/unity/unity/Editor/Mono/EditorApplication.cs:403)

Assets/Game/Scripts/UI/Screens/PauseOptionsV3PopupView.cs(147,125): warning CS0618: 'FindObjectsSortMode' is obsolete: 'FindObjectsSortMode has been deprecated. Use the FindObjectsByType overloads that do not take a FindObjectsSortMode parameter.'
Assets/Game/Scripts/UI/Screens/PauseOptionsV3PopupView.cs(147,42): warning CS0618: 'Object.FindObjectsByType<T>(FindObjectsInactive, FindObjectsSortMode)' is obsolete: 'FindObjectsByType with FindObjectsSortMode parameter has been deprecated. Use FindObjectsByType<T>() or FindObjectsByType<T>(FindObjectsInactive) instead. InstanceID will be replaced in the future with EntityId and previous sort order cannot be maintained.'
Assets/Game/Scripts/UI/Screens/MatchHudAssistantUiSystemHelper.Watch.cs(51,120): warning CS0618: 'FindObjectsSortMode' is obsolete: 'FindObjectsSortMode has been deprecated. Use the FindObjectsByType overloads that do not take a FindObjectsSortMode parameter.'
Assets/Game/Scripts/UI/Screens/MatchHudAssistantUiSystemHelper.Watch.cs(51,43): warning CS0618: 'Object.FindObjectsByType<T>(FindObjectsInactive, FindObjectsSortMode)' is obsolete: 'FindObjectsByType with FindObjectsSortMode parameter has been deprecated. Use FindObjectsByType<T>() or FindObjectsByType<T>(FindObjectsInactive) instead. InstanceID will be replaced in the future with EntityId and previous sort order cannot be maintained.'
Assets/Game/Scripts/UI/Screens/MatchHudAssistantUiSystemHelper.Watch.cs(230,126): warning CS0618: 'FindObjectsSortMode' is obsolete: 'FindObjectsSortMode has been deprecated. Use the FindObjectsByType overloads that do not take a FindObjectsSortMode parameter.'
Assets/Game/Scripts/UI/Screens/MatchHudAssistantUiSystemHelper.Watch.cs(230,43): warning CS0618: 'Object.FindObjectsByType<T>(FindObjectsInactive, FindObjectsSortMode)' is obsolete: 'FindObjectsByType with FindObjectsSortMode parameter has been deprecated. Use FindObjectsByType<T>() or FindObjectsByType<T>(FindObjectsInactive) instead. InstanceID will be replaced in the future with EntityId and previous sort order cannot be maintained.'
Assets/Game/Scripts/UI/Screens/BuildDrawerCatalogRuntimeView.MissionGuidance.cs(16,22): warning CS0414: The field 'BuildDrawerCatalogRuntimeView._guidedProductionInvocation' is assigned but its value is never used
Assets/Game/Scripts/UI/Screens/MatchHudAssistantUiSystemHelper.Watch.cs(51,120): warning CS0618: 'FindObjectsSortMode' is obsolete: 'FindObjectsSortMode has been deprecated. Use the FindObjectsByType overloads that do not take a FindObjectsSortMode parameter.'
Assets/Game/Scripts/UI/Screens/MatchHudAssistantUiSystemHelper.Watch.cs(51,43): warning CS0618: 'Object.FindObjectsByType<T>(FindObjectsInactive, FindObjectsSortMode)' is obsolete: 'FindObjectsByType with FindObjectsSortMode parameter has been deprecated. Use FindObjectsByType<T>() or FindObjectsByType<T>(FindObjectsInactive) instead. InstanceID will be replaced in the future with EntityId and previous sort order cannot be maintained.'
Assets/Game/Scripts/UI/Screens/MatchHudAssistantUiSystemHelper.Watch.cs(230,126): warning CS0618: 'FindObjectsSortMode' is obsolete: 'FindObjectsSortMode has been deprecated. Use the FindObjectsByType overloads that do not take a FindObjectsSortMode parameter.'
Assets/Game/Scripts/UI/Screens/MatchHudAssistantUiSystemHelper.Watch.cs(230,43): warning CS0618: 'Object.FindObjectsByType<T>(FindObjectsInactive, FindObjectsSortMode)' is obsolete: 'FindObjectsByType with FindObjectsSortMode parameter has been deprecated. Use FindObjectsByType<T>() or FindObjectsByType<T>(FindObjectsInactive) instead. InstanceID will be replaced in the future with EntityId and previous sort order cannot be maintained.'
Assets/Game/Scripts/UI/Screens/BuildDrawerCatalogRuntimeView.MissionGuidance.cs(16,22): warning CS0414: The field 'BuildDrawerCatalogRuntimeView._guidedProductionInvocation' is assigned but its value is never used
Assets/Game/Scripts/Runtime/Missions/OperationsReconStartupSystem.cs(29,84): warning CS0618: 'EntityQueryCaptureMode.AtRecord' is obsolete: 'The Capture-query-at-record feature will be removed in a future version of the Entities package. Use AtPlayback mode instead. If AtRecord semantics are required, use the query to generate a NativeArray of matching entities to process, and pass the array instead of the query. (RemovedAfter Entities 2.0)'
Assets/Game/Scripts/Runtime/Missions/OperationsReconStartupSystem.cs(30,89): warning CS0618: 'EntityQueryCaptureMode.AtRecord' is obsolete: 'The Capture-query-at-record feature will be removed in a future version of the Entities package. Use AtPlayback mode instead. If AtRecord semantics are required, use the query to generate a NativeArray of matching entities to process, and pass the array instead of the query. (RemovedAfter Entities 2.0)'
Assets/Game/Scripts/Systems/BuildingPlacementAuthoredRoadCache.cs(48,104): warning CS0618: 'FindObjectsSortMode' is obsolete: 'FindObjectsSortMode has been deprecated. Use the FindObjectsByType overloads that do not take a FindObjectsSortMode parameter.'
Assets/Game/Scripts/Systems/BuildingPlacementAuthoredRoadCache.cs(48,37): warning CS0618: 'Object.FindObjectsByType<T>(FindObjectsInactive, FindObjectsSortMode)' is obsolete: 'FindObjectsByType with FindObjectsSortMode parameter has been deprecated. Use FindObjectsByType<T>() or FindObjectsByType<T>(FindObjectsInactive) instead. InstanceID will be replaced in the future with EntityId and previous sort order cannot be maintained.'
[NetworkCollapsePackedContent] result=Passed map=opmap.ch05.network_collapse entityScene=6e51ec1d41cd54e2a9d19c8b17193103 fixture=ba9f7e1ac6fd549eebaba0d514eb8619 bytes=105823908 locator=GUID+CampaignAddress scope=ContentBuildOnly
UnityEngine.Debug:Log (object)
Game.Editor.CH05M03NetworkCollapseContentBuilder:BuildPackedContent () (at Assets/Game/Scripts/Editor/CH05M03NetworkCollapseContentBuilder.cs:79)
System.Reflection.MethodBase:Invoke (object,object[])
Game.Editor.ExistingEditorValidation/<Run>d__9:MoveNext () (at Assets/Game/Scripts/Editor/ExistingEditorValidation.cs:92)
System.Runtime.CompilerServices.AsyncVoidMethodBuilder:Start<Game.Editor.ExistingEditorValidation/<Run>d__9> (Game.Editor.ExistingEditorValidation/<Run>d__9&)
Game.Editor.ExistingEditorValidation:Run (string,string)
PipelineEvaluation.PipelineEval_c801d267/<>c__DisplayClass0_0:<Execute>b__0 ()
UnityEditor.EditorApplication:Internal_CallUpdateFunctions () (at /Users/bokken/build/output/unity/unity/Editor/Mono/EditorApplication.cs:403)

[ExistingEditorValidation] result=Passed executeMethod=Game.Editor.CH05M03NetworkCollapseContentBuilder.BuildPackedContent
UnityEngine.Debug:Log (object)
Game.Editor.ExistingEditorValidation/<Run>d__9:MoveNext () (at Assets/Game/Scripts/Editor/ExistingEditorValidation.cs:109)
System.Runtime.CompilerServices.AsyncVoidMethodBuilder:Start<Game.Editor.ExistingEditorValidation/<Run>d__9> (Game.Editor.ExistingEditorValidation/<Run>d__9&)
Game.Editor.ExistingEditorValidation:Run (string,string)
PipelineEvaluation.PipelineEval_c801d267/<>c__DisplayClass0_0:<Execute>b__0 ()
UnityEditor.EditorApplication:Internal_CallUpdateFunctions () (at /Users/bokken/build/output/unity/unity/Editor/Mono/EditorApplication.cs:403)

