[ExistingEditorValidation] project=/Volumes/T7/Projects/WarlineCapture-MenuUiUx/Assets executeMethod=Game.Editor.BarrackCandidateReviewCapture.Run
UnityEngine.Debug:Log (object)
Game.Editor.ExistingEditorValidation/<Run>d__9:MoveNext () (at Assets/Game/Scripts/Editor/ExistingEditorValidation.cs:91)
System.Runtime.CompilerServices.AsyncVoidMethodBuilder:Start<Game.Editor.ExistingEditorValidation/<Run>d__9> (Game.Editor.ExistingEditorValidation/<Run>d__9&)
Game.Editor.ExistingEditorValidation:Run (string,string)
PipelineEvaluation.PipelineEval_02f23332/<>c__DisplayClass0_0:<Execute>b__0 ()
UnityEditor.EditorApplication:Internal_CallUpdateFunctions () (at /Users/bokken/build/output/unity/unity/Editor/Mono/EditorApplication.cs:403)

[BarrackCandidate] id=00 prefab=Assets/Game/Prefabs/Buildings/Building_Barrack.prefab bounds=(27.10, 10.28, 14.86) fit=1.009334
UnityEngine.Debug:Log (object)
Game.Editor.BarrackCandidateReviewCapture:Capture (string,string) (at Assets/Game/Scripts/Editor/BarrackCandidateReviewCapture.cs:54)
Game.Editor.BarrackCandidateReviewCapture:Run () (at Assets/Game/Scripts/Editor/BarrackCandidateReviewCapture.cs:21)
System.Reflection.MethodBase:Invoke (object,object[])
Game.Editor.ExistingEditorValidation/<Run>d__9:MoveNext () (at Assets/Game/Scripts/Editor/ExistingEditorValidation.cs:93)
System.Runtime.CompilerServices.AsyncVoidMethodBuilder:Start<Game.Editor.ExistingEditorValidation/<Run>d__9> (Game.Editor.ExistingEditorValidation/<Run>d__9&)
Game.Editor.ExistingEditorValidation:Run (string,string)
PipelineEvaluation.PipelineEval_02f23332/<>c__DisplayClass0_0:<Execute>b__0 ()
UnityEditor.EditorApplication:Internal_CallUpdateFunctions () (at /Users/bokken/build/output/unity/unity/Editor/Mono/EditorApplication.cs:403)

Releasing render texture that is set as Camera.targetTexture!
UnityEngine.Object:DestroyImmediate (UnityEngine.Object)
Game.Editor.BarrackCandidateReviewCapture:Capture (string,string) (at Assets/Game/Scripts/Editor/BarrackCandidateReviewCapture.cs:56)
Game.Editor.BarrackCandidateReviewCapture:Run () (at Assets/Game/Scripts/Editor/BarrackCandidateReviewCapture.cs:21)
System.Reflection.MethodBase:Invoke (object,object[])
Game.Editor.ExistingEditorValidation/<Run>d__9:MoveNext () (at Assets/Game/Scripts/Editor/ExistingEditorValidation.cs:93)
System.Runtime.CompilerServices.AsyncVoidMethodBuilder:Start<Game.Editor.ExistingEditorValidation/<Run>d__9> (Game.Editor.ExistingEditorValidation/<Run>d__9&)
Game.Editor.ExistingEditorValidation:Run (string,string)
PipelineEvaluation.PipelineEval_02f23332/<>c__DisplayClass0_0:<Execute>b__0 ()
UnityEditor.EditorApplication:Internal_CallUpdateFunctions ()

[BarrackCandidate] id=01 prefab=Assets/Synty/PolygonBattleRoyale/Prefabs/Buildings/SM_Bld_SmallBuilding_01.prefab bounds=(3.41, 3.66, 5.10) fit=4.3985
UnityEngine.Debug:Log (object)
Game.Editor.BarrackCandidateReviewCapture:Capture (string,string) (at Assets/Game/Scripts/Editor/BarrackCandidateReviewCapture.cs:54)
Game.Editor.BarrackCandidateReviewCapture:Run () (at Assets/Game/Scripts/Editor/BarrackCandidateReviewCapture.cs:21)
System.Reflection.MethodBase:Invoke (object,object[])
Game.Editor.ExistingEditorValidation/<Run>d__9:MoveNext () (at Assets/Game/Scripts/Editor/ExistingEditorValidation.cs:93)
System.Runtime.CompilerServices.AsyncVoidMethodBuilder:Start<Game.Editor.ExistingEditorValidation/<Run>d__9> (Game.Editor.ExistingEditorValidation/<Run>d__9&)
Game.Editor.ExistingEditorValidation:Run (string,string)
PipelineEvaluation.PipelineEval_02f23332/<>c__DisplayClass0_0:<Execute>b__0 ()
UnityEditor.EditorApplication:Internal_CallUpdateFunctions () (at /Users/bokken/build/output/unity/unity/Editor/Mono/EditorApplication.cs:403)

Releasing render texture that is set as Camera.targetTexture!
UnityEngine.Object:DestroyImmediate (UnityEngine.Object)
Game.Editor.BarrackCandidateReviewCapture:Capture (string,string) (at Assets/Game/Scripts/Editor/BarrackCandidateReviewCapture.cs:56)
Game.Editor.BarrackCandidateReviewCapture:Run () (at Assets/Game/Scripts/Editor/BarrackCandidateReviewCapture.cs:21)
System.Reflection.MethodBase:Invoke (object,object[])
Game.Editor.ExistingEditorValidation/<Run>d__9:MoveNext () (at Assets/Game/Scripts/Editor/ExistingEditorValidation.cs:93)
System.Runtime.CompilerServices.AsyncVoidMethodBuilder:Start<Game.Editor.ExistingEditorValidation/<Run>d__9> (Game.Editor.ExistingEditorValidation/<Run>d__9&)
Game.Editor.ExistingEditorValidation:Run (string,string)
PipelineEvaluation.PipelineEval_02f23332/<>c__DisplayClass0_0:<Execute>b__0 ()
UnityEditor.EditorApplication:Internal_CallUpdateFunctions ()

[BarrackCandidate] id=02 prefab=Assets/Synty/PolygonBattleRoyale/Prefabs/Buildings/SM_Bld_SmallBuilding_02.prefab bounds=(3.22, 3.65, 5.40) fit=4.651385
UnityEngine.Debug:Log (object)
Game.Editor.BarrackCandidateReviewCapture:Capture (string,string) (at Assets/Game/Scripts/Editor/BarrackCandidateReviewCapture.cs:54)
Game.Editor.BarrackCandidateReviewCapture:Run () (at Assets/Game/Scripts/Editor/BarrackCandidateReviewCapture.cs:21)
System.Reflection.MethodBase:Invoke (object,object[])
Game.Editor.ExistingEditorValidation/<Run>d__9:MoveNext () (at Assets/Game/Scripts/Editor/ExistingEditorValidation.cs:93)
System.Runtime.CompilerServices.AsyncVoidMethodBuilder:Start<Game.Editor.ExistingEditorValidation/<Run>d__9> (Game.Editor.ExistingEditorValidation/<Run>d__9&)
Game.Editor.ExistingEditorValidation:Run (string,string)
PipelineEvaluation.PipelineEval_02f23332/<>c__DisplayClass0_0:<Execute>b__0 ()
UnityEditor.EditorApplication:Internal_CallUpdateFunctions () (at /Users/bokken/build/output/unity/unity/Editor/Mono/EditorApplication.cs:403)

Releasing render texture that is set as Camera.targetTexture!
UnityEngine.Object:DestroyImmediate (UnityEngine.Object)
Game.Editor.BarrackCandidateReviewCapture:Capture (string,string) (at Assets/Game/Scripts/Editor/BarrackCandidateReviewCapture.cs:56)
Game.Editor.BarrackCandidateReviewCapture:Run () (at Assets/Game/Scripts/Editor/BarrackCandidateReviewCapture.cs:21)
System.Reflection.MethodBase:Invoke (object,object[])
Game.Editor.ExistingEditorValidation/<Run>d__9:MoveNext () (at Assets/Game/Scripts/Editor/ExistingEditorValidation.cs:93)
System.Runtime.CompilerServices.AsyncVoidMethodBuilder:Start<Game.Editor.ExistingEditorValidation/<Run>d__9> (Game.Editor.ExistingEditorValidation/<Run>d__9&)
Game.Editor.ExistingEditorValidation:Run (string,string)
PipelineEvaluation.PipelineEval_02f23332/<>c__DisplayClass0_0:<Execute>b__0 ()
UnityEditor.EditorApplication:Internal_CallUpdateFunctions ()

[BarrackCandidate] id=03 prefab=Assets/Synty/PolygonBattleRoyale/Prefabs/Buildings/SM_Bld_SmallBuilding_03.prefab bounds=(10.70, 3.89, 7.10) fit=2.113498
UnityEngine.Debug:Log (object)
Game.Editor.BarrackCandidateReviewCapture:Capture (string,string) (at Assets/Game/Scripts/Editor/BarrackCandidateReviewCapture.cs:54)
Game.Editor.BarrackCandidateReviewCapture:Run () (at Assets/Game/Scripts/Editor/BarrackCandidateReviewCapture.cs:21)
System.Reflection.MethodBase:Invoke (object,object[])
Game.Editor.ExistingEditorValidation/<Run>d__9:MoveNext () (at Assets/Game/Scripts/Editor/ExistingEditorValidation.cs:93)
System.Runtime.CompilerServices.AsyncVoidMethodBuilder:Start<Game.Editor.ExistingEditorValidation/<Run>d__9> (Game.Editor.ExistingEditorValidation/<Run>d__9&)
Game.Editor.ExistingEditorValidation:Run (string,string)
PipelineEvaluation.PipelineEval_02f23332/<>c__DisplayClass0_0:<Execute>b__0 ()
UnityEditor.EditorApplication:Internal_CallUpdateFunctions () (at /Users/bokken/build/output/unity/unity/Editor/Mono/EditorApplication.cs:403)

Releasing render texture that is set as Camera.targetTexture!
UnityEngine.Object:DestroyImmediate (UnityEngine.Object)
Game.Editor.BarrackCandidateReviewCapture:Capture (string,string) (at Assets/Game/Scripts/Editor/BarrackCandidateReviewCapture.cs:56)
Game.Editor.BarrackCandidateReviewCapture:Run () (at Assets/Game/Scripts/Editor/BarrackCandidateReviewCapture.cs:21)
System.Reflection.MethodBase:Invoke (object,object[])
Game.Editor.ExistingEditorValidation/<Run>d__9:MoveNext () (at Assets/Game/Scripts/Editor/ExistingEditorValidation.cs:93)
System.Runtime.CompilerServices.AsyncVoidMethodBuilder:Start<Game.Editor.ExistingEditorValidation/<Run>d__9> (Game.Editor.ExistingEditorValidation/<Run>d__9&)
Game.Editor.ExistingEditorValidation:Run (string,string)
PipelineEvaluation.PipelineEval_02f23332/<>c__DisplayClass0_0:<Execute>b__0 ()
UnityEditor.EditorApplication:Internal_CallUpdateFunctions ()

[BarrackCandidate] id=04 prefab=Assets/Synty/PolygonBattleRoyale/Prefabs/Buildings/SM_Bld_House_01.prefab bounds=(10.97, 7.59, 10.44) fit=1.436181
UnityEngine.Debug:Log (object)
Game.Editor.BarrackCandidateReviewCapture:Capture (string,string) (at Assets/Game/Scripts/Editor/BarrackCandidateReviewCapture.cs:54)
Game.Editor.BarrackCandidateReviewCapture:Run () (at Assets/Game/Scripts/Editor/BarrackCandidateReviewCapture.cs:21)
System.Reflection.MethodBase:Invoke (object,object[])
Game.Editor.ExistingEditorValidation/<Run>d__9:MoveNext () (at Assets/Game/Scripts/Editor/ExistingEditorValidation.cs:93)
System.Runtime.CompilerServices.AsyncVoidMethodBuilder:Start<Game.Editor.ExistingEditorValidation/<Run>d__9> (Game.Editor.ExistingEditorValidation/<Run>d__9&)
Game.Editor.ExistingEditorValidation:Run (string,string)
PipelineEvaluation.PipelineEval_02f23332/<>c__DisplayClass0_0:<Execute>b__0 ()
UnityEditor.EditorApplication:Internal_CallUpdateFunctions () (at /Users/bokken/build/output/unity/unity/Editor/Mono/EditorApplication.cs:403)

Releasing render texture that is set as Camera.targetTexture!
UnityEngine.Object:DestroyImmediate (UnityEngine.Object)
Game.Editor.BarrackCandidateReviewCapture:Capture (string,string) (at Assets/Game/Scripts/Editor/BarrackCandidateReviewCapture.cs:56)
Game.Editor.BarrackCandidateReviewCapture:Run () (at Assets/Game/Scripts/Editor/BarrackCandidateReviewCapture.cs:21)
System.Reflection.MethodBase:Invoke (object,object[])
Game.Editor.ExistingEditorValidation/<Run>d__9:MoveNext () (at Assets/Game/Scripts/Editor/ExistingEditorValidation.cs:93)
System.Runtime.CompilerServices.AsyncVoidMethodBuilder:Start<Game.Editor.ExistingEditorValidation/<Run>d__9> (Game.Editor.ExistingEditorValidation/<Run>d__9&)
Game.Editor.ExistingEditorValidation:Run (string,string)
PipelineEvaluation.PipelineEval_02f23332/<>c__DisplayClass0_0:<Execute>b__0 ()
UnityEditor.EditorApplication:Internal_CallUpdateFunctions ()

[BarrackCandidate] id=05 prefab=Assets/Synty/PolygonBattleRoyale/Prefabs/Buildings/SM_Bld_House_02.prefab bounds=(13.38, 7.20, 12.48) fit=1.202012
UnityEngine.Debug:Log (object)
Game.Editor.BarrackCandidateReviewCapture:Capture (string,string) (at Assets/Game/Scripts/Editor/BarrackCandidateReviewCapture.cs:54)
Game.Editor.BarrackCandidateReviewCapture:Run () (at Assets/Game/Scripts/Editor/BarrackCandidateReviewCapture.cs:21)
System.Reflection.MethodBase:Invoke (object,object[])
Game.Editor.ExistingEditorValidation/<Run>d__9:MoveNext () (at Assets/Game/Scripts/Editor/ExistingEditorValidation.cs:93)
System.Runtime.CompilerServices.AsyncVoidMethodBuilder:Start<Game.Editor.ExistingEditorValidation/<Run>d__9> (Game.Editor.ExistingEditorValidation/<Run>d__9&)
Game.Editor.ExistingEditorValidation:Run (string,string)
PipelineEvaluation.PipelineEval_02f23332/<>c__DisplayClass0_0:<Execute>b__0 ()
UnityEditor.EditorApplication:Internal_CallUpdateFunctions () (at /Users/bokken/build/output/unity/unity/Editor/Mono/EditorApplication.cs:403)

Releasing render texture that is set as Camera.targetTexture!
UnityEngine.Object:DestroyImmediate (UnityEngine.Object)
Game.Editor.BarrackCandidateReviewCapture:Capture (string,string) (at Assets/Game/Scripts/Editor/BarrackCandidateReviewCapture.cs:56)
Game.Editor.BarrackCandidateReviewCapture:Run () (at Assets/Game/Scripts/Editor/BarrackCandidateReviewCapture.cs:21)
System.Reflection.MethodBase:Invoke (object,object[])
Game.Editor.ExistingEditorValidation/<Run>d__9:MoveNext () (at Assets/Game/Scripts/Editor/ExistingEditorValidation.cs:93)
System.Runtime.CompilerServices.AsyncVoidMethodBuilder:Start<Game.Editor.ExistingEditorValidation/<Run>d__9> (Game.Editor.ExistingEditorValidation/<Run>d__9&)
Game.Editor.ExistingEditorValidation:Run (string,string)
PipelineEvaluation.PipelineEval_02f23332/<>c__DisplayClass0_0:<Execute>b__0 ()
UnityEditor.EditorApplication:Internal_CallUpdateFunctions ()

[BarrackCandidate] id=06 prefab=Assets/Synty/PolygonBattleRoyale/Prefabs/Buildings/SM_Bld_House_03.prefab bounds=(5.62, 6.65, 10.61) fit=2.63906
UnityEngine.Debug:Log (object)
Game.Editor.BarrackCandidateReviewCapture:Capture (string,string) (at Assets/Game/Scripts/Editor/BarrackCandidateReviewCapture.cs:54)
Game.Editor.BarrackCandidateReviewCapture:Run () (at Assets/Game/Scripts/Editor/BarrackCandidateReviewCapture.cs:21)
System.Reflection.MethodBase:Invoke (object,object[])
Game.Editor.ExistingEditorValidation/<Run>d__9:MoveNext () (at Assets/Game/Scripts/Editor/ExistingEditorValidation.cs:93)
System.Runtime.CompilerServices.AsyncVoidMethodBuilder:Start<Game.Editor.ExistingEditorValidation/<Run>d__9> (Game.Editor.ExistingEditorValidation/<Run>d__9&)
Game.Editor.ExistingEditorValidation:Run (string,string)
PipelineEvaluation.PipelineEval_02f23332/<>c__DisplayClass0_0:<Execute>b__0 ()
UnityEditor.EditorApplication:Internal_CallUpdateFunctions () (at /Users/bokken/build/output/unity/unity/Editor/Mono/EditorApplication.cs:403)

Releasing render texture that is set as Camera.targetTexture!
UnityEngine.Object:DestroyImmediate (UnityEngine.Object)
Game.Editor.BarrackCandidateReviewCapture:Capture (string,string) (at Assets/Game/Scripts/Editor/BarrackCandidateReviewCapture.cs:56)
Game.Editor.BarrackCandidateReviewCapture:Run () (at Assets/Game/Scripts/Editor/BarrackCandidateReviewCapture.cs:21)
System.Reflection.MethodBase:Invoke (object,object[])
Game.Editor.ExistingEditorValidation/<Run>d__9:MoveNext () (at Assets/Game/Scripts/Editor/ExistingEditorValidation.cs:93)
System.Runtime.CompilerServices.AsyncVoidMethodBuilder:Start<Game.Editor.ExistingEditorValidation/<Run>d__9> (Game.Editor.ExistingEditorValidation/<Run>d__9&)
Game.Editor.ExistingEditorValidation:Run (string,string)
PipelineEvaluation.PipelineEval_02f23332/<>c__DisplayClass0_0:<Execute>b__0 ()
UnityEditor.EditorApplication:Internal_CallUpdateFunctions ()

[BarrackCandidate] id=07 prefab=Assets/Synty/PolygonBattleRoyale/Prefabs/Buildings/SM_Bld_Warehouse_01.prefab bounds=(21.72, 9.16, 22.61) fit=0.6906407
UnityEngine.Debug:Log (object)
Game.Editor.BarrackCandidateReviewCapture:Capture (string,string) (at Assets/Game/Scripts/Editor/BarrackCandidateReviewCapture.cs:54)
Game.Editor.BarrackCandidateReviewCapture:Run () (at Assets/Game/Scripts/Editor/BarrackCandidateReviewCapture.cs:21)
System.Reflection.MethodBase:Invoke (object,object[])
Game.Editor.ExistingEditorValidation/<Run>d__9:MoveNext () (at Assets/Game/Scripts/Editor/ExistingEditorValidation.cs:93)
System.Runtime.CompilerServices.AsyncVoidMethodBuilder:Start<Game.Editor.ExistingEditorValidation/<Run>d__9> (Game.Editor.ExistingEditorValidation/<Run>d__9&)
Game.Editor.ExistingEditorValidation:Run (string,string)
PipelineEvaluation.PipelineEval_02f23332/<>c__DisplayClass0_0:<Execute>b__0 ()
UnityEditor.EditorApplication:Internal_CallUpdateFunctions () (at /Users/bokken/build/output/unity/unity/Editor/Mono/EditorApplication.cs:403)

Releasing render texture that is set as Camera.targetTexture!
UnityEngine.Object:DestroyImmediate (UnityEngine.Object)
Game.Editor.BarrackCandidateReviewCapture:Capture (string,string) (at Assets/Game/Scripts/Editor/BarrackCandidateReviewCapture.cs:56)
Game.Editor.BarrackCandidateReviewCapture:Run () (at Assets/Game/Scripts/Editor/BarrackCandidateReviewCapture.cs:21)
System.Reflection.MethodBase:Invoke (object,object[])
Game.Editor.ExistingEditorValidation/<Run>d__9:MoveNext () (at Assets/Game/Scripts/Editor/ExistingEditorValidation.cs:93)
System.Runtime.CompilerServices.AsyncVoidMethodBuilder:Start<Game.Editor.ExistingEditorValidation/<Run>d__9> (Game.Editor.ExistingEditorValidation/<Run>d__9&)
Game.Editor.ExistingEditorValidation:Run (string,string)
PipelineEvaluation.PipelineEval_02f23332/<>c__DisplayClass0_0:<Execute>b__0 ()
UnityEditor.EditorApplication:Internal_CallUpdateFunctions ()

[BarrackCandidateReview] result=Passed prefabs=8 views=16 sourceAssets=Unchanged activeScene=Preserved output=/private/tmp/warline-barrack-review
UnityEngine.Debug:Log (object)
Game.Editor.BarrackCandidateReviewCapture:Run () (at Assets/Game/Scripts/Editor/BarrackCandidateReviewCapture.cs:24)
System.Reflection.MethodBase:Invoke (object,object[])
Game.Editor.ExistingEditorValidation/<Run>d__9:MoveNext () (at Assets/Game/Scripts/Editor/ExistingEditorValidation.cs:93)
System.Runtime.CompilerServices.AsyncVoidMethodBuilder:Start<Game.Editor.ExistingEditorValidation/<Run>d__9> (Game.Editor.ExistingEditorValidation/<Run>d__9&)
Game.Editor.ExistingEditorValidation:Run (string,string)
PipelineEvaluation.PipelineEval_02f23332/<>c__DisplayClass0_0:<Execute>b__0 ()
UnityEditor.EditorApplication:Internal_CallUpdateFunctions () (at /Users/bokken/build/output/unity/unity/Editor/Mono/EditorApplication.cs:403)

[ExistingEditorValidation] result=Passed executeMethod=Game.Editor.BarrackCandidateReviewCapture.Run
UnityEngine.Debug:Log (object)
Game.Editor.ExistingEditorValidation/<Run>d__9:MoveNext () (at Assets/Game/Scripts/Editor/ExistingEditorValidation.cs:110)
System.Runtime.CompilerServices.AsyncVoidMethodBuilder:Start<Game.Editor.ExistingEditorValidation/<Run>d__9> (Game.Editor.ExistingEditorValidation/<Run>d__9&)
Game.Editor.ExistingEditorValidation:Run (string,string)
PipelineEvaluation.PipelineEval_02f23332/<>c__DisplayClass0_0:<Execute>b__0 ()
UnityEditor.EditorApplication:Internal_CallUpdateFunctions () (at /Users/bokken/build/output/unity/unity/Editor/Mono/EditorApplication.cs:403)

