Unity Editor version:    6000.5.2f1 (eb73d3b415a1)
Branch:                  6000.5/staging
Build type:              Release
Batch mode:              NO
macOS version:           Version 26.6.2 (Build 25G83)
Darwin version:          25.6.0
Architecture:            arm64
Running under Rosetta:   NO
Available memory:        16384 MB
Date:                    2026-09-24T17:52:18Z
[Licensing::Module] Trying to connect to existing licensing client channel...
[Licensing::IpcConnector] Successfully connected to: "LicenseClient-farhad" at "2026-09-24T17:52:18.098078Z"
Launching external process: /Applications/Unity/Hub/Editor/6000.5.2f1/Unity.app/Contents/Helpers/PackageManager/Server/UnityPackageManager

COMMAND LINE ARGUMENTS:
/Applications/Unity/Hub/Editor/6000.5.2f1/Unity.app/Contents/MacOS/Unity
-projectPath
/private/tmp/warline-s003-player-ready
-logFile
/private/tmp/s003-building-definition-02.log
-quit
-executeMethod
Game.Editor.SkirmishGroundStagingPrefabBuilder.BindSharedRuntimeDefinition
Successfully changed project path to: /private/tmp/warline-s003-player-ready
/private/tmp/warline-s003-player-ready
[Licensing::Client] Handshaking with LicensingClient:
  Version:                 1.18.3+d7ffd15
  Session Id:              4442907131864bfea2a671c40397869c
  Correlation Id:          7c0c2057daeac6751c2911cf835c0186
  External correlation Id: 5240334364450055855
  Machine Id:              10T5sSSYWiUOOlqtQecUz0BYTYA=
[Licensing::Module] Successfully connected to LicensingClient on channel: "LicenseClient-farhad" (connect: 0.00s, validation: 0.00s, handshake: 0.26s)
[Licensing::IpcConnector] Successfully connected to: "LicenseClient-farhad-notifications" at "2026-09-24T17:52:18.360339Z"
[Licensing::Module] Error: Access token is unavailable; failed to update
[UnityMemory] Configuration Parameters - Can be set up in boot.config
    "memorysetup-temp-allocator-size-gi-baking-worker=262144"
    "memorysetup-temp-allocator-size-gi-baking-worker=262144"
    "memorysetup-temp-allocator-size-gi-baking-worker=262144"
    "memorysetup-temp-allocator-size-gi-baking-worker=262144"
    "memorysetup-temp-allocator-size-gi-baking-worker=262144"
    "memorysetup-temp-allocator-size-nav-mesh-worker=65536"
    "memorysetup-temp-allocator-size-audio-worker=65536"
    "memorysetup-temp-allocator-size-cloud-worker=32768"
    "memorysetup-allocator-temp-initial-block-size-main=262144"
    "memorysetup-allocator-temp-initial-block-size-worker=262144"
    "memorysetup-temp-allocator-size-preload-manager=33554432"
    "memorysetup-temp-allocator-size-gfx=262144"
    "memorysetup-temp-allocator-size-background-worker=32768"
    "memorysetup-temp-allocator-size-job-worker=262144"
    "memorysetup-bucket-allocator-granularity=16"
    "memorysetup-bucket-allocator-bucket-count=8"
    "memorysetup-bucket-allocator-block-size=33554432"
    "memorysetup-bucket-allocator-block-count=8"
    "memorysetup-main-allocator-block-size=16777216"
    "memorysetup-thread-allocator-block-size=16777216"
    "memorysetup-main-allocator-mimalloc-enabled=0"
    "memorysetup-gfx-main-allocator-block-size=16777216"
    "memorysetup-gfx-thread-allocator-block-size=16777216"
    "memorysetup-cache-allocator-block-size=4194304"
    "memorysetup-typetree-allocator-block-size=2097152"
    "memorysetup-profiler-bucket-allocator-granularity=16"
    "memorysetup-profiler-bucket-allocator-bucket-count=8"
    "memorysetup-profiler-bucket-allocator-block-size=33554432"
    "memorysetup-profiler-bucket-allocator-block-count=8"
    "memorysetup-profiler-allocator-block-size=16777216"
    "memorysetup-profiler-editor-allocator-block-size=1048576"
    "memorysetup-temp-allocator-size-main=16777216"
    "memorysetup-job-temp-allocator-block-size=2097152"
    "memorysetup-job-temp-allocator-block-size-background=1048576"
    "memorysetup-job-temp-allocator-reduction-small-platforms=262144"
[Licensing::Client] Successfully resolved entitlement details
[Licensing::Module] License group:
  Id: 2197950-UnityPersXXXX
  Product: Unity Personal
  Type: Assigned
  Expiration: Unlimited
[Licensing::Client] Successfully updated license, isAsync: True, time: 0.00
[Licensing::Client] Successfully resolved entitlement details
[Licensing::Module] Licensing Background thread has ended after 0.27s
Logging is directed to a specific file, skipping project log.Player connection [8466637184]  Target information:

Player connection [8466637184]  * "[IP] 192.168.2.175 [Port] 55506 [Flags] 2 [Guid] 3875052604 [EditorId] 3875052604 [Version] 1048832 [Id] OSXEditor(0,Farhads-MacBook-Air-2.local) [Debug] 1 [PackageName] OSXEditor [ProjectName] Editor" 

Player connection [8466637184]  * "[IP] 10.137.14.201 [Port] 55506 [Flags] 2 [Guid] 3875052604 [EditorId] 3875052604 [Version] 1048832 [Id] OSXEditor(0,Farhads-MacBook-Air-2.local) [Debug] 1 [PackageName] OSXEditor [ProjectName] Editor" 

Player connection [8466637184] Host joined multi-casting on [225.0.0.222:54997]...
Player connection [8466637184] Host joined alternative multi-casting on [225.0.0.222:34997]...
Input System module state changed to: Initialized.
[Physics::Module] Initialized fallback backend.
[Physics::Module] Id: 0xdecafbad
[Package Manager] Connected to IPC stream "Upm-93246" after 0.1 seconds.
[Licensing::Client] Successfully resolved entitlement details
Library Redirect Path: Library/
[Physics::Module] Selected backend.
[Physics::Module] Name: PhysX
[Physics::Module] Id: 0xf2b8ea05
[Physics::Module] SDK Version: 4.1.2
[Physics::Module] Integration Version: 1.0.0
[Physics::Module] Threading Mode: Multi-Threaded
[Licensing::Client] Successfully resolved entitlement details
Initialize engine version: 6000.5.2f1 (eb73d3b415a1)
[Subsystems] Discovering subsystems at path /Applications/Unity/Hub/Editor/6000.5.2f1/Unity.app/Contents/Resources/UnitySubsystems
[Subsystems] Discovering subsystems at path /private/tmp/warline-s003-player-ready/Assets
GfxDevice: creating device client; kGfxThreadingModeThreaded
 preferred device: Apple M5 (high power)
Metal devices available: 1
0: Apple M5 (high power)
Using device Apple M5 (high power)
Initializing Metal device caps: Apple M5
Mac GPU Family: 2
Apple GPU Family: 9
MSL Version: 3.0
Has Float MSAA: 1
Has Float Filtering: 1
ReadWrite Texture Tier: 2
Initialize mono
Mono path[0] = '/Applications/Unity/Hub/Editor/6000.5.2f1/Unity.app/Contents/Resources/Scripting/Managed'
Mono path[1] = '/Applications/Unity/Hub/Editor/6000.5.2f1/Unity.app/Contents/Resources/Scripting/BCLExtensions/runtime/netstandard2.1'
Mono path[2] = '/Applications/Unity/Hub/Editor/6000.5.2f1/Unity.app/Contents/Resources/Scripting/MonoBleedingEdge/lib/mono/unityjit-macos'
Mono config path = '/Applications/Unity/Hub/Editor/6000.5.2f1/Unity.app/Contents/Resources/Scripting/MonoBleedingEdge/etc'
Using monoOptions --debugger-agent=transport=dt_socket,embedding=1,server=y,suspend=n,address=127.0.0.1:56246
CodeReloadManager initialized
ImportWorker Server TCP listen port: 0
AcceleratorClientConnectionCallback - disconnected - :0
Begin MonoManager ReloadAssembly
Registering precompiled unity dll's ...
Register platform support module: /Applications/Unity/Hub/Editor/6000.5.2f1/PlaybackEngines/MacStandaloneSupport/UnityEditor.OSXStandalone.Extensions.dll
Register platform support module: /Applications/Unity/Hub/Editor/6000.5.2f1/PlaybackEngines/AndroidPlayer/UnityEditor.Android.Extensions.dll
Registered in 0.001159 seconds.
Native extension for Android target not found
Native extension for OSXStandalone target not found
Package Manager log level set to [2]
ScheduleIndexationOnStartup MainProcess:False IndexOnStartup:False
Mono: successfully reloaded assembly
- Finished resetting the current domain, in  0.238 seconds
Domain Reload Profiling: 532ms
	BeginReloadAssembly (85ms)
		CreateAndSetChildDomain (16ms)
	RebuildNativeTypeToScriptingClass (12ms)
	initialDomainReloadingComplete (34ms)
	LoadAllAssembliesAndSetupDomain (160ms)
		LoadAssemblies (70ms)
		AnalyzeDomain (123ms)
			TypeCache.Refresh (122ms)
				TypeCache.ScanAssembly (110ms)
	FinalizeReload (239ms)
		SetupLoadedEditorAssemblies (0ms)
			InitializePlatformSupportModulesInManaged (48ms)
			BeforeProcessingInitializeOnLoad (39ms)
			ProcessInitializeOnLoadAttributes (58ms)
			ProcessInitializeOnLoadMethodAttributes (50ms)
[Licensing::Client] Successfully resolved entitlement details
[Licensing::Client] Successfully resolved entitlement details
Application.AssetDatabase Initial Refresh Start
[Package Manager] Restoring resolved packages state from cache
[Licensing::Client] Successfully resolved entitlement details
[Package Manager] Registered 70 packages:
  Packages from [https://packages.unity.com]:
    com.unity.addressables@3.1.0 (location: /private/tmp/warline-s003-player-ready/Library/PackageCache/com.unity.addressables@9bffe1a216ce)
    com.unity.ai.assistant@2.13.0-pre.2 (location: /private/tmp/warline-s003-player-ready/Library/PackageCache/com.unity.ai.assistant@6fee27370e6a)
    com.unity.collab-proxy@2.12.4 (location: /private/tmp/warline-s003-player-ready/Library/PackageCache/com.unity.collab-proxy@0b1559bcd34e)
    com.unity.ide.rider@3.0.40 (location: /private/tmp/warline-s003-player-ready/Library/PackageCache/com.unity.ide.rider@e4950c6d131b)
    com.unity.ide.visualstudio@2.0.27 (location: /private/tmp/warline-s003-player-ready/Library/PackageCache/com.unity.ide.visualstudio@dc1ddd4f09b6)
    com.unity.inputsystem@1.19.0 (location: /private/tmp/warline-s003-player-ready/Library/PackageCache/com.unity.inputsystem@21a28c3a6c83)
    com.unity.probuilder@6.1.2 (location: /private/tmp/warline-s003-player-ready/Library/PackageCache/com.unity.probuilder@8be9724b2335)
    com.unity.timeline@1.8.12 (location: /private/tmp/warline-s003-player-ready/Library/PackageCache/com.unity.timeline@8cd8509afae5)
    com.unity.visualscripting@1.9.11 (location: /private/tmp/warline-s003-player-ready/Library/PackageCache/com.unity.visualscripting@8bed5ad90189)
    com.unity.pipeline@0.6.0-exp.1 (location: /private/tmp/warline-s003-player-ready/Library/PackageCache/com.unity.pipeline@9bb4172c603c)
    com.unity.burst@1.8.29 (location: /private/tmp/warline-s003-player-ready/Library/PackageCache/com.unity.burst@6bb9aca3ef38)
    com.unity.nuget.mono-cecil@1.11.6 (location: /private/tmp/warline-s003-player-ready/Library/PackageCache/com.unity.nuget.mono-cecil@ecb9724e46ff)
    com.unity.nuget.newtonsoft-json@3.2.2 (location: /private/tmp/warline-s003-player-ready/Library/PackageCache/com.unity.nuget.newtonsoft-json@4dfd81071c64)
    com.unity.searcher@4.9.4 (location: /private/tmp/warline-s003-player-ready/Library/PackageCache/com.unity.searcher@d45a78918735)
    com.unity.settings-manager@2.1.1 (location: /private/tmp/warline-s003-player-ready/Library/PackageCache/com.unity.settings-manager@0b8638c5ce86)
    com.unity.profiling.core@1.0.3 (location: /private/tmp/warline-s003-player-ready/Library/PackageCache/com.unity.profiling.core@8a49f7027d06)
    com.unity.test-framework.performance@3.5.0 (location: /private/tmp/warline-s003-player-ready/Library/PackageCache/com.unity.test-framework.performance@8b56083ec0f0)
    com.unity.scriptablebuildpipeline@3.1.1 (location: /private/tmp/warline-s003-player-ready/Library/PackageCache/com.unity.scriptablebuildpipeline@ea93f1084040)
  Built-in packages:
    com.unity.2d.sprite@1.0.0 (location: /private/tmp/warline-s003-player-ready/Library/PackageCache/com.unity.2d.sprite@053a968eab56)
    com.unity.entities@6.5.0 (location: /private/tmp/warline-s003-player-ready/Library/PackageCache/com.unity.entities@bab66ffaba49)
    com.unity.entities.graphics@6.5.0 (location: /private/tmp/warline-s003-player-ready/Library/PackageCache/com.unity.entities.graphics@66588da3a112)
    com.unity.multiplayer.center@1.0.1 (location: /private/tmp/warline-s003-player-ready/Library/PackageCache/com.unity.multiplayer.center@b860850997d0)
    com.unity.render-pipelines.universal@17.5.0 (location: /private/tmp/warline-s003-player-ready/Library/PackageCache/com.unity.render-pipelines.universal@748d7458cc62)
    com.unity.serialization@6.5.0 (location: /private/tmp/warline-s003-player-ready/Library/PackageCache/com.unity.serialization@b2610f80ff18)
    com.unity.shadergraph@17.5.0 (location: /private/tmp/warline-s003-player-ready/Library/PackageCache/com.unity.shadergraph@2df19e8719bc)
    com.unity.test-framework@1.7.0 (location: /private/tmp/warline-s003-player-ready/Library/PackageCache/com.unity.test-framework@1405238725ab)
    com.unity.ugui@2.5.0 (location: /private/tmp/warline-s003-player-ready/Library/PackageCache/com.unity.ugui@3d1ea40b73ef)
    com.unity.modules.accessibility@1.0.0 (location: /private/tmp/warline-s003-player-ready/Library/PackageCache/com.unity.modules.accessibility)
    com.unity.modules.adaptiveperformance@1.0.0 (location: /private/tmp/warline-s003-player-ready/Library/PackageCache/com.unity.modules.adaptiveperformance)
    com.unity.modules.ai@1.0.0 (location: /private/tmp/warline-s003-player-ready/Library/PackageCache/com.unity.modules.ai)
    com.unity.modules.androidjni@1.0.0 (location: /private/tmp/warline-s003-player-ready/Library/PackageCache/com.unity.modules.androidjni)
    com.unity.modules.animation@1.0.0 (location: /private/tmp/warline-s003-player-ready/Library/PackageCache/com.unity.modules.animation)
    com.unity.modules.assetbundle@1.0.0 (location: /private/tmp/warline-s003-player-ready/Library/PackageCache/com.unity.modules.assetbundle)
    com.unity.modules.audio@1.0.0 (location: /private/tmp/warline-s003-player-ready/Library/PackageCache/com.unity.modules.audio)
    com.unity.modules.cloth@1.0.0 (location: /private/tmp/warline-s003-player-ready/Library/PackageCache/com.unity.modules.cloth)
    com.unity.modules.director@1.0.0 (location: /private/tmp/warline-s003-player-ready/Library/PackageCache/com.unity.modules.director)
    com.unity.modules.imageconversion@1.0.0 (location: /private/tmp/warline-s003-player-ready/Library/PackageCache/com.unity.modules.imageconversion)
    com.unity.modules.imgui@1.0.0 (location: /private/tmp/warline-s003-player-ready/Library/PackageCache/com.unity.modules.imgui)
    com.unity.modules.jsonserialize@1.0.0 (location: /private/tmp/warline-s003-player-ready/Library/PackageCache/com.unity.modules.jsonserialize)
    com.unity.modules.physicscore2d@1.0.0 (location: /private/tmp/warline-s003-player-ready/Library/PackageCache/com.unity.modules.physicscore2d)
    com.unity.modules.screencapture@1.0.0 (location: /private/tmp/warline-s003-player-ready/Library/PackageCache/com.unity.modules.screencapture)
    com.unity.modules.tilemap@1.0.0 (location: /private/tmp/warline-s003-player-ready/Library/PackageCache/com.unity.modules.tilemap)
    com.unity.modules.ui@1.0.0 (location: /private/tmp/warline-s003-player-ready/Library/PackageCache/com.unity.modules.ui)
    com.unity.modules.uielements@1.0.0 (location: /private/tmp/warline-s003-player-ready/Library/PackageCache/com.unity.modules.uielements)
    com.unity.modules.umbra@1.0.0 (location: /private/tmp/warline-s003-player-ready/Library/PackageCache/com.unity.modules.umbra)
    com.unity.modules.unityanalytics@1.0.0 (location: /private/tmp/warline-s003-player-ready/Library/PackageCache/com.unity.modules.unityanalytics)
    com.unity.modules.unitywebrequest@1.0.0 (location: /private/tmp/warline-s003-player-ready/Library/PackageCache/com.unity.modules.unitywebrequest)
    com.unity.modules.unitywebrequestassetbundle@1.0.0 (location: /private/tmp/warline-s003-player-ready/Library/PackageCache/com.unity.modules.unitywebrequestassetbundle)
    com.unity.modules.unitywebrequestaudio@1.0.0 (location: /private/tmp/warline-s003-player-ready/Library/PackageCache/com.unity.modules.unitywebrequestaudio)
    com.unity.modules.unitywebrequesttexture@1.0.0 (location: /private/tmp/warline-s003-player-ready/Library/PackageCache/com.unity.modules.unitywebrequesttexture)
    com.unity.modules.unitywebrequestwww@1.0.0 (location: /private/tmp/warline-s003-player-ready/Library/PackageCache/com.unity.modules.unitywebrequestwww)
    com.unity.modules.vectorgraphics@1.0.0 (location: /private/tmp/warline-s003-player-ready/Library/PackageCache/com.unity.modules.vectorgraphics)
    com.unity.modules.vehicles@1.0.0 (location: /private/tmp/warline-s003-player-ready/Library/PackageCache/com.unity.modules.vehicles)
    com.unity.modules.video@1.0.0 (location: /private/tmp/warline-s003-player-ready/Library/PackageCache/com.unity.modules.video)
    com.unity.modules.wind@1.0.0 (location: /private/tmp/warline-s003-player-ready/Library/PackageCache/com.unity.modules.wind)
    com.unity.modules.xr@1.0.0 (location: /private/tmp/warline-s003-player-ready/Library/PackageCache/com.unity.modules.xr)
    com.unity.modules.physics@1.0.0 (location: /private/tmp/warline-s003-player-ready/Library/PackageCache/com.unity.modules.physics)
    com.unity.modules.subsystems@1.0.0 (location: /private/tmp/warline-s003-player-ready/Library/PackageCache/com.unity.modules.subsystems)
    com.unity.modules.hierarchycore@1.0.0 (location: /private/tmp/warline-s003-player-ready/Library/PackageCache/com.unity.modules.hierarchycore)
    com.unity.modules.physics2d@1.0.0 (location: /private/tmp/warline-s003-player-ready/Library/PackageCache/com.unity.modules.physics2d)
    com.unity.modules.particlesystem@1.0.0 (location: /private/tmp/warline-s003-player-ready/Library/PackageCache/com.unity.modules.particlesystem)
    com.unity.ext.nunit@2.1.0 (location: /private/tmp/warline-s003-player-ready/Library/PackageCache/com.unity.ext.nunit@44f7d31723bd)
    com.unity.render-pipelines.core@17.5.0 (location: /private/tmp/warline-s003-player-ready/Library/PackageCache/com.unity.render-pipelines.core@9fe9377312a8)
    com.unity.collections@6.5.0 (location: /private/tmp/warline-s003-player-ready/Library/PackageCache/com.unity.collections@a43cabe808ca)
    com.unity.render-pipelines.universal-config@17.5.0 (location: /private/tmp/warline-s003-player-ready/Library/PackageCache/com.unity.render-pipelines.universal-config@fdda01c80fe3)
    com.unity.modules.hierarchy@1.0.0 (location: /private/tmp/warline-s003-player-ready/Library/PackageCache/com.unity.modules.hierarchy)
    com.unity.mathematics@1.4.0 (location: /private/tmp/warline-s003-player-ready/Library/PackageCache/com.unity.mathematics@981956d94fb6)
    com.unity.modules.terrain@1.0.0 (location: /private/tmp/warline-s003-player-ready/Library/PackageCache/com.unity.modules.terrain)
  Embedded packages:
    com.sniveler-code.gpu-animation@file:/private/tmp/warline-s003-player-ready/Packages/com.sniveler-code.gpu-animation (location: /private/tmp/warline-s003-player-ready/Packages/com.sniveler-code.gpu-animation)
  Git packages:
    com.nosuchstudio.rtltmpro@https://github.com/hk1ll3r/RTLTMPro.git?path=/UPMPackage#69c9193fc27218f17679cc57382a61ac4a717b2b (location: /private/tmp/warline-s003-player-ready/Library/PackageCache/com.nosuchstudio.rtltmpro@44858274f18a)
[Subsystems] No new subsystems found in resolved package list.
[Package Manager] Done registering packages in 0.01 seconds
Assembly reference Packages/com.unity.entities/Unity.Scenes.Editor/Internals/Properties/Unity.Properties.Internals.asmref has no target assembly definition
Assembly reference Packages/com.unity.entities/Unity.Scenes.Editor/Internals/Properties/Unity.Properties.Internals.asmref has no target assembly definition
[ScriptCompilation] Requested script compilation because: AssetDatabase observed changes in script compilation related files
info: Microsoft.Hosting.Lifetime[14]
      Now listening on: http://unix:/tmp/ilpp.sock-57eb0d385816115c1b6958a166d90951
info: Microsoft.Hosting.Lifetime[0]
      Application started. Press Ctrl+C to shut down.
info: Microsoft.Hosting.Lifetime[0]
      Hosting environment: Production
info: Microsoft.Hosting.Lifetime[0]
      Content root path: /private/tmp/warline-s003-player-ready
info: Microsoft.AspNetCore.Hosting.Diagnostics[1]
      Request starting HTTP/2 POST http://ilpp/UnityILPP.PostProcessing/Ping - application/grpc -
info: Microsoft.AspNetCore.Routing.EndpointMiddleware[0]
      Executing endpoint 'gRPC - /UnityILPP.PostProcessing/Ping'
info: Microsoft.AspNetCore.Routing.EndpointMiddleware[1]
      Executed endpoint 'gRPC - /UnityILPP.PostProcessing/Ping'
info: Microsoft.AspNetCore.Hosting.Diagnostics[2]
      Request finished HTTP/2 POST http://ilpp/UnityILPP.PostProcessing/Ping - 200 - application/grpc 23.9686ms
Refreshing native plugins compatible for Editor in 2.51 ms, found 3 plugins.
Starting: /Applications/Unity/Hub/Editor/6000.5.2f1/Unity.app/Contents/Resources/BuildPipeline/bee_backend --ipc --defer-dag-verification --dagfile="Library/Bee/1300b0aE.dag" --continue-on-failure --profile="Library/Bee/backend1.traceevents" ScriptAssemblies
WorkingDir: /private/tmp/warline-s003-player-ready
Starting: /Applications/Unity/Hub/Editor/6000.5.2f1/Unity.app/Contents/Resources/Scripting/netcorerun/netcorerun "/Applications/Unity/Hub/Editor/6000.5.2f1/Unity.app/Contents/Resources/BuildPipeline/ScriptCompilationBuildProgram.exe" "Library/Bee/1300b0aE.dag.json" "Library/Bee/1300b0aE-inputdata.json" "Library/Bee/buildprogram0.traceevents"
WorkingDir: /private/tmp/warline-s003-player-ready
ExitCode: 4 Duration: 0s198ms
Rebuilding DAG because FileSignature timestamp changed: Library/Bee/1300b0aE-inputdata.json
*** Tundra requires additional run (0.18 seconds), 0 items updated, 0 evaluated
ExitCode: 0 Duration: 1s903ms
Starting: /Applications/Unity/Hub/Editor/6000.5.2f1/Unity.app/Contents/Resources/BuildPipeline/bee_backend --ipc --defer-dag-verification --dagfile="Library/Bee/1300b0aE.dag" --continue-on-failure --dagfilejson="Library/Bee/1300b0aE.dag.json" --profile="Library/Bee/backend2.traceevents" ScriptAssemblies
WorkingDir: /private/tmp/warline-s003-player-ready
info: Microsoft.AspNetCore.Hosting.Diagnostics[1]
      Request starting HTTP/2 POST http://ilpp/UnityILPP.PostProcessing/ConfigurePostProcessors - application/grpc -
info: Microsoft.AspNetCore.Routing.EndpointMiddleware[0]
      Executing endpoint 'gRPC - /UnityILPP.PostProcessing/ConfigurePostProcessors'
warn: Unity.ILPP.Runner.PostProcessingAssemblyLoadContext[0]
      Assembly system.runtime.interopservices.windowsruntime has duplicate hint path. Ignoring "/Applications/Unity/Hub/Editor/6000.5.2f1/Unity.app/Contents/Resources/Scripting/NetStandard/Extensions/2.0.0/System.Runtime.InteropServices.WindowsRuntime.dll" in favor of "/Applications/Unity/Hub/Editor/6000.5.2f1/Unity.app/Contents/Resources/Scripting/UnityReferenceAssemblies/unity-4.8-api/Facades/System.Runtime.InteropServices.WindowsRuntime.dll"
warn: Unity.ILPP.Runner.PostProcessingAssemblyLoadContext[0]
      Assembly system.componentmodel.composition has duplicate hint path. Ignoring "/Applications/Unity/Hub/Editor/6000.5.2f1/Unity.app/Contents/Resources/Scripting/NetStandard/compat/2.1.0/shims/netfx/System.ComponentModel.Composition.dll" in favor of "/Applications/Unity/Hub/Editor/6000.5.2f1/Unity.app/Contents/Resources/Scripting/UnityReferenceAssemblies/unity-4.8-api/System.ComponentModel.Composition.dll"
info: Unity.ILPP.Runner.PostProcessingAssemblyLoadContext[0]
      Resolved Mono.Cecil, Version=0.11.5.0, Culture=neutral, PublicKeyToken=50cebf1cceb9d05e with Library/PackageCache/com.unity.nuget.mono-cecil@ecb9724e46ff/Mono.Cecil.dll
info: Unity.ILPP.Runner.PostProcessingAssemblyLoadContext[0]
      Resolved Unity.Burst.Cecil, Version=0.11.6.0, Culture=neutral, PublicKeyToken=50cebf1cceb9d05e with Library/PackageCache/com.unity.burst@6bb9aca3ef38/Unity.Burst.CodeGen/Unity.Burst.Cecil.dll
info: Unity.ILPP.Runner.PostProcessingAssemblyLoadContext[0]
      Resolved Unity.Entities, Version=0.0.0.0, Culture=neutral, PublicKeyToken=null with Library/Bee/artifacts/1300b0aE.dag/Unity.Entities.dll
info: Microsoft.AspNetCore.Routing.EndpointMiddleware[1]
      Executed endpoint 'gRPC - /UnityILPP.PostProcessing/ConfigurePostProcessors'
info: Microsoft.AspNetCore.Hosting.Diagnostics[2]
      Request finished HTTP/2 POST http://ilpp/UnityILPP.PostProcessing/ConfigurePostProcessors - 200 - application/grpc 17.2888ms
info: Microsoft.AspNetCore.Hosting.Diagnostics[1]
      Request starting HTTP/2 POST http://ilpp/UnityILPP.PostProcessing/PostProcessAssembly - application/grpc -
info: Microsoft.AspNetCore.Routing.EndpointMiddleware[0]
      Executing endpoint 'gRPC - /UnityILPP.PostProcessing/PostProcessAssembly'
info: Unity.ILPP.Runner.PostProcessingPipeline[0]
      Processing assembly Library/Bee/artifacts/1300b0aE.dag/Game.Runtime.dll, with 152 defines and 324 references
info: Unity.ILPP.Runner.PostProcessingPipeline[0]
      processors: Unity.Entities.CodeGen.EntitiesILPostProcessors, Unity.Jobs.CodeGen.JobsILPostProcessor, Unity.Pipeline.CodeGen.HotReloadInPlaceILPostProcessor, zzzUnity.Burst.CodeGen.BurstILPostProcessor
info: Unity.ILPP.Runner.PostProcessingPipeline[0]
      running Unity.Entities.CodeGen.EntitiesILPostProcessors
info: Unity.ILPP.Runner.PostProcessingAssemblyLoadContext[0]
      Resolved Mono.Cecil.Rocks, Version=0.11.5.0, Culture=neutral, PublicKeyToken=50cebf1cceb9d05e with Library/PackageCache/com.unity.nuget.mono-cecil@ecb9724e46ff/Mono.Cecil.Rocks.dll
info: Unity.ILPP.Runner.PostProcessingAssemblyLoadContext[0]
      Resolved UnityEngine.CoreModule, Version=0.0.0.0, Culture=neutral, PublicKeyToken=null with /Applications/Unity/Hub/Editor/6000.5.2f1/Unity.app/Contents/Resources/Scripting/Managed/UnityEngine/UnityEngine.CoreModule.dll
info: Unity.ILPP.Runner.PostProcessingAssemblyLoadContext[0]
      Resolved Unity.Collections, Version=0.0.0.0, Culture=neutral, PublicKeyToken=null with Library/Bee/artifacts/1300b0aE.dag/Unity.Collections.dll
info: Unity.ILPP.Runner.PostProcessingAssemblyLoadContext[0]
      Resolved Unity.Burst, Version=0.0.0.0, Culture=neutral, PublicKeyToken=null with Library/Bee/artifacts/1300b0aE.dag/Unity.Burst.dll
info: Microsoft.AspNetCore.Hosting.Diagnostics[1]
      Request starting HTTP/2 POST http://ilpp/UnityILPP.PostProcessing/PostProcessAssembly - application/grpc -
info: Microsoft.AspNetCore.Routing.EndpointMiddleware[0]
      Executing endpoint 'gRPC - /UnityILPP.PostProcessing/PostProcessAssembly'
info: Unity.ILPP.Runner.PostProcessingPipeline[0]
      Processing assembly Library/Bee/artifacts/1300b0aE.dag/Game.UI.ScenarioLab.Runtime.dll, with 152 defines and 316 references
info: Unity.ILPP.Runner.PostProcessingPipeline[0]
      processors: Unity.Entities.CodeGen.EntitiesILPostProcessors, Unity.Jobs.CodeGen.JobsILPostProcessor, Unity.Pipeline.CodeGen.HotReloadInPlaceILPostProcessor, zzzUnity.Burst.CodeGen.BurstILPostProcessor
info: Unity.ILPP.Runner.PostProcessingPipeline[0]
      running Unity.Entities.CodeGen.EntitiesILPostProcessors
info: Unity.ILPP.Runner.PostProcessingPipeline[0]
      running Unity.Jobs.CodeGen.JobsILPostProcessor
info: Unity.ILPP.Runner.PostProcessingPipeline[0]
      running Unity.Pipeline.CodeGen.HotReloadInPlaceILPostProcessor
info: Unity.ILPP.Runner.PostProcessingPipeline[0]
      running zzzUnity.Burst.CodeGen.BurstILPostProcessor
info: Microsoft.AspNetCore.Routing.EndpointMiddleware[1]
      Executed endpoint 'gRPC - /UnityILPP.PostProcessing/PostProcessAssembly'
info: Microsoft.AspNetCore.Hosting.Diagnostics[2]
      Request finished HTTP/2 POST http://ilpp/UnityILPP.PostProcessing/PostProcessAssembly - 200 - application/grpc 10.8774ms
info: Unity.ILPP.Runner.PostProcessingAssemblyLoadContext[0]
      Resolved Unity.Cecil.Awesome, Version=1.0.0.0, Culture=neutral, PublicKeyToken=null with Library/PackageCache/com.unity.entities@bab66ffaba49/Unity.Entities.CodeGen/Unity.Cecil.Awesome.dll
info: Unity.ILPP.Runner.PostProcessingAssemblyLoadContext[0]
      Resolved Unity.Scripting, Version=0.0.0.0, Culture=neutral, PublicKeyToken=null with /Applications/Unity/Hub/Editor/6000.5.2f1/Unity.app/Contents/Resources/Scripting/Managed/UnityEngine/Unity.Scripting.dll
info: Unity.ILPP.Runner.PostProcessingAssemblyLoadContext[0]
      Resolved UnityEditor.CoreModule, Version=0.0.0.0, Culture=neutral, PublicKeyToken=null with /Applications/Unity/Hub/Editor/6000.5.2f1/Unity.app/Contents/Resources/Scripting/Managed/UnityEngine/UnityEditor.CoreModule.dll
  - EILPP : Game.Runtime : : 969ms (~246ms)
    - EILPP : Game.Runtime : GetAllComponentTypes: 1ms 
    - EILPP : Game.Runtime : Cloner: 72ms 
    - EILPP : Game.Runtime : ComponentDataPP: 15ms 
    - EILPP : Game.Runtime : StaticTypeRegistryPostProcessor: 107ms 
    - EILPP : Game.Runtime : WriteAssembly: 528ms 
info: Unity.ILPP.Runner.PostProcessingPipeline[0]
      running Unity.Jobs.CodeGen.JobsILPostProcessor
info: Microsoft.AspNetCore.Hosting.Diagnostics[1]
      Request starting HTTP/2 POST http://ilpp/UnityILPP.PostProcessing/PostProcessAssembly - application/grpc -
info: Microsoft.AspNetCore.Routing.EndpointMiddleware[0]
      Executing endpoint 'gRPC - /UnityILPP.PostProcessing/PostProcessAssembly'
info: Unity.ILPP.Runner.PostProcessingPipeline[0]
      Processing assembly Library/Bee/artifacts/1300b0aE.dag/Game.UI.Shell.Ecs.dll, with 152 defines and 323 references
info: Unity.ILPP.Runner.PostProcessingPipeline[0]
      processors: Unity.Entities.CodeGen.EntitiesILPostProcessors, Unity.Jobs.CodeGen.JobsILPostProcessor, Unity.Pipeline.CodeGen.HotReloadInPlaceILPostProcessor, zzzUnity.Burst.CodeGen.BurstILPostProcessor
info: Unity.ILPP.Runner.PostProcessingPipeline[0]
      running Unity.Entities.CodeGen.EntitiesILPostProcessors
  - EILPP : Game.UI.Shell.Ecs : : 155ms (~41ms)
    - EILPP : Game.UI.Shell.Ecs : Cloner: 10ms 
    - EILPP : Game.UI.Shell.Ecs : StaticTypeRegistryPostProcessor: 4ms 
    - EILPP : Game.UI.Shell.Ecs : WriteAssembly: 100ms 
info: Unity.ILPP.Runner.PostProcessingPipeline[0]
      running Unity.Jobs.CodeGen.JobsILPostProcessor
info: Unity.ILPP.Runner.PostProcessingPipeline[0]
      running Unity.Pipeline.CodeGen.HotReloadInPlaceILPostProcessor
info: Unity.ILPP.Runner.PostProcessingPipeline[0]
      running zzzUnity.Burst.CodeGen.BurstILPostProcessor
info: Unity.ILPP.Runner.PostProcessingPipeline[0]
      running Unity.Pipeline.CodeGen.HotReloadInPlaceILPostProcessor
info: Unity.ILPP.Runner.PostProcessingPipeline[0]
      running zzzUnity.Burst.CodeGen.BurstILPostProcessor
info: Unity.ILPP.Runner.PostProcessingAssemblyLoadContext[0]
      Resolved Unity.Burst.Cecil.Rocks, Version=0.11.6.0, Culture=neutral, PublicKeyToken=50cebf1cceb9d05e with Library/PackageCache/com.unity.burst@6bb9aca3ef38/Unity.Burst.CodeGen/Unity.Burst.Cecil.Rocks.dll
info: Microsoft.AspNetCore.Hosting.Diagnostics[1]
      Request starting HTTP/2 POST http://ilpp/UnityILPP.PostProcessing/PostProcessAssembly - application/grpc -
info: Microsoft.AspNetCore.Routing.EndpointMiddleware[0]
      Executing endpoint 'gRPC - /UnityILPP.PostProcessing/PostProcessAssembly'
info: Unity.ILPP.Runner.PostProcessingPipeline[0]
      Processing assembly Library/Bee/artifacts/1300b0aE.dag/Game.Composition.dll, with 152 defines and 333 references
info: Unity.ILPP.Runner.PostProcessingPipeline[0]
      processors: Unity.Entities.CodeGen.EntitiesILPostProcessors, Unity.Jobs.CodeGen.JobsILPostProcessor, Unity.Pipeline.CodeGen.HotReloadInPlaceILPostProcessor, zzzUnity.Burst.CodeGen.BurstILPostProcessor
info: Unity.ILPP.Runner.PostProcessingPipeline[0]
      running Unity.Entities.CodeGen.EntitiesILPostProcessors
  - EILPP : Game.Composition : : 318ms (~36ms)
    - EILPP : Game.Composition : ComponentDataPP: 3ms 
    - EILPP : Game.Composition : StaticTypeRegistryPostProcessor: 5ms 
    - EILPP : Game.Composition : WriteAssembly: 274ms 
info: Unity.ILPP.Runner.PostProcessingPipeline[0]
      running Unity.Jobs.CodeGen.JobsILPostProcessor
info: Unity.ILPP.Runner.PostProcessingPipeline[0]
      running Unity.Pipeline.CodeGen.HotReloadInPlaceILPostProcessor
info: Unity.ILPP.Runner.PostProcessingPipeline[0]
      running zzzUnity.Burst.CodeGen.BurstILPostProcessor
info: Microsoft.AspNetCore.Routing.EndpointMiddleware[1]
      Executed endpoint 'gRPC - /UnityILPP.PostProcessing/PostProcessAssembly'
info: Microsoft.AspNetCore.Hosting.Diagnostics[2]
      Request finished HTTP/2 POST http://ilpp/UnityILPP.PostProcessing/PostProcessAssembly - 200 - application/grpc 454.4927ms
info: Microsoft.AspNetCore.Routing.EndpointMiddleware[1]
      Executed endpoint 'gRPC - /UnityILPP.PostProcessing/PostProcessAssembly'
info: Microsoft.AspNetCore.Hosting.Diagnostics[2]
      Request finished HTTP/2 POST http://ilpp/UnityILPP.PostProcessing/PostProcessAssembly - 200 - application/grpc 1667.0096ms
info: Microsoft.AspNetCore.Routing.EndpointMiddleware[1]
      Executed endpoint 'gRPC - /UnityILPP.PostProcessing/PostProcessAssembly'
info: Microsoft.AspNetCore.Hosting.Diagnostics[2]
      Request finished HTTP/2 POST http://ilpp/UnityILPP.PostProcessing/PostProcessAssembly - 200 - application/grpc 3552.3992ms
info: Microsoft.AspNetCore.Hosting.Diagnostics[1]
      Request starting HTTP/2 POST http://ilpp/UnityILPP.PostProcessing/PostProcessAssembly - application/grpc -
info: Microsoft.AspNetCore.Routing.EndpointMiddleware[0]
      Executing endpoint 'gRPC - /UnityILPP.PostProcessing/PostProcessAssembly'
info: Unity.ILPP.Runner.PostProcessingPipeline[0]
      Processing assembly Library/Bee/artifacts/1300b0aE.dag/Game.Tests.PlayMode.dll, with 152 defines and 314 references
info: Unity.ILPP.Runner.PostProcessingPipeline[0]
      processors: Unity.Entities.CodeGen.EntitiesILPostProcessors, Unity.Jobs.CodeGen.JobsILPostProcessor, Unity.Pipeline.CodeGen.HotReloadInPlaceILPostProcessor, zzzUnity.Burst.CodeGen.BurstILPostProcessor
info: Unity.ILPP.Runner.PostProcessingPipeline[0]
      running Unity.Entities.CodeGen.EntitiesILPostProcessors
  - EILPP : Game.Tests.PlayMode : : 49ms (~46ms)
    - EILPP : Game.Tests.PlayMode : ComponentDataPP: 2ms 
    - EILPP : Game.Tests.PlayMode : StaticTypeRegistryPostProcessor: 1ms 
info: Unity.ILPP.Runner.PostProcessingPipeline[0]
      running Unity.Jobs.CodeGen.JobsILPostProcessor
info: Unity.ILPP.Runner.PostProcessingPipeline[0]
      running Unity.Pipeline.CodeGen.HotReloadInPlaceILPostProcessor
info: Unity.ILPP.Runner.PostProcessingPipeline[0]
      running zzzUnity.Burst.CodeGen.BurstILPostProcessor
info: Microsoft.AspNetCore.Routing.EndpointMiddleware[1]
      Executed endpoint 'gRPC - /UnityILPP.PostProcessing/PostProcessAssembly'
info: Microsoft.AspNetCore.Hosting.Diagnostics[2]
      Request finished HTTP/2 POST http://ilpp/UnityILPP.PostProcessing/PostProcessAssembly - 200 - application/grpc 75.2443ms
info: Microsoft.AspNetCore.Hosting.Diagnostics[1]
      Request starting HTTP/2 POST http://ilpp/UnityILPP.PostProcessing/PostProcessAssembly - application/grpc -
info: Microsoft.AspNetCore.Routing.EndpointMiddleware[0]
      Executing endpoint 'gRPC - /UnityILPP.PostProcessing/PostProcessAssembly'
info: Unity.ILPP.Runner.PostProcessingPipeline[0]
      Processing assembly Library/Bee/artifacts/1300b0aE.dag/Game.Editor.dll, with 150 defines and 355 references
info: Unity.ILPP.Runner.PostProcessingPipeline[0]
      processors: Unity.Entities.CodeGen.EntitiesILPostProcessors, Unity.Jobs.CodeGen.JobsILPostProcessor, Unity.Pipeline.CodeGen.HotReloadInPlaceILPostProcessor, zzzUnity.Burst.CodeGen.BurstILPostProcessor
info: Unity.ILPP.Runner.PostProcessingPipeline[0]
      running Unity.Entities.CodeGen.EntitiesILPostProcessors
  - EILPP : Game.Editor : : 634ms (~163ms)
    - EILPP : Game.Editor : GetAllComponentTypes: 4ms 
    - EILPP : Game.Editor : ComponentDataPP: 19ms 
    - EILPP : Game.Editor : StaticTypeRegistryPostProcessor: 2ms 
    - EILPP : Game.Editor : WriteAssembly: 446ms 
info: Unity.ILPP.Runner.PostProcessingPipeline[0]
      running Unity.Jobs.CodeGen.JobsILPostProcessor
info: Unity.ILPP.Runner.PostProcessingPipeline[0]
      running Unity.Pipeline.CodeGen.HotReloadInPlaceILPostProcessor
info: Unity.ILPP.Runner.PostProcessingPipeline[0]
      running zzzUnity.Burst.CodeGen.BurstILPostProcessor
info: Microsoft.AspNetCore.Routing.EndpointMiddleware[1]
      Executed endpoint 'gRPC - /UnityILPP.PostProcessing/PostProcessAssembly'
info: Microsoft.AspNetCore.Hosting.Diagnostics[2]
      Request finished HTTP/2 POST http://ilpp/UnityILPP.PostProcessing/PostProcessAssembly - 200 - application/grpc 763.3581ms
info: Microsoft.AspNetCore.Hosting.Diagnostics[1]
      Request starting HTTP/2 POST http://ilpp/UnityILPP.PostProcessing/PostProcessAssembly - application/grpc -
info: Microsoft.AspNetCore.Routing.EndpointMiddleware[0]
      Executing endpoint 'gRPC - /UnityILPP.PostProcessing/PostProcessAssembly'
info: Unity.ILPP.Runner.PostProcessingPipeline[0]
      Processing assembly Library/Bee/artifacts/1300b0aE.dag/Game.Tests.Editor.dll, with 150 defines and 332 references
info: Unity.ILPP.Runner.PostProcessingPipeline[0]
      processors: Unity.Entities.CodeGen.EntitiesILPostProcessors, Unity.Jobs.CodeGen.JobsILPostProcessor, Unity.Pipeline.CodeGen.HotReloadInPlaceILPostProcessor, zzzUnity.Burst.CodeGen.BurstILPostProcessor
info: Unity.ILPP.Runner.PostProcessingPipeline[0]
      running Unity.Entities.CodeGen.EntitiesILPostProcessors
  - EILPP : Game.Tests.Editor : : 582ms (~101ms)
    - EILPP : Game.Tests.Editor : ComponentDataPP: 3ms 
    - EILPP : Game.Tests.Editor : StaticTypeRegistryPostProcessor: 27ms 
    - EILPP : Game.Tests.Editor : WriteAssembly: 451ms 
info: Unity.ILPP.Runner.PostProcessingPipeline[0]
      running Unity.Jobs.CodeGen.JobsILPostProcessor
info: Unity.ILPP.Runner.PostProcessingPipeline[0]
      running Unity.Pipeline.CodeGen.HotReloadInPlaceILPostProcessor
info: Unity.ILPP.Runner.PostProcessingPipeline[0]
      running zzzUnity.Burst.CodeGen.BurstILPostProcessor
info: Microsoft.AspNetCore.Routing.EndpointMiddleware[1]
      Executed endpoint 'gRPC - /UnityILPP.PostProcessing/PostProcessAssembly'
info: Microsoft.AspNetCore.Hosting.Diagnostics[2]
      Request finished HTTP/2 POST http://ilpp/UnityILPP.PostProcessing/PostProcessAssembly - 200 - application/grpc 1453.8661ms
ExitCode: 0 Duration: 20s
Finished compiling graph: 1998 nodes, 51709 flattened edges (40119 ToBuild, 382 ToUse), maximum node priority 2966
[ 944/1995  0s] WriteText Library/Bee/artifacts/1300b0aE.dag/Game.Tests.Editor.rsp
[1438/1995  0s] ILPP-Configuration Library/ilpp-configuration.nevergeneratedoutput
[BUSY       6s] Csc Library/Bee/artifacts/1300b0aE.dag/Game.Runtime.dll (+2 others)
[1967/1995  6s] Csc Library/Bee/artifacts/1300b0aE.dag/Game.Runtime.dll (+2 others)
Assets/Game/Scripts/Systems/BuildingPlacementAuthoredRoadCache.cs(48,104): warning CS0618: 'FindObjectsSortMode' is obsolete: 'FindObjectsSortMode has been deprecated. Use the FindObjectsByType overloads that do not take a FindObjectsSortMode parameter.'
Assets/Game/Scripts/Systems/BuildingPlacementAuthoredRoadCache.cs(48,37): warning CS0618: 'Object.FindObjectsByType<T>(FindObjectsInactive, FindObjectsSortMode)' is obsolete: 'FindObjectsByType with FindObjectsSortMode parameter has been deprecated. Use FindObjectsByType<T>() or FindObjectsByType<T>(FindObjectsInactive) instead. InstanceID will be replaced in the future with EntityId and previous sort order cannot be maintained.'
Assets/Game/Scripts/Runtime/Missions/OperationsReconStartupSystem.cs(29,84): warning CS0618: 'EntityQueryCaptureMode.AtRecord' is obsolete: 'The Capture-query-at-record feature will be removed in a future version of the Entities package. Use AtPlayback mode instead. If AtRecord semantics are required, use the query to generate a NativeArray of matching entities to process, and pass the array instead of the query. (RemovedAfter Entities 2.0)'
Assets/Game/Scripts/Runtime/Missions/OperationsReconStartupSystem.cs(30,89): warning CS0618: 'EntityQueryCaptureMode.AtRecord' is obsolete: 'The Capture-query-at-record feature will be removed in a future version of the Entities package. Use AtPlayback mode instead. If AtRecord semantics are required, use the query to generate a NativeArray of matching entities to process, and pass the array instead of the query. (RemovedAfter Entities 2.0)'
[1968/1995  0s] Csc Library/Bee/artifacts/1300b0aE.dag/Game.UI.ScenarioLab.Runtime.dll (+2 others)
[1969/1995  0s] ILPostProcess Library/Bee/artifacts/1300b0aE.dag/post-processed/Game.UI.ScenarioLab.Runtime.dll (+pdb)
Processing assembly Library/Bee/artifacts/1300b0aE.dag/Game.UI.ScenarioLab.Runtime.dll, with 152 defines and 316 references
processors: Unity.Entities.CodeGen.EntitiesILPostProcessors, Unity.Jobs.CodeGen.JobsILPostProcessor, Unity.Pipeline.CodeGen.HotReloadInPlaceILPostProcessor, zzzUnity.Burst.CodeGen.BurstILPostProcessor
running Unity.Entities.CodeGen.EntitiesILPostProcessors
running Unity.Jobs.CodeGen.JobsILPostProcessor
running Unity.Pipeline.CodeGen.HotReloadInPlaceILPostProcessor
running zzzUnity.Burst.CodeGen.BurstILPostProcessor
[1970/1995  0s] CopyFiles Library/ScriptAssemblies/Game.UI.ScenarioLab.Runtime.dll
[1971/1995  0s] CopyFiles Library/ScriptAssemblies/Game.UI.ScenarioLab.Runtime.pdb
[1972/1995  1s] Csc Library/Bee/artifacts/1300b0aE.dag/Game.UI.Shell.Ecs.dll (+2 others)
[1973/1995  0s] Csc Library/Bee/artifacts/1300b0aE.dag/Game.Composition.dll (+2 others)
[1974/1995  0s] ILPostProcess Library/Bee/artifacts/1300b0aE.dag/post-processed/Game.Composition.dll (+pdb)
Processing assembly Library/Bee/artifacts/1300b0aE.dag/Game.Composition.dll, with 152 defines and 333 references
processors: Unity.Entities.CodeGen.EntitiesILPostProcessors, Unity.Jobs.CodeGen.JobsILPostProcessor, Unity.Pipeline.CodeGen.HotReloadInPlaceILPostProcessor, zzzUnity.Burst.CodeGen.BurstILPostProcessor
running Unity.Entities.CodeGen.EntitiesILPostProcessors
running Unity.Jobs.CodeGen.JobsILPostProcessor
running Unity.Pipeline.CodeGen.HotReloadInPlaceILPostProcessor
running zzzUnity.Burst.CodeGen.BurstILPostProcessor
[1975/1995  0s] CopyFiles Library/ScriptAssemblies/Game.Composition.dll
[1976/1995  0s] CopyFiles Library/ScriptAssemblies/Game.Composition.pdb
[1977/1995  1s] ILPostProcess Library/Bee/artifacts/1300b0aE.dag/post-processed/Game.UI.Shell.Ecs.dll (+pdb)
Processing assembly Library/Bee/artifacts/1300b0aE.dag/Game.UI.Shell.Ecs.dll, with 152 defines and 323 references
processors: Unity.Entities.CodeGen.EntitiesILPostProcessors, Unity.Jobs.CodeGen.JobsILPostProcessor, Unity.Pipeline.CodeGen.HotReloadInPlaceILPostProcessor, zzzUnity.Burst.CodeGen.BurstILPostProcessor
running Unity.Entities.CodeGen.EntitiesILPostProcessors
running Unity.Jobs.CodeGen.JobsILPostProcessor
running Unity.Pipeline.CodeGen.HotReloadInPlaceILPostProcessor
running zzzUnity.Burst.CodeGen.BurstILPostProcessor
[1978/1995  0s] CopyFiles Library/ScriptAssemblies/Game.UI.Shell.Ecs.dll
[1979/1995  0s] CopyFiles Library/ScriptAssemblies/Game.UI.Shell.Ecs.pdb
[1980/1995  3s] ILPostProcess Library/Bee/artifacts/1300b0aE.dag/post-processed/Game.Runtime.dll (+pdb)
Processing assembly Library/Bee/artifacts/1300b0aE.dag/Game.Runtime.dll, with 152 defines and 324 references
processors: Unity.Entities.CodeGen.EntitiesILPostProcessors, Unity.Jobs.CodeGen.JobsILPostProcessor, Unity.Pipeline.CodeGen.HotReloadInPlaceILPostProcessor, zzzUnity.Burst.CodeGen.BurstILPostProcessor
running Unity.Entities.CodeGen.EntitiesILPostProcessors
running Unity.Jobs.CodeGen.JobsILPostProcessor
running Unity.Pipeline.CodeGen.HotReloadInPlaceILPostProcessor
running zzzUnity.Burst.CodeGen.BurstILPostProcessor
[1981/1995  0s] CopyFiles Library/ScriptAssemblies/Game.Runtime.pdb
[1982/1995  0s] CopyFiles Library/ScriptAssemblies/Game.Runtime.dll
[1983/1995  2s] Csc Library/Bee/artifacts/1300b0aE.dag/Game.Tests.PlayMode.dll (+2 others)
Assets/Tests/PlayMode/OperationMapDenseCityPackedRuntimeParityPlayModeTests.cs(1669,13): warning CS0618: 'FindObjectsSortMode' is obsolete: 'FindObjectsSortMode has been deprecated. Use the FindObjectsByType overloads that do not take a FindObjectsSortMode parameter.'
Assets/Tests/PlayMode/OperationMapDenseCityPackedRuntimeParityPlayModeTests.cs(1667,34): warning CS0618: 'Object.FindObjectsByType<T>(FindObjectsInactive, FindObjectsSortMode)' is obsolete: 'FindObjectsByType with FindObjectsSortMode parameter has been deprecated. Use FindObjectsByType<T>() or FindObjectsByType<T>(FindObjectsInactive) instead. InstanceID will be replaced in the future with EntityId and previous sort order cannot be maintained.'
[1984/1995  0s] ILPostProcess Library/Bee/artifacts/1300b0aE.dag/post-processed/Game.Tests.PlayMode.dll (+pdb)
Processing assembly Library/Bee/artifacts/1300b0aE.dag/Game.Tests.PlayMode.dll, with 152 defines and 314 references
processors: Unity.Entities.CodeGen.EntitiesILPostProcessors, Unity.Jobs.CodeGen.JobsILPostProcessor, Unity.Pipeline.CodeGen.HotReloadInPlaceILPostProcessor, zzzUnity.Burst.CodeGen.BurstILPostProcessor
running Unity.Entities.CodeGen.EntitiesILPostProcessors
running Unity.Jobs.CodeGen.JobsILPostProcessor
running Unity.Pipeline.CodeGen.HotReloadInPlaceILPostProcessor
running zzzUnity.Burst.CodeGen.BurstILPostProcessor
[1985/1995  0s] CopyFiles Library/ScriptAssemblies/Game.Tests.PlayMode.dll
[1986/1995  0s] CopyFiles Library/ScriptAssemblies/Game.Tests.PlayMode.pdb
[1987/1995  6s] Csc Library/Bee/artifacts/1300b0aE.dag/Game.Editor.dll (+2 others)
Assets/Game/Scripts/Editor/CH02M02SupplyLineInputProbe.cs(109,106): warning CS0618: 'FindObjectsSortMode' is obsolete: 'FindObjectsSortMode has been deprecated. Use the FindObjectsByType overloads that do not take a FindObjectsSortMode parameter.'
Assets/Game/Scripts/Editor/CH02M02SupplyLineInputProbe.cs(109,33): warning CS0618: 'Object.FindObjectsByType<T>(FindObjectsInactive, FindObjectsSortMode)' is obsolete: 'FindObjectsByType with FindObjectsSortMode parameter has been deprecated. Use FindObjectsByType<T>() or FindObjectsByType<T>(FindObjectsInactive) instead. InstanceID will be replaced in the future with EntityId and previous sort order cannot be maintained.'
Assets/Game/Scripts/Editor/CH02M02SupplyLineInputProbe.cs(121,127): warning CS0618: 'FindObjectsSortMode' is obsolete: 'FindObjectsSortMode has been deprecated. Use the FindObjectsByType overloads that do not take a FindObjectsSortMode parameter.'
Assets/Game/Scripts/Editor/CH02M02SupplyLineInputProbe.cs(121,38): warning CS0618: 'Object.FindObjectsByType<T>(FindObjectsInactive, FindObjectsSortMode)' is obsolete: 'FindObjectsByType with FindObjectsSortMode parameter has been deprecated. Use FindObjectsByType<T>() or FindObjectsByType<T>(FindObjectsInactive) instead. InstanceID will be replaced in the future with EntityId and previous sort order cannot be maintained.'
Assets/Game/Scripts/Editor/CH02M01GridlockWatchProbe.cs(140,104): warning CS0618: 'FindObjectsSortMode' is obsolete: 'FindObjectsSortMode has been deprecated. Use the FindObjectsByType overloads that do not take a FindObjectsSortMode parameter.'
Assets/Game/Scripts/Editor/CH02M01GridlockWatchProbe.cs(140,31): warning CS0618: 'Object.FindObjectsByType<T>(FindObjectsInactive, FindObjectsSortMode)' is obsolete: 'FindObjectsByType with FindObjectsSortMode parameter has been deprecated. Use FindObjectsByType<T>() or FindObjectsByType<T>(FindObjectsInactive) instead. InstanceID will be replaced in the future with EntityId and previous sort order cannot be maintained.'
Assets/Game/Scripts/Editor/CampaignTutorialEntryEditorProbe.Presentation.cs(20,86): warning CS0618: 'FindObjectsSortMode' is obsolete: 'FindObjectsSortMode has been deprecated. Use the FindObjectsByType overloads that do not take a FindObjectsSortMode parameter.'
Assets/Game/Scripts/Editor/CampaignTutorialEntryEditorProbe.Presentation.cs(20,36): warning CS0618: 'Object.FindObjectsByType<T>(FindObjectsSortMode)' is obsolete: 'FindObjectsByType with FindObjectsSortMode parameter has been deprecated. Use FindObjectsByType<T>() or FindObjectsByType<T>(FindObjectsInactive) instead. InstanceID will be replaced in the future with EntityId and previous sort order cannot be maintained.'
Assets/Game/Scripts/Editor/M01ComicVoicePlaybackProbe.cs(50,78): warning CS0618: 'FindObjectsSortMode' is obsolete: 'FindObjectsSortMode has been deprecated. Use the FindObjectsByType overloads that do not take a FindObjectsSortMode parameter.'
Assets/Game/Scripts/Editor/M01ComicVoicePlaybackProbe.cs(50,26): warning CS0618: 'Object.FindObjectsByType<T>(FindObjectsSortMode)' is obsolete: 'FindObjectsByType with FindObjectsSortMode parameter has been deprecated. Use FindObjectsByType<T>() or FindObjectsByType<T>(FindObjectsInactive) instead. InstanceID will be replaced in the future with EntityId and previous sort order cannot be maintained.'
Assets/Game/Scripts/Editor/CampaignTutorialEntryEditorProbe.Recovery.cs(74,74): warning CS0618: 'FindObjectsSortMode' is obsolete: 'FindObjectsSortMode has been deprecated. Use the FindObjectsByType overloads that do not take a FindObjectsSortMode parameter.'
Assets/Game/Scripts/Editor/CampaignTutorialEntryEditorProbe.Recovery.cs(74,29): warning CS0618: 'Object.FindObjectsByType<T>(FindObjectsSortMode)' is obsolete: 'FindObjectsByType with FindObjectsSortMode parameter has been deprecated. Use FindObjectsByType<T>() or FindObjectsByType<T>(FindObjectsInactive) instead. InstanceID will be replaced in the future with EntityId and previous sort order cannot be maintained.'
Assets/Game/Scripts/Editor/CampaignTutorialEntryEditorProbe.Recovery.cs(114,83): warning CS0618: 'FindObjectsSortMode' is obsolete: 'FindObjectsSortMode has been deprecated. Use the FindObjectsByType overloads that do not take a FindObjectsSortMode parameter.'
Assets/Game/Scripts/Editor/CampaignTutorialEntryEditorProbe.Recovery.cs(114,38): warning CS0618: 'Object.FindObjectsByType<T>(FindObjectsSortMode)' is obsolete: 'FindObjectsByType with FindObjectsSortMode parameter has been deprecated. Use FindObjectsByType<T>() or FindObjectsByType<T>(FindObjectsInactive) instead. InstanceID will be replaced in the future with EntityId and previous sort order cannot be maintained.'
Assets/Game/Scripts/Editor/M03RadarWarningMediaImporter.cs(40,47): warning CS0618: 'TextureImporter.spritesheet' is obsolete: 'Support for accessing sprite meta data through spritesheet has been removed. Please use the UnityEditor.U2D.Sprites.ISpriteEditorDataProvider interface instead.'
Assets/Game/Scripts/Editor/M04AirliftMediaImporter.cs(43,47): warning CS0618: 'TextureImporter.spritesheet' is obsolete: 'Support for accessing sprite meta data through spritesheet has been removed. Please use the UnityEditor.U2D.Sprites.ISpriteEditorDataProvider interface instead.'
Assets/Game/Scripts/Editor/M04AirliftEditorProbe.MobileActions.cs(47,107): warning CS0618: 'FindObjectsSortMode' is obsolete: 'FindObjectsSortMode has been deprecated. Use the FindObjectsByType overloads that do not take a FindObjectsSortMode parameter.'
Assets/Game/Scripts/Editor/M04AirliftEditorProbe.MobileActions.cs(47,42): warning CS0618: 'Object.FindObjectsByType<T>(FindObjectsSortMode)' is obsolete: 'FindObjectsByType with FindObjectsSortMode parameter has been deprecated. Use FindObjectsByType<T>() or FindObjectsByType<T>(FindObjectsInactive) instead. InstanceID will be replaced in the future with EntityId and previous sort order cannot be maintained.'
Assets/Game/Scripts/Editor/M04AirliftEditorProbe.MobileActions.cs(56,103): warning CS0618: 'FindObjectsSortMode' is obsolete: 'FindObjectsSortMode has been deprecated. Use the FindObjectsByType overloads that do not take a FindObjectsSortMode parameter.'
Assets/Game/Scripts/Editor/M04AirliftEditorProbe.MobileActions.cs(56,38): warning CS0618: 'Object.FindObjectsByType<T>(FindObjectsSortMode)' is obsolete: 'FindObjectsByType with FindObjectsSortMode parameter has been deprecated. Use FindObjectsByType<T>() or FindObjectsByType<T>(FindObjectsInactive) instead. InstanceID will be replaced in the future with EntityId and previous sort order cannot be maintained.'
Assets/Game/Scripts/Editor/M04AirliftEditorProbe.PlayerGuidance.cs(141,96): warning CS0618: 'FindObjectsSortMode' is obsolete: 'FindObjectsSortMode has been deprecated. Use the FindObjectsByType overloads that do not take a FindObjectsSortMode parameter.'
Assets/Game/Scripts/Editor/M04AirliftEditorProbe.PlayerGuidance.cs(141,31): warning CS0618: 'Object.FindObjectsByType<T>(FindObjectsSortMode)' is obsolete: 'FindObjectsByType with FindObjectsSortMode parameter has been deprecated. Use FindObjectsByType<T>() or FindObjectsByType<T>(FindObjectsInactive) instead. InstanceID will be replaced in the future with EntityId and previous sort order cannot be maintained.'
Assets/Game/Scripts/Editor/M04AirliftEditorProbe.PlayerGuidance.cs(153,108): warning CS0618: 'FindObjectsSortMode' is obsolete: 'FindObjectsSortMode has been deprecated. Use the FindObjectsByType overloads that do not take a FindObjectsSortMode parameter.'
Assets/Game/Scripts/Editor/M04AirliftEditorProbe.PlayerGuidance.cs(153,41): warning CS0618: 'Object.FindObjectsByType<T>(FindObjectsSortMode)' is obsolete: 'FindObjectsByType with FindObjectsSortMode parameter has been deprecated. Use FindObjectsByType<T>() or FindObjectsByType<T>(FindObjectsInactive) instead. InstanceID will be replaced in the future with EntityId and previous sort order cannot be maintained.'
Assets/Game/Scripts/Editor/M03RadarWarningEditorLaunchProbe.Guidance.cs(155,69): warning CS0618: 'FindObjectsSortMode' is obsolete: 'FindObjectsSortMode has been deprecated. Use the FindObjectsByType overloads that do not take a FindObjectsSortMode parameter.'
Assets/Game/Scripts/Editor/M03RadarWarningEditorLaunchProbe.Guidance.cs(155,24): warning CS0618: 'Object.FindObjectsByType<T>(FindObjectsSortMode)' is obsolete: 'FindObjectsByType with FindObjectsSortMode parameter has been deprecated. Use FindObjectsByType<T>() or FindObjectsByType<T>(FindObjectsInactive) instead. InstanceID will be replaced in the future with EntityId and previous sort order cannot be maintained.'
Assets/Game/Scripts/Editor/M03RadarWarningEditorLaunchProbe.Guidance.cs(211,108): warning CS0618: 'FindObjectsSortMode' is obsolete: 'FindObjectsSortMode has been deprecated. Use the FindObjectsByType overloads that do not take a FindObjectsSortMode parameter.'
Assets/Game/Scripts/Editor/M03RadarWarningEditorLaunchProbe.Guidance.cs(211,35): warning CS0618: 'Object.FindObjectsByType<T>(FindObjectsInactive, FindObjectsSortMode)' is obsolete: 'FindObjectsByType with FindObjectsSortMode parameter has been deprecated. Use FindObjectsByType<T>() or FindObjectsByType<T>(FindObjectsInactive) instead. InstanceID will be replaced in the future with EntityId and previous sort order cannot be maintained.'
Assets/Game/Scripts/Editor/M03RadarWarningEditorLaunchProbe.Indicator.cs(93,112): warning CS0618: 'FindObjectsSortMode' is obsolete: 'FindObjectsSortMode has been deprecated. Use the FindObjectsByType overloads that do not take a FindObjectsSortMode parameter.'
Assets/Game/Scripts/Editor/M03RadarWarningEditorLaunchProbe.Indicator.cs(93,39): warning CS0618: 'Object.FindObjectsByType<T>(FindObjectsInactive, FindObjectsSortMode)' is obsolete: 'FindObjectsByType with FindObjectsSortMode parameter has been deprecated. Use FindObjectsByType<T>() or FindObjectsByType<T>(FindObjectsInactive) instead. InstanceID will be replaced in the future with EntityId and previous sort order cannot be maintained.'
Assets/Game/Scripts/Editor/MissionTowerFireEditorProbe.cs(167,86): warning CS0618: 'FindObjectsSortMode' is obsolete: 'FindObjectsSortMode has been deprecated. Use the FindObjectsByType overloads that do not take a FindObjectsSortMode parameter.'
Assets/Game/Scripts/Editor/MissionTowerFireEditorProbe.cs(167,36): warning CS0618: 'Object.FindObjectsByType<T>(FindObjectsSortMode)' is obsolete: 'FindObjectsByType with FindObjectsSortMode parameter has been deprecated. Use FindObjectsByType<T>() or FindObjectsByType<T>(FindObjectsInactive) instead. InstanceID will be replaced in the future with EntityId and previous sort order cannot be maintained.'
Assets/Game/Scripts/Editor/M03RadarWarningEditorLaunchProbe.PlacementIndicator.cs(59,122): warning CS0618: 'FindObjectsSortMode' is obsolete: 'FindObjectsSortMode has been deprecated. Use the FindObjectsByType overloads that do not take a FindObjectsSortMode parameter.'
Assets/Game/Scripts/Editor/M03RadarWarningEditorLaunchProbe.PlacementIndicator.cs(59,36): warning CS0618: 'Object.FindObjectsByType<T>(FindObjectsInactive, FindObjectsSortMode)' is obsolete: 'FindObjectsByType with FindObjectsSortMode parameter has been deprecated. Use FindObjectsByType<T>() or FindObjectsByType<T>(FindObjectsInactive) instead. InstanceID will be replaced in the future with EntityId and previous sort order cannot be maintained.'
Assets/Game/Scripts/Editor/M03RadarWarningEditorLaunchProbe.PlacementIndicator.cs(62,111): warning CS0618: 'FindObjectsSortMode' is obsolete: 'FindObjectsSortMode has been deprecated. Use the FindObjectsByType overloads that do not take a FindObjectsSortMode parameter.'
Assets/Game/Scripts/Editor/M03RadarWarningEditorLaunchProbe.PlacementIndicator.cs(62,38): warning CS0618: 'Object.FindObjectsByType<T>(FindObjectsInactive, FindObjectsSortMode)' is obsolete: 'FindObjectsByType with FindObjectsSortMode parameter has been deprecated. Use FindObjectsByType<T>() or FindObjectsByType<T>(FindObjectsInactive) instead. InstanceID will be replaced in the future with EntityId and previous sort order cannot be maintained.'
Assets/Game/Scripts/Editor/OperationMapRenderInfrastructureEligibilityPolicy.cs(75,68): warning CS0618: 'Projector' is obsolete: 'Projector component is deprecated now that the Built-In Render Pipeline is deprecated. To use an alternative, refer to the documentation in the component help icon. #from(6000.5)'
Assets/Game/Scripts/Editor/OperationsReconLaunchSmokeValidation.cs(254,118): warning CS0618: 'FindObjectsSortMode' is obsolete: 'FindObjectsSortMode has been deprecated. Use the FindObjectsByType overloads that do not take a FindObjectsSortMode parameter.'
Assets/Game/Scripts/Editor/OperationsReconLaunchSmokeValidation.cs(254,44): warning CS0618: 'Object.FindObjectsByType<T>(FindObjectsInactive, FindObjectsSortMode)' is obsolete: 'FindObjectsByType with FindObjectsSortMode parameter has been deprecated. Use FindObjectsByType<T>() or FindObjectsByType<T>(FindObjectsInactive) instead. InstanceID will be replaced in the future with EntityId and previous sort order cannot be maintained.'
Assets/Game/Scripts/Editor/OperationsReconLaunchSmokeValidation.cs(312,135): warning CS0618: 'FindObjectsSortMode' is obsolete: 'FindObjectsSortMode has been deprecated. Use the FindObjectsByType overloads that do not take a FindObjectsSortMode parameter.'
Assets/Game/Scripts/Editor/OperationsReconLaunchSmokeValidation.cs(312,40): warning CS0618: 'Object.FindObjectsByType<T>(FindObjectsInactive, FindObjectsSortMode)' is obsolete: 'FindObjectsByType with FindObjectsSortMode parameter has been deprecated. Use FindObjectsByType<T>() or FindObjectsByType<T>(FindObjectsInactive) instead. InstanceID will be replaced in the future with EntityId and previous sort order cannot be maintained.'
Assets/Game/Scripts/Editor/OperationsReconLaunchSmokeValidation.cs(363,140): warning CS0618: 'FindObjectsSortMode' is obsolete: 'FindObjectsSortMode has been deprecated. Use the FindObjectsByType overloads that do not take a FindObjectsSortMode parameter.'
Assets/Game/Scripts/Editor/OperationsReconLaunchSmokeValidation.cs(363,45): warning CS0618: 'Object.FindObjectsByType<T>(FindObjectsInactive, FindObjectsSortMode)' is obsolete: 'FindObjectsByType with FindObjectsSortMode parameter has been deprecated. Use FindObjectsByType<T>() or FindObjectsByType<T>(FindObjectsInactive) instead. InstanceID will be replaced in the future with EntityId and previous sort order cannot be maintained.'
Assets/Game/Scripts/Editor/OperationsReconLaunchSmokeValidation.cs(443,142): warning CS0618: 'FindObjectsSortMode' is obsolete: 'FindObjectsSortMode has been deprecated. Use the FindObjectsByType overloads that do not take a FindObjectsSortMode parameter.'
Assets/Game/Scripts/Editor/OperationsReconLaunchSmokeValidation.cs(443,47): warning CS0618: 'Object.FindObjectsByType<T>(FindObjectsInactive, FindObjectsSortMode)' is obsolete: 'FindObjectsByType with FindObjectsSortMode parameter has been deprecated. Use FindObjectsByType<T>() or FindObjectsByType<T>(FindObjectsInactive) instead. InstanceID will be replaced in the future with EntityId and previous sort order cannot be maintained.'
Assets/Game/Scripts/Editor/OperationsReconLaunchSmokeValidation.cs(660,110): warning CS0618: 'FindObjectsSortMode' is obsolete: 'FindObjectsSortMode has been deprecated. Use the FindObjectsByType overloads that do not take a FindObjectsSortMode parameter.'
Assets/Game/Scripts/Editor/OperationsReconLaunchSmokeValidation.cs(660,36): warning CS0618: 'Object.FindObjectsByType<T>(FindObjectsInactive, FindObjectsSortMode)' is obsolete: 'FindObjectsByType with FindObjectsSortMode parameter has been deprecated. Use FindObjectsByType<T>() or FindObjectsByType<T>(FindObjectsInactive) instead. InstanceID will be replaced in the future with EntityId and previous sort order cannot be maintained.'
[1988/1995  0s] ILPostProcess Library/Bee/artifacts/1300b0aE.dag/post-processed/Game.Editor.dll (+pdb)
Processing assembly Library/Bee/artifacts/1300b0aE.dag/Game.Editor.dll, with 150 defines and 355 references
processors: Unity.Entities.CodeGen.EntitiesILPostProcessors, Unity.Jobs.CodeGen.JobsILPostProcessor, Unity.Pipeline.CodeGen.HotReloadInPlaceILPostProcessor, zzzUnity.Burst.CodeGen.BurstILPostProcessor
running Unity.Entities.CodeGen.EntitiesILPostProcessors
running Unity.Jobs.CodeGen.JobsILPostProcessor
running Unity.Pipeline.CodeGen.HotReloadInPlaceILPostProcessor
running zzzUnity.Burst.CodeGen.BurstILPostProcessor
[1989/1995  0s] CopyFiles Library/ScriptAssemblies/Game.Editor.pdb
[1990/1995  0s] CopyFiles Library/ScriptAssemblies/Game.Editor.dll
[1991/1995  3s] Csc Library/Bee/artifacts/1300b0aE.dag/Game.Tests.Editor.dll (+2 others)
[1992/1995  1s] ILPostProcess Library/Bee/artifacts/1300b0aE.dag/post-processed/Game.Tests.Editor.dll (+pdb)
Processing assembly Library/Bee/artifacts/1300b0aE.dag/Game.Tests.Editor.dll, with 150 defines and 332 references
processors: Unity.Entities.CodeGen.EntitiesILPostProcessors, Unity.Jobs.CodeGen.JobsILPostProcessor, Unity.Pipeline.CodeGen.HotReloadInPlaceILPostProcessor, zzzUnity.Burst.CodeGen.BurstILPostProcessor
running Unity.Entities.CodeGen.EntitiesILPostProcessors
running Unity.Jobs.CodeGen.JobsILPostProcessor
running Unity.Pipeline.CodeGen.HotReloadInPlaceILPostProcessor
running zzzUnity.Burst.CodeGen.BurstILPostProcessor
[1993/1995  0s] CopyFiles Library/ScriptAssemblies/Game.Tests.Editor.pdb
[1994/1995  0s] CopyFiles Library/ScriptAssemblies/Game.Tests.Editor.dll
*** Tundra build success (20.62 seconds), 30 items updated, 1995 evaluated
Assets/Game/Scripts/Systems/BuildingPlacementAuthoredRoadCache.cs(48,104): warning CS0618: 'FindObjectsSortMode' is obsolete: 'FindObjectsSortMode has been deprecated. Use the FindObjectsByType overloads that do not take a FindObjectsSortMode parameter.'
Assets/Game/Scripts/Systems/BuildingPlacementAuthoredRoadCache.cs(48,37): warning CS0618: 'Object.FindObjectsByType<T>(FindObjectsInactive, FindObjectsSortMode)' is obsolete: 'FindObjectsByType with FindObjectsSortMode parameter has been deprecated. Use FindObjectsByType<T>() or FindObjectsByType<T>(FindObjectsInactive) instead. InstanceID will be replaced in the future with EntityId and previous sort order cannot be maintained.'
Assets/Game/Scripts/Runtime/Missions/OperationsReconStartupSystem.cs(29,84): warning CS0618: 'EntityQueryCaptureMode.AtRecord' is obsolete: 'The Capture-query-at-record feature will be removed in a future version of the Entities package. Use AtPlayback mode instead. If AtRecord semantics are required, use the query to generate a NativeArray of matching entities to process, and pass the array instead of the query. (RemovedAfter Entities 2.0)'
Assets/Game/Scripts/Runtime/Missions/OperationsReconStartupSystem.cs(30,89): warning CS0618: 'EntityQueryCaptureMode.AtRecord' is obsolete: 'The Capture-query-at-record feature will be removed in a future version of the Entities package. Use AtPlayback mode instead. If AtRecord semantics are required, use the query to generate a NativeArray of matching entities to process, and pass the array instead of the query. (RemovedAfter Entities 2.0)'
Assets/Tests/PlayMode/OperationMapDenseCityPackedRuntimeParityPlayModeTests.cs(1669,13): warning CS0618: 'FindObjectsSortMode' is obsolete: 'FindObjectsSortMode has been deprecated. Use the FindObjectsByType overloads that do not take a FindObjectsSortMode parameter.'
Assets/Tests/PlayMode/OperationMapDenseCityPackedRuntimeParityPlayModeTests.cs(1667,34): warning CS0618: 'Object.FindObjectsByType<T>(FindObjectsInactive, FindObjectsSortMode)' is obsolete: 'FindObjectsByType with FindObjectsSortMode parameter has been deprecated. Use FindObjectsByType<T>() or FindObjectsByType<T>(FindObjectsInactive) instead. InstanceID will be replaced in the future with EntityId and previous sort order cannot be maintained.'
issions/OperationsReconStartupSystem.cs(29,84): warning CS0618: 'EntityQueryCaptureMode.AtRecord' is obsolete: 'The Capture-query-at-record feature will be removed in a future version of the Entities package. Use AtPlayback mode instead. If AtRecord semantics are required, use the query to generate a NativeArray of matching entities to process, and pass the array instead of the query. (RemovedAfter Entities 2.0)'
Assets/Game/Scripts/Runtime/Missions/OperationsReconStartupSystem.cs(30,89): warning CS0618: 'EntityQueryCaptureMode.AtRecord' is obsolete: 'The Capture-query-at-record feature will be removed in a future version of the Entities package. Use AtPlayback mode instead. If AtRecord semantics are required, use the query to generate a NativeArray of matching entities to process, and pass the array instead of the query. (RemovedAfter Entities 2.0)'
Assets/Game/Scripts/Editor/CH02M02SupplyLineInputProbe.cs(109,106): warning CS0618: 'FindObjectsSortMode' is obsolete: 'FindObjectsSortMode has been deprecated. Use the FindObjectsByType overloads that do not take a FindObjectsSortMode parameter.'
Assets/Game/Scripts/Editor/CH02M02SupplyLineInputProbe.cs(109,33): warning CS0618: 'Object.FindObjectsByType<T>(FindObjectsInactive, FindObjectsSortMode)' is obsolete: 'FindObjectsByType with FindObjectsSortMode parameter has been deprecated. Use FindObjectsByType<T>() or FindObjectsByType<T>(FindObjectsInactive) instead. InstanceID will be replaced in the future with EntityId and previous sort order cannot be maintained.'
Assets/Game/Scripts/Editor/CH02M02SupplyLineInputProbe.cs(121,127): warning CS0618: 'FindObjectsSortMode' is obsolete: 'FindObjectsSortMode has been deprecated. Use the FindObjectsByType overloads that do not take a FindObjectsSortMode parameter.'
Assets/Game/Scripts/Editor/CH02M02SupplyLineInputProbe.cs(121,38): warning CS0618: 'Object.FindObjectsByType<T>(FindObjectsInactive, FindObjectsSortMode)' is obsolete: 'FindObjectsByType with FindObjectsSortMode parameter has been deprecated. Use FindObjectsByType<T>() or FindObjectsByType<T>(FindObjectsInactive) instead. InstanceID will be replaced in the future with EntityId and previous sort order cannot be maintained.'
Assets/Game/Scripts/Editor/CH02M01GridlockWatchProbe.cs(140,104): warning CS0618: 'FindObjectsSortMode' is obsolete: 'FindObjectsSortMode has been deprecated. Use the FindObjectsByType overloads that do not take a FindObjectsSortMode parameter.'
Assets/Game/Scripts/Editor/CH02M01GridlockWatchProbe.cs(140,31): warning CS0618: 'Object.FindObjectsByType<T>(FindObjectsInactive, FindObjectsSortMode)' is obsolete: 'FindObjectsByType with FindObjectsSortMode parameter has been deprecated. Use FindObjectsByType<T>() or FindObjectsByType<T>(FindObjectsInactive) instead. InstanceID will be replaced in the future with EntityId and previous sort order cannot be maintained.'
Assets/Game/Scripts/Editor/CampaignTutorialEntryEditorProbe.Presentation.cs(20,86): warning CS0618: 'FindObjectsSortMode' is obsolete: 'FindObjectsSortMode has been deprecated. Use the FindObjectsByType overloads that do not take a FindObjectsSortMode parameter.'
Assets/Game/Scripts/Editor/CampaignTutorialEntryEditorProbe.Presentation.cs(20,36): warning CS0618: 'Object.FindObjectsByType<T>(FindObjectsSortMode)' is obsolete: 'FindObjectsByType with FindObjectsSortMode parameter has been deprecated. Use FindObjectsByType<T>() or FindObjectsByType<T>(FindObjectsInactive) instead. InstanceID will be replaced in the future with EntityId and previous sort order cannot be maintained.'
Assets/Game/Scripts/Editor/M01ComicVoicePlaybackProbe.cs(50,78): warning CS0618: 'FindObjectsSortMode' is obsolete: 'FindObjectsSortMode has been deprecated. Use the FindObjectsByType overloads that do not take a FindObjectsSortMode parameter.'
Assets/Game/Scripts/Editor/M01ComicVoicePlaybackProbe.cs(50,26): warning CS0618: 'Object.FindObjectsByType<T>(FindObjectsSortMode)' is obsolete: 'FindObjectsByType with FindObjectsSortMode parameter has been deprecated. Use FindObjectsByType<T>() or FindObjectsByType<T>(FindObjectsInactive) instead. InstanceID will be replaced in the future with EntityId and previous sort order cannot be maintained.'
Assets/Game/Scripts/Editor/CampaignTutorialEntryEditorProbe.Recovery.cs(74,74): warning CS0618: 'FindObjectsSortMode' is obsolete: 'FindObjectsSortMode has been deprecated. Use the FindObjectsByType overloads that do not take a FindObjectsSortMode parameter.'
Assets/Game/Scripts/Editor/CampaignTutorialEntryEditorProbe.Recovery.cs(74,29): warning CS0618: 'Object.FindObjectsByType<T>(FindObjectsSortMode)' is obsolete: 'FindObjectsByType with FindObjectsSortMode parameter has been deprecated. Use FindObjectsByType<T>() or FindObjectsByType<T>(FindObjectsInactive) instead. InstanceID will be replaced in the future with EntityId and previous sort order cannot be maintained.'
Assets/Game/Scripts/Editor/CampaignTutorialEntryEditorProbe.Recovery.cs(114,83): warning CS0618: 'FindObjectsSortMode' is obsolete: 'FindObjectsSortMode has been deprecated. Use the FindObjectsByType overloads that do not take a FindObjectsSortMode parameter.'
Assets/Game/Scripts/Editor/CampaignTutorialEntryEditorProbe.Recovery.cs(114,38): warning CS0618: 'Object.FindObjectsByType<T>(FindObjectsSortMode)' is obsolete: 'FindObjectsByType with FindObjectsSortMode parameter has been deprecated. Use FindObjectsByType<T>() or FindObjectsByType<T>(FindObjectsInactive) instead. InstanceID will be replaced in the future with EntityId and previous sort order cannot be maintained.'
Assets/Game/Scripts/Editor/M03RadarWarningMediaImporter.cs(40,47): warning CS0618: 'TextureImporter.spritesheet' is obsolete: 'Support for accessing sprite meta data through spritesheet has been removed. Please use the UnityEditor.U2D.Sprites.ISpriteEditorDataProvider interface instead.'
Assets/Game/Scripts/Editor/M04AirliftMediaImporter.cs(43,47): warning CS0618: 'TextureImporter.spritesheet' is obsolete: 'Support for accessing sprite meta data through spritesheet has been removed. Please use the UnityEditor.U2D.Sprites.ISpriteEditorDataProvider interface instead.'
Assets/Game/Scripts/Editor/M04AirliftEditorProbe.MobileActions.cs(47,107): warning CS0618: 'FindObjectsSortMode' is obsolete: 'FindObjectsSortMode has been deprecated. Use the FindObjectsByType overloads that do not take a FindObjectsSortMode parameter.'
Assets/Game/Scripts/Editor/M04AirliftEditorProbe.MobileActions.cs(47,42): warning CS0618: 'Object.FindObjectsByType<T>(FindObjectsSortMode)' is obsolete: 'FindObjectsByType with FindObjectsSortMode parameter has been deprecated. Use FindObjectsByType<T>() or FindObjectsByType<T>(FindObjectsInactive) instead. InstanceID will be replaced in the future with EntityId and previous sort order cannot be maintained.'
Assets/Game/Scripts/Editor/M04AirliftEditorProbe.MobileActions.cs(56,103): warning CS0618: 'FindObjectsSortMode' is obsolete: 'FindObjectsSortMode has been deprecated. Use the FindObjectsByType overloads that do not take a FindObjectsSortMode parameter.'
Assets/Game/Scripts/Editor/M04AirliftEditorProbe.MobileActions.cs(56,38): warning CS0618: 'Object.FindObjectsByType<T>(FindObjectsSortMode)' is obsolete: 'FindObjectsByType with FindObjectsSortMode parameter has been deprecated. Use FindObjectsByType<T>() or FindObjectsByType<T>(FindObjectsInactive) instead. InstanceID will be replaced in the future with EntityId and previous sort order cannot be maintained.'
Assets/Game/Scripts/Editor/M04AirliftEditorProbe.PlayerGuidance.cs(141,96): warning CS0618: 'FindObjectsSortMode' is obsolete: 'FindObjectsSortMode has been deprecated. Use the FindObjectsByType overloads that do not take a FindObjectsSortMode parameter.'
Assets/Game/Scripts/Editor/M04AirliftEditorProbe.PlayerGuidance.cs(141,31): warning CS0618: 'Object.FindObjectsByType<T>(FindObjectsSortMode)' is obsolete: 'FindObjectsByType with FindObjectsSortMode parameter has been deprecated. Use FindObjectsByType<T>() or FindObjectsByType<T>(FindObjectsInactive) instead. InstanceID will be replaced in the future with EntityId and previous sort order cannot be maintained.'
Assets/Game/Scripts/Editor/M04AirliftEditorProbe.PlayerGuidance.cs(153,108): warning CS0618: 'FindObjectsSortMode' is obsolete: 'FindObjectsSortMode has been deprecated. Use the FindObjectsByType overloads that do not take a FindObjectsSortMode parameter.'
Assets/Game/Scripts/Editor/M04AirliftEditorProbe.PlayerGuidance.cs(153,41): warning CS0618: 'Object.FindObjectsByType<T>(FindObjectsSortMode)' is obsolete: 'FindObjectsByType with FindObjectsSortMode parameter has been deprecated. Use FindObjectsByType<T>() or FindObjectsByType<T>(FindObjectsInactive) instead. InstanceID will be replaced in the future with EntityId and previous sort order cannot be maintained.'
Assets/Game/Scripts/Editor/M03RadarWarningEditorLaunchProbe.Guidance.cs(155,69): warning CS0618: 'FindObjectsSortMode' is obsolete: 'FindObjectsSortMode has been deprecated. Use the FindObjectsByType overloads that do not take a FindObjectsSortMode parameter.'
Assets/Game/Scripts/Editor/M03RadarWarningEditorLaunchProbe.Guidance.cs(155,24): warning CS0618: 'Object.FindObjectsByType<T>(FindObjectsSortMode)' is obsolete: 'FindObjectsByType with FindObjectsSortMode parameter has been deprecated. Use FindObjectsByType<T>() or FindObjectsByType<T>(FindObjectsInactive) instead. InstanceID will be replaced in the future with EntityId and previous sort order cannot be maintained.'
Assets/Game/Scripts/Editor/M03RadarWarningEditorLaunchProbe.Guidance.cs(211,108): warning CS0618: 'FindObjectsSortMode' is obsolete: 'FindObjectsSortMode has been deprecated. Use the FindObjectsByType overloads that do not take a FindObjectsSortMode parameter.'
Assets/Game/Scripts/Editor/M03RadarWarningEditorLaunchProbe.Guidance.cs(211,35): warning CS0618: 'Object.FindObjectsByType<T>(FindObjectsInactive, FindObjectsSortMode)' is obsolete: 'FindObjectsByType with FindObjectsSortMode parameter has been deprecated. Use FindObjectsByType<T>() or FindObjectsByType<T>(FindObjectsInactive) instead. InstanceID will be replaced in the future with EntityId and previous sort order cannot be maintained.'
Assets/Game/Scripts/Editor/M03RadarWarningEditorLaunchProbe.Indicator.cs(93,112): warning CS0618: 'FindObjectsSortMode' is obsolete: 'FindObjectsSortMode has been deprecated. Use the FindObjectsByType overloads that do not take a FindObjectsSortMode parameter.'
Assets/Game/Scripts/Editor/M03RadarWarningEditorLaunchProbe.Indicator.cs(93,39): warning CS0618: 'Object.FindObjectsByType<T>(FindObjectsInactive, FindObjectsSortMode)' is obsolete: 'FindObjectsByType with FindObjectsSortMode parameter has been deprecated. Use FindObjectsByType<T>() or FindObjectsByType<T>(FindObjectsInactive) instead. InstanceID will be replaced in the future with EntityId and previous sort order cannot be maintained.'
Assets/Game/Scripts/Editor/MissionTowerFireEditorProbe.cs(167,86): warning CS0618: 'FindObjectsSortMode' is obsolete: 'FindObjectsSortMode has been deprecated. Use the FindObjectsByType overloads that do not take a FindObjectsSortMode parameter.'
Assets/Game/Scripts/Editor/MissionTowerFireEditorProbe.cs(167,36): warning CS0618: 'Object.FindObjectsByType<T>(FindObjectsSortMode)' is obsolete: 'FindObjectsByType with FindObjectsSortMode parameter has been deprecated. Use FindObjectsByType<T>() or FindObjectsByType<T>(FindObjectsInactive) instead. InstanceID will be replaced in the future with EntityId and previous sort order cannot be maintained.'
Assets/Game/Scripts/Editor/M03RadarWarningEditorLaunchProbe.PlacementIndicator.cs(59,122): warning CS0618: 'FindObjectsSortMode' is obsolete: 'FindObjectsSortMode has been deprecated. Use the FindObjectsByType overloads that do not take a FindObjectsSortMode parameter.'
Assets/Game/Scripts/Editor/M03RadarWarningEditorLaunchProbe.PlacementIndicator.cs(59,36): warning CS0618: 'Object.FindObjectsByType<T>(FindObjectsInactive, FindObjectsSortMode)' is obsolete: 'FindObjectsByType with FindObjectsSortMode parameter has been deprecated. Use FindObjectsByType<T>() or FindObjectsByType<T>(FindObjectsInactive) instead. InstanceID will be replaced in the future with EntityId and previous sort order cannot be maintained.'
Assets/Game/Scripts/Editor/M03RadarWarningEditorLaunchProbe.PlacementIndicator.cs(62,111): warning CS0618: 'FindObjectsSortMode' is obsolete: 'FindObjectsSortMode has been deprecated. Use the FindObjectsByType overloads that do not take a FindObjectsSortMode parameter.'
Assets/Game/Scripts/Editor/M03RadarWarningEditorLaunchProbe.PlacementIndicator.cs(62,38): warning CS0618: 'Object.FindObjectsByType<T>(FindObjectsInactive, FindObjectsSortMode)' is obsolete: 'FindObjectsByType with FindObjectsSortMode parameter has been deprecated. Use FindObjectsByType<T>() or FindObjectsByType<T>(FindObjectsInactive) instead. InstanceID will be replaced in the future with EntityId and previous sort order cannot be maintained.'
Assets/Game/Scripts/Editor/OperationMapRenderInfrastructureEligibilityPolicy.cs(75,68): warning CS0618: 'Projector' is obsolete: 'Projector component is deprecated now that the Built-In Render Pipeline is deprecated. To use an alternative, refer to the documentation in the component help icon. #from(6000.5)'
Assets/Game/Scripts/Editor/OperationsReconLaunchSmokeValidation.cs(254,118): warning CS0618: 'FindObjectsSortMode' is obsolete: 'FindObjectsSortMode has been deprecated. Use the FindObjectsByType overloads that do not take a FindObjectsSortMode parameter.'
Assets/Game/Scripts/Editor/OperationsReconLaunchSmokeValidation.cs(254,44): warning CS0618: 'Object.FindObjectsByType<T>(FindObjectsInactive, FindObjectsSortMode)' is obsolete: 'FindObjectsByType with FindObjectsSortMode parameter has been deprecated. Use FindObjectsByType<T>() or FindObjectsByType<T>(FindObjectsInactive) instead. InstanceID will be replaced in the future with EntityId and previous sort order cannot be maintained.'
Assets/Game/Scripts/Editor/OperationsReconLaunchSmokeValidation.cs(312,135): warning CS0618: 'FindObjectsSortMode' is obsolete: 'FindObjectsSortMode has been deprecated. Use the FindObjectsByType overloads that do not take a FindObjectsSortMode parameter.'
Assets/Game/Scripts/Editor/OperationsReconLaunchSmokeValidation.cs(312,40): warning CS0618: 'Object.FindObjectsByType<T>(FindObjectsInactive, FindObjectsSortMode)' is obsolete: 'FindObjectsByType with FindObjectsSortMode parameter has been deprecated. Use FindObjectsByType<T>() or FindObjectsByType<T>(FindObjectsInactive) instead. InstanceID will be replaced in the future with EntityId and previous sort order cannot be maintained.'
Assets/Game/Scripts/Editor/OperationsReconLaunchSmokeValidation.cs(363,140): warning CS0618: 'FindObjectsSortMode' is obsolete: 'FindObjectsSortMode has been deprecated. Use the FindObjectsByType overloads that do not take a FindObjectsSortMode parameter.'
Assets/Game/Scripts/Editor/OperationsReconLaunchSmokeValidation.cs(363,45): warning CS0618: 'Object.FindObjectsByType<T>(FindObjectsInactive, FindObjectsSortMode)' is obsolete: 'FindObjectsByType with FindObjectsSortMode parameter has been deprecated. Use FindObjectsByType<T>() or FindObjectsByType<T>(FindObjectsInactive) instead. InstanceID will be replaced in the future with EntityId and previous sort order cannot be maintained.'
Assets/Game/Scripts/Editor/OperationsReconLaunchSmokeValidation.cs(443,142): warning CS0618: 'FindObjectsSortMode' is obsolete: 'FindObjectsSortMode has been deprecated. Use the FindObjectsByType overloads that do not take a FindObjectsSortMode parameter.'
Assets/Game/Scripts/Editor/OperationsReconLaunchSmokeValidation.cs(443,47): warning CS0618: 'Object.FindObjectsByType<T>(FindObjectsInactive, FindObjectsSortMode)' is obsolete: 'FindObjectsByType with FindObjectsSortMode parameter has been deprecated. Use FindObjectsByType<T>() or FindObjectsByType<T>(FindObjectsInactive) instead. InstanceID will be replaced in the future with EntityId and previous sort order cannot be maintained.'
Assets/Game/Scripts/Editor/OperationsReconLaunchSmokeValidation.cs(660,110): warning CS0618: 'FindObjectsSortMode' is obsolete: 'FindObjectsSortMode has been deprecated. Use the FindObjectsByType overloads that do not take a FindObjectsSortMode parameter.'
Assets/Game/Scripts/Editor/OperationsReconLaunchSmokeValidation.cs(660,36): warning CS0618: 'Object.FindObjectsByType<T>(FindObjectsInactive, FindObjectsSortMode)' is obsolete: 'FindObjectsByType with FindObjectsSortMode parameter has been deprecated. Use FindObjectsByType<T>() or FindObjectsByType<T>(FindObjectsInactive) instead. InstanceID will be replaced in the future with EntityId and previous sort order cannot be maintained.'
AssetDatabase: script compilation time: 23.269218s
Total cache size 268345058
Total cache size after purge 268345058, took 00:00:00.2557472
Begin MonoManager ReloadAssembly
Symbol file LoadedFromMemory is not a mono symbol file
Assembly reference Packages/com.unity.entities/Unity.Scenes.Editor/Internals/Properties/Unity.Properties.Internals.asmref has no target assembly definition
Native extension for Android target not found
Native extension for OSXStandalone target not found
TypeManager.Initialize took: 221ms
Start HTTP server: port:7802
[MODES] ModeService[none].Initialize
[MODES] ModeService[none].LoadModes
[MODES] Loading mode Default (0) for mode-current-id-WarlineCapture
[Licensing::Client] Error: Code 404 while processing request (status: Found 0 entitlement groups and 0 free entitlements matching requested entitlement ids)
ScheduleIndexationOnStartup MainProcess:True IndexOnStartup:True
Mono: successfully reloaded assembly
- Finished resetting the current domain, in  7.724 seconds
Domain Reload Profiling: 8655ms
	BeginReloadAssembly (137ms)
		DisableScriptedObjects (9ms)
		CreateAndSetChildDomain (29ms)
	RebuildCommonClasses (5ms)
	RebuildNativeTypeToScriptingClass (9ms)
	initialDomainReloadingComplete (49ms)
	LoadAllAssembliesAndSetupDomain (730ms)
		LoadAssemblies (311ms)
		AnalyzeDomain (385ms)
			TypeCache.Refresh (317ms)
				TypeCache.ScanAssembly (291ms)
			BuildScriptInfoCaches (62ms)
			ResolveRequiredComponents (5ms)
	FinalizeReload (7726ms)
		SetupLoadedEditorAssemblies (0ms)
			InitializePlatformSupportModulesInManaged (7ms)
			BeforeProcessingInitializeOnLoad (58ms)
			ProcessInitializeOnLoadAttributes (3785ms)
			ProcessInitializeOnLoadMethodAttributes (3586ms)
		AwakeInstancesAfterBackupRestoration (17ms)
Starting new worker id: 0 with log in /private/tmp/warline-s003-player-ready/Logs/AssetImportWorkerHW0.log
Loaded 1 ExamplePackConfig assets
UnityEngine.Debug:ExtractStackTraceNoAlloc (byte*,int,string)
UnityEngine.StackTraceUtility:ExtractStackTrace () (at /Users/bokken/build/output/unity/unity/Runtime/Export/Scripting/StackTrace.cs:35)
UnityEngine.DebugLogHandler:Internal_Log (UnityEngine.LogType,UnityEngine.LogOption,string,UnityEngine.Object)
UnityEngine.DebugLogHandler:LogFormat (UnityEngine.LogType,UnityEngine.Object,string,object[])
UnityEngine.Logger:Log (UnityEngine.LogType,object)
UnityEngine.Debug:Log (object)
SyntyPackageHelper:LoadSyntyPackageHelperConfigs () (at Assets/Synty/SyntyPackageHelper/Editor/SyntyPackageHelper.cs:46)
SyntyPackageHelper:OnProjectChanged () (at Assets/Synty/SyntyPackageHelper/Editor/SyntyPackageHelper.cs:55)
UnityEditor.EditorApplication:Internal_CallProjectHasChanged () (at /Users/bokken/build/output/unity/unity/Editor/Mono/EditorApplication.cs:461)

(Filename: Assets/Synty/SyntyPackageHelper/Editor/SyntyPackageHelper.cs Line: 46)

Worker ready: AssetImportWorkerHW0 0

Asset Pipeline Refresh (id=948d8679065dd4f85b681b54014f513b): Total: 36.341 seconds - Initiated by InitialRefreshV2(ForceSynchronousImport)
	(Values over 0.05ms)
	Summary:
		Imports: total=0 (actual=0, local cache=0, cache server=0)
		Asset DB Process Time: managed=0 ms, native=10739 ms
		Asset DB Callback time: managed=1253 ms, native=22 ms
		Scripting: domain reloads=1, domain reload time=1001 ms, compile time=23271 ms, other=53 ms
		Project Asset Count: scripts=3312, non-scripts=20216
		Asset File Changes: new=1, changed=8, moved=0, deleted=0
		Scan Filter Count: 1
	InvokePackagesCallback: 11.045ms
	ApplyChangesToAssetFolders: 0.810ms
	Scan: 1504.793ms
	Collect global state as custom dependencies: 5.206ms
	OnSourceAssetsModified: 0.684ms
	CategorizeScriptCompilationAssets: 74.643ms
	ProcessAssetsWithTransientArtifactChanges: 109.194ms
	CategorizeAssets: 616.846ms
	CompileScripts: 23271.020ms
	ImportOutOfDateAssets: 8167.278ms (7786.015ms without children)
		ReloadNativeAssets: 0.679ms
		UnloadImportedAssets: 9.345ms
		EnsureUptoDateAssetsAreRegisteredWithGuidPM: 4.699ms
		ImportSchedulerStart: 366.391ms
	PostProcessAllAssets: 1224.625ms
		VCAutoAddAssetPostprocess 5.700ms
		PostProcessCallbackCreateDeferredMaterials 0.270ms
		XRBuildSystem.XRAssetImported 0.201ms
		ShaderAssetModifiedCallback 0.111ms
		MonoPostProcessAllAssets: 1217.251ms
			AssetPostprocessor.OnPostprocessAllAssets 538.409ms
			SyncVS.PostprocessSyncProject 444.715ms
			StyleCatalogPostProcessor.OnPostprocessAllAssets 40.647ms
			AssetReferenceReimportMonitor.OnPostprocessAllAssets 17.075ms
			UniversalRenderPipelineGlobalSettingsPostprocessor.OnPostprocessAllAssets 11.784ms
			BuilderAssetPostprocessor.OnPostprocessAllAssets 6.091ms
			AssetChangedListener.OnPostprocessAllAssets 2.925ms
			SceneAssetPostProcessor.OnPostprocessAllAssets 2.514ms
			SpeedTree9Postprocessor.OnPostprocessAllAssets 2.205ms
			GraphRefreshPostprocessor.OnPostprocessAllAssets 2.102ms
			AddressablesAssetPostProcessor.OnPostprocessAllAssets 1.961ms
			ShaderGraphAssetPostProcessor.OnPostprocessAllAssets 1.787ms
			SpriteSlicePostprocessor.OnPostprocessAllAssets 1.460ms
			WindowAssetPostprocessingWatcher.OnPostprocessAllAssets 1.346ms
			RetainedModeAssetPostprocessor.OnPostprocessAllAssets 0.967ms
			AssetChangeDetector.OnPostprocessAllAssets 0.523ms
			MaterialPostprocessor.OnPostprocessAllAssets 0.437ms
			PostProcessor.OnPostprocessAllAssets 0.420ms
			SpriteEditorTexturePostprocessor.OnPostprocessAllAssets 0.416ms
			RenderPipelineGlobalSettingsPostprocessor.OnPostprocessAllAssets 0.416ms
			UVCSAssetPostprocessor.OnPostprocessAllAssets 0.378ms
			ArtifactBrowserPostProcessor.OnPostprocessAllAssets 0.352ms
			SkillsProjectAssetPostprocessor.OnPostprocessAllAssets 0.346ms
			ShaderReflectionAssetPostProcessor.OnPostprocessAllAssets 0.316ms
			SampleDependencyImporterPostProcessor.OnPostprocessAllAssets 0.309ms
			TextAssetPostProcessor.OnPostprocessAllAssets 0.307ms
			InputActionAssetPostprocessor.OnPostprocessAllAssets 0.264ms
			SpeedTreePostProcessor.OnPostprocessAllAssets 0.251ms
			TerrainToolbarOverlayPostProcessor.OnPostprocessAllAssets 0.237ms
			AudioMixerPostprocessor.OnPostprocessAllAssets 0.224ms
			ReferencedClipsPostProcessor.OnPostprocessAllAssets 0.218ms
			TMPro_TexturePostProcessor.OnPostprocessAllAssets 0.218ms
			ProjectSettingsPostprocessor.OnPostprocessAllAssets 0.193ms
			AssetPathToTypes.OnPostprocessAllAssets 0.181ms
			AssetEvents.OnPostprocessAllAssets 0.179ms
			InputActionJsonNameModifierAssetProcessor.OnPostprocessAllAssets 0.170ms
			AudioContainerPostProcessor.OnPostprocessAllAssets 0.104ms
			AssetDatabaseCallbacks.OnPostprocessAllAssets 0.099ms
			SamplePostprocessor.OnPostprocessAllAssets 0.095ms
			ConfigAssetsTracker.OnPostprocessAllAssets 0.073ms
			TrackSelectedAssetsProcessor.OnPostprocessAllAssets 0.068ms
			ScenarioDriftAssetsTracker.OnPostprocessAllAssets 0.063ms
	PostAssetChangesProfiler: 679.720ms
	GatherAllCurrentPrimaryImportResultRevisions: 0.872ms
	UnloadStreamsBegin: 3.996ms
	PersistCurrentRevisions: 1.102ms
	GenerateScriptTypeHashes: 21.203ms
	GenerateScriptTypeSerializationHashes: 39.343ms
	Untracked: 1285.967ms

Application.AssetDatabase Initial Refresh End
Shader Hidden/ChartRasterizerHardware is not supported: GPU does not support conservative rasterization
Launching external process: /Applications/Unity/Hub/Editor/6000.5.2f1/Unity.app/Contents/Helpers/UnityShaderCompiler
Launched and connected shader compiler UnityShaderCompiler after 0.06 seconds
Shader Hidden/ChartRasterizerHardware is not supported: GPU does not support conservative rasterization
Scanning for USB devices : 0.135ms
Initializing Unity extensions:
2026-09-24 19:52:58.204 Unity[93246:24793953] NSEventModifierFlagFunction specified to -setKeyEquivalentModifierMask: for item <NSMenuItem: 0x93847f020 Capture Live Owner Feedback, ke='Command-F10'>, but is only supported for system-provided menu items; will not be used
2026-09-24 19:52:58.204 Unity[93246:24793953] NSEventModifierFlagFunction specified to -setKeyEquivalentModifierMask: for item <NSMenuItem: 0x937a63e80 Log Live Owner Feedback State, ke='Command-F9'>, but is only supported for system-provided menu items; will not be used
2026-09-24 19:52:58.205 Unity[93246:24793953] NSEventModifierFlagFunction specified to -setKeyEquivalentModifierMask: for item <NSMenuItem: 0x937a63d40 Validate Owner Feedback Fixes, ke='Command-F8'>, but is only supported for system-provided menu items; will not be used
2026-09-24 19:52:58.209 Unity[93246:24793953] NSEventModifierFlagFunction specified to -setKeyEquivalentModifierMask: for item <NSMenuItem: 0x928fa4460 SDF, ke='Command-F12'>, but is only supported for system-provided menu items; will not be used
Unloading 1539 Unused Serialized files (Serialized files now loaded: 0)
Loaded scene 'Assets/Game/Scenes/Menu.unity'
	Deserialize:            3229.565 ms
	Integration:            1062.640 ms
	Integration of assets:  796.589 ms
	Thread Wait Time:       -0.961 ms
	Total Operation Time:   5087.833 ms
Unloading 14734 unused Assets / (18.0 MB). Loaded Objects now: 44313.
Memory consumption went from 0.82 GB to 0.80 GB.
Total: 120.241375 ms (FindLiveObjects: 22.630000 ms CreateObjectMapping: 12.362250 ms MarkObjects: 69.159959 ms  DeleteObjects: 16.088875 ms)

[LAYOUT] About to load UserSettings/Layouts/default-6000.dwlt, keepMainWindow=False
[LAYOUT] About to save layout /private/tmp/warline-s003-player-ready/UserSettings/Layouts/default-6000.dwlt
[LAYOUT] About to save layout /Users/farhad/Library/Preferences/Unity/Editor-5.x/Layouts/current/default-6000.dwlt
[MODES] ModeService[default].InitializeCurrentMode
[MODES] ModeService[default].RaiseModeChanged(default, default)
2026-09-24 19:53:05.877 Unity[93246:24793953] NSEventModifierFlagFunction specified to -setKeyEquivalentModifierMask: for item <NSMenuItem: 0x937a61d60 Capture Live Owner Feedback, ke='Command-F10'>, but is only supported for system-provided menu items; will not be used
2026-09-24 19:53:05.878 Unity[93246:24793953] NSEventModifierFlagFunction specified to -setKeyEquivalentModifierMask: for item <NSMenuItem: 0x937a61ea0 Log Live Owner Feedback State, ke='Command-F9'>, but is only supported for system-provided menu items; will not be used
2026-09-24 19:53:05.878 Unity[93246:24793953] NSEventModifierFlagFunction specified to -setKeyEquivalentModifierMask: for item <NSMenuItem: 0x937a61f40 Validate Owner Feedback Fixes, ke='Command-F8'>, but is only supported for system-provided menu items; will not be used
2026-09-24 19:53:05.884 Unity[93246:24793953] NSEventModifierFlagFunction specified to -setKeyEquivalentModifierMask: for item <NSMenuItem: 0x928fa4be0 SDF, ke='Command-F12'>, but is only supported for system-provided menu items; will not be used
Importing 'GUID: e6c58e75eb676422b8b24e937cbb1097 - Path: Assets/Game/Configs/Prefabs/Prefab_BuildingDefinition_GroundStaging_Config.asset' with importer (NativeFormatImporter)
Imported 'GUID: e6c58e75eb676422b8b24e937cbb1097' -> (Import Result ID: 'a8a4e016067955f83cc68f6475433437') in 0.009 seconds [static dependencies only]. Details - ImportResultOutputID=c2198390c2fa48e8f973082b5e21662a DependenciesID=a3eca9094c3932da878e1c8aeadb2ad4 StaticDependenciesID=c8cfaf217959c494408b8c1f97fc064d 

Asset Pipeline Refresh (id=3c44f770b476e413eb86dcdb4c2a91e1): Total: 0.426 seconds - Initiated by StopAssetImportingV2(NoUpdateAssetOptions)
	(Values over 0.05ms)
	Summary:
		Imports: total=1 (actual=1, local cache=0, cache server=0)
		Asset DB Process Time: managed=1 ms, native=403 ms
		Asset DB Callback time: managed=13 ms, native=7 ms
		Scripting: domain reloads=0, domain reload time=0 ms, compile time=0 ms, other=0 ms
		Project Asset Count: scripts=3312, non-scripts=20217
		Asset File Changes: new=1, changed=1, moved=0, deleted=0
		Scan Filter Count: 5
	ApplyChangesToAssetFolders: 0.310ms
	Scan: 15.912ms
	Collect global state as custom dependencies: 0.701ms
	OnSourceAssetsModified: 1.275ms
	ProcessAssetsWithTransientArtifactChanges: 1.501ms
	CategorizeAssets: 45.489ms
	ImportOutOfDateAssets: 254.620ms (32.319ms without children)
		ImportManagerImport: 15.126ms (4.191ms without children)
		ReloadNativeAssets: 0.533ms
		UnloadImportedAssets: 0.089ms
		EnsureUptoDateAssetsAreRegisteredWithGuidPM: 2.972ms
		InitializingProgressBar: 2.438ms
		ImportSchedulerStart: 201.142ms
	PostProcessAllAssets: 13.430ms
		XRBuildSystem.XRAssetImported 2.455ms
		MonoPostProcessAllAssets: 10.228ms
			SpriteEditorTexturePostprocessor.OnPostprocessAllAssets 3.515ms
			AssetPostprocessor.OnPostprocessAllAssets 3.428ms
			SyncVS.PostprocessSyncProject 1.198ms
			AssetChangedListener.OnPostprocessAllAssets 0.249ms
			AddressablesAssetPostProcessor.OnPostprocessAllAssets 0.152ms
			GraphRefreshPostprocessor.OnPostprocessAllAssets 0.087ms
			ShaderGraphAssetPostProcessor.OnPostprocessAllAssets 0.083ms
			SceneAssetPostProcessor.OnPostprocessAllAssets 0.060ms
			SampleDependencyImporterPostProcessor.OnPostprocessAllAssets 0.050ms
	PostAssetChangesProfiler: 6.034ms
	GatherAllCurrentPrimaryImportResultRevisions: 5.334ms
	UnloadStreamsBegin: 20.015ms
	PersistCurrentRevisions: 0.577ms
	Untracked: 59.697ms

Loaded scene 'Library/Unused/8bb08fc78314146a8af7618bd56f48e6'
	Deserialize:            0.677 ms
	Integration:            1.188 ms
	Integration of assets:  0.001 ms
	Thread Wait Time:       0.008 ms
	Total Operation Time:   1.874 ms
Importing 'GUID: 7e4c91b0a2d34f6e8b1c5d9e3a0f2468 - Path: Assets/Game/Prefabs/Skirmish/Building_GroundStaging.prefab' with importer (PrefabImporter)
Imported 'GUID: 7e4c91b0a2d34f6e8b1c5d9e3a0f2468' -> (Import Result ID: '003d2ae401bbada8e0b9c30ba07914ff') in 0.003 seconds [static and dynamic dependencies]. Details - ImportResultOutputID=1640d18e98a6a0c4025a4b3d0a00fe95 DependenciesID=2f2c671758dc31f86339516c4c30c507 StaticDependenciesID=2243cc66a94f4db79633e19a13f9e9eb 
Asset Pipeline Refresh (id=6c78bb466cb4d428587c89dc1bac517b): Total: 0.261 seconds - Initiated by StopAssetImportingV2(NoUpdateAssetOptions)
Importing 'GUID: 7542c1da61e97460e893f4634d428b37 - Path: Assets/Game/Configs/Skirmish/Construction.asset' with importer (NativeFormatImporter)
Imported 'GUID: 7542c1da61e97460e893f4634d428b37' -> (Import Result ID: '0662cf0b9c595c76c1721610a168b4aa') in 0.001 seconds [static dependencies only]. Details - ImportResultOutputID=37ba019e229cb56cb1a6462c516ab9d2 DependenciesID=45831bafa40c6d701001a31b9669ff6c StaticDependenciesID=e1e4afa1f41cc0f78db3963bc55d42a3 
Importing 'GUID: e6c58e75eb676422b8b24e937cbb1097 - Path: Assets/Game/Configs/Prefabs/Prefab_BuildingDefinition_GroundStaging_Config.asset' with importer (NativeFormatImporter)
Imported 'GUID: e6c58e75eb676422b8b24e937cbb1097' -> (Import Result ID: 'b57f03772c3a97af3286e08f09b3571c') in 0.000 seconds [static dependencies only]. Details - ImportResultOutputID=c2198390c2fa48e8f973082b5e21662a DependenciesID=14e222346e0e914663b210602bbc13cc StaticDependenciesID=a81cf2c6918e47ad951b5b90d525e1e2 
Asset Pipeline Refresh (id=39146cee6ea6a466a88ec03f1690032c): Total: 0.246 seconds - Initiated by StopAssetImportingV2(NoUpdateAssetOptions)
[SkirmishGroundStagingSharedDefinition] result=Passed
UnityEngine.Debug:ExtractStackTraceNoAlloc (byte*,int,string)
UnityEngine.StackTraceUtility:ExtractStackTrace () (at /Users/bokken/build/output/unity/unity/Runtime/Export/Scripting/StackTrace.cs:35)
UnityEngine.DebugLogHandler:Internal_Log (UnityEngine.LogType,UnityEngine.LogOption,string,UnityEngine.Object)
UnityEngine.DebugLogHandler:LogFormat (UnityEngine.LogType,UnityEngine.Object,string,object[])
UnityEngine.Logger:Log (UnityEngine.LogType,object)
UnityEngine.Debug:Log (object)
Game.Editor.SkirmishGroundStagingPrefabBuilder:BindSharedRuntimeDefinition () (at Assets/Game/Scripts/Editor/Skirmish/SkirmishGroundStagingPrefabBuilder.cs:69)

(Filename: Assets/Game/Scripts/Editor/Skirmish/SkirmishGroundStagingPrefabBuilder.cs Line: 69)

Batchmode quit successfully invoked - shutting down!
Pipeline Server stopped
Unloading 0 Unused Serialized files (Serialized files now loaded: 0)
Killing ADB server in 0.233673 seconds.
Shutting down MSBuild server...
Shutting down VB/C# compiler server...
Unloading 56 unused Assets / (Unknown). Loaded Objects now: 51049.
Memory consumption went from 0.87 GB to 0.87 GB.
Total: 116.497584 ms (FindLiveObjects: 2.753417 ms CreateObjectMapping: 11.845958 ms MarkObjects: 101.108667 ms  DeleteObjects: 0.788167 ms)

Thread 0x3b7593000 may have been prematurely finalized
VB/C# compiler server shut down successfully.
MSBuild server shut down successfully.
Input System module state changed to: ShutdownInProgress.
Input Polling Thread exited.
Input System module state changed to: Shutdown.
[Physics::Module] Cleanup current backend.
[Physics::Module] Id: 0xf2b8ea05
[Licensing::IpcConnector] LicenseClient-farhad-notifications channel disconnected successfully.
[Licensing::IpcConnector] LicenseClient-farhad channel disconnected successfully.
Thread 0x17006f000 may have been prematurely finalized
Thread 0x170187000 may have been prematurely finalized
Thread 0x1700fb000 may have been prematurely finalized
Thread 0x170213000 may have been prematurely finalized
Thread 0x17032b000 may have been prematurely finalized
Thread 0x1703b7000 may have been prematurely finalized
Thread 0x1704cf000 may have been prematurely finalized
Thread 0x17029f000 may have been prematurely finalized
Thread 0x170443000 may have been prematurely finalized
AcceleratorClientConnectionCallback - disconnected - :0
Thread 0x175147000 may have been prematurely finalized
Cleanup mono
CodeReloadManager destroyed
info: Microsoft.Hosting.Lifetime[0]
      Application is shutting down...
info: Unity.ILPP.Runner.PostProcessingAssemblyLoadContext[0]
      ALC ILPP context 1 is unloading
debugger-agent: Unable to listen on 45
Exiting batchmode successfully now!
[Package Manager] Server process was shutdown
