Unity Editor version:    6000.5.2f1 (eb73d3b415a1)
Branch:                  6000.5/staging
Build type:              Release
Batch mode:              NO
macOS version:           Version 26.6.2 (Build 25G83)
Darwin version:          25.6.0
Architecture:            arm64
Running under Rosetta:   NO
Available memory:        16384 MB
Date:                    2026-09-24T19:42:58Z
[Licensing::Module] Trying to connect to existing licensing client channel...
[Licensing::IpcConnector] Successfully connected to: "LicenseClient-farhad" at "2026-09-24T19:42:58.805604Z"
Launching external process: /Applications/Unity/Hub/Editor/6000.5.2f1/Unity.app/Contents/Helpers/PackageManager/Server/UnityPackageManager

COMMAND LINE ARGUMENTS:
/Applications/Unity/Hub/Editor/6000.5.2f1/Unity.app/Contents/MacOS/Unity
-projectPath
/private/tmp/warline-s003-player-ready
-logFile
/private/tmp/s003-public-controls-02.log
-quit
-executeMethod
Game.Tests.Editor.SkirmishSharedMaterialsTests.RunFocusedValidation
Successfully changed project path to: /private/tmp/warline-s003-player-ready
/private/tmp/warline-s003-player-ready
[UnityMemory] Configuration Parameters - Can be set up in boot.config
    "memorysetup-temp-allocator-size-gi-baking-worker=262144"
    "memorysetup-temp-allocator-size-gi-baking-worker=262144"
    "memorysetup-temp-allocator-size-gi-baking-worker=262144"
    "memorysetup-temp-allocator-size-gi-baking-worker=262144"
    "memorysetup-temp-allocator-size-gi-baking-worker=262144"
    "memorysetup-temp-allocator-size-nav-mesh-worker=65536"
    "memorysetup-temp-allocator-size-audio-worker=65536"
    "memorysetup-temp-allocator-size-cloud-worker=32768"
    "memorysetup-allocator-temp-initial-block-size-main=262144"
    "memorysetup-allocator-temp-initial-block-size-worker=262144"
    "memorysetup-temp-allocator-size-preload-manager=33554432"
    "memorysetup-temp-allocator-size-gfx=262144"
    "memorysetup-temp-allocator-size-background-worker=32768"
    "memorysetup-temp-allocator-size-job-worker=262144"
    "memorysetup-bucket-allocator-granularity=16"
    "memorysetup-bucket-allocator-bucket-count=8"
    "memorysetup-bucket-allocator-block-size=33554432"
    "memorysetup-bucket-allocator-block-count=8"
    "memorysetup-main-allocator-block-size=16777216"
    "memorysetup-thread-allocator-block-size=16777216"
    "memorysetup-main-allocator-mimalloc-enabled=0"
    "memorysetup-gfx-main-allocator-block-size=16777216"
    "memorysetup-gfx-thread-allocator-block-size=16777216"
    "memorysetup-cache-allocator-block-size=4194304"
    "memorysetup-typetree-allocator-block-size=2097152"
    "memorysetup-profiler-bucket-allocator-granularity=16"
    "memorysetup-profiler-bucket-allocator-bucket-count=8"
    "memorysetup-profiler-bucket-allocator-block-size=33554432"
    "memorysetup-profiler-bucket-allocator-block-count=8"
    "memorysetup-profiler-allocator-block-size=16777216"
    "memorysetup-profiler-editor-allocator-block-size=1048576"
    "memorysetup-temp-allocator-size-main=16777216"
    "memorysetup-job-temp-allocator-block-size=2097152"
    "memorysetup-job-temp-allocator-block-size-background=1048576"
    "memorysetup-job-temp-allocator-reduction-small-platforms=262144"
[Licensing::Client] Handshaking with LicensingClient:
  Version:                 1.18.3+d7ffd15
  Session Id:              88afb2d6ce0a4bc8bfe7c80e6721ac41
  Correlation Id:          a12e24994cdf1129b78ddeb885cfe210
  External correlation Id: 7575066070035577025
  Machine Id:              10T5sSSYWiUOOlqtQecUz0BYTYA=
[Licensing::Module] Successfully connected to LicensingClient on channel: "LicenseClient-farhad" (connect: 0.00s, validation: 0.00s, handshake: 0.29s)
[Licensing::IpcConnector] Successfully connected to: "LicenseClient-farhad-notifications" at "2026-09-24T19:42:59.09331Z"
[Licensing::Module] Error: Access token is unavailable; failed to update
[Licensing::Client] Successfully resolved entitlement details
[Licensing::Module] License group:
  Id: 2197950-UnityPersXXXX
  Product: Unity Personal
  Type: Assigned
  Expiration: Unlimited
[Licensing::Client] Successfully updated license, isAsync: True, time: 0.00
[Licensing::Client] Successfully resolved entitlement details
[Licensing::Module] Licensing Background thread has ended after 0.31s
Logging is directed to a specific file, skipping project log.Player connection [8466637184]  Target information:

Player connection [8466637184]  * "[IP] 192.168.2.175 [Port] 55504 [Flags] 2 [Guid] 2460237942 [EditorId] 2460237942 [Version] 1048832 [Id] OSXEditor(0,Farhads-MacBook-Air-2.local) [Debug] 1 [PackageName] OSXEditor [ProjectName] Editor" 

Player connection [8466637184]  * "[IP] 10.137.14.201 [Port] 55504 [Flags] 2 [Guid] 2460237942 [EditorId] 2460237942 [Version] 1048832 [Id] OSXEditor(0,Farhads-MacBook-Air-2.local) [Debug] 1 [PackageName] OSXEditor [ProjectName] Editor" 

Player connection [8466637184] Host joined multi-casting on [225.0.0.222:54997]...
Player connection [8466637184] Host joined alternative multi-casting on [225.0.0.222:34997]...
Input System module state changed to: Initialized.
[Physics::Module] Initialized fallback backend.
[Physics::Module] Id: 0xdecafbad
[Package Manager] Connected to IPC stream "Upm-11157" after 0.0 seconds.
[Licensing::Client] Successfully resolved entitlement details
Library Redirect Path: Library/
[Physics::Module] Selected backend.
[Physics::Module] Name: PhysX
[Physics::Module] Id: 0xf2b8ea05
[Physics::Module] SDK Version: 4.1.2
[Physics::Module] Integration Version: 1.0.0
[Physics::Module] Threading Mode: Multi-Threaded
[Licensing::Client] Successfully resolved entitlement details
Initialize engine version: 6000.5.2f1 (eb73d3b415a1)
[Subsystems] Discovering subsystems at path /Applications/Unity/Hub/Editor/6000.5.2f1/Unity.app/Contents/Resources/UnitySubsystems
[Subsystems] Discovering subsystems at path /private/tmp/warline-s003-player-ready/Assets
GfxDevice: creating device client; kGfxThreadingModeThreaded
 preferred device: Apple M5 (high power)
Metal devices available: 1
0: Apple M5 (high power)
Using device Apple M5 (high power)
Initializing Metal device caps: Apple M5
Mac GPU Family: 2
Apple GPU Family: 9
MSL Version: 3.0
Has Float MSAA: 1
Has Float Filtering: 1
ReadWrite Texture Tier: 2
Initialize mono
Mono path[0] = '/Applications/Unity/Hub/Editor/6000.5.2f1/Unity.app/Contents/Resources/Scripting/Managed'
Mono path[1] = '/Applications/Unity/Hub/Editor/6000.5.2f1/Unity.app/Contents/Resources/Scripting/BCLExtensions/runtime/netstandard2.1'
Mono path[2] = '/Applications/Unity/Hub/Editor/6000.5.2f1/Unity.app/Contents/Resources/Scripting/MonoBleedingEdge/lib/mono/unityjit-macos'
Mono config path = '/Applications/Unity/Hub/Editor/6000.5.2f1/Unity.app/Contents/Resources/Scripting/MonoBleedingEdge/etc'
Using monoOptions --debugger-agent=transport=dt_socket,embedding=1,server=y,suspend=n,address=127.0.0.1:56157
CodeReloadManager initialized
ImportWorker Server TCP listen port: 0
AcceleratorClientConnectionCallback - disconnected - :0
Begin MonoManager ReloadAssembly
Registering precompiled unity dll's ...
Register platform support module: /Applications/Unity/Hub/Editor/6000.5.2f1/PlaybackEngines/MacStandaloneSupport/UnityEditor.OSXStandalone.Extensions.dll
Register platform support module: /Applications/Unity/Hub/Editor/6000.5.2f1/PlaybackEngines/AndroidPlayer/UnityEditor.Android.Extensions.dll
Registered in 0.001204 seconds.
Native extension for Android target not found
Native extension for OSXStandalone target not found
Package Manager log level set to [2]
ScheduleIndexationOnStartup MainProcess:False IndexOnStartup:False
Mono: successfully reloaded assembly
- Finished resetting the current domain, in  0.205 seconds
Domain Reload Profiling: 455ms
	BeginReloadAssembly (71ms)
		CreateAndSetChildDomain (16ms)
	RebuildNativeTypeToScriptingClass (8ms)
	initialDomainReloadingComplete (27ms)
	LoadAllAssembliesAndSetupDomain (141ms)
		LoadAssemblies (56ms)
		AnalyzeDomain (110ms)
			TypeCache.Refresh (109ms)
				TypeCache.ScanAssembly (99ms)
	FinalizeReload (206ms)
		SetupLoadedEditorAssemblies (0ms)
			InitializePlatformSupportModulesInManaged (42ms)
			BeforeProcessingInitializeOnLoad (34ms)
			ProcessInitializeOnLoadAttributes (45ms)
			ProcessInitializeOnLoadMethodAttributes (49ms)
[Licensing::Client] Successfully resolved entitlement details
[Licensing::Client] Successfully resolved entitlement details
Application.AssetDatabase Initial Refresh Start
[Package Manager] Restoring resolved packages state from cache
[Licensing::Client] Successfully resolved entitlement details
[Package Manager] Registered 70 packages:
  Packages from [https://packages.unity.com]:
    com.unity.addressables@3.1.0 (location: /private/tmp/warline-s003-player-ready/Library/PackageCache/com.unity.addressables@9bffe1a216ce)
    com.unity.ai.assistant@2.13.0-pre.2 (location: /private/tmp/warline-s003-player-ready/Library/PackageCache/com.unity.ai.assistant@6fee27370e6a)
    com.unity.collab-proxy@2.12.4 (location: /private/tmp/warline-s003-player-ready/Library/PackageCache/com.unity.collab-proxy@0b1559bcd34e)
    com.unity.ide.rider@3.0.40 (location: /private/tmp/warline-s003-player-ready/Library/PackageCache/com.unity.ide.rider@e4950c6d131b)
    com.unity.ide.visualstudio@2.0.27 (location: /private/tmp/warline-s003-player-ready/Library/PackageCache/com.unity.ide.visualstudio@dc1ddd4f09b6)
    com.unity.inputsystem@1.19.0 (location: /private/tmp/warline-s003-player-ready/Library/PackageCache/com.unity.inputsystem@21a28c3a6c83)
    com.unity.probuilder@6.1.2 (location: /private/tmp/warline-s003-player-ready/Library/PackageCache/com.unity.probuilder@8be9724b2335)
    com.unity.timeline@1.8.12 (location: /private/tmp/warline-s003-player-ready/Library/PackageCache/com.unity.timeline@8cd8509afae5)
    com.unity.visualscripting@1.9.11 (location: /private/tmp/warline-s003-player-ready/Library/PackageCache/com.unity.visualscripting@8bed5ad90189)
    com.unity.pipeline@0.6.0-exp.1 (location: /private/tmp/warline-s003-player-ready/Library/PackageCache/com.unity.pipeline@9bb4172c603c)
    com.unity.burst@1.8.29 (location: /private/tmp/warline-s003-player-ready/Library/PackageCache/com.unity.burst@6bb9aca3ef38)
    com.unity.nuget.mono-cecil@1.11.6 (location: /private/tmp/warline-s003-player-ready/Library/PackageCache/com.unity.nuget.mono-cecil@ecb9724e46ff)
    com.unity.nuget.newtonsoft-json@3.2.2 (location: /private/tmp/warline-s003-player-ready/Library/PackageCache/com.unity.nuget.newtonsoft-json@4dfd81071c64)
    com.unity.searcher@4.9.4 (location: /private/tmp/warline-s003-player-ready/Library/PackageCache/com.unity.searcher@d45a78918735)
    com.unity.settings-manager@2.1.1 (location: /private/tmp/warline-s003-player-ready/Library/PackageCache/com.unity.settings-manager@0b8638c5ce86)
    com.unity.profiling.core@1.0.3 (location: /private/tmp/warline-s003-player-ready/Library/PackageCache/com.unity.profiling.core@8a49f7027d06)
    com.unity.test-framework.performance@3.5.0 (location: /private/tmp/warline-s003-player-ready/Library/PackageCache/com.unity.test-framework.performance@8b56083ec0f0)
    com.unity.scriptablebuildpipeline@3.1.1 (location: /private/tmp/warline-s003-player-ready/Library/PackageCache/com.unity.scriptablebuildpipeline@ea93f1084040)
  Built-in packages:
    com.unity.2d.sprite@1.0.0 (location: /private/tmp/warline-s003-player-ready/Library/PackageCache/com.unity.2d.sprite@053a968eab56)
    com.unity.entities@6.5.0 (location: /private/tmp/warline-s003-player-ready/Library/PackageCache/com.unity.entities@bab66ffaba49)
    com.unity.entities.graphics@6.5.0 (location: /private/tmp/warline-s003-player-ready/Library/PackageCache/com.unity.entities.graphics@66588da3a112)
    com.unity.multiplayer.center@1.0.1 (location: /private/tmp/warline-s003-player-ready/Library/PackageCache/com.unity.multiplayer.center@b860850997d0)
    com.unity.render-pipelines.universal@17.5.0 (location: /private/tmp/warline-s003-player-ready/Library/PackageCache/com.unity.render-pipelines.universal@748d7458cc62)
    com.unity.serialization@6.5.0 (location: /private/tmp/warline-s003-player-ready/Library/PackageCache/com.unity.serialization@b2610f80ff18)
    com.unity.shadergraph@17.5.0 (location: /private/tmp/warline-s003-player-ready/Library/PackageCache/com.unity.shadergraph@2df19e8719bc)
    com.unity.test-framework@1.7.0 (location: /private/tmp/warline-s003-player-ready/Library/PackageCache/com.unity.test-framework@1405238725ab)
    com.unity.ugui@2.5.0 (location: /private/tmp/warline-s003-player-ready/Library/PackageCache/com.unity.ugui@3d1ea40b73ef)
    com.unity.modules.accessibility@1.0.0 (location: /private/tmp/warline-s003-player-ready/Library/PackageCache/com.unity.modules.accessibility)
    com.unity.modules.adaptiveperformance@1.0.0 (location: /private/tmp/warline-s003-player-ready/Library/PackageCache/com.unity.modules.adaptiveperformance)
    com.unity.modules.ai@1.0.0 (location: /private/tmp/warline-s003-player-ready/Library/PackageCache/com.unity.modules.ai)
    com.unity.modules.androidjni@1.0.0 (location: /private/tmp/warline-s003-player-ready/Library/PackageCache/com.unity.modules.androidjni)
    com.unity.modules.animation@1.0.0 (location: /private/tmp/warline-s003-player-ready/Library/PackageCache/com.unity.modules.animation)
    com.unity.modules.assetbundle@1.0.0 (location: /private/tmp/warline-s003-player-ready/Library/PackageCache/com.unity.modules.assetbundle)
    com.unity.modules.audio@1.0.0 (location: /private/tmp/warline-s003-player-ready/Library/PackageCache/com.unity.modules.audio)
    com.unity.modules.cloth@1.0.0 (location: /private/tmp/warline-s003-player-ready/Library/PackageCache/com.unity.modules.cloth)
    com.unity.modules.director@1.0.0 (location: /private/tmp/warline-s003-player-ready/Library/PackageCache/com.unity.modules.director)
    com.unity.modules.imageconversion@1.0.0 (location: /private/tmp/warline-s003-player-ready/Library/PackageCache/com.unity.modules.imageconversion)
    com.unity.modules.imgui@1.0.0 (location: /private/tmp/warline-s003-player-ready/Library/PackageCache/com.unity.modules.imgui)
    com.unity.modules.jsonserialize@1.0.0 (location: /private/tmp/warline-s003-player-ready/Library/PackageCache/com.unity.modules.jsonserialize)
    com.unity.modules.physicscore2d@1.0.0 (location: /private/tmp/warline-s003-player-ready/Library/PackageCache/com.unity.modules.physicscore2d)
    com.unity.modules.screencapture@1.0.0 (location: /private/tmp/warline-s003-player-ready/Library/PackageCache/com.unity.modules.screencapture)
    com.unity.modules.tilemap@1.0.0 (location: /private/tmp/warline-s003-player-ready/Library/PackageCache/com.unity.modules.tilemap)
    com.unity.modules.ui@1.0.0 (location: /private/tmp/warline-s003-player-ready/Library/PackageCache/com.unity.modules.ui)
    com.unity.modules.uielements@1.0.0 (location: /private/tmp/warline-s003-player-ready/Library/PackageCache/com.unity.modules.uielements)
    com.unity.modules.umbra@1.0.0 (location: /private/tmp/warline-s003-player-ready/Library/PackageCache/com.unity.modules.umbra)
    com.unity.modules.unityanalytics@1.0.0 (location: /private/tmp/warline-s003-player-ready/Library/PackageCache/com.unity.modules.unityanalytics)
    com.unity.modules.unitywebrequest@1.0.0 (location: /private/tmp/warline-s003-player-ready/Library/PackageCache/com.unity.modules.unitywebrequest)
    com.unity.modules.unitywebrequestassetbundle@1.0.0 (location: /private/tmp/warline-s003-player-ready/Library/PackageCache/com.unity.modules.unitywebrequestassetbundle)
    com.unity.modules.unitywebrequestaudio@1.0.0 (location: /private/tmp/warline-s003-player-ready/Library/PackageCache/com.unity.modules.unitywebrequestaudio)
    com.unity.modules.unitywebrequesttexture@1.0.0 (location: /private/tmp/warline-s003-player-ready/Library/PackageCache/com.unity.modules.unitywebrequesttexture)
    com.unity.modules.unitywebrequestwww@1.0.0 (location: /private/tmp/warline-s003-player-ready/Library/PackageCache/com.unity.modules.unitywebrequestwww)
    com.unity.modules.vectorgraphics@1.0.0 (location: /private/tmp/warline-s003-player-ready/Library/PackageCache/com.unity.modules.vectorgraphics)
    com.unity.modules.vehicles@1.0.0 (location: /private/tmp/warline-s003-player-ready/Library/PackageCache/com.unity.modules.vehicles)
    com.unity.modules.video@1.0.0 (location: /private/tmp/warline-s003-player-ready/Library/PackageCache/com.unity.modules.video)
    com.unity.modules.wind@1.0.0 (location: /private/tmp/warline-s003-player-ready/Library/PackageCache/com.unity.modules.wind)
    com.unity.modules.xr@1.0.0 (location: /private/tmp/warline-s003-player-ready/Library/PackageCache/com.unity.modules.xr)
    com.unity.modules.physics@1.0.0 (location: /private/tmp/warline-s003-player-ready/Library/PackageCache/com.unity.modules.physics)
    com.unity.modules.subsystems@1.0.0 (location: /private/tmp/warline-s003-player-ready/Library/PackageCache/com.unity.modules.subsystems)
    com.unity.modules.hierarchycore@1.0.0 (location: /private/tmp/warline-s003-player-ready/Library/PackageCache/com.unity.modules.hierarchycore)
    com.unity.modules.physics2d@1.0.0 (location: /private/tmp/warline-s003-player-ready/Library/PackageCache/com.unity.modules.physics2d)
    com.unity.modules.particlesystem@1.0.0 (location: /private/tmp/warline-s003-player-ready/Library/PackageCache/com.unity.modules.particlesystem)
    com.unity.ext.nunit@2.1.0 (location: /private/tmp/warline-s003-player-ready/Library/PackageCache/com.unity.ext.nunit@44f7d31723bd)
    com.unity.render-pipelines.core@17.5.0 (location: /private/tmp/warline-s003-player-ready/Library/PackageCache/com.unity.render-pipelines.core@9fe9377312a8)
    com.unity.collections@6.5.0 (location: /private/tmp/warline-s003-player-ready/Library/PackageCache/com.unity.collections@a43cabe808ca)
    com.unity.render-pipelines.universal-config@17.5.0 (location: /private/tmp/warline-s003-player-ready/Library/PackageCache/com.unity.render-pipelines.universal-config@fdda01c80fe3)
    com.unity.modules.hierarchy@1.0.0 (location: /private/tmp/warline-s003-player-ready/Library/PackageCache/com.unity.modules.hierarchy)
    com.unity.mathematics@1.4.0 (location: /private/tmp/warline-s003-player-ready/Library/PackageCache/com.unity.mathematics@981956d94fb6)
    com.unity.modules.terrain@1.0.0 (location: /private/tmp/warline-s003-player-ready/Library/PackageCache/com.unity.modules.terrain)
  Embedded packages:
    com.sniveler-code.gpu-animation@file:/private/tmp/warline-s003-player-ready/Packages/com.sniveler-code.gpu-animation (location: /private/tmp/warline-s003-player-ready/Packages/com.sniveler-code.gpu-animation)
  Git packages:
    com.nosuchstudio.rtltmpro@https://github.com/hk1ll3r/RTLTMPro.git?path=/UPMPackage#69c9193fc27218f17679cc57382a61ac4a717b2b (location: /private/tmp/warline-s003-player-ready/Library/PackageCache/com.nosuchstudio.rtltmpro@44858274f18a)
[Subsystems] No new subsystems found in resolved package list.
[Package Manager] Done registering packages in 0.01 seconds
Assembly reference Packages/com.unity.entities/Unity.Scenes.Editor/Internals/Properties/Unity.Properties.Internals.asmref has no target assembly definition
Assembly reference Packages/com.unity.entities/Unity.Scenes.Editor/Internals/Properties/Unity.Properties.Internals.asmref has no target assembly definition
info: Microsoft.Hosting.Lifetime[14]
      Now listening on: http://unix:/tmp/ilpp.sock-57eb0d385816115c1b6958a166d90951
info: Microsoft.Hosting.Lifetime[0]
      Application started. Press Ctrl+C to shut down.
info: Microsoft.Hosting.Lifetime[0]
      Hosting environment: Production
info: Microsoft.Hosting.Lifetime[0]
      Content root path: /private/tmp/warline-s003-player-ready
info: Microsoft.AspNetCore.Hosting.Diagnostics[1]
      Request starting HTTP/2 POST http://ilpp/UnityILPP.PostProcessing/Ping - application/grpc -
info: Microsoft.AspNetCore.Routing.EndpointMiddleware[0]
      Executing endpoint 'gRPC - /UnityILPP.PostProcessing/Ping'
info: Microsoft.AspNetCore.Routing.EndpointMiddleware[1]
      Executed endpoint 'gRPC - /UnityILPP.PostProcessing/Ping'
info: Microsoft.AspNetCore.Hosting.Diagnostics[2]
      Request finished HTTP/2 POST http://ilpp/UnityILPP.PostProcessing/Ping - 200 - application/grpc 23.8990ms
Refreshing native plugins compatible for Editor in 2.60 ms, found 3 plugins.
Starting: /Applications/Unity/Hub/Editor/6000.5.2f1/Unity.app/Contents/Resources/BuildPipeline/bee_backend --ipc --defer-dag-verification --dagfile="Library/Bee/1300b0aE.dag" --continue-on-failure --profile="Library/Bee/backend1.traceevents" ScriptAssemblies
WorkingDir: /private/tmp/warline-s003-player-ready
info: Microsoft.AspNetCore.Hosting.Diagnostics[1]
      Request starting HTTP/2 POST http://ilpp/UnityILPP.PostProcessing/ConfigurePostProcessors - application/grpc -
info: Microsoft.AspNetCore.Routing.EndpointMiddleware[0]
      Executing endpoint 'gRPC - /UnityILPP.PostProcessing/ConfigurePostProcessors'
warn: Unity.ILPP.Runner.PostProcessingAssemblyLoadContext[0]
      Assembly system.runtime.interopservices.windowsruntime has duplicate hint path. Ignoring "/Applications/Unity/Hub/Editor/6000.5.2f1/Unity.app/Contents/Resources/Scripting/NetStandard/Extensions/2.0.0/System.Runtime.InteropServices.WindowsRuntime.dll" in favor of "/Applications/Unity/Hub/Editor/6000.5.2f1/Unity.app/Contents/Resources/Scripting/UnityReferenceAssemblies/unity-4.8-api/Facades/System.Runtime.InteropServices.WindowsRuntime.dll"
warn: Unity.ILPP.Runner.PostProcessingAssemblyLoadContext[0]
      Assembly system.componentmodel.composition has duplicate hint path. Ignoring "/Applications/Unity/Hub/Editor/6000.5.2f1/Unity.app/Contents/Resources/Scripting/NetStandard/compat/2.1.0/shims/netfx/System.ComponentModel.Composition.dll" in favor of "/Applications/Unity/Hub/Editor/6000.5.2f1/Unity.app/Contents/Resources/Scripting/UnityReferenceAssemblies/unity-4.8-api/System.ComponentModel.Composition.dll"
info: Unity.ILPP.Runner.PostProcessingAssemblyLoadContext[0]
      Resolved Mono.Cecil, Version=0.11.5.0, Culture=neutral, PublicKeyToken=50cebf1cceb9d05e with Library/PackageCache/com.unity.nuget.mono-cecil@ecb9724e46ff/Mono.Cecil.dll
info: Unity.ILPP.Runner.PostProcessingAssemblyLoadContext[0]
      Resolved Unity.Burst.Cecil, Version=0.11.6.0, Culture=neutral, PublicKeyToken=50cebf1cceb9d05e with Library/PackageCache/com.unity.burst@6bb9aca3ef38/Unity.Burst.CodeGen/Unity.Burst.Cecil.dll
info: Unity.ILPP.Runner.PostProcessingAssemblyLoadContext[0]
      Resolved Unity.Entities, Version=0.0.0.0, Culture=neutral, PublicKeyToken=null with Library/Bee/artifacts/1300b0aE.dag/Unity.Entities.dll
info: Microsoft.AspNetCore.Routing.EndpointMiddleware[1]
      Executed endpoint 'gRPC - /UnityILPP.PostProcessing/ConfigurePostProcessors'
info: Microsoft.AspNetCore.Hosting.Diagnostics[2]
      Request finished HTTP/2 POST http://ilpp/UnityILPP.PostProcessing/ConfigurePostProcessors - 200 - application/grpc 15.3407ms
ExitCode: 0 Duration: 0s451ms
[1445/1995  0s] ILPP-Configuration Library/ilpp-configuration.nevergeneratedoutput
*** Tundra build success (0.44 seconds), 1 items updated, 1995 evaluated
AssetDatabase: script compilation time: 0.935378s
Total cache size 268345058
Total cache size after purge 268345058, took 00:00:00.1881083
Begin MonoManager ReloadAssembly
Symbol file LoadedFromMemory is not a mono symbol file
Assembly reference Packages/com.unity.entities/Unity.Scenes.Editor/Internals/Properties/Unity.Properties.Internals.asmref has no target assembly definition
Native extension for Android target not found
Native extension for OSXStandalone target not found
TypeManager.Initialize took: 117ms
Start HTTP server: port:7800
[MODES] ModeService[none].Initialize
[MODES] ModeService[none].LoadModes
[MODES] Loading mode Default (0) for mode-current-id-WarlineCapture
[Licensing::Client] Error: Code 404 while processing request (status: Found 0 entitlement groups and 0 free entitlements matching requested entitlement ids)
ScheduleIndexationOnStartup MainProcess:True IndexOnStartup:True
Mono: successfully reloaded assembly
- Finished resetting the current domain, in  5.848 seconds
Domain Reload Profiling: 6513ms
	BeginReloadAssembly (77ms)
		DisableScriptedObjects (7ms)
		CreateAndSetChildDomain (18ms)
	RebuildCommonClasses (4ms)
	RebuildNativeTypeToScriptingClass (7ms)
	initialDomainReloadingComplete (34ms)
	LoadAllAssembliesAndSetupDomain (542ms)
		LoadAssemblies (211ms)
		AnalyzeDomain (291ms)
			TypeCache.Refresh (237ms)
				TypeCache.ScanAssembly (217ms)
			BuildScriptInfoCaches (49ms)
			ResolveRequiredComponents (3ms)
	FinalizeReload (5848ms)
		SetupLoadedEditorAssemblies (0ms)
			InitializePlatformSupportModulesInManaged (6ms)
			BeforeProcessingInitializeOnLoad (45ms)
			ProcessInitializeOnLoadAttributes (3021ms)
			ProcessInitializeOnLoadMethodAttributes (2575ms)
		AwakeInstancesAfterBackupRestoration (6ms)
Starting new worker id: 0 with log in /private/tmp/warline-s003-player-ready/Logs/AssetImportWorkerHW0.log

Asset Pipeline Refresh (id=98370c0ca484a4a71b94bba3fce7aee7): Total: 9.158 seconds - Initiated by InitialRefreshV2(ForceSynchronousImport)
	(Values over 0.05ms)
	Summary:
		Imports: total=0 (actual=0, local cache=0, cache server=0)
		Asset DB Process Time: managed=0 ms, native=7445 ms
		Asset DB Callback time: managed=18 ms, native=7 ms
		Scripting: domain reloads=1, domain reload time=698 ms, compile time=937 ms, other=50 ms
		Project Asset Count: scripts=3312, non-scripts=20219
		Asset File Changes: new=0, changed=0, moved=0, deleted=0
		Scan Filter Count: 1
	InvokePackagesCallback: 8.506ms
	ApplyChangesToAssetFolders: 0.196ms
	Scan: 924.235ms
	Collect global state as custom dependencies: 1.843ms
	CategorizeScriptCompilationAssets: 66.707ms
	ProcessAssetsWithTransientArtifactChanges: 76.973ms
	CategorizeAssets: 177.128ms
	CompileScripts: 936.657ms
	ImportOutOfDateAssets: 6027.492ms (5872.831ms without children)
		ReloadNativeAssets: 0.251ms
		UnloadImportedAssets: 3.603ms
		EnsureUptoDateAssetsAreRegisteredWithGuidPM: 1.910ms
		ImportSchedulerStart: 148.892ms
	PostProcessAllAssets: 18.891ms
		MonoPostProcessAllAssets: 18.858ms
			UniversalRenderPipelineGlobalSettingsPostprocessor.OnPostprocessAllAssets 4.609ms
			SyncVS.PostprocessSyncProject 4.212ms
			SpeedTree9Postprocessor.OnPostprocessAllAssets 0.974ms
			GraphRefreshPostprocessor.OnPostprocessAllAssets 0.901ms
			WindowAssetPostprocessingWatcher.OnPostprocessAllAssets 0.873ms
			AssetChangeDetector.OnPostprocessAllAssets 0.387ms
			RenderPipelineGlobalSettingsPostprocessor.OnPostprocessAllAssets 0.298ms
			ShaderReflectionAssetPostProcessor.OnPostprocessAllAssets 0.203ms
			ReferencedClipsPostProcessor.OnPostprocessAllAssets 0.134ms
			InputActionAssetPostprocessor.OnPostprocessAllAssets 0.122ms
			ProjectSettingsPostprocessor.OnPostprocessAllAssets 0.120ms
			TerrainToolbarOverlayPostProcessor.OnPostprocessAllAssets 0.105ms
			AssetDatabaseCallbacks.OnPostprocessAllAssets 0.065ms
	UnloadStreamsBegin: 1.845ms
	PersistCurrentRevisions: 0.471ms
	GenerateScriptTypeHashes: 3.013ms
	GenerateScriptTypeSerializationHashes: 4.285ms
	Untracked: 915.649ms

Application.AssetDatabase Initial Refresh End
Shader Hidden/ChartRasterizerHardware is not supported: GPU does not support conservative rasterization
Launching external process: /Applications/Unity/Hub/Editor/6000.5.2f1/Unity.app/Contents/Helpers/UnityShaderCompiler
Launched and connected shader compiler UnityShaderCompiler after 0.05 seconds
Shader Hidden/ChartRasterizerHardware is not supported: GPU does not support conservative rasterization
Scanning for USB devices : 0.091ms
Initializing Unity extensions:
2026-09-24 21:43:10.967 Unity[11157:24988038] NSEventModifierFlagFunction specified to -setKeyEquivalentModifierMask: for item <NSMenuItem: 0x770f6bca0 Capture Live Owner Feedback, ke='Command-F10'>, but is only supported for system-provided menu items; will not be used
2026-09-24 21:43:10.967 Unity[11157:24988038] NSEventModifierFlagFunction specified to -setKeyEquivalentModifierMask: for item <NSMenuItem: 0x770f6bb60 Log Live Owner Feedback State, ke='Command-F9'>, but is only supported for system-provided menu items; will not be used
2026-09-24 21:43:10.967 Unity[11157:24988038] NSEventModifierFlagFunction specified to -setKeyEquivalentModifierMask: for item <NSMenuItem: 0x770f6bac0 Validate Owner Feedback Fixes, ke='Command-F8'>, but is only supported for system-provided menu items; will not be used
2026-09-24 21:43:10.971 Unity[11157:24988038] NSEventModifierFlagFunction specified to -setKeyEquivalentModifierMask: for item <NSMenuItem: 0x77042b0c0 SDF, ke='Command-F12'>, but is only supported for system-provided menu items; will not be used
Worker ready: AssetImportWorkerHW0 0
Unloading 1539 Unused Serialized files (Serialized files now loaded: 0)
Loaded scene 'Assets/Game/Scenes/Menu.unity'
	Deserialize:            826.035 ms
	Integration:            769.523 ms
	Integration of assets:  576.170 ms
	Thread Wait Time:       -0.063 ms
	Total Operation Time:   2171.664 ms
Unloading 14739 unused Assets / (26.5 MB). Loaded Objects now: 44308.
Memory consumption went from 0.78 GB to 0.75 GB.
Total: 83.295875 ms (FindLiveObjects: 11.715917 ms CreateObjectMapping: 12.577500 ms MarkObjects: 43.472750 ms  DeleteObjects: 15.528167 ms)

[LAYOUT] About to load UserSettings/Layouts/default-6000.dwlt, keepMainWindow=False
[LAYOUT] About to save layout /private/tmp/warline-s003-player-ready/UserSettings/Layouts/default-6000.dwlt
[LAYOUT] About to save layout /Users/farhad/Library/Preferences/Unity/Editor-5.x/Layouts/current/default-6000.dwlt
[MODES] ModeService[default].InitializeCurrentMode
[MODES] ModeService[default].RaiseModeChanged(default, default)
[UnitMoveOrderFocusedValidation] result=Passed tests=21
UnityEngine.Debug:ExtractStackTraceNoAlloc (byte*,int,string)
UnityEngine.StackTraceUtility:ExtractStackTrace () (at /Users/bokken/build/output/unity/unity/Runtime/Export/Scripting/StackTrace.cs:35)
UnityEngine.DebugLogHandler:Internal_Log (UnityEngine.LogType,UnityEngine.LogOption,string,UnityEngine.Object)
UnityEngine.DebugLogHandler:LogFormat (UnityEngine.LogType,UnityEngine.Object,string,object[])
UnityEngine.Logger:Log (UnityEngine.LogType,object)
UnityEngine.Debug:Log (object)
UnitMoveOrderSystemTests:RunFocusedValidation () (at Assets/Tests/Editor/UnitMoveOrderSystemTests.cs:49)
Game.Tests.Editor.SkirmishSharedMaterialsTests:RunFocusedValidation () (at Assets/Tests/Editor/SkirmishExpansion/SkirmishSharedMaterialsTests.cs:92)

(Filename: Assets/Tests/Editor/UnitMoveOrderSystemTests.cs Line: 49)

[AIFactionControlStartupValidation] result=Passed tests=4
UnityEngine.Debug:ExtractStackTraceNoAlloc (byte*,int,string)
UnityEngine.StackTraceUtility:ExtractStackTrace () (at /Users/bokken/build/output/unity/unity/Runtime/Export/Scripting/StackTrace.cs:35)
UnityEngine.DebugLogHandler:Internal_Log (UnityEngine.LogType,UnityEngine.LogOption,string,UnityEngine.Object)
UnityEngine.DebugLogHandler:LogFormat (UnityEngine.LogType,UnityEngine.Object,string,object[])
UnityEngine.Logger:Log (UnityEngine.LogType,object)
UnityEngine.Debug:Log (object)
AIFactionControlStartupSystemValidationTests:RunFocusedValidation () (at Assets/Tests/Editor/AIFactionControlStartupSystemValidationTests.cs:19)
Game.Tests.Editor.SkirmishSharedMaterialsTests:RunFocusedValidation () (at Assets/Tests/Editor/SkirmishExpansion/SkirmishSharedMaterialsTests.cs:93)

(Filename: Assets/Tests/Editor/AIFactionControlStartupSystemValidationTests.cs Line: 19)

[AriaPlayEditorValidation] selected catalog=S002 definition=skirmish.s002 version=2 size=Standard difficulty=Regular seed=104731 locale=en
UnityEngine.Debug:ExtractStackTraceNoAlloc (byte*,int,string)
UnityEngine.StackTraceUtility:ExtractStackTrace () (at /Users/bokken/build/output/unity/unity/Runtime/Export/Scripting/StackTrace.cs:35)
UnityEngine.DebugLogHandler:Internal_Log (UnityEngine.LogType,UnityEngine.LogOption,string,UnityEngine.Object)
UnityEngine.DebugLogHandler:LogFormat (UnityEngine.LogType,UnityEngine.Object,string,object[])
UnityEngine.Logger:Log (UnityEngine.LogType,object)
UnityEngine.Debug:Log (object)
Game.Editor.AriaPlayEditorValidation:AcceptExpandedPayload (Game.Configs.SkirmishAriaAcceptancePayload&) (at Assets/Game/Scripts/Editor/AriaPlayEditorValidation.cs:113)
Game.Tests.Editor.SkirmishS002AriaHarnessTests:PayloadLoggersDoNotStampVictory () (at Assets/Tests/Editor/SkirmishExpansion/SkirmishS002AriaHarnessTests.cs:889)
Game.Tests.Editor.SkirmishS002AriaHarnessTests:RunFocusedValidation () (at Assets/Tests/Editor/SkirmishExpansion/SkirmishS002AriaHarnessTests.cs:1284)
Game.Tests.Editor.SkirmishExpandedAriaTests:RunFocusedValidation () (at Assets/Tests/Editor/SkirmishExpansion/SkirmishExpandedAriaTests.cs:524)
Game.Tests.Editor.SkirmishSharedMaterialsTests:RunFocusedValidation () (at Assets/Tests/Editor/SkirmishExpansion/SkirmishSharedMaterialsTests.cs:95)

(Filename: Assets/Game/Scripts/Editor/AriaPlayEditorValidation.cs Line: 113)

[SkirmishExpandedAriaWatch] selected catalog=S002 definition=skirmish.s002 version=2 size=Standard difficulty=Regular seed=155923 locale=fa-IR
UnityEngine.Debug:ExtractStackTraceNoAlloc (byte*,int,string)
UnityEngine.StackTraceUtility:ExtractStackTrace () (at /Users/bokken/build/output/unity/unity/Runtime/Export/Scripting/StackTrace.cs:35)
UnityEngine.DebugLogHandler:Internal_Log (UnityEngine.LogType,UnityEngine.LogOption,string,UnityEngine.Object)
UnityEngine.DebugLogHandler:LogFormat (UnityEngine.LogType,UnityEngine.Object,string,object[])
UnityEngine.Logger:Log (UnityEngine.LogType,object)
UnityEngine.Debug:Log (object)
Game.Editor.SkirmishExpandedAriaWatchValidation:AcceptExpandedPayload (Game.Configs.SkirmishAriaAcceptancePayload&) (at Assets/Game/Scripts/Editor/Skirmish/SkirmishExpandedAriaWatchValidation.cs:32)
Game.Editor.SkirmishExpandedAriaWatchValidation:AcceptExpandedPayload (string,Game.Skirmish.Contracts.SkirmishSizeId,Game.Skirmish.Contracts.SkirmishDifficultyId,int,string) (at Assets/Game/Scripts/Editor/Skirmish/SkirmishExpandedAriaWatchValidation.cs:55)
Game.Tests.Editor.SkirmishS002AriaHarnessTests:PayloadLoggersDoNotStampVictory () (at Assets/Tests/Editor/SkirmishExpansion/SkirmishS002AriaHarnessTests.cs:890)
Game.Tests.Editor.SkirmishS002AriaHarnessTests:RunFocusedValidation () (at Assets/Tests/Editor/SkirmishExpansion/SkirmishS002AriaHarnessTests.cs:1284)
Game.Tests.Editor.SkirmishExpandedAriaTests:RunFocusedValidation () (at Assets/Tests/Editor/SkirmishExpansion/SkirmishExpandedAriaTests.cs:524)
Game.Tests.Editor.SkirmishSharedMaterialsTests:RunFocusedValidation () (at Assets/Tests/Editor/SkirmishExpansion/SkirmishSharedMaterialsTests.cs:95)

(Filename: Assets/Game/Scripts/Editor/Skirmish/SkirmishExpandedAriaWatchValidation.cs Line: 32)

'Game.Runtime.SkirmishSessionCleanupSystem' creates a query during OnUpdate. Please create queries in OnCreate and store them in the system for use in OnUpdate instead. This is significantly faster.
UnityEngine.Debug:ExtractStackTraceNoAlloc (byte*,int,string)
UnityEngine.StackTraceUtility:ExtractStackTrace () (at /Users/bokken/build/output/unity/unity/Runtime/Export/Scripting/StackTrace.cs:35)
UnityEngine.DebugLogHandler:Internal_Log (UnityEngine.LogType,UnityEngine.LogOption,string,UnityEngine.Object)
UnityEngine.DebugLogHandler:LogFormat (UnityEngine.LogType,UnityEngine.Object,string,object[])
UnityEngine.Logger:Log (UnityEngine.LogType,object)
UnityEngine.Debug:LogWarning (object)
Unity.Debug:LogWarning (object) (at ./Library/PackageCache/com.unity.entities@bab66ffaba49/Unity.Entities/Stubs/Unity/Debug.cs:13)
Unity.Entities.SystemState:CheckOnUpdate_Query () (at ./Library/PackageCache/com.unity.entities@bab66ffaba49/Unity.Entities/SystemState.cs:551)
Unity.Entities.SystemState:GetEntityQuery (Unity.Entities.ComponentType) (at ./Library/PackageCache/com.unity.entities@bab66ffaba49/Unity.Entities/SystemState.cs:834)
Game.Runtime.SkirmishSessionCleanupSystem:OnUpdate (Unity.Entities.SystemState&) (at Assets/Game/Scripts/Runtime/Skirmish/SkirmishSessionCleanupSystem.cs:22)
Game.Runtime.SkirmishSessionCleanupSystem:__codegen__OnUpdate (intptr,intptr)
Unity.Entities.SystemBaseRegistry/<>c__DisplayClass9_0:<SelectBurstFn>b__0 (intptr,intptr) (at ./Library/PackageCache/com.unity.entities@bab66ffaba49/Unity.Entities/SystemBaseRegistry.cs:251)
Unity.Entities.WorldUnmanagedImpl/Unity.Entities.UnmanagedUpdate_000015A0$BurstDirectCall:Invoke (void*)
Unity.Entities.WorldUnmanagedImpl:UnmanagedUpdate (void*)
Unity.Entities.WorldUnmanagedImpl:UpdateSystem (Unity.Entities.SystemHandle) (at ./Library/PackageCache/com.unity.entities@bab66ffaba49/Unity.Entities/WorldUnmanaged.cs:942)
Unity.Entities.SystemHandle:Update (Unity.Entities.WorldUnmanaged) (at ./Library/PackageCache/com.unity.entities@bab66ffaba49/Unity.Entities/WorldUnmanaged.cs:169)
Game.Tests.Editor.SkirmishS002AriaHarnessTests:FinishedCleanupDestroysOwnedUnitsOutsideTheSessionQuery () (at Assets/Tests/Editor/SkirmishExpansion/SkirmishS002AriaHarnessTests.cs:1005)
Game.Tests.Editor.SkirmishS002AriaHarnessTests:RunFocusedValidation () (at Assets/Tests/Editor/SkirmishExpansion/SkirmishS002AriaHarnessTests.cs:1288)
Game.Tests.Editor.SkirmishExpandedAriaTests:RunFocusedValidation () (at Assets/Tests/Editor/SkirmishExpansion/SkirmishExpandedAriaTests.cs:524)
Game.Tests.Editor.SkirmishSharedMaterialsTests:RunFocusedValidation () (at Assets/Tests/Editor/SkirmishExpansion/SkirmishSharedMaterialsTests.cs:95)

(Filename: ./Library/PackageCache/com.unity.entities@bab66ffaba49/Unity.Entities/Stubs/Unity/Debug.cs Line: 13)

[SkirmishS002AriaHarnessTests] result=Passed
UnityEngine.Debug:ExtractStackTraceNoAlloc (byte*,int,string)
UnityEngine.StackTraceUtility:ExtractStackTrace () (at /Users/bokken/build/output/unity/unity/Runtime/Export/Scripting/StackTrace.cs:35)
UnityEngine.DebugLogHandler:Internal_Log (UnityEngine.LogType,UnityEngine.LogOption,string,UnityEngine.Object)
UnityEngine.DebugLogHandler:LogFormat (UnityEngine.LogType,UnityEngine.Object,string,object[])
UnityEngine.Logger:Log (UnityEngine.LogType,object)
UnityEngine.Debug:Log (object)
Game.Tests.Editor.SkirmishS002AriaHarnessTests:RunFocusedValidation () (at Assets/Tests/Editor/SkirmishExpansion/SkirmishS002AriaHarnessTests.cs:1292)
Game.Tests.Editor.SkirmishExpandedAriaTests:RunFocusedValidation () (at Assets/Tests/Editor/SkirmishExpansion/SkirmishExpandedAriaTests.cs:524)
Game.Tests.Editor.SkirmishSharedMaterialsTests:RunFocusedValidation () (at Assets/Tests/Editor/SkirmishExpansion/SkirmishSharedMaterialsTests.cs:95)

(Filename: Assets/Tests/Editor/SkirmishExpansion/SkirmishS002AriaHarnessTests.cs Line: 1292)

[SkirmishExpandedAriaTests] result=Passed
UnityEngine.Debug:ExtractStackTraceNoAlloc (byte*,int,string)
UnityEngine.StackTraceUtility:ExtractStackTrace () (at /Users/bokken/build/output/unity/unity/Runtime/Export/Scripting/StackTrace.cs:35)
UnityEngine.DebugLogHandler:Internal_Log (UnityEngine.LogType,UnityEngine.LogOption,string,UnityEngine.Object)
UnityEngine.DebugLogHandler:LogFormat (UnityEngine.LogType,UnityEngine.Object,string,object[])
UnityEngine.Logger:Log (UnityEngine.LogType,object)
UnityEngine.Debug:Log (object)
Game.Tests.Editor.SkirmishExpandedAriaTests:RunFocusedValidation () (at Assets/Tests/Editor/SkirmishExpansion/SkirmishExpandedAriaTests.cs:525)
Game.Tests.Editor.SkirmishSharedMaterialsTests:RunFocusedValidation () (at Assets/Tests/Editor/SkirmishExpansion/SkirmishSharedMaterialsTests.cs:95)

(Filename: Assets/Tests/Editor/SkirmishExpansion/SkirmishExpandedAriaTests.cs Line: 525)

[SkirmishExpandedArmyTests] result=Passed
UnityEngine.Debug:ExtractStackTraceNoAlloc (byte*,int,string)
UnityEngine.StackTraceUtility:ExtractStackTrace () (at /Users/bokken/build/output/unity/unity/Runtime/Export/Scripting/StackTrace.cs:35)
UnityEngine.DebugLogHandler:Internal_Log (UnityEngine.LogType,UnityEngine.LogOption,string,UnityEngine.Object)
UnityEngine.DebugLogHandler:LogFormat (UnityEngine.LogType,UnityEngine.Object,string,object[])
UnityEngine.Logger:Log (UnityEngine.LogType,object)
UnityEngine.Debug:Log (object)
Game.Tests.Editor.SkirmishExpandedArmyTests:RunFocusedValidation () (at Assets/Tests/Editor/SkirmishExpansion/SkirmishExpandedArmyTests.cs:274)
Game.Tests.Editor.SkirmishSharedMaterialsTests:RunFocusedValidation () (at Assets/Tests/Editor/SkirmishExpansion/SkirmishSharedMaterialsTests.cs:96)

(Filename: Assets/Tests/Editor/SkirmishExpansion/SkirmishExpandedArmyTests.cs Line: 274)

[SkirmishExpandedEconomyTests] result=Passed
UnityEngine.Debug:ExtractStackTraceNoAlloc (byte*,int,string)
UnityEngine.StackTraceUtility:ExtractStackTrace () (at /Users/bokken/build/output/unity/unity/Runtime/Export/Scripting/StackTrace.cs:35)
UnityEngine.DebugLogHandler:Internal_Log (UnityEngine.LogType,UnityEngine.LogOption,string,UnityEngine.Object)
UnityEngine.DebugLogHandler:LogFormat (UnityEngine.LogType,UnityEngine.Object,string,object[])
UnityEngine.Logger:Log (UnityEngine.LogType,object)
UnityEngine.Debug:Log (object)
Game.Tests.Editor.SkirmishExpandedEconomyTests:RunFocusedValidation () (at Assets/Tests/Editor/SkirmishExpansion/SkirmishExpandedEconomyTests.cs:769)
Game.Tests.Editor.SkirmishSharedMaterialsTests:RunFocusedValidation () (at Assets/Tests/Editor/SkirmishExpansion/SkirmishSharedMaterialsTests.cs:97)

(Filename: Assets/Tests/Editor/SkirmishExpansion/SkirmishExpandedEconomyTests.cs Line: 769)

'Game.Runtime.SkirmishCheckpointSystem' creates a query during OnUpdate. Please create queries in OnCreate and store them in the system for use in OnUpdate instead. This is significantly faster.
UnityEngine.Debug:ExtractStackTraceNoAlloc (byte*,int,string)
UnityEngine.StackTraceUtility:ExtractStackTrace () (at /Users/bokken/build/output/unity/unity/Runtime/Export/Scripting/StackTrace.cs:35)
UnityEngine.DebugLogHandler:Internal_Log (UnityEngine.LogType,UnityEngine.LogOption,string,UnityEngine.Object)
UnityEngine.DebugLogHandler:LogFormat (UnityEngine.LogType,UnityEngine.Object,string,object[])
UnityEngine.Logger:Log (UnityEngine.LogType,object)
UnityEngine.Debug:LogWarning (object)
Unity.Debug:LogWarning (object) (at ./Library/PackageCache/com.unity.entities@bab66ffaba49/Unity.Entities/Stubs/Unity/Debug.cs:13)
Unity.Entities.SystemState:CheckOnUpdate_Query () (at ./Library/PackageCache/com.unity.entities@bab66ffaba49/Unity.Entities/SystemState.cs:551)
Unity.Entities.SystemState:GetEntityQuery (Unity.Entities.ComponentType) (at ./Library/PackageCache/com.unity.entities@bab66ffaba49/Unity.Entities/SystemState.cs:834)
Game.Runtime.SkirmishCheckpointSystem:OnUpdate (Unity.Entities.SystemState&) (at Assets/Game/Scripts/Runtime/Skirmish/SkirmishCheckpointSystem.cs:23)
Game.Runtime.SkirmishCheckpointSystem:__codegen__OnUpdate (intptr,intptr)
Unity.Entities.SystemBaseRegistry/<>c__DisplayClass9_0:<SelectBurstFn>b__0 (intptr,intptr) (at ./Library/PackageCache/com.unity.entities@bab66ffaba49/Unity.Entities/SystemBaseRegistry.cs:251)
Unity.Entities.WorldUnmanagedImpl/Unity.Entities.UnmanagedUpdate_000015A0$BurstDirectCall:Invoke (void*)
Unity.Entities.WorldUnmanagedImpl:UnmanagedUpdate (void*)
Unity.Entities.WorldUnmanagedImpl:UpdateSystem (Unity.Entities.SystemHandle) (at ./Library/PackageCache/com.unity.entities@bab66ffaba49/Unity.Entities/WorldUnmanaged.cs:942)
Unity.Entities.SystemHandle:Update (Unity.Entities.WorldUnmanaged) (at ./Library/PackageCache/com.unity.entities@bab66ffaba49/Unity.Entities/WorldUnmanaged.cs:169)
Game.Tests.Editor.SkirmishExpandedCheckpointTests:FirstCheckpointSystemRequestAttachesItsDocumentWithoutStructuralIterationFailure () (at Assets/Tests/Editor/SkirmishExpansion/SkirmishExpandedCheckpointTests.cs:27)
Game.Tests.Editor.SkirmishExpandedCheckpointTests:RunFocusedValidation () (at Assets/Tests/Editor/SkirmishExpansion/SkirmishExpandedCheckpointTests.cs:299)
Game.Tests.Editor.SkirmishSharedMaterialsTests:RunFocusedValidation () (at Assets/Tests/Editor/SkirmishExpansion/SkirmishSharedMaterialsTests.cs:98)

(Filename: ./Library/PackageCache/com.unity.entities@bab66ffaba49/Unity.Entities/Stubs/Unity/Debug.cs Line: 13)

[SkirmishExpandedCheckpointTests] result=Passed
UnityEngine.Debug:ExtractStackTraceNoAlloc (byte*,int,string)
UnityEngine.StackTraceUtility:ExtractStackTrace () (at /Users/bokken/build/output/unity/unity/Runtime/Export/Scripting/StackTrace.cs:35)
UnityEngine.DebugLogHandler:Internal_Log (UnityEngine.LogType,UnityEngine.LogOption,string,UnityEngine.Object)
UnityEngine.DebugLogHandler:LogFormat (UnityEngine.LogType,UnityEngine.Object,string,object[])
UnityEngine.Logger:Log (UnityEngine.LogType,object)
UnityEngine.Debug:Log (object)
Game.Tests.Editor.SkirmishExpandedCheckpointTests:RunFocusedValidation () (at Assets/Tests/Editor/SkirmishExpansion/SkirmishExpandedCheckpointTests.cs:306)
Game.Tests.Editor.SkirmishSharedMaterialsTests:RunFocusedValidation () (at Assets/Tests/Editor/SkirmishExpansion/SkirmishSharedMaterialsTests.cs:98)

(Filename: Assets/Tests/Editor/SkirmishExpansion/SkirmishExpandedCheckpointTests.cs Line: 306)

[AriaPlayEditorValidation] selected catalog=S002 definition=skirmish.s002 version=2 size=Standard difficulty=Regular seed=104731 locale=en
UnityEngine.Debug:ExtractStackTraceNoAlloc (byte*,int,string)
UnityEngine.StackTraceUtility:ExtractStackTrace () (at /Users/bokken/build/output/unity/unity/Runtime/Export/Scripting/StackTrace.cs:35)
UnityEngine.DebugLogHandler:Internal_Log (UnityEngine.LogType,UnityEngine.LogOption,string,UnityEngine.Object)
UnityEngine.DebugLogHandler:LogFormat (UnityEngine.LogType,UnityEngine.Object,string,object[])
UnityEngine.Logger:Log (UnityEngine.LogType,object)
UnityEngine.Debug:Log (object)
Game.Editor.AriaPlayEditorValidation:AcceptExpandedPayload (Game.Configs.SkirmishAriaAcceptancePayload&) (at Assets/Game/Scripts/Editor/AriaPlayEditorValidation.cs:113)
Game.Tests.Editor.SkirmishS002AriaHarnessTests:PayloadLoggersDoNotStampVictory () (at Assets/Tests/Editor/SkirmishExpansion/SkirmishS002AriaHarnessTests.cs:889)
Game.Tests.Editor.SkirmishS002AriaHarnessTests:RunFocusedValidation () (at Assets/Tests/Editor/SkirmishExpansion/SkirmishS002AriaHarnessTests.cs:1284)
Game.Tests.Editor.SkirmishSharedMaterialsTests:RunFocusedValidation () (at Assets/Tests/Editor/SkirmishExpansion/SkirmishSharedMaterialsTests.cs:99)

(Filename: Assets/Game/Scripts/Editor/AriaPlayEditorValidation.cs Line: 113)

[SkirmishExpandedAriaWatch] selected catalog=S002 definition=skirmish.s002 version=2 size=Standard difficulty=Regular seed=155923 locale=fa-IR
UnityEngine.Debug:ExtractStackTraceNoAlloc (byte*,int,string)
UnityEngine.StackTraceUtility:ExtractStackTrace () (at /Users/bokken/build/output/unity/unity/Runtime/Export/Scripting/StackTrace.cs:35)
UnityEngine.DebugLogHandler:Internal_Log (UnityEngine.LogType,UnityEngine.LogOption,string,UnityEngine.Object)
UnityEngine.DebugLogHandler:LogFormat (UnityEngine.LogType,UnityEngine.Object,string,object[])
UnityEngine.Logger:Log (UnityEngine.LogType,object)
UnityEngine.Debug:Log (object)
Game.Editor.SkirmishExpandedAriaWatchValidation:AcceptExpandedPayload (Game.Configs.SkirmishAriaAcceptancePayload&) (at Assets/Game/Scripts/Editor/Skirmish/SkirmishExpandedAriaWatchValidation.cs:32)
Game.Editor.SkirmishExpandedAriaWatchValidation:AcceptExpandedPayload (string,Game.Skirmish.Contracts.SkirmishSizeId,Game.Skirmish.Contracts.SkirmishDifficultyId,int,string) (at Assets/Game/Scripts/Editor/Skirmish/SkirmishExpandedAriaWatchValidation.cs:55)
Game.Tests.Editor.SkirmishS002AriaHarnessTests:PayloadLoggersDoNotStampVictory () (at Assets/Tests/Editor/SkirmishExpansion/SkirmishS002AriaHarnessTests.cs:890)
Game.Tests.Editor.SkirmishS002AriaHarnessTests:RunFocusedValidation () (at Assets/Tests/Editor/SkirmishExpansion/SkirmishS002AriaHarnessTests.cs:1284)
Game.Tests.Editor.SkirmishSharedMaterialsTests:RunFocusedValidation () (at Assets/Tests/Editor/SkirmishExpansion/SkirmishSharedMaterialsTests.cs:99)

(Filename: Assets/Game/Scripts/Editor/Skirmish/SkirmishExpandedAriaWatchValidation.cs Line: 32)

'Game.Runtime.SkirmishSessionCleanupSystem' creates a query during OnUpdate. Please create queries in OnCreate and store them in the system for use in OnUpdate instead. This is significantly faster.
UnityEngine.Debug:ExtractStackTraceNoAlloc (byte*,int,string)
UnityEngine.StackTraceUtility:ExtractStackTrace () (at /Users/bokken/build/output/unity/unity/Runtime/Export/Scripting/StackTrace.cs:35)
UnityEngine.DebugLogHandler:Internal_Log (UnityEngine.LogType,UnityEngine.LogOption,string,UnityEngine.Object)
UnityEngine.DebugLogHandler:LogFormat (UnityEngine.LogType,UnityEngine.Object,string,object[])
UnityEngine.Logger:Log (UnityEngine.LogType,object)
UnityEngine.Debug:LogWarning (object)
Unity.Debug:LogWarning (object) (at ./Library/PackageCache/com.unity.entities@bab66ffaba49/Unity.Entities/Stubs/Unity/Debug.cs:13)
Unity.Entities.SystemState:CheckOnUpdate_Query () (at ./Library/PackageCache/com.unity.entities@bab66ffaba49/Unity.Entities/SystemState.cs:551)
Unity.Entities.SystemState:GetEntityQuery (Unity.Entities.ComponentType) (at ./Library/PackageCache/com.unity.entities@bab66ffaba49/Unity.Entities/SystemState.cs:834)
Game.Runtime.SkirmishSessionCleanupSystem:OnUpdate (Unity.Entities.SystemState&) (at Assets/Game/Scripts/Runtime/Skirmish/SkirmishSessionCleanupSystem.cs:22)
Game.Runtime.SkirmishSessionCleanupSystem:__codegen__OnUpdate (intptr,intptr)
Unity.Entities.SystemBaseRegistry/<>c__DisplayClass9_0:<SelectBurstFn>b__0 (intptr,intptr) (at ./Library/PackageCache/com.unity.entities@bab66ffaba49/Unity.Entities/SystemBaseRegistry.cs:251)
Unity.Entities.WorldUnmanagedImpl/Unity.Entities.UnmanagedUpdate_000015A0$BurstDirectCall:Invoke (void*)
Unity.Entities.WorldUnmanagedImpl:UnmanagedUpdate (void*)
Unity.Entities.WorldUnmanagedImpl:UpdateSystem (Unity.Entities.SystemHandle) (at ./Library/PackageCache/com.unity.entities@bab66ffaba49/Unity.Entities/WorldUnmanaged.cs:942)
Unity.Entities.SystemHandle:Update (Unity.Entities.WorldUnmanaged) (at ./Library/PackageCache/com.unity.entities@bab66ffaba49/Unity.Entities/WorldUnmanaged.cs:169)
Game.Tests.Editor.SkirmishS002AriaHarnessTests:FinishedCleanupDestroysOwnedUnitsOutsideTheSessionQuery () (at Assets/Tests/Editor/SkirmishExpansion/SkirmishS002AriaHarnessTests.cs:1005)
Game.Tests.Editor.SkirmishS002AriaHarnessTests:RunFocusedValidation () (at Assets/Tests/Editor/SkirmishExpansion/SkirmishS002AriaHarnessTests.cs:1288)
Game.Tests.Editor.SkirmishSharedMaterialsTests:RunFocusedValidation () (at Assets/Tests/Editor/SkirmishExpansion/SkirmishSharedMaterialsTests.cs:99)

(Filename: ./Library/PackageCache/com.unity.entities@bab66ffaba49/Unity.Entities/Stubs/Unity/Debug.cs Line: 13)

[SkirmishS002AriaHarnessTests] result=Passed
UnityEngine.Debug:ExtractStackTraceNoAlloc (byte*,int,string)
UnityEngine.StackTraceUtility:ExtractStackTrace () (at /Users/bokken/build/output/unity/unity/Runtime/Export/Scripting/StackTrace.cs:35)
UnityEngine.DebugLogHandler:Internal_Log (UnityEngine.LogType,UnityEngine.LogOption,string,UnityEngine.Object)
UnityEngine.DebugLogHandler:LogFormat (UnityEngine.LogType,UnityEngine.Object,string,object[])
UnityEngine.Logger:Log (UnityEngine.LogType,object)
UnityEngine.Debug:Log (object)
Game.Tests.Editor.SkirmishS002AriaHarnessTests:RunFocusedValidation () (at Assets/Tests/Editor/SkirmishExpansion/SkirmishS002AriaHarnessTests.cs:1292)
Game.Tests.Editor.SkirmishSharedMaterialsTests:RunFocusedValidation () (at Assets/Tests/Editor/SkirmishExpansion/SkirmishSharedMaterialsTests.cs:99)

(Filename: Assets/Tests/Editor/SkirmishExpansion/SkirmishS002AriaHarnessTests.cs Line: 1292)

[SkirmishSharedMaterialsTests] result=Passed
UnityEngine.Debug:ExtractStackTraceNoAlloc (byte*,int,string)
UnityEngine.StackTraceUtility:ExtractStackTrace () (at /Users/bokken/build/output/unity/unity/Runtime/Export/Scripting/StackTrace.cs:35)
UnityEngine.DebugLogHandler:Internal_Log (UnityEngine.LogType,UnityEngine.LogOption,string,UnityEngine.Object)
UnityEngine.DebugLogHandler:LogFormat (UnityEngine.LogType,UnityEngine.Object,string,object[])
UnityEngine.Logger:Log (UnityEngine.LogType,object)
UnityEngine.Debug:Log (object)
Game.Tests.Editor.SkirmishSharedMaterialsTests:RunFocusedValidation () (at Assets/Tests/Editor/SkirmishExpansion/SkirmishSharedMaterialsTests.cs:100)

(Filename: Assets/Tests/Editor/SkirmishExpansion/SkirmishSharedMaterialsTests.cs Line: 100)

Thread 0x3b203b000 may have been prematurely finalized
Batchmode quit successfully invoked - shutting down!
Pipeline Server stopped
Unloading 526 Unused Serialized files (Serialized files now loaded: 0)
Killing ADB server in 0.211955 seconds.
Shutting down MSBuild server...
Shutting down VB/C# compiler server...
Unloading 2143 unused Assets / (139.0 KB). Loaded Objects now: 50870.
Memory consumption went from 0.96 GB to 0.96 GB.
Total: 52.542458 ms (FindLiveObjects: 0.951708 ms CreateObjectMapping: 8.222625 ms MarkObjects: 40.951875 ms  DeleteObjects: 2.415792 ms)

Thread 0x1796c7000 may have been prematurely finalized
VB/C# compiler server shut down successfully.
Input System module state changed to: ShutdownInProgress.
Input Polling Thread exited.
Input System module state changed to: Shutdown.
MSBuild server shut down successfully.
[Physics::Module] Cleanup current backend.
[Physics::Module] Id: 0xf2b8ea05
[Licensing::IpcConnector] LicenseClient-farhad-notifications channel disconnected successfully.
[Licensing::IpcConnector] LicenseClient-farhad channel disconnected successfully.
Thread 0x16e413000 may have been prematurely finalized
Thread 0x16e49f000 may have been prematurely finalized
Thread 0x16e52b000 may have been prematurely finalized
Thread 0x16e5b7000 may have been prematurely finalized
Thread 0x16e643000 may have been prematurely finalized
Thread 0x16e6cf000 may have been prematurely finalized
Thread 0x16e75b000 may have been prematurely finalized
Thread 0x16e7e7000 may have been prematurely finalized
Thread 0x16e873000 may have been prematurely finalized
AcceleratorClientConnectionCallback - disconnected - :0
Thread 0x177107000 may have been prematurely finalized
Cleanup mono
CodeReloadManager destroyed
info: Microsoft.Hosting.Lifetime[0]
      Application is shutting down...
info: Unity.ILPP.Runner.PostProcessingAssemblyLoadContext[0]
      ALC ILPP context 1 is unloading
Leak Detected : Persistent allocates 4 individual allocations. To find out more please enable 'Settings > Jobs > Leak Detection Level > Enabled With Stack Trace' and reproduce the leak again.
debugger-agent: Unable to listen on 36
Exiting batchmode successfully now!
[Package Manager] Server process was shutdown
