Unity Editor version:    6000.5.2f1 (eb73d3b415a1)
Branch:                  6000.5/staging
Build type:              Release
Batch mode:              NO
macOS version:           Version 26.6.2 (Build 25G83)
Darwin version:          25.6.0
Architecture:            arm64
Running under Rosetta:   NO
Available memory:        16384 MB
Date:                    2026-09-24T20:35:30Z
[Licensing::Module] Trying to connect to existing licensing client channel...
[Licensing::IpcConnector] Successfully connected to: "LicenseClient-farhad" at "2026-09-24T20:35:30.378797Z"
Launching external process: /Applications/Unity/Hub/Editor/6000.5.2f1/Unity.app/Contents/Helpers/PackageManager/Server/UnityPackageManager

COMMAND LINE ARGUMENTS:
/Applications/Unity/Hub/Editor/6000.5.2f1/Unity.app/Contents/MacOS/Unity
-projectPath
/private/tmp/warline-s003-player-ready
-logFile
/private/tmp/s003-production-receipt-identity-01.log
-quit
-executeMethod
Game.Tests.Editor.SkirmishSharedMaterialsTests.RunFocusedValidation
Successfully changed project path to: /private/tmp/warline-s003-player-ready
/private/tmp/warline-s003-player-ready
[UnityMemory] Configuration Parameters - Can be set up in boot.config
    "memorysetup-temp-allocator-size-gi-baking-worker=262144"
    "memorysetup-temp-allocator-size-gi-baking-worker=262144"
    "memorysetup-temp-allocator-size-gi-baking-worker=262144"
    "memorysetup-temp-allocator-size-gi-baking-worker=262144"
    "memorysetup-temp-allocator-size-gi-baking-worker=262144"
    "memorysetup-temp-allocator-size-nav-mesh-worker=65536"
    "memorysetup-temp-allocator-size-audio-worker=65536"
    "memorysetup-temp-allocator-size-cloud-worker=32768"
    "memorysetup-allocator-temp-initial-block-size-main=262144"
    "memorysetup-allocator-temp-initial-block-size-worker=262144"
    "memorysetup-temp-allocator-size-preload-manager=33554432"
    "memorysetup-temp-allocator-size-gfx=262144"
    "memorysetup-temp-allocator-size-background-worker=32768"
    "memorysetup-temp-allocator-size-job-worker=262144"
    "memorysetup-bucket-allocator-granularity=16"
    "memorysetup-bucket-allocator-bucket-count=8"
    "memorysetup-bucket-allocator-block-size=33554432"
    "memorysetup-bucket-allocator-block-count=8"
    "memorysetup-main-allocator-block-size=16777216"
    "memorysetup-thread-allocator-block-size=16777216"
    "memorysetup-main-allocator-mimalloc-enabled=0"
    "memorysetup-gfx-main-allocator-block-size=16777216"
    "memorysetup-gfx-thread-allocator-block-size=16777216"
    "memorysetup-cache-allocator-block-size=4194304"
    "memorysetup-typetree-allocator-block-size=2097152"
    "memorysetup-profiler-bucket-allocator-granularity=16"
    "memorysetup-profiler-bucket-allocator-bucket-count=8"
    "memorysetup-profiler-bucket-allocator-block-size=33554432"
    "memorysetup-profiler-bucket-allocator-block-count=8"
    "memorysetup-profiler-allocator-block-size=16777216"
    "memorysetup-profiler-editor-allocator-block-size=1048576"
    "memorysetup-temp-allocator-size-main=16777216"
    "memorysetup-job-temp-allocator-block-size=2097152"
    "memorysetup-job-temp-allocator-block-size-background=1048576"
    "memorysetup-job-temp-allocator-reduction-small-platforms=262144"
Logging is directed to a specific file, skipping project log.Player connection [8466637184]  Target information:

Player connection [8466637184]  * "[IP] 192.168.2.175 [Port] 55504 [Flags] 2 [Guid] 3382051774 [EditorId] 3382051774 [Version] 1048832 [Id] OSXEditor(0,Farhads-MacBook-Air-2.local) [Debug] 1 [PackageName] OSXEditor [ProjectName] Editor" 

Player connection [8466637184]  * "[IP] 10.137.14.201 [Port] 55504 [Flags] 2 [Guid] 3382051774 [EditorId] 3382051774 [Version] 1048832 [Id] OSXEditor(0,Farhads-MacBook-Air-2.local) [Debug] 1 [PackageName] OSXEditor [ProjectName] Editor" 

Player connection [8466637184] Host joined multi-casting on [225.0.0.222:54997]...
Player connection [8466637184] Host joined alternative multi-casting on [225.0.0.222:34997]...
Input System module state changed to: Initialized.
[Physics::Module] Initialized fallback backend.
[Physics::Module] Id: 0xdecafbad
[Licensing::Client] Handshaking with LicensingClient:
  Version:                 1.18.3+d7ffd15
  Session Id:              76773520006b4d4b9479d8879724d9da
  Correlation Id:          a12e24994cdf1129b78ddeb885cfe210
  External correlation Id: 3028788827593764852
  Machine Id:              10T5sSSYWiUOOlqtQecUz0BYTYA=
[Licensing::Module] Successfully connected to LicensingClient on channel: "LicenseClient-farhad" (connect: 0.00s, validation: 0.00s, handshake: 0.32s)
[Licensing::IpcConnector] Successfully connected to: "LicenseClient-farhad-notifications" at "2026-09-24T20:35:30.699381Z"
[Licensing::Module] Error: Access token is unavailable; failed to update
[Licensing::Client] Successfully resolved entitlement details
[Licensing::Module] License group:
  Id: 2197950-UnityPersXXXX
  Product: Unity Personal
  Type: Assigned
  Expiration: Unlimited
[Licensing::Client] Successfully updated license, isAsync: True, time: 0.00
[Licensing::Client] Successfully resolved entitlement details
[Licensing::Module] Licensing Background thread has ended after 0.32s
[Package Manager] Connected to IPC stream "Upm-19090" after 0.1 seconds.
[Licensing::Client] Successfully resolved entitlement details
Library Redirect Path: Library/
[Physics::Module] Selected backend.
[Physics::Module] Name: PhysX
[Physics::Module] Id: 0xf2b8ea05
[Physics::Module] SDK Version: 4.1.2
[Physics::Module] Integration Version: 1.0.0
[Physics::Module] Threading Mode: Multi-Threaded
[Licensing::Client] Successfully resolved entitlement details
Initialize engine version: 6000.5.2f1 (eb73d3b415a1)
[Subsystems] Discovering subsystems at path /Applications/Unity/Hub/Editor/6000.5.2f1/Unity.app/Contents/Resources/UnitySubsystems
[Subsystems] Discovering subsystems at path /private/tmp/warline-s003-player-ready/Assets
GfxDevice: creating device client; kGfxThreadingModeThreaded
 preferred device: Apple M5 (high power)
Metal devices available: 1
0: Apple M5 (high power)
Using device Apple M5 (high power)
Initializing Metal device caps: Apple M5
Mac GPU Family: 2
Apple GPU Family: 9
MSL Version: 3.0
Has Float MSAA: 1
Has Float Filtering: 1
ReadWrite Texture Tier: 2
Initialize mono
Mono path[0] = '/Applications/Unity/Hub/Editor/6000.5.2f1/Unity.app/Contents/Resources/Scripting/Managed'
Mono path[1] = '/Applications/Unity/Hub/Editor/6000.5.2f1/Unity.app/Contents/Resources/Scripting/BCLExtensions/runtime/netstandard2.1'
Mono path[2] = '/Applications/Unity/Hub/Editor/6000.5.2f1/Unity.app/Contents/Resources/Scripting/MonoBleedingEdge/lib/mono/unityjit-macos'
Mono config path = '/Applications/Unity/Hub/Editor/6000.5.2f1/Unity.app/Contents/Resources/Scripting/MonoBleedingEdge/etc'
Using monoOptions --debugger-agent=transport=dt_socket,embedding=1,server=y,suspend=n,address=127.0.0.1:56090
CodeReloadManager initialized
ImportWorker Server TCP listen port: 0
AcceleratorClientConnectionCallback - disconnected - :0
Begin MonoManager ReloadAssembly
Registering precompiled unity dll's ...
Register platform support module: /Applications/Unity/Hub/Editor/6000.5.2f1/PlaybackEngines/MacStandaloneSupport/UnityEditor.OSXStandalone.Extensions.dll
Register platform support module: /Applications/Unity/Hub/Editor/6000.5.2f1/PlaybackEngines/AndroidPlayer/UnityEditor.Android.Extensions.dll
Registered in 0.001086 seconds.
Native extension for Android target not found
Native extension for OSXStandalone target not found
Package Manager log level set to [2]
ScheduleIndexationOnStartup MainProcess:False IndexOnStartup:False
Mono: successfully reloaded assembly
- Finished resetting the current domain, in  0.207 seconds
Domain Reload Profiling: 447ms
	BeginReloadAssembly (69ms)
		CreateAndSetChildDomain (9ms)
	RebuildNativeTypeToScriptingClass (8ms)
	initialDomainReloadingComplete (29ms)
	LoadAllAssembliesAndSetupDomain (131ms)
		LoadAssemblies (61ms)
		AnalyzeDomain (99ms)
			TypeCache.Refresh (98ms)
				TypeCache.ScanAssembly (90ms)
	FinalizeReload (208ms)
		SetupLoadedEditorAssemblies (0ms)
			InitializePlatformSupportModulesInManaged (44ms)
			BeforeProcessingInitializeOnLoad (35ms)
			ProcessInitializeOnLoadAttributes (46ms)
			ProcessInitializeOnLoadMethodAttributes (51ms)
[Licensing::Client] Successfully resolved entitlement details
[Licensing::Client] Successfully resolved entitlement details
Application.AssetDatabase Initial Refresh Start
[Package Manager] Restoring resolved packages state from cache
[Licensing::Client] Successfully resolved entitlement details
[Package Manager] Registered 70 packages:
  Packages from [https://packages.unity.com]:
    com.unity.addressables@3.1.0 (location: /private/tmp/warline-s003-player-ready/Library/PackageCache/com.unity.addressables@9bffe1a216ce)
    com.unity.ai.assistant@2.13.0-pre.2 (location: /private/tmp/warline-s003-player-ready/Library/PackageCache/com.unity.ai.assistant@6fee27370e6a)
    com.unity.collab-proxy@2.12.4 (location: /private/tmp/warline-s003-player-ready/Library/PackageCache/com.unity.collab-proxy@0b1559bcd34e)
    com.unity.ide.rider@3.0.40 (location: /private/tmp/warline-s003-player-ready/Library/PackageCache/com.unity.ide.rider@e4950c6d131b)
    com.unity.ide.visualstudio@2.0.27 (location: /private/tmp/warline-s003-player-ready/Library/PackageCache/com.unity.ide.visualstudio@dc1ddd4f09b6)
    com.unity.inputsystem@1.19.0 (location: /private/tmp/warline-s003-player-ready/Library/PackageCache/com.unity.inputsystem@21a28c3a6c83)
    com.unity.probuilder@6.1.2 (location: /private/tmp/warline-s003-player-ready/Library/PackageCache/com.unity.probuilder@8be9724b2335)
    com.unity.timeline@1.8.12 (location: /private/tmp/warline-s003-player-ready/Library/PackageCache/com.unity.timeline@8cd8509afae5)
    com.unity.visualscripting@1.9.11 (location: /private/tmp/warline-s003-player-ready/Library/PackageCache/com.unity.visualscripting@8bed5ad90189)
    com.unity.pipeline@0.6.0-exp.1 (location: /private/tmp/warline-s003-player-ready/Library/PackageCache/com.unity.pipeline@9bb4172c603c)
    com.unity.burst@1.8.29 (location: /private/tmp/warline-s003-player-ready/Library/PackageCache/com.unity.burst@6bb9aca3ef38)
    com.unity.nuget.mono-cecil@1.11.6 (location: /private/tmp/warline-s003-player-ready/Library/PackageCache/com.unity.nuget.mono-cecil@ecb9724e46ff)
    com.unity.nuget.newtonsoft-json@3.2.2 (location: /private/tmp/warline-s003-player-ready/Library/PackageCache/com.unity.nuget.newtonsoft-json@4dfd81071c64)
    com.unity.searcher@4.9.4 (location: /private/tmp/warline-s003-player-ready/Library/PackageCache/com.unity.searcher@d45a78918735)
    com.unity.settings-manager@2.1.1 (location: /private/tmp/warline-s003-player-ready/Library/PackageCache/com.unity.settings-manager@0b8638c5ce86)
    com.unity.profiling.core@1.0.3 (location: /private/tmp/warline-s003-player-ready/Library/PackageCache/com.unity.profiling.core@8a49f7027d06)
    com.unity.test-framework.performance@3.5.0 (location: /private/tmp/warline-s003-player-ready/Library/PackageCache/com.unity.test-framework.performance@8b56083ec0f0)
    com.unity.scriptablebuildpipeline@3.1.1 (location: /private/tmp/warline-s003-player-ready/Library/PackageCache/com.unity.scriptablebuildpipeline@ea93f1084040)
  Built-in packages:
    com.unity.2d.sprite@1.0.0 (location: /private/tmp/warline-s003-player-ready/Library/PackageCache/com.unity.2d.sprite@053a968eab56)
    com.unity.entities@6.5.0 (location: /private/tmp/warline-s003-player-ready/Library/PackageCache/com.unity.entities@bab66ffaba49)
    com.unity.entities.graphics@6.5.0 (location: /private/tmp/warline-s003-player-ready/Library/PackageCache/com.unity.entities.graphics@66588da3a112)
    com.unity.multiplayer.center@1.0.1 (location: /private/tmp/warline-s003-player-ready/Library/PackageCache/com.unity.multiplayer.center@b860850997d0)
    com.unity.render-pipelines.universal@17.5.0 (location: /private/tmp/warline-s003-player-ready/Library/PackageCache/com.unity.render-pipelines.universal@748d7458cc62)
    com.unity.serialization@6.5.0 (location: /private/tmp/warline-s003-player-ready/Library/PackageCache/com.unity.serialization@b2610f80ff18)
    com.unity.shadergraph@17.5.0 (location: /private/tmp/warline-s003-player-ready/Library/PackageCache/com.unity.shadergraph@2df19e8719bc)
    com.unity.test-framework@1.7.0 (location: /private/tmp/warline-s003-player-ready/Library/PackageCache/com.unity.test-framework@1405238725ab)
    com.unity.ugui@2.5.0 (location: /private/tmp/warline-s003-player-ready/Library/PackageCache/com.unity.ugui@3d1ea40b73ef)
    com.unity.modules.accessibility@1.0.0 (location: /private/tmp/warline-s003-player-ready/Library/PackageCache/com.unity.modules.accessibility)
    com.unity.modules.adaptiveperformance@1.0.0 (location: /private/tmp/warline-s003-player-ready/Library/PackageCache/com.unity.modules.adaptiveperformance)
    com.unity.modules.ai@1.0.0 (location: /private/tmp/warline-s003-player-ready/Library/PackageCache/com.unity.modules.ai)
    com.unity.modules.androidjni@1.0.0 (location: /private/tmp/warline-s003-player-ready/Library/PackageCache/com.unity.modules.androidjni)
    com.unity.modules.animation@1.0.0 (location: /private/tmp/warline-s003-player-ready/Library/PackageCache/com.unity.modules.animation)
    com.unity.modules.assetbundle@1.0.0 (location: /private/tmp/warline-s003-player-ready/Library/PackageCache/com.unity.modules.assetbundle)
    com.unity.modules.audio@1.0.0 (location: /private/tmp/warline-s003-player-ready/Library/PackageCache/com.unity.modules.audio)
    com.unity.modules.cloth@1.0.0 (location: /private/tmp/warline-s003-player-ready/Library/PackageCache/com.unity.modules.cloth)
    com.unity.modules.director@1.0.0 (location: /private/tmp/warline-s003-player-ready/Library/PackageCache/com.unity.modules.director)
    com.unity.modules.imageconversion@1.0.0 (location: /private/tmp/warline-s003-player-ready/Library/PackageCache/com.unity.modules.imageconversion)
    com.unity.modules.imgui@1.0.0 (location: /private/tmp/warline-s003-player-ready/Library/PackageCache/com.unity.modules.imgui)
    com.unity.modules.jsonserialize@1.0.0 (location: /private/tmp/warline-s003-player-ready/Library/PackageCache/com.unity.modules.jsonserialize)
    com.unity.modules.physicscore2d@1.0.0 (location: /private/tmp/warline-s003-player-ready/Library/PackageCache/com.unity.modules.physicscore2d)
    com.unity.modules.screencapture@1.0.0 (location: /private/tmp/warline-s003-player-ready/Library/PackageCache/com.unity.modules.screencapture)
    com.unity.modules.tilemap@1.0.0 (location: /private/tmp/warline-s003-player-ready/Library/PackageCache/com.unity.modules.tilemap)
    com.unity.modules.ui@1.0.0 (location: /private/tmp/warline-s003-player-ready/Library/PackageCache/com.unity.modules.ui)
    com.unity.modules.uielements@1.0.0 (location: /private/tmp/warline-s003-player-ready/Library/PackageCache/com.unity.modules.uielements)
    com.unity.modules.umbra@1.0.0 (location: /private/tmp/warline-s003-player-ready/Library/PackageCache/com.unity.modules.umbra)
    com.unity.modules.unityanalytics@1.0.0 (location: /private/tmp/warline-s003-player-ready/Library/PackageCache/com.unity.modules.unityanalytics)
    com.unity.modules.unitywebrequest@1.0.0 (location: /private/tmp/warline-s003-player-ready/Library/PackageCache/com.unity.modules.unitywebrequest)
    com.unity.modules.unitywebrequestassetbundle@1.0.0 (location: /private/tmp/warline-s003-player-ready/Library/PackageCache/com.unity.modules.unitywebrequestassetbundle)
    com.unity.modules.unitywebrequestaudio@1.0.0 (location: /private/tmp/warline-s003-player-ready/Library/PackageCache/com.unity.modules.unitywebrequestaudio)
    com.unity.modules.unitywebrequesttexture@1.0.0 (location: /private/tmp/warline-s003-player-ready/Library/PackageCache/com.unity.modules.unitywebrequesttexture)
    com.unity.modules.unitywebrequestwww@1.0.0 (location: /private/tmp/warline-s003-player-ready/Library/PackageCache/com.unity.modules.unitywebrequestwww)
    com.unity.modules.vectorgraphics@1.0.0 (location: /private/tmp/warline-s003-player-ready/Library/PackageCache/com.unity.modules.vectorgraphics)
    com.unity.modules.vehicles@1.0.0 (location: /private/tmp/warline-s003-player-ready/Library/PackageCache/com.unity.modules.vehicles)
    com.unity.modules.video@1.0.0 (location: /private/tmp/warline-s003-player-ready/Library/PackageCache/com.unity.modules.video)
    com.unity.modules.wind@1.0.0 (location: /private/tmp/warline-s003-player-ready/Library/PackageCache/com.unity.modules.wind)
    com.unity.modules.xr@1.0.0 (location: /private/tmp/warline-s003-player-ready/Library/PackageCache/com.unity.modules.xr)
    com.unity.modules.physics@1.0.0 (location: /private/tmp/warline-s003-player-ready/Library/PackageCache/com.unity.modules.physics)
    com.unity.modules.subsystems@1.0.0 (location: /private/tmp/warline-s003-player-ready/Library/PackageCache/com.unity.modules.subsystems)
    com.unity.modules.hierarchycore@1.0.0 (location: /private/tmp/warline-s003-player-ready/Library/PackageCache/com.unity.modules.hierarchycore)
    com.unity.modules.physics2d@1.0.0 (location: /private/tmp/warline-s003-player-ready/Library/PackageCache/com.unity.modules.physics2d)
    com.unity.modules.particlesystem@1.0.0 (location: /private/tmp/warline-s003-player-ready/Library/PackageCache/com.unity.modules.particlesystem)
    com.unity.ext.nunit@2.1.0 (location: /private/tmp/warline-s003-player-ready/Library/PackageCache/com.unity.ext.nunit@44f7d31723bd)
    com.unity.render-pipelines.core@17.5.0 (location: /private/tmp/warline-s003-player-ready/Library/PackageCache/com.unity.render-pipelines.core@9fe9377312a8)
    com.unity.collections@6.5.0 (location: /private/tmp/warline-s003-player-ready/Library/PackageCache/com.unity.collections@a43cabe808ca)
    com.unity.render-pipelines.universal-config@17.5.0 (location: /private/tmp/warline-s003-player-ready/Library/PackageCache/com.unity.render-pipelines.universal-config@fdda01c80fe3)
    com.unity.modules.hierarchy@1.0.0 (location: /private/tmp/warline-s003-player-ready/Library/PackageCache/com.unity.modules.hierarchy)
    com.unity.mathematics@1.4.0 (location: /private/tmp/warline-s003-player-ready/Library/PackageCache/com.unity.mathematics@981956d94fb6)
    com.unity.modules.terrain@1.0.0 (location: /private/tmp/warline-s003-player-ready/Library/PackageCache/com.unity.modules.terrain)
  Embedded packages:
    com.sniveler-code.gpu-animation@file:/private/tmp/warline-s003-player-ready/Packages/com.sniveler-code.gpu-animation (location: /private/tmp/warline-s003-player-ready/Packages/com.sniveler-code.gpu-animation)
  Git packages:
    com.nosuchstudio.rtltmpro@https://github.com/hk1ll3r/RTLTMPro.git?path=/UPMPackage#69c9193fc27218f17679cc57382a61ac4a717b2b (location: /private/tmp/warline-s003-player-ready/Library/PackageCache/com.nosuchstudio.rtltmpro@44858274f18a)
[Subsystems] No new subsystems found in resolved package list.
[Package Manager] Done registering packages in 0.01 seconds
Assembly reference Packages/com.unity.entities/Unity.Scenes.Editor/Internals/Properties/Unity.Properties.Internals.asmref has no target assembly definition
Assembly reference Packages/com.unity.entities/Unity.Scenes.Editor/Internals/Properties/Unity.Properties.Internals.asmref has no target assembly definition
[ScriptCompilation] Requested script compilation because: AssetDatabase observed changes in script compilation related files
info: Microsoft.Hosting.Lifetime[14]
      Now listening on: http://unix:/tmp/ilpp.sock-57eb0d385816115c1b6958a166d90951
info: Microsoft.Hosting.Lifetime[0]
      Application started. Press Ctrl+C to shut down.
info: Microsoft.Hosting.Lifetime[0]
      Hosting environment: Production
info: Microsoft.Hosting.Lifetime[0]
      Content root path: /private/tmp/warline-s003-player-ready
info: Microsoft.AspNetCore.Hosting.Diagnostics[1]
      Request starting HTTP/2 POST http://ilpp/UnityILPP.PostProcessing/Ping - application/grpc -
info: Microsoft.AspNetCore.Routing.EndpointMiddleware[0]
      Executing endpoint 'gRPC - /UnityILPP.PostProcessing/Ping'
info: Microsoft.AspNetCore.Routing.EndpointMiddleware[1]
      Executed endpoint 'gRPC - /UnityILPP.PostProcessing/Ping'
info: Microsoft.AspNetCore.Hosting.Diagnostics[2]
      Request finished HTTP/2 POST http://ilpp/UnityILPP.PostProcessing/Ping - 200 - application/grpc 27.9035ms
Refreshing native plugins compatible for Editor in 2.69 ms, found 3 plugins.
Starting: /Applications/Unity/Hub/Editor/6000.5.2f1/Unity.app/Contents/Resources/BuildPipeline/bee_backend --ipc --defer-dag-verification --dagfile="Library/Bee/1300b0aE.dag" --continue-on-failure --profile="Library/Bee/backend1.traceevents" ScriptAssemblies
WorkingDir: /private/tmp/warline-s003-player-ready
info: Microsoft.AspNetCore.Hosting.Diagnostics[1]
      Request starting HTTP/2 POST http://ilpp/UnityILPP.PostProcessing/ConfigurePostProcessors - application/grpc -
info: Microsoft.AspNetCore.Routing.EndpointMiddleware[0]
      Executing endpoint 'gRPC - /UnityILPP.PostProcessing/ConfigurePostProcessors'
warn: Unity.ILPP.Runner.PostProcessingAssemblyLoadContext[0]
      Assembly system.runtime.interopservices.windowsruntime has duplicate hint path. Ignoring "/Applications/Unity/Hub/Editor/6000.5.2f1/Unity.app/Contents/Resources/Scripting/NetStandard/Extensions/2.0.0/System.Runtime.InteropServices.WindowsRuntime.dll" in favor of "/Applications/Unity/Hub/Editor/6000.5.2f1/Unity.app/Contents/Resources/Scripting/UnityReferenceAssemblies/unity-4.8-api/Facades/System.Runtime.InteropServices.WindowsRuntime.dll"
warn: Unity.ILPP.Runner.PostProcessingAssemblyLoadContext[0]
      Assembly system.componentmodel.composition has duplicate hint path. Ignoring "/Applications/Unity/Hub/Editor/6000.5.2f1/Unity.app/Contents/Resources/Scripting/NetStandard/compat/2.1.0/shims/netfx/System.ComponentModel.Composition.dll" in favor of "/Applications/Unity/Hub/Editor/6000.5.2f1/Unity.app/Contents/Resources/Scripting/UnityReferenceAssemblies/unity-4.8-api/System.ComponentModel.Composition.dll"
info: Unity.ILPP.Runner.PostProcessingAssemblyLoadContext[0]
      Resolved Mono.Cecil, Version=0.11.5.0, Culture=neutral, PublicKeyToken=50cebf1cceb9d05e with Library/PackageCache/com.unity.nuget.mono-cecil@ecb9724e46ff/Mono.Cecil.dll
info: Unity.ILPP.Runner.PostProcessingAssemblyLoadContext[0]
      Resolved Unity.Burst.Cecil, Version=0.11.6.0, Culture=neutral, PublicKeyToken=50cebf1cceb9d05e with Library/PackageCache/com.unity.burst@6bb9aca3ef38/Unity.Burst.CodeGen/Unity.Burst.Cecil.dll
info: Unity.ILPP.Runner.PostProcessingAssemblyLoadContext[0]
      Resolved Unity.Entities, Version=0.0.0.0, Culture=neutral, PublicKeyToken=null with Library/Bee/artifacts/1300b0aE.dag/Unity.Entities.dll
info: Microsoft.AspNetCore.Routing.EndpointMiddleware[1]
      Executed endpoint 'gRPC - /UnityILPP.PostProcessing/ConfigurePostProcessors'
info: Microsoft.AspNetCore.Hosting.Diagnostics[2]
      Request finished HTTP/2 POST http://ilpp/UnityILPP.PostProcessing/ConfigurePostProcessors - 200 - application/grpc 19.5186ms
info: Microsoft.AspNetCore.Hosting.Diagnostics[1]
      Request starting HTTP/2 POST http://ilpp/UnityILPP.PostProcessing/PostProcessAssembly - application/grpc -
info: Microsoft.AspNetCore.Routing.EndpointMiddleware[0]
      Executing endpoint 'gRPC - /UnityILPP.PostProcessing/PostProcessAssembly'
info: Microsoft.AspNetCore.Hosting.Diagnostics[1]
      Request starting HTTP/2 POST http://ilpp/UnityILPP.PostProcessing/PostProcessAssembly - application/grpc -
info: Microsoft.AspNetCore.Routing.EndpointMiddleware[0]
      Executing endpoint 'gRPC - /UnityILPP.PostProcessing/PostProcessAssembly'
info: Microsoft.AspNetCore.Hosting.Diagnostics[1]
      Request starting HTTP/2 POST http://ilpp/UnityILPP.PostProcessing/PostProcessAssembly - application/grpc -
info: Microsoft.AspNetCore.Routing.EndpointMiddleware[0]
      Executing endpoint 'gRPC - /UnityILPP.PostProcessing/PostProcessAssembly'
info: Microsoft.AspNetCore.Hosting.Diagnostics[1]
      Request starting HTTP/2 POST http://ilpp/UnityILPP.PostProcessing/PostProcessAssembly - application/grpc -
info: Microsoft.AspNetCore.Routing.EndpointMiddleware[0]
      Executing endpoint 'gRPC - /UnityILPP.PostProcessing/PostProcessAssembly'
info: Microsoft.AspNetCore.Hosting.Diagnostics[1]
      Request starting HTTP/2 POST http://ilpp/UnityILPP.PostProcessing/PostProcessAssembly - application/grpc -
info: Microsoft.AspNetCore.Routing.EndpointMiddleware[0]
      Executing endpoint 'gRPC - /UnityILPP.PostProcessing/PostProcessAssembly'
info: Microsoft.AspNetCore.Hosting.Diagnostics[1]
      Request starting HTTP/2 POST http://ilpp/UnityILPP.PostProcessing/PostProcessAssembly - application/grpc -
info: Microsoft.AspNetCore.Routing.EndpointMiddleware[0]
      Executing endpoint 'gRPC - /UnityILPP.PostProcessing/PostProcessAssembly'
info: Unity.ILPP.Runner.PostProcessingPipeline[0]
      Processing assembly Library/Bee/artifacts/1300b0aE.dag/Game.Editor.dll, with 150 defines and 355 references
info: Unity.ILPP.Runner.PostProcessingPipeline[0]
      processors: Unity.Entities.CodeGen.EntitiesILPostProcessors, Unity.Jobs.CodeGen.JobsILPostProcessor, Unity.Pipeline.CodeGen.HotReloadInPlaceILPostProcessor, zzzUnity.Burst.CodeGen.BurstILPostProcessor
info: Unity.ILPP.Runner.PostProcessingPipeline[0]
      Processing assembly Library/Bee/artifacts/1300b0aE.dag/Game.Composition.dll, with 152 defines and 333 references
info: Unity.ILPP.Runner.PostProcessingPipeline[0]
      processors: Unity.Entities.CodeGen.EntitiesILPostProcessors, Unity.Jobs.CodeGen.JobsILPostProcessor, Unity.Pipeline.CodeGen.HotReloadInPlaceILPostProcessor, zzzUnity.Burst.CodeGen.BurstILPostProcessor
info: Unity.ILPP.Runner.PostProcessingPipeline[0]
      Processing assembly Library/Bee/artifacts/1300b0aE.dag/Game.UI.ScenarioLab.Runtime.dll, with 152 defines and 316 references
info: Unity.ILPP.Runner.PostProcessingPipeline[0]
      processors: Unity.Entities.CodeGen.EntitiesILPostProcessors, Unity.Jobs.CodeGen.JobsILPostProcessor, Unity.Pipeline.CodeGen.HotReloadInPlaceILPostProcessor, zzzUnity.Burst.CodeGen.BurstILPostProcessor
info: Unity.ILPP.Runner.PostProcessingPipeline[0]
      Processing assembly Library/Bee/artifacts/1300b0aE.dag/Game.Runtime.dll, with 152 defines and 324 references
info: Unity.ILPP.Runner.PostProcessingPipeline[0]
      processors: Unity.Entities.CodeGen.EntitiesILPostProcessors, Unity.Jobs.CodeGen.JobsILPostProcessor, Unity.Pipeline.CodeGen.HotReloadInPlaceILPostProcessor, zzzUnity.Burst.CodeGen.BurstILPostProcessor
info: Unity.ILPP.Runner.PostProcessingPipeline[0]
      running Unity.Entities.CodeGen.EntitiesILPostProcessors
info: Unity.ILPP.Runner.PostProcessingPipeline[0]
      running Unity.Entities.CodeGen.EntitiesILPostProcessors
info: Unity.ILPP.Runner.PostProcessingPipeline[0]
      running Unity.Entities.CodeGen.EntitiesILPostProcessors
info: Unity.ILPP.Runner.PostProcessingPipeline[0]
      running Unity.Jobs.CodeGen.JobsILPostProcessor
info: Unity.ILPP.Runner.PostProcessingAssemblyLoadContext[0]
      Resolved Mono.Cecil.Rocks, Version=0.11.5.0, Culture=neutral, PublicKeyToken=50cebf1cceb9d05e with Library/PackageCache/com.unity.nuget.mono-cecil@ecb9724e46ff/Mono.Cecil.Rocks.dll
info: Unity.ILPP.Runner.PostProcessingPipeline[0]
      running Unity.Pipeline.CodeGen.HotReloadInPlaceILPostProcessor
info: Unity.ILPP.Runner.PostProcessingPipeline[0]
      running zzzUnity.Burst.CodeGen.BurstILPostProcessor
info: Unity.ILPP.Runner.PostProcessingPipeline[0]
      Processing assembly Library/Bee/artifacts/1300b0aE.dag/Game.Tests.PlayMode.dll, with 152 defines and 314 references
info: Unity.ILPP.Runner.PostProcessingPipeline[0]
      processors: Unity.Entities.CodeGen.EntitiesILPostProcessors, Unity.Jobs.CodeGen.JobsILPostProcessor, Unity.Pipeline.CodeGen.HotReloadInPlaceILPostProcessor, zzzUnity.Burst.CodeGen.BurstILPostProcessor
info: Unity.ILPP.Runner.PostProcessingPipeline[0]
      running Unity.Entities.CodeGen.EntitiesILPostProcessors
info: Unity.ILPP.Runner.PostProcessingPipeline[0]
      running Unity.Entities.CodeGen.EntitiesILPostProcessors
info: Unity.ILPP.Runner.PostProcessingPipeline[0]
      Processing assembly Library/Bee/artifacts/1300b0aE.dag/Game.UI.Shell.Ecs.dll, with 152 defines and 323 references
info: Unity.ILPP.Runner.PostProcessingPipeline[0]
      processors: Unity.Entities.CodeGen.EntitiesILPostProcessors, Unity.Jobs.CodeGen.JobsILPostProcessor, Unity.Pipeline.CodeGen.HotReloadInPlaceILPostProcessor, zzzUnity.Burst.CodeGen.BurstILPostProcessor
info: Microsoft.AspNetCore.Routing.EndpointMiddleware[1]
      Executed endpoint 'gRPC - /UnityILPP.PostProcessing/PostProcessAssembly'
info: Microsoft.AspNetCore.Hosting.Diagnostics[2]
      Request finished HTTP/2 POST http://ilpp/UnityILPP.PostProcessing/PostProcessAssembly - 200 - application/grpc 27.4785ms
info: Unity.ILPP.Runner.PostProcessingPipeline[0]
      running Unity.Entities.CodeGen.EntitiesILPostProcessors
info: Unity.ILPP.Runner.PostProcessingAssemblyLoadContext[0]
      Resolved UnityEngine.CoreModule, Version=0.0.0.0, Culture=neutral, PublicKeyToken=null with /Applications/Unity/Hub/Editor/6000.5.2f1/Unity.app/Contents/Resources/Scripting/Managed/UnityEngine/UnityEngine.CoreModule.dll
info: Unity.ILPP.Runner.PostProcessingAssemblyLoadContext[0]
      Resolved Unity.Collections, Version=0.0.0.0, Culture=neutral, PublicKeyToken=null with Library/Bee/artifacts/1300b0aE.dag/Unity.Collections.dll
info: Unity.ILPP.Runner.PostProcessingAssemblyLoadContext[0]
      Resolved Unity.Burst, Version=0.0.0.0, Culture=neutral, PublicKeyToken=null with Library/Bee/artifacts/1300b0aE.dag/Unity.Burst.dll
info: Unity.ILPP.Runner.PostProcessingAssemblyLoadContext[0]
      Resolved Unity.Cecil.Awesome, Version=1.0.0.0, Culture=neutral, PublicKeyToken=null with Library/PackageCache/com.unity.entities@bab66ffaba49/Unity.Entities.CodeGen/Unity.Cecil.Awesome.dll
info: Unity.ILPP.Runner.PostProcessingAssemblyLoadContext[0]
      Resolved Unity.Scripting, Version=0.0.0.0, Culture=neutral, PublicKeyToken=null with /Applications/Unity/Hub/Editor/6000.5.2f1/Unity.app/Contents/Resources/Scripting/Managed/UnityEngine/Unity.Scripting.dll
  - EILPP : Game.Tests.PlayMode : : 460ms (~382ms)
    - EILPP : Game.Tests.PlayMode : ComponentDataPP: 45ms 
    - EILPP : Game.Tests.PlayMode : StaticTypeRegistryPostProcessor: 33ms 
info: Unity.ILPP.Runner.PostProcessingPipeline[0]
      running Unity.Jobs.CodeGen.JobsILPostProcessor
info: Unity.ILPP.Runner.PostProcessingAssemblyLoadContext[0]
      Resolved UnityEditor.CoreModule, Version=0.0.0.0, Culture=neutral, PublicKeyToken=null with /Applications/Unity/Hub/Editor/6000.5.2f1/Unity.app/Contents/Resources/Scripting/Managed/UnityEngine/UnityEditor.CoreModule.dll
info: Unity.ILPP.Runner.PostProcessingPipeline[0]
      running Unity.Pipeline.CodeGen.HotReloadInPlaceILPostProcessor
info: Unity.ILPP.Runner.PostProcessingPipeline[0]
      running zzzUnity.Burst.CodeGen.BurstILPostProcessor
info: Microsoft.AspNetCore.Routing.EndpointMiddleware[1]
      Executed endpoint 'gRPC - /UnityILPP.PostProcessing/PostProcessAssembly'
info: Microsoft.AspNetCore.Hosting.Diagnostics[2]
      Request finished HTTP/2 POST http://ilpp/UnityILPP.PostProcessing/PostProcessAssembly - 200 - application/grpc 600.9682ms
  - EILPP : Game.UI.Shell.Ecs : : 846ms (~431ms)
    - EILPP : Game.UI.Shell.Ecs : GetAllComponentTypes: 1ms 
    - EILPP : Game.UI.Shell.Ecs : Cloner: 46ms 
  - EILPP : Game.Composition : : 862ms (~334ms)
    - EILPP : Game.Composition : GetAllComponentTypes: 1ms 
    - EILPP : Game.Composition : Cloner: 54ms 
    - EILPP : Game.UI.Shell.Ecs : StaticTypeRegistryPostProcessor: 81ms 
    - EILPP : Game.UI.Shell.Ecs : WriteAssembly: 287ms 
    - EILPP : Game.Composition : ComponentDataPP: 45ms 
    - EILPP : Game.Composition : StaticTypeRegistryPostProcessor: 84ms 
    - EILPP : Game.Composition : WriteAssembly: 344ms 
info: Unity.ILPP.Runner.PostProcessingPipeline[0]
      running Unity.Jobs.CodeGen.JobsILPostProcessor
info: Unity.ILPP.Runner.PostProcessingPipeline[0]
      running Unity.Jobs.CodeGen.JobsILPostProcessor
info: Unity.ILPP.Runner.PostProcessingPipeline[0]
      running Unity.Pipeline.CodeGen.HotReloadInPlaceILPostProcessor
info: Unity.ILPP.Runner.PostProcessingPipeline[0]
      running zzzUnity.Burst.CodeGen.BurstILPostProcessor
info: Unity.ILPP.Runner.PostProcessingPipeline[0]
      running Unity.Pipeline.CodeGen.HotReloadInPlaceILPostProcessor
info: Unity.ILPP.Runner.PostProcessingPipeline[0]
      running zzzUnity.Burst.CodeGen.BurstILPostProcessor
info: Microsoft.AspNetCore.Routing.EndpointMiddleware[1]
      Executed endpoint 'gRPC - /UnityILPP.PostProcessing/PostProcessAssembly'
info: Microsoft.AspNetCore.Hosting.Diagnostics[2]
      Request finished HTTP/2 POST http://ilpp/UnityILPP.PostProcessing/PostProcessAssembly - 200 - application/grpc 929.6360ms
info: Unity.ILPP.Runner.PostProcessingAssemblyLoadContext[0]
      Resolved Unity.Burst.Cecil.Rocks, Version=0.11.6.0, Culture=neutral, PublicKeyToken=50cebf1cceb9d05e with Library/PackageCache/com.unity.burst@6bb9aca3ef38/Unity.Burst.CodeGen/Unity.Burst.Cecil.Rocks.dll
  - EILPP : Game.Runtime : : 1487ms (~424ms)
    - EILPP : Game.Runtime : Cloner: 61ms 
    - EILPP : Game.Runtime : ComponentDataPP: 4ms 
    - EILPP : Game.Runtime : StaticTypeRegistryPostProcessor: 98ms 
    - EILPP : Game.Runtime : WriteAssembly: 900ms 
info: Unity.ILPP.Runner.PostProcessingPipeline[0]
      running Unity.Jobs.CodeGen.JobsILPostProcessor
  - EILPP : Game.Editor : : 1778ms (~382ms)
    - EILPP : Game.Editor : GetAllComponentTypes: 28ms 
    - EILPP : Game.Editor : ComponentDataPP: 46ms 
    - EILPP : Game.Editor : StaticTypeRegistryPostProcessor: 51ms 
    - EILPP : Game.Editor : WriteAssembly: 1271ms 
info: Unity.ILPP.Runner.PostProcessingPipeline[0]
      running Unity.Jobs.CodeGen.JobsILPostProcessor
info: Microsoft.AspNetCore.Routing.EndpointMiddleware[1]
      Executed endpoint 'gRPC - /UnityILPP.PostProcessing/PostProcessAssembly'
info: Microsoft.AspNetCore.Hosting.Diagnostics[2]
      Request finished HTTP/2 POST http://ilpp/UnityILPP.PostProcessing/PostProcessAssembly - 200 - application/grpc 1904.9490ms
info: Unity.ILPP.Runner.PostProcessingPipeline[0]
      running Unity.Pipeline.CodeGen.HotReloadInPlaceILPostProcessor
info: Unity.ILPP.Runner.PostProcessingPipeline[0]
      running zzzUnity.Burst.CodeGen.BurstILPostProcessor
info: Microsoft.AspNetCore.Routing.EndpointMiddleware[1]
      Executed endpoint 'gRPC - /UnityILPP.PostProcessing/PostProcessAssembly'
info: Microsoft.AspNetCore.Hosting.Diagnostics[2]
      Request finished HTTP/2 POST http://ilpp/UnityILPP.PostProcessing/PostProcessAssembly - 200 - application/grpc 2397.0205ms
info: Unity.ILPP.Runner.PostProcessingPipeline[0]
      running Unity.Pipeline.CodeGen.HotReloadInPlaceILPostProcessor
info: Unity.ILPP.Runner.PostProcessingPipeline[0]
      running zzzUnity.Burst.CodeGen.BurstILPostProcessor
info: Microsoft.AspNetCore.Routing.EndpointMiddleware[1]
      Executed endpoint 'gRPC - /UnityILPP.PostProcessing/PostProcessAssembly'
info: Microsoft.AspNetCore.Hosting.Diagnostics[2]
      Request finished HTTP/2 POST http://ilpp/UnityILPP.PostProcessing/PostProcessAssembly - 200 - application/grpc 4317.5124ms
info: Microsoft.AspNetCore.Hosting.Diagnostics[1]
      Request starting HTTP/2 POST http://ilpp/UnityILPP.PostProcessing/PostProcessAssembly - application/grpc -
info: Microsoft.AspNetCore.Routing.EndpointMiddleware[0]
      Executing endpoint 'gRPC - /UnityILPP.PostProcessing/PostProcessAssembly'
info: Unity.ILPP.Runner.PostProcessingPipeline[0]
      Processing assembly Library/Bee/artifacts/1300b0aE.dag/Game.Tests.Editor.dll, with 150 defines and 332 references
info: Unity.ILPP.Runner.PostProcessingPipeline[0]
      processors: Unity.Entities.CodeGen.EntitiesILPostProcessors, Unity.Jobs.CodeGen.JobsILPostProcessor, Unity.Pipeline.CodeGen.HotReloadInPlaceILPostProcessor, zzzUnity.Burst.CodeGen.BurstILPostProcessor
info: Unity.ILPP.Runner.PostProcessingPipeline[0]
      running Unity.Entities.CodeGen.EntitiesILPostProcessors
  - EILPP : Game.Tests.Editor : : 702ms (~103ms)
    - EILPP : Game.Tests.Editor : ComponentDataPP: 16ms 
    - EILPP : Game.Tests.Editor : StaticTypeRegistryPostProcessor: 21ms 
    - EILPP : Game.Tests.Editor : WriteAssembly: 562ms 
info: Unity.ILPP.Runner.PostProcessingPipeline[0]
      running Unity.Jobs.CodeGen.JobsILPostProcessor
info: Unity.ILPP.Runner.PostProcessingPipeline[0]
      running Unity.Pipeline.CodeGen.HotReloadInPlaceILPostProcessor
info: Unity.ILPP.Runner.PostProcessingPipeline[0]
      running zzzUnity.Burst.CodeGen.BurstILPostProcessor
info: Microsoft.AspNetCore.Routing.EndpointMiddleware[1]
      Executed endpoint 'gRPC - /UnityILPP.PostProcessing/PostProcessAssembly'
info: Microsoft.AspNetCore.Hosting.Diagnostics[2]
      Request finished HTTP/2 POST http://ilpp/UnityILPP.PostProcessing/PostProcessAssembly - 200 - application/grpc 1786.3678ms
ExitCode: 0 Duration: 13s
[1438/1995  0s] ILPP-Configuration Library/ilpp-configuration.nevergeneratedoutput
[BUSY       6s] Csc Library/Bee/artifacts/1300b0aE.dag/Game.Runtime.dll (+2 others)
[1967/1995  6s] Csc Library/Bee/artifacts/1300b0aE.dag/Game.Runtime.dll (+2 others)
Assets/Game/Scripts/Systems/BuildingPlacementAuthoredRoadCache.cs(48,104): warning CS0618: 'FindObjectsSortMode' is obsolete: 'FindObjectsSortMode has been deprecated. Use the FindObjectsByType overloads that do not take a FindObjectsSortMode parameter.'
Assets/Game/Scripts/Systems/BuildingPlacementAuthoredRoadCache.cs(48,37): warning CS0618: 'Object.FindObjectsByType<T>(FindObjectsInactive, FindObjectsSortMode)' is obsolete: 'FindObjectsByType with FindObjectsSortMode parameter has been deprecated. Use FindObjectsByType<T>() or FindObjectsByType<T>(FindObjectsInactive) instead. InstanceID will be replaced in the future with EntityId and previous sort order cannot be maintained.'
Assets/Game/Scripts/Runtime/Missions/OperationsReconStartupSystem.cs(29,84): warning CS0618: 'EntityQueryCaptureMode.AtRecord' is obsolete: 'The Capture-query-at-record feature will be removed in a future version of the Entities package. Use AtPlayback mode instead. If AtRecord semantics are required, use the query to generate a NativeArray of matching entities to process, and pass the array instead of the query. (RemovedAfter Entities 2.0)'
Assets/Game/Scripts/Runtime/Missions/OperationsReconStartupSystem.cs(30,89): warning CS0618: 'EntityQueryCaptureMode.AtRecord' is obsolete: 'The Capture-query-at-record feature will be removed in a future version of the Entities package. Use AtPlayback mode instead. If AtRecord semantics are required, use the query to generate a NativeArray of matching entities to process, and pass the array instead of the query. (RemovedAfter Entities 2.0)'
[1973/1995  1s] ILPostProcess Library/Bee/artifacts/1300b0aE.dag/post-processed/Game.UI.ScenarioLab.Runtime.dll (+pdb)
Processing assembly Library/Bee/artifacts/1300b0aE.dag/Game.UI.ScenarioLab.Runtime.dll, with 152 defines and 316 references
processors: Unity.Entities.CodeGen.EntitiesILPostProcessors, Unity.Jobs.CodeGen.JobsILPostProcessor, Unity.Pipeline.CodeGen.HotReloadInPlaceILPostProcessor, zzzUnity.Burst.CodeGen.BurstILPostProcessor
running Unity.Entities.CodeGen.EntitiesILPostProcessors
running Unity.Jobs.CodeGen.JobsILPostProcessor
running Unity.Pipeline.CodeGen.HotReloadInPlaceILPostProcessor
running zzzUnity.Burst.CodeGen.BurstILPostProcessor
[1976/1995  1s] ILPostProcess Library/Bee/artifacts/1300b0aE.dag/post-processed/Game.Tests.PlayMode.dll (+pdb)
Processing assembly Library/Bee/artifacts/1300b0aE.dag/Game.Tests.PlayMode.dll, with 152 defines and 314 references
processors: Unity.Entities.CodeGen.EntitiesILPostProcessors, Unity.Jobs.CodeGen.JobsILPostProcessor, Unity.Pipeline.CodeGen.HotReloadInPlaceILPostProcessor, zzzUnity.Burst.CodeGen.BurstILPostProcessor
running Unity.Entities.CodeGen.EntitiesILPostProcessors
running Unity.Jobs.CodeGen.JobsILPostProcessor
running Unity.Pipeline.CodeGen.HotReloadInPlaceILPostProcessor
running zzzUnity.Burst.CodeGen.BurstILPostProcessor
[1979/1995  2s] ILPostProcess Library/Bee/artifacts/1300b0aE.dag/post-processed/Game.UI.Shell.Ecs.dll (+pdb)
Processing assembly Library/Bee/artifacts/1300b0aE.dag/Game.UI.Shell.Ecs.dll, with 152 defines and 323 references
processors: Unity.Entities.CodeGen.EntitiesILPostProcessors, Unity.Jobs.CodeGen.JobsILPostProcessor, Unity.Pipeline.CodeGen.HotReloadInPlaceILPostProcessor, zzzUnity.Burst.CodeGen.BurstILPostProcessor
running Unity.Entities.CodeGen.EntitiesILPostProcessors
running Unity.Jobs.CodeGen.JobsILPostProcessor
running Unity.Pipeline.CodeGen.HotReloadInPlaceILPostProcessor
running zzzUnity.Burst.CodeGen.BurstILPostProcessor
[1982/1995  2s] ILPostProcess Library/Bee/artifacts/1300b0aE.dag/post-processed/Game.Composition.dll (+pdb)
Processing assembly Library/Bee/artifacts/1300b0aE.dag/Game.Composition.dll, with 152 defines and 333 references
processors: Unity.Entities.CodeGen.EntitiesILPostProcessors, Unity.Jobs.CodeGen.JobsILPostProcessor, Unity.Pipeline.CodeGen.HotReloadInPlaceILPostProcessor, zzzUnity.Burst.CodeGen.BurstILPostProcessor
running Unity.Entities.CodeGen.EntitiesILPostProcessors
running Unity.Jobs.CodeGen.JobsILPostProcessor
running Unity.Pipeline.CodeGen.HotReloadInPlaceILPostProcessor
running zzzUnity.Burst.CodeGen.BurstILPostProcessor
[1985/1995  3s] ILPostProcess Library/Bee/artifacts/1300b0aE.dag/post-processed/Game.Editor.dll (+pdb)
Processing assembly Library/Bee/artifacts/1300b0aE.dag/Game.Editor.dll, with 150 defines and 355 references
processors: Unity.Entities.CodeGen.EntitiesILPostProcessors, Unity.Jobs.CodeGen.JobsILPostProcessor, Unity.Pipeline.CodeGen.HotReloadInPlaceILPostProcessor, zzzUnity.Burst.CodeGen.BurstILPostProcessor
running Unity.Entities.CodeGen.EntitiesILPostProcessors
running Unity.Jobs.CodeGen.JobsILPostProcessor
running Unity.Pipeline.CodeGen.HotReloadInPlaceILPostProcessor
running zzzUnity.Burst.CodeGen.BurstILPostProcessor
[1988/1995  4s] ILPostProcess Library/Bee/artifacts/1300b0aE.dag/post-processed/Game.Runtime.dll (+pdb)
Processing assembly Library/Bee/artifacts/1300b0aE.dag/Game.Runtime.dll, with 152 defines and 324 references
processors: Unity.Entities.CodeGen.EntitiesILPostProcessors, Unity.Jobs.CodeGen.JobsILPostProcessor, Unity.Pipeline.CodeGen.HotReloadInPlaceILPostProcessor, zzzUnity.Burst.CodeGen.BurstILPostProcessor
running Unity.Entities.CodeGen.EntitiesILPostProcessors
running Unity.Jobs.CodeGen.JobsILPostProcessor
running Unity.Pipeline.CodeGen.HotReloadInPlaceILPostProcessor
running zzzUnity.Burst.CodeGen.BurstILPostProcessor
[1989/1995  0s] CopyFiles Library/ScriptAssemblies/Game.Runtime.pdb
[1990/1995  0s] CopyFiles Library/ScriptAssemblies/Game.Runtime.dll
[1991/1995  4s] Csc Library/Bee/artifacts/1300b0aE.dag/Game.Tests.Editor.dll (+2 others)
[1992/1995  1s] ILPostProcess Library/Bee/artifacts/1300b0aE.dag/post-processed/Game.Tests.Editor.dll (+pdb)
Processing assembly Library/Bee/artifacts/1300b0aE.dag/Game.Tests.Editor.dll, with 150 defines and 332 references
processors: Unity.Entities.CodeGen.EntitiesILPostProcessors, Unity.Jobs.CodeGen.JobsILPostProcessor, Unity.Pipeline.CodeGen.HotReloadInPlaceILPostProcessor, zzzUnity.Burst.CodeGen.BurstILPostProcessor
running Unity.Entities.CodeGen.EntitiesILPostProcessors
running Unity.Jobs.CodeGen.JobsILPostProcessor
running Unity.Pipeline.CodeGen.HotReloadInPlaceILPostProcessor
running zzzUnity.Burst.CodeGen.BurstILPostProcessor
[1993/1995  0s] CopyFiles Library/ScriptAssemblies/Game.Tests.Editor.pdb
[1994/1995  0s] CopyFiles Library/ScriptAssemblies/Game.Tests.Editor.dll
*** Tundra build success (13.76 seconds), 14 items updated, 1995 evaluated
Assets/Game/Scripts/Systems/BuildingPlacementAuthoredRoadCache.cs(48,104): warning CS0618: 'FindObjectsSortMode' is obsolete: 'FindObjectsSortMode has been deprecated. Use the FindObjectsByType overloads that do not take a FindObjectsSortMode parameter.'
Assets/Game/Scripts/Systems/BuildingPlacementAuthoredRoadCache.cs(48,37): warning CS0618: 'Object.FindObjectsByType<T>(FindObjectsInactive, FindObjectsSortMode)' is obsolete: 'FindObjectsByType with FindObjectsSortMode parameter has been deprecated. Use FindObjectsByType<T>() or FindObjectsByType<T>(FindObjectsInactive) instead. InstanceID will be replaced in the future with EntityId and previous sort order cannot be maintained.'
Assets/Game/Scripts/Runtime/Missions/OperationsReconStartupSystem.cs(29,84): warning CS0618: 'EntityQueryCaptureMode.AtRecord' is obsolete: 'The Capture-query-at-record feature will be removed in a future version of the Entities package. Use AtPlayback mode instead. If AtRecord semantics are required, use the query to generate a NativeArray of matching entities to process, and pass the array instead of the query. (RemovedAfter Entities 2.0)'
Assets/Game/Scripts/Runtime/Missions/OperationsReconStartupSystem.cs(30,89): warning CS0618: 'EntityQueryCaptureMode.AtRecord' is obsolete: 'The Capture-query-at-record feature will be removed in a future version of the Entities package. Use AtPlayback mode instead. If AtRecord semantics are required, use the query to generate a NativeArray of matching entities to process, and pass the array instead of the query. (RemovedAfter Entities 2.0)'
Assets/Game/Scripts/Runtime/Missions/OperationsReconStartupSystem.cs(29,84): warning CS0618: 'EntityQueryCaptureMode.AtRecord' is obsolete: 'The Capture-query-at-record feature will be removed in a future version of the Entities package. Use AtPlayback mode instead. If AtRecord semantics are required, use the query to generate a NativeArray of matching entities to process, and pass the array instead of the query. (RemovedAfter Entities 2.0)'
Assets/Game/Scripts/Runtime/Missions/OperationsReconStartupSystem.cs(30,89): warning CS0618: 'EntityQueryCaptureMode.AtRecord' is obsolete: 'The Capture-query-at-record feature will be removed in a future version of the Entities package. Use AtPlayback mode instead. If AtRecord semantics are required, use the query to generate a NativeArray of matching entities to process, and pass the array instead of the query. (RemovedAfter Entities 2.0)'
AssetDatabase: script compilation time: 14.286629s
Total cache size 268345058
Total cache size after purge 268345058, took 00:00:00.2393406
Begin MonoManager ReloadAssembly
Symbol file LoadedFromMemory is not a mono symbol file
Assembly reference Packages/com.unity.entities/Unity.Scenes.Editor/Internals/Properties/Unity.Properties.Internals.asmref has no target assembly definition
Refreshing native plugins compatible for Editor in 2.13 ms, found 3 plugins.
Native extension for Android target not found
Native extension for OSXStandalone target not found
TypeManager.Initialize took: 166ms
Start HTTP server: port:7800
[MODES] ModeService[none].Initialize
[MODES] ModeService[none].LoadModes
[MODES] Loading mode Default (0) for mode-current-id-WarlineCapture
[Licensing::Client] Error: Code 404 while processing request (status: Found 0 entitlement groups and 0 free entitlements matching requested entitlement ids)
ScheduleIndexationOnStartup MainProcess:True IndexOnStartup:True
Mono: successfully reloaded assembly
- Finished resetting the current domain, in  6.693 seconds
Domain Reload Profiling: 7635ms
	BeginReloadAssembly (157ms)
		DisableScriptedObjects (10ms)
		CreateAndSetChildDomain (43ms)
	RebuildCommonClasses (5ms)
	RebuildNativeTypeToScriptingClass (9ms)
	initialDomainReloadingComplete (77ms)
	LoadAllAssembliesAndSetupDomain (693ms)
		LoadAssemblies (313ms)
		AnalyzeDomain (359ms)
			TypeCache.Refresh (294ms)
				TypeCache.ScanAssembly (267ms)
			BuildScriptInfoCaches (60ms)
			ResolveRequiredComponents (4ms)
	FinalizeReload (6694ms)
		SetupLoadedEditorAssemblies (0ms)
			InitializePlatformSupportModulesInManaged (6ms)
			BeforeProcessingInitializeOnLoad (51ms)
			ProcessInitializeOnLoadAttributes (3174ms)
			ProcessInitializeOnLoadMethodAttributes (3192ms)
			EditorAssembliesLoaded (3ms)
		AwakeInstancesAfterBackupRestoration (11ms)
Starting new worker id: 0 with log in /private/tmp/warline-s003-player-ready/Logs/AssetImportWorkerHW0.log

Asset Pipeline Refresh (id=e3007c1b5b3944e18baa8e9582992605): Total: 25.078 seconds - Initiated by InitialRefreshV2(ForceSynchronousImport)
	(Values over 0.05ms)
	Summary:
		Imports: total=0 (actual=0, local cache=0, cache server=0)
		Asset DB Process Time: managed=0 ms, native=8830 ms
		Asset DB Callback time: managed=853 ms, native=26 ms
		Scripting: domain reloads=1, domain reload time=1028 ms, compile time=14289 ms, other=49 ms
		Project Asset Count: scripts=3312, non-scripts=20219
		Asset File Changes: new=0, changed=2, moved=0, deleted=0
		Scan Filter Count: 1
	InvokePackagesCallback: 8.362ms
	ApplyChangesToAssetFolders: 0.712ms
	Scan: 1057.816ms
	Collect global state as custom dependencies: 2.535ms
	OnSourceAssetsModified: 0.352ms
	CategorizeScriptCompilationAssets: 79.736ms
	ProcessAssetsWithTransientArtifactChanges: 104.119ms
	CategorizeAssets: 451.365ms
	CompileScripts: 14288.703ms
	ImportOutOfDateAssets: 6897.410ms (6727.334ms without children)
		ReloadNativeAssets: 0.277ms
		UnloadImportedAssets: 5.523ms
		EnsureUptoDateAssetsAreRegisteredWithGuidPM: 2.518ms
		ImportSchedulerStart: 161.664ms
	PostProcessAllAssets: 860.088ms
		VCAutoAddAssetPostprocess 3.815ms
		XRBuildSystem.XRAssetImported 0.163ms
		WindowTitlePostprocess 0.152ms
		MonoPostProcessAllAssets: 853.551ms
			AssetPostprocessor.OnPostprocessAllAssets 622.553ms
			StyleCatalogPostProcessor.OnPostprocessAllAssets 38.736ms
			AssetReferenceReimportMonitor.OnPostprocessAllAssets 18.551ms
			UniversalRenderPipelineGlobalSettingsPostprocessor.OnPostprocessAllAssets 14.956ms
			SyncVS.PostprocessSyncProject 5.033ms
			BuilderAssetPostprocessor.OnPostprocessAllAssets 4.951ms
			SpeedTree9Postprocessor.OnPostprocessAllAssets 3.958ms
			AssetChangedListener.OnPostprocessAllAssets 3.875ms
			SceneAssetPostProcessor.OnPostprocessAllAssets 3.752ms
			ShaderGraphAssetPostProcessor.OnPostprocessAllAssets 2.908ms
			AddressablesAssetPostProcessor.OnPostprocessAllAssets 2.620ms
			SpriteSlicePostprocessor.OnPostprocessAllAssets 2.190ms
			InputActionAssetPostprocessor.OnPostprocessAllAssets 1.859ms
			WindowAssetPostprocessingWatcher.OnPostprocessAllAssets 1.380ms
			RenderPipelineGlobalSettingsPostprocessor.OnPostprocessAllAssets 1.295ms
			GraphRefreshPostprocessor.OnPostprocessAllAssets 1.192ms
			RetainedModeAssetPostprocessor.OnPostprocessAllAssets 0.962ms
			ProjectSettingsPostprocessor.OnPostprocessAllAssets 0.724ms
			AssetChangeDetector.OnPostprocessAllAssets 0.640ms
			InputActionJsonNameModifierAssetProcessor.OnPostprocessAllAssets 0.629ms
			AssetPathToTypes.OnPostprocessAllAssets 0.584ms
			SampleDependencyImporterPostProcessor.OnPostprocessAllAssets 0.549ms
			UVCSAssetPostprocessor.OnPostprocessAllAssets 0.536ms
			PostProcessor.OnPostprocessAllAssets 0.528ms
			ArtifactBrowserPostProcessor.OnPostprocessAllAssets 0.486ms
			MaterialPostprocessor.OnPostprocessAllAssets 0.480ms
			ReferencedClipsPostProcessor.OnPostprocessAllAssets 0.424ms
			ShaderReflectionAssetPostProcessor.OnPostprocessAllAssets 0.407ms
			SpriteEditorTexturePostprocessor.OnPostprocessAllAssets 0.395ms
			TextAssetPostProcessor.OnPostprocessAllAssets 0.249ms
			TMPro_TexturePostProcessor.OnPostprocessAllAssets 0.232ms
			SkillsProjectAssetPostprocessor.OnPostprocessAllAssets 0.200ms
			AudioMixerPostprocessor.OnPostprocessAllAssets 0.164ms
			AssetEvents.OnPostprocessAllAssets 0.156ms
			TerrainToolbarOverlayPostProcessor.OnPostprocessAllAssets 0.143ms
			SpeedTreePostProcessor.OnPostprocessAllAssets 0.089ms
			SamplePostprocessor.OnPostprocessAllAssets 0.085ms
			AssetDatabaseCallbacks.OnPostprocessAllAssets 0.085ms
			ConfigAssetsTracker.OnPostprocessAllAssets 0.063ms
			ScenarioDriftAssetsTracker.OnPostprocessAllAssets 0.058ms
	PostAssetChangesProfiler: 13.452ms
	UnloadStreamsBegin: 2.487ms
	PersistCurrentRevisions: 0.478ms
	GenerateScriptTypeHashes: 5.402ms
	GenerateScriptTypeSerializationHashes: 8.598ms
	Untracked: 1309.235ms

Application.AssetDatabase Initial Refresh End
Shader Hidden/ChartRasterizerHardware is not supported: GPU does not support conservative rasterization
Launching external process: /Applications/Unity/Hub/Editor/6000.5.2f1/Unity.app/Contents/Helpers/UnityShaderCompiler
Launched and connected shader compiler UnityShaderCompiler after 0.05 seconds
Shader Hidden/ChartRasterizerHardware is not supported: GPU does not support conservative rasterization
Scanning for USB devices : 0.117ms
Initializing Unity extensions:
Worker ready: AssetImportWorkerHW0 0
2026-09-24 22:35:58.848 Unity[19090:25076209] NSEventModifierFlagFunction specified to -setKeyEquivalentModifierMask: for item <NSMenuItem: 0x8ef890460 Capture Live Owner Feedback, ke='Command-F10'>, but is only supported for system-provided menu items; will not be used
2026-09-24 22:35:58.848 Unity[19090:25076209] NSEventModifierFlagFunction specified to -setKeyEquivalentModifierMask: for item <NSMenuItem: 0x8f047fac0 Log Live Owner Feedback State, ke='Command-F9'>, but is only supported for system-provided menu items; will not be used
2026-09-24 22:35:58.848 Unity[19090:25076209] NSEventModifierFlagFunction specified to -setKeyEquivalentModifierMask: for item <NSMenuItem: 0x8f047f980 Validate Owner Feedback Fixes, ke='Command-F8'>, but is only supported for system-provided menu items; will not be used
2026-09-24 22:35:58.851 Unity[19090:25076209] NSEventModifierFlagFunction specified to -setKeyEquivalentModifierMask: for item <NSMenuItem: 0x8e23a46e0 SDF, ke='Command-F12'>, but is only supported for system-provided menu items; will not be used
Unloading 1539 Unused Serialized files (Serialized files now loaded: 0)
Loaded scene 'Assets/Game/Scenes/Menu.unity'
	Deserialize:            1567.126 ms
	Integration:            873.841 ms
	Integration of assets:  786.754 ms
	Thread Wait Time:       -0.208 ms
	Total Operation Time:   3227.513 ms
Unloading 14745 unused Assets / (19.2 MB). Loaded Objects now: 44325.
Memory consumption went from 0.82 GB to 0.80 GB.
Total: 103.650667 ms (FindLiveObjects: 23.286834 ms CreateObjectMapping: 15.148916 ms MarkObjects: 51.015125 ms  DeleteObjects: 14.074792 ms)

[LAYOUT] About to load UserSettings/Layouts/default-6000.dwlt, keepMainWindow=False
[LAYOUT] About to save layout /private/tmp/warline-s003-player-ready/UserSettings/Layouts/default-6000.dwlt
[LAYOUT] About to save layout /Users/farhad/Library/Preferences/Unity/Editor-5.x/Layouts/current/default-6000.dwlt
[MODES] ModeService[default].InitializeCurrentMode
[MODES] ModeService[default].RaiseModeChanged(default, default)
2026-09-24 22:36:04.108 Unity[19090:25076209] NSEventModifierFlagFunction specified to -setKeyEquivalentModifierMask: for item <NSMenuItem: 0x8ef9efb60 Capture Live Owner Feedback, ke='Command-F10'>, but is only supported for system-provided menu items; will not be used
2026-09-24 22:36:04.108 Unity[19090:25076209] NSEventModifierFlagFunction specified to -setKeyEquivalentModifierMask: for item <NSMenuItem: 0x8ef9efca0 Log Live Owner Feedback State, ke='Command-F9'>, but is only supported for system-provided menu items; will not be used
2026-09-24 22:36:04.108 Unity[19090:25076209] NSEventModifierFlagFunction specified to -setKeyEquivalentModifierMask: for item <NSMenuItem: 0x8ef9efd40 Validate Owner Feedback Fixes, ke='Command-F8'>, but is only supported for system-provided menu items; will not be used
2026-09-24 22:36:04.113 Unity[19090:25076209] NSEventModifierFlagFunction specified to -setKeyEquivalentModifierMask: for item <NSMenuItem: 0x8e239ec60 SDF, ke='Command-F12'>, but is only supported for system-provided menu items; will not be used
[UnitMoveOrderFocusedValidation] result=Passed tests=21
UnityEngine.Debug:ExtractStackTraceNoAlloc (byte*,int,string)
UnityEngine.StackTraceUtility:ExtractStackTrace () (at /Users/bokken/build/output/unity/unity/Runtime/Export/Scripting/StackTrace.cs:35)
UnityEngine.DebugLogHandler:Internal_Log (UnityEngine.LogType,UnityEngine.LogOption,string,UnityEngine.Object)
UnityEngine.DebugLogHandler:LogFormat (UnityEngine.LogType,UnityEngine.Object,string,object[])
UnityEngine.Logger:Log (UnityEngine.LogType,object)
UnityEngine.Debug:Log (object)
UnitMoveOrderSystemTests:RunFocusedValidation () (at Assets/Tests/Editor/UnitMoveOrderSystemTests.cs:49)
Game.Tests.Editor.SkirmishSharedMaterialsTests:RunFocusedValidation () (at Assets/Tests/Editor/SkirmishExpansion/SkirmishSharedMaterialsTests.cs:93)

(Filename: Assets/Tests/Editor/UnitMoveOrderSystemTests.cs Line: 49)

[AIFactionControlStartupValidation] result=Passed tests=4
UnityEngine.Debug:ExtractStackTraceNoAlloc (byte*,int,string)
UnityEngine.StackTraceUtility:ExtractStackTrace () (at /Users/bokken/build/output/unity/unity/Runtime/Export/Scripting/StackTrace.cs:35)
UnityEngine.DebugLogHandler:Internal_Log (UnityEngine.LogType,UnityEngine.LogOption,string,UnityEngine.Object)
UnityEngine.DebugLogHandler:LogFormat (UnityEngine.LogType,UnityEngine.Object,string,object[])
UnityEngine.Logger:Log (UnityEngine.LogType,object)
UnityEngine.Debug:Log (object)
AIFactionControlStartupSystemValidationTests:RunFocusedValidation () (at Assets/Tests/Editor/AIFactionControlStartupSystemValidationTests.cs:19)
Game.Tests.Editor.SkirmishSharedMaterialsTests:RunFocusedValidation () (at Assets/Tests/Editor/SkirmishExpansion/SkirmishSharedMaterialsTests.cs:94)

(Filename: Assets/Tests/Editor/AIFactionControlStartupSystemValidationTests.cs Line: 19)

[AriaPlayEditorValidation] selected catalog=S002 definition=skirmish.s002 version=2 size=Standard difficulty=Regular seed=104731 locale=en
UnityEngine.Debug:ExtractStackTraceNoAlloc (byte*,int,string)
UnityEngine.StackTraceUtility:ExtractStackTrace () (at /Users/bokken/build/output/unity/unity/Runtime/Export/Scripting/StackTrace.cs:35)
UnityEngine.DebugLogHandler:Internal_Log (UnityEngine.LogType,UnityEngine.LogOption,string,UnityEngine.Object)
UnityEngine.DebugLogHandler:LogFormat (UnityEngine.LogType,UnityEngine.Object,string,object[])
UnityEngine.Logger:Log (UnityEngine.LogType,object)
UnityEngine.Debug:Log (object)
Game.Editor.AriaPlayEditorValidation:AcceptExpandedPayload (Game.Configs.SkirmishAriaAcceptancePayload&) (at Assets/Game/Scripts/Editor/AriaPlayEditorValidation.cs:113)
Game.Tests.Editor.SkirmishS002AriaHarnessTests:PayloadLoggersDoNotStampVictory () (at Assets/Tests/Editor/SkirmishExpansion/SkirmishS002AriaHarnessTests.cs:916)
Game.Tests.Editor.SkirmishS002AriaHarnessTests:RunFocusedValidation () (at Assets/Tests/Editor/SkirmishExpansion/SkirmishS002AriaHarnessTests.cs:1312)
Game.Tests.Editor.SkirmishExpandedAriaTests:RunFocusedValidation () (at Assets/Tests/Editor/SkirmishExpansion/SkirmishExpandedAriaTests.cs:524)
Game.Tests.Editor.SkirmishSharedMaterialsTests:RunFocusedValidation () (at Assets/Tests/Editor/SkirmishExpansion/SkirmishSharedMaterialsTests.cs:96)

(Filename: Assets/Game/Scripts/Editor/AriaPlayEditorValidation.cs Line: 113)

[SkirmishExpandedAriaWatch] selected catalog=S002 definition=skirmish.s002 version=2 size=Standard difficulty=Regular seed=155923 locale=fa-IR
UnityEngine.Debug:ExtractStackTraceNoAlloc (byte*,int,string)
UnityEngine.StackTraceUtility:ExtractStackTrace () (at /Users/bokken/build/output/unity/unity/Runtime/Export/Scripting/StackTrace.cs:35)
UnityEngine.DebugLogHandler:Internal_Log (UnityEngine.LogType,UnityEngine.LogOption,string,UnityEngine.Object)
UnityEngine.DebugLogHandler:LogFormat (UnityEngine.LogType,UnityEngine.Object,string,object[])
UnityEngine.Logger:Log (UnityEngine.LogType,object)
UnityEngine.Debug:Log (object)
Game.Editor.SkirmishExpandedAriaWatchValidation:AcceptExpandedPayload (Game.Configs.SkirmishAriaAcceptancePayload&) (at Assets/Game/Scripts/Editor/Skirmish/SkirmishExpandedAriaWatchValidation.cs:32)
Game.Editor.SkirmishExpandedAriaWatchValidation:AcceptExpandedPayload (string,Game.Skirmish.Contracts.SkirmishSizeId,Game.Skirmish.Contracts.SkirmishDifficultyId,int,string) (at Assets/Game/Scripts/Editor/Skirmish/SkirmishExpandedAriaWatchValidation.cs:55)
Game.Tests.Editor.SkirmishS002AriaHarnessTests:PayloadLoggersDoNotStampVictory () (at Assets/Tests/Editor/SkirmishExpansion/SkirmishS002AriaHarnessTests.cs:917)
Game.Tests.Editor.SkirmishS002AriaHarnessTests:RunFocusedValidation () (at Assets/Tests/Editor/SkirmishExpansion/SkirmishS002AriaHarnessTests.cs:1312)
Game.Tests.Editor.SkirmishExpandedAriaTests:RunFocusedValidation () (at Assets/Tests/Editor/SkirmishExpansion/SkirmishExpandedAriaTests.cs:524)
Game.Tests.Editor.SkirmishSharedMaterialsTests:RunFocusedValidation () (at Assets/Tests/Editor/SkirmishExpansion/SkirmishSharedMaterialsTests.cs:96)

(Filename: Assets/Game/Scripts/Editor/Skirmish/SkirmishExpandedAriaWatchValidation.cs Line: 32)

'Game.Runtime.SkirmishSessionCleanupSystem' creates a query during OnUpdate. Please create queries in OnCreate and store them in the system for use in OnUpdate instead. This is significantly faster.
UnityEngine.Debug:ExtractStackTraceNoAlloc (byte*,int,string)
UnityEngine.StackTraceUtility:ExtractStackTrace () (at /Users/bokken/build/output/unity/unity/Runtime/Export/Scripting/StackTrace.cs:35)
UnityEngine.DebugLogHandler:Internal_Log (UnityEngine.LogType,UnityEngine.LogOption,string,UnityEngine.Object)
UnityEngine.DebugLogHandler:LogFormat (UnityEngine.LogType,UnityEngine.Object,string,object[])
UnityEngine.Logger:Log (UnityEngine.LogType,object)
UnityEngine.Debug:LogWarning (object)
Unity.Debug:LogWarning (object) (at ./Library/PackageCache/com.unity.entities@bab66ffaba49/Unity.Entities/Stubs/Unity/Debug.cs:13)
Unity.Entities.SystemState:CheckOnUpdate_Query () (at ./Library/PackageCache/com.unity.entities@bab66ffaba49/Unity.Entities/SystemState.cs:551)
Unity.Entities.SystemState:GetEntityQuery (Unity.Entities.ComponentType) (at ./Library/PackageCache/com.unity.entities@bab66ffaba49/Unity.Entities/SystemState.cs:834)
Game.Runtime.SkirmishSessionCleanupSystem:OnUpdate (Unity.Entities.SystemState&) (at Assets/Game/Scripts/Runtime/Skirmish/SkirmishSessionCleanupSystem.cs:22)
Game.Runtime.SkirmishSessionCleanupSystem:__codegen__OnUpdate (intptr,intptr)
Unity.Entities.SystemBaseRegistry/<>c__DisplayClass9_0:<SelectBurstFn>b__0 (intptr,intptr) (at ./Library/PackageCache/com.unity.entities@bab66ffaba49/Unity.Entities/SystemBaseRegistry.cs:251)
Unity.Entities.WorldUnmanagedImpl/Unity.Entities.UnmanagedUpdate_000015A0$BurstDirectCall:Invoke (void*)
Unity.Entities.WorldUnmanagedImpl:UnmanagedUpdate (void*)
Unity.Entities.WorldUnmanagedImpl:UpdateSystem (Unity.Entities.SystemHandle) (at ./Library/PackageCache/com.unity.entities@bab66ffaba49/Unity.Entities/WorldUnmanaged.cs:942)
Unity.Entities.SystemHandle:Update (Unity.Entities.WorldUnmanaged) (at ./Library/PackageCache/com.unity.entities@bab66ffaba49/Unity.Entities/WorldUnmanaged.cs:169)
Game.Tests.Editor.SkirmishS002AriaHarnessTests:FinishedCleanupDestroysOwnedUnitsOutsideTheSessionQuery () (at Assets/Tests/Editor/SkirmishExpansion/SkirmishS002AriaHarnessTests.cs:1032)
Game.Tests.Editor.SkirmishS002AriaHarnessTests:RunFocusedValidation () (at Assets/Tests/Editor/SkirmishExpansion/SkirmishS002AriaHarnessTests.cs:1316)
Game.Tests.Editor.SkirmishExpandedAriaTests:RunFocusedValidation () (at Assets/Tests/Editor/SkirmishExpansion/SkirmishExpandedAriaTests.cs:524)
Game.Tests.Editor.SkirmishSharedMaterialsTests:RunFocusedValidation () (at Assets/Tests/Editor/SkirmishExpansion/SkirmishSharedMaterialsTests.cs:96)

(Filename: ./Library/PackageCache/com.unity.entities@bab66ffaba49/Unity.Entities/Stubs/Unity/Debug.cs Line: 13)

[SkirmishS002AriaHarnessTests] result=Passed
UnityEngine.Debug:ExtractStackTraceNoAlloc (byte*,int,string)
UnityEngine.StackTraceUtility:ExtractStackTrace () (at /Users/bokken/build/output/unity/unity/Runtime/Export/Scripting/StackTrace.cs:35)
UnityEngine.DebugLogHandler:Internal_Log (UnityEngine.LogType,UnityEngine.LogOption,string,UnityEngine.Object)
UnityEngine.DebugLogHandler:LogFormat (UnityEngine.LogType,UnityEngine.Object,string,object[])
UnityEngine.Logger:Log (UnityEngine.LogType,object)
UnityEngine.Debug:Log (object)
Game.Tests.Editor.SkirmishS002AriaHarnessTests:RunFocusedValidation () (at Assets/Tests/Editor/SkirmishExpansion/SkirmishS002AriaHarnessTests.cs:1320)
Game.Tests.Editor.SkirmishExpandedAriaTests:RunFocusedValidation () (at Assets/Tests/Editor/SkirmishExpansion/SkirmishExpandedAriaTests.cs:524)
Game.Tests.Editor.SkirmishSharedMaterialsTests:RunFocusedValidation () (at Assets/Tests/Editor/SkirmishExpansion/SkirmishSharedMaterialsTests.cs:96)

(Filename: Assets/Tests/Editor/SkirmishExpansion/SkirmishS002AriaHarnessTests.cs Line: 1320)

[SkirmishExpandedAriaTests] result=Passed
UnityEngine.Debug:ExtractStackTraceNoAlloc (byte*,int,string)
UnityEngine.StackTraceUtility:ExtractStackTrace () (at /Users/bokken/build/output/unity/unity/Runtime/Export/Scripting/StackTrace.cs:35)
UnityEngine.DebugLogHandler:Internal_Log (UnityEngine.LogType,UnityEngine.LogOption,string,UnityEngine.Object)
UnityEngine.DebugLogHandler:LogFormat (UnityEngine.LogType,UnityEngine.Object,string,object[])
UnityEngine.Logger:Log (UnityEngine.LogType,object)
UnityEngine.Debug:Log (object)
Game.Tests.Editor.SkirmishExpandedAriaTests:RunFocusedValidation () (at Assets/Tests/Editor/SkirmishExpansion/SkirmishExpandedAriaTests.cs:525)
Game.Tests.Editor.SkirmishSharedMaterialsTests:RunFocusedValidation () (at Assets/Tests/Editor/SkirmishExpansion/SkirmishSharedMaterialsTests.cs:96)

(Filename: Assets/Tests/Editor/SkirmishExpansion/SkirmishExpandedAriaTests.cs Line: 525)

[SkirmishExpandedArmyTests] result=Passed
UnityEngine.Debug:ExtractStackTraceNoAlloc (byte*,int,string)
UnityEngine.StackTraceUtility:ExtractStackTrace () (at /Users/bokken/build/output/unity/unity/Runtime/Export/Scripting/StackTrace.cs:35)
UnityEngine.DebugLogHandler:Internal_Log (UnityEngine.LogType,UnityEngine.LogOption,string,UnityEngine.Object)
UnityEngine.DebugLogHandler:LogFormat (UnityEngine.LogType,UnityEngine.Object,string,object[])
UnityEngine.Logger:Log (UnityEngine.LogType,object)
UnityEngine.Debug:Log (object)
Game.Tests.Editor.SkirmishExpandedArmyTests:RunFocusedValidation () (at Assets/Tests/Editor/SkirmishExpansion/SkirmishExpandedArmyTests.cs:297)
Game.Tests.Editor.SkirmishSharedMaterialsTests:RunFocusedValidation () (at Assets/Tests/Editor/SkirmishExpansion/SkirmishSharedMaterialsTests.cs:97)

(Filename: Assets/Tests/Editor/SkirmishExpansion/SkirmishExpandedArmyTests.cs Line: 297)

[SkirmishExpandedEconomyTests] result=Passed
UnityEngine.Debug:ExtractStackTraceNoAlloc (byte*,int,string)
UnityEngine.StackTraceUtility:ExtractStackTrace () (at /Users/bokken/build/output/unity/unity/Runtime/Export/Scripting/StackTrace.cs:35)
UnityEngine.DebugLogHandler:Internal_Log (UnityEngine.LogType,UnityEngine.LogOption,string,UnityEngine.Object)
UnityEngine.DebugLogHandler:LogFormat (UnityEngine.LogType,UnityEngine.Object,string,object[])
UnityEngine.Logger:Log (UnityEngine.LogType,object)
UnityEngine.Debug:Log (object)
Game.Tests.Editor.SkirmishExpandedEconomyTests:RunFocusedValidation () (at Assets/Tests/Editor/SkirmishExpansion/SkirmishExpandedEconomyTests.cs:790)
Game.Tests.Editor.SkirmishSharedMaterialsTests:RunFocusedValidation () (at Assets/Tests/Editor/SkirmishExpansion/SkirmishSharedMaterialsTests.cs:98)

(Filename: Assets/Tests/Editor/SkirmishExpansion/SkirmishExpandedEconomyTests.cs Line: 790)

'Game.Runtime.SkirmishCheckpointSystem' creates a query during OnUpdate. Please create queries in OnCreate and store them in the system for use in OnUpdate instead. This is significantly faster.
UnityEngine.Debug:ExtractStackTraceNoAlloc (byte*,int,string)
UnityEngine.StackTraceUtility:ExtractStackTrace () (at /Users/bokken/build/output/unity/unity/Runtime/Export/Scripting/StackTrace.cs:35)
UnityEngine.DebugLogHandler:Internal_Log (UnityEngine.LogType,UnityEngine.LogOption,string,UnityEngine.Object)
UnityEngine.DebugLogHandler:LogFormat (UnityEngine.LogType,UnityEngine.Object,string,object[])
UnityEngine.Logger:Log (UnityEngine.LogType,object)
UnityEngine.Debug:LogWarning (object)
Unity.Debug:LogWarning (object) (at ./Library/PackageCache/com.unity.entities@bab66ffaba49/Unity.Entities/Stubs/Unity/Debug.cs:13)
Unity.Entities.SystemState:CheckOnUpdate_Query () (at ./Library/PackageCache/com.unity.entities@bab66ffaba49/Unity.Entities/SystemState.cs:551)
Unity.Entities.SystemState:GetEntityQuery (Unity.Entities.ComponentType) (at ./Library/PackageCache/com.unity.entities@bab66ffaba49/Unity.Entities/SystemState.cs:834)
Game.Runtime.SkirmishCheckpointSystem:OnUpdate (Unity.Entities.SystemState&) (at Assets/Game/Scripts/Runtime/Skirmish/SkirmishCheckpointSystem.cs:23)
Game.Runtime.SkirmishCheckpointSystem:__codegen__OnUpdate (intptr,intptr)
Unity.Entities.SystemBaseRegistry/<>c__DisplayClass9_0:<SelectBurstFn>b__0 (intptr,intptr) (at ./Library/PackageCache/com.unity.entities@bab66ffaba49/Unity.Entities/SystemBaseRegistry.cs:251)
Unity.Entities.WorldUnmanagedImpl/Unity.Entities.UnmanagedUpdate_000015A0$BurstDirectCall:Invoke (void*)
Unity.Entities.WorldUnmanagedImpl:UnmanagedUpdate (void*)
Unity.Entities.WorldUnmanagedImpl:UpdateSystem (Unity.Entities.SystemHandle) (at ./Library/PackageCache/com.unity.entities@bab66ffaba49/Unity.Entities/WorldUnmanaged.cs:942)
Unity.Entities.SystemHandle:Update (Unity.Entities.WorldUnmanaged) (at ./Library/PackageCache/com.unity.entities@bab66ffaba49/Unity.Entities/WorldUnmanaged.cs:169)
Game.Tests.Editor.SkirmishExpandedCheckpointTests:FirstCheckpointSystemRequestAttachesItsDocumentWithoutStructuralIterationFailure () (at Assets/Tests/Editor/SkirmishExpansion/SkirmishExpandedCheckpointTests.cs:27)
Game.Tests.Editor.SkirmishExpandedCheckpointTests:RunFocusedValidation () (at Assets/Tests/Editor/SkirmishExpansion/SkirmishExpandedCheckpointTests.cs:367)
Game.Tests.Editor.SkirmishSharedMaterialsTests:RunFocusedValidation () (at Assets/Tests/Editor/SkirmishExpansion/SkirmishSharedMaterialsTests.cs:99)

(Filename: ./Library/PackageCache/com.unity.entities@bab66ffaba49/Unity.Entities/Stubs/Unity/Debug.cs Line: 13)

[SkirmishExpandedCheckpointTests] result=Passed
UnityEngine.Debug:ExtractStackTraceNoAlloc (byte*,int,string)
UnityEngine.StackTraceUtility:ExtractStackTrace () (at /Users/bokken/build/output/unity/unity/Runtime/Export/Scripting/StackTrace.cs:35)
UnityEngine.DebugLogHandler:Internal_Log (UnityEngine.LogType,UnityEngine.LogOption,string,UnityEngine.Object)
UnityEngine.DebugLogHandler:LogFormat (UnityEngine.LogType,UnityEngine.Object,string,object[])
UnityEngine.Logger:Log (UnityEngine.LogType,object)
UnityEngine.Debug:Log (object)
Game.Tests.Editor.SkirmishExpandedCheckpointTests:RunFocusedValidation () (at Assets/Tests/Editor/SkirmishExpansion/SkirmishExpandedCheckpointTests.cs:376)
Game.Tests.Editor.SkirmishSharedMaterialsTests:RunFocusedValidation () (at Assets/Tests/Editor/SkirmishExpansion/SkirmishSharedMaterialsTests.cs:99)

(Filename: Assets/Tests/Editor/SkirmishExpansion/SkirmishExpandedCheckpointTests.cs Line: 376)

[AriaPlayEditorValidation] selected catalog=S002 definition=skirmish.s002 version=2 size=Standard difficulty=Regular seed=104731 locale=en
UnityEngine.Debug:ExtractStackTraceNoAlloc (byte*,int,string)
UnityEngine.StackTraceUtility:ExtractStackTrace () (at /Users/bokken/build/output/unity/unity/Runtime/Export/Scripting/StackTrace.cs:35)
UnityEngine.DebugLogHandler:Internal_Log (UnityEngine.LogType,UnityEngine.LogOption,string,UnityEngine.Object)
UnityEngine.DebugLogHandler:LogFormat (UnityEngine.LogType,UnityEngine.Object,string,object[])
UnityEngine.Logger:Log (UnityEngine.LogType,object)
UnityEngine.Debug:Log (object)
Game.Editor.AriaPlayEditorValidation:AcceptExpandedPayload (Game.Configs.SkirmishAriaAcceptancePayload&) (at Assets/Game/Scripts/Editor/AriaPlayEditorValidation.cs:113)
Game.Tests.Editor.SkirmishS002AriaHarnessTests:PayloadLoggersDoNotStampVictory () (at Assets/Tests/Editor/SkirmishExpansion/SkirmishS002AriaHarnessTests.cs:916)
Game.Tests.Editor.SkirmishS002AriaHarnessTests:RunFocusedValidation () (at Assets/Tests/Editor/SkirmishExpansion/SkirmishS002AriaHarnessTests.cs:1312)
Game.Tests.Editor.SkirmishSharedMaterialsTests:RunFocusedValidation () (at Assets/Tests/Editor/SkirmishExpansion/SkirmishSharedMaterialsTests.cs:100)

(Filename: Assets/Game/Scripts/Editor/AriaPlayEditorValidation.cs Line: 113)

[SkirmishExpandedAriaWatch] selected catalog=S002 definition=skirmish.s002 version=2 size=Standard difficulty=Regular seed=155923 locale=fa-IR
UnityEngine.Debug:ExtractStackTraceNoAlloc (byte*,int,string)
UnityEngine.StackTraceUtility:ExtractStackTrace () (at /Users/bokken/build/output/unity/unity/Runtime/Export/Scripting/StackTrace.cs:35)
UnityEngine.DebugLogHandler:Internal_Log (UnityEngine.LogType,UnityEngine.LogOption,string,UnityEngine.Object)
UnityEngine.DebugLogHandler:LogFormat (UnityEngine.LogType,UnityEngine.Object,string,object[])
UnityEngine.Logger:Log (UnityEngine.LogType,object)
UnityEngine.Debug:Log (object)
Game.Editor.SkirmishExpandedAriaWatchValidation:AcceptExpandedPayload (Game.Configs.SkirmishAriaAcceptancePayload&) (at Assets/Game/Scripts/Editor/Skirmish/SkirmishExpandedAriaWatchValidation.cs:32)
Game.Editor.SkirmishExpandedAriaWatchValidation:AcceptExpandedPayload (string,Game.Skirmish.Contracts.SkirmishSizeId,Game.Skirmish.Contracts.SkirmishDifficultyId,int,string) (at Assets/Game/Scripts/Editor/Skirmish/SkirmishExpandedAriaWatchValidation.cs:55)
Game.Tests.Editor.SkirmishS002AriaHarnessTests:PayloadLoggersDoNotStampVictory () (at Assets/Tests/Editor/SkirmishExpansion/SkirmishS002AriaHarnessTests.cs:917)
Game.Tests.Editor.SkirmishS002AriaHarnessTests:RunFocusedValidation () (at Assets/Tests/Editor/SkirmishExpansion/SkirmishS002AriaHarnessTests.cs:1312)
Game.Tests.Editor.SkirmishSharedMaterialsTests:RunFocusedValidation () (at Assets/Tests/Editor/SkirmishExpansion/SkirmishSharedMaterialsTests.cs:100)

(Filename: Assets/Game/Scripts/Editor/Skirmish/SkirmishExpandedAriaWatchValidation.cs Line: 32)

'Game.Runtime.SkirmishSessionCleanupSystem' creates a query during OnUpdate. Please create queries in OnCreate and store them in the system for use in OnUpdate instead. This is significantly faster.
UnityEngine.Debug:ExtractStackTraceNoAlloc (byte*,int,string)
UnityEngine.StackTraceUtility:ExtractStackTrace () (at /Users/bokken/build/output/unity/unity/Runtime/Export/Scripting/StackTrace.cs:35)
UnityEngine.DebugLogHandler:Internal_Log (UnityEngine.LogType,UnityEngine.LogOption,string,UnityEngine.Object)
UnityEngine.DebugLogHandler:LogFormat (UnityEngine.LogType,UnityEngine.Object,string,object[])
UnityEngine.Logger:Log (UnityEngine.LogType,object)
UnityEngine.Debug:LogWarning (object)
Unity.Debug:LogWarning (object) (at ./Library/PackageCache/com.unity.entities@bab66ffaba49/Unity.Entities/Stubs/Unity/Debug.cs:13)
Unity.Entities.SystemState:CheckOnUpdate_Query () (at ./Library/PackageCache/com.unity.entities@bab66ffaba49/Unity.Entities/SystemState.cs:551)
Unity.Entities.SystemState:GetEntityQuery (Unity.Entities.ComponentType) (at ./Library/PackageCache/com.unity.entities@bab66ffaba49/Unity.Entities/SystemState.cs:834)
Game.Runtime.SkirmishSessionCleanupSystem:OnUpdate (Unity.Entities.SystemState&) (at Assets/Game/Scripts/Runtime/Skirmish/SkirmishSessionCleanupSystem.cs:22)
Game.Runtime.SkirmishSessionCleanupSystem:__codegen__OnUpdate (intptr,intptr)
Unity.Entities.SystemBaseRegistry/<>c__DisplayClass9_0:<SelectBurstFn>b__0 (intptr,intptr) (at ./Library/PackageCache/com.unity.entities@bab66ffaba49/Unity.Entities/SystemBaseRegistry.cs:251)
Unity.Entities.WorldUnmanagedImpl/Unity.Entities.UnmanagedUpdate_000015A0$BurstDirectCall:Invoke (void*)
Unity.Entities.WorldUnmanagedImpl:UnmanagedUpdate (void*)
Unity.Entities.WorldUnmanagedImpl:UpdateSystem (Unity.Entities.SystemHandle) (at ./Library/PackageCache/com.unity.entities@bab66ffaba49/Unity.Entities/WorldUnmanaged.cs:942)
Unity.Entities.SystemHandle:Update (Unity.Entities.WorldUnmanaged) (at ./Library/PackageCache/com.unity.entities@bab66ffaba49/Unity.Entities/WorldUnmanaged.cs:169)
Game.Tests.Editor.SkirmishS002AriaHarnessTests:FinishedCleanupDestroysOwnedUnitsOutsideTheSessionQuery () (at Assets/Tests/Editor/SkirmishExpansion/SkirmishS002AriaHarnessTests.cs:1032)
Game.Tests.Editor.SkirmishS002AriaHarnessTests:RunFocusedValidation () (at Assets/Tests/Editor/SkirmishExpansion/SkirmishS002AriaHarnessTests.cs:1316)
Game.Tests.Editor.SkirmishSharedMaterialsTests:RunFocusedValidation () (at Assets/Tests/Editor/SkirmishExpansion/SkirmishSharedMaterialsTests.cs:100)

(Filename: ./Library/PackageCache/com.unity.entities@bab66ffaba49/Unity.Entities/Stubs/Unity/Debug.cs Line: 13)

[SkirmishS002AriaHarnessTests] result=Passed
UnityEngine.Debug:ExtractStackTraceNoAlloc (byte*,int,string)
UnityEngine.StackTraceUtility:ExtractStackTrace () (at /Users/bokken/build/output/unity/unity/Runtime/Export/Scripting/StackTrace.cs:35)
UnityEngine.DebugLogHandler:Internal_Log (UnityEngine.LogType,UnityEngine.LogOption,string,UnityEngine.Object)
UnityEngine.DebugLogHandler:LogFormat (UnityEngine.LogType,UnityEngine.Object,string,object[])
UnityEngine.Logger:Log (UnityEngine.LogType,object)
UnityEngine.Debug:Log (object)
Game.Tests.Editor.SkirmishS002AriaHarnessTests:RunFocusedValidation () (at Assets/Tests/Editor/SkirmishExpansion/SkirmishS002AriaHarnessTests.cs:1320)
Game.Tests.Editor.SkirmishSharedMaterialsTests:RunFocusedValidation () (at Assets/Tests/Editor/SkirmishExpansion/SkirmishSharedMaterialsTests.cs:100)

(Filename: Assets/Tests/Editor/SkirmishExpansion/SkirmishS002AriaHarnessTests.cs Line: 1320)

[SkirmishSharedMaterialsTests] result=Passed
UnityEngine.Debug:ExtractStackTraceNoAlloc (byte*,int,string)
UnityEngine.StackTraceUtility:ExtractStackTrace () (at /Users/bokken/build/output/unity/unity/Runtime/Export/Scripting/StackTrace.cs:35)
UnityEngine.DebugLogHandler:Internal_Log (UnityEngine.LogType,UnityEngine.LogOption,string,UnityEngine.Object)
UnityEngine.DebugLogHandler:LogFormat (UnityEngine.LogType,UnityEngine.Object,string,object[])
UnityEngine.Logger:Log (UnityEngine.LogType,object)
UnityEngine.Debug:Log (object)
Game.Tests.Editor.SkirmishSharedMaterialsTests:RunFocusedValidation () (at Assets/Tests/Editor/SkirmishExpansion/SkirmishSharedMaterialsTests.cs:109)

(Filename: Assets/Tests/Editor/SkirmishExpansion/SkirmishSharedMaterialsTests.cs Line: 109)

Batchmode quit successfully invoked - shutting down!
Pipeline Server stopped
Unloading 532 Unused Serialized files (Serialized files now loaded: 0)
Killing ADB server in 0.344858 seconds.
Shutting down MSBuild server...
Shutting down VB/C# compiler server...
Unloading 2293 unused Assets / (Unknown). Loaded Objects now: 50889.
Memory consumption went from 0.99 GB to 0.99 GB.
Total: 98.055792 ms (FindLiveObjects: 1.257542 ms CreateObjectMapping: 13.808833 ms MarkObjects: 80.142917 ms  DeleteObjects: 2.844834 ms)

Thread 0x179507000 may have been prematurely finalized
VB/C# compiler server shut down successfully.
Input System module state changed to: ShutdownInProgress.
Input Polling Thread exited.
Input System module state changed to: Shutdown.
MSBuild server shut down successfully.
[Physics::Module] Cleanup current backend.
[Physics::Module] Id: 0xf2b8ea05
[Licensing::IpcConnector] LicenseClient-farhad-notifications channel disconnected successfully.
[Licensing::IpcConnector] LicenseClient-farhad channel disconnected successfully.
Thread 0x16e5c7000 may have been prematurely finalized
Thread 0x16e653000 may have been prematurely finalized
Thread 0x16e6df000 may have been prematurely finalized
Thread 0x16e76b000 may have been prematurely finalized
Thread 0x16e90f000 may have been prematurely finalized
Thread 0x16e7f7000 may have been prematurely finalized
Thread 0x16e883000 may have been prematurely finalized
Thread 0x16e99b000 may have been prematurely finalized
Thread 0x16ea27000 may have been prematurely finalized
AcceleratorClientConnectionCallback - disconnected - :0
Thread 0x175273000 may have been prematurely finalized
Cleanup mono
info: Microsoft.Hosting.Lifetime[0]
      Application is shutting down...
CodeReloadManager destroyed
info: Unity.ILPP.Runner.PostProcessingAssemblyLoadContext[0]
      ALC ILPP context 1 is unloading
Leak Detected : Persistent allocates 4 individual allocations. To find out more please enable 'Settings > Jobs > Leak Detection Level > Enabled With Stack Trace' and reproduce the leak again.
debugger-agent: Unable to listen on 44
Exiting batchmode successfully now!
[Package Manager] Server process was shutdown
