[ExistingEditorValidation] project=/Users/farhad/Projects/WarlineCapture/Assets executeMethod=Game.Editor.ComicPortraitRuntimeValidation.CaptureBefore
UnityEngine.Debug:Log (object)
Game.Editor.ExistingEditorValidation/<Run>d__9:MoveNext () (at Assets/Game/Scripts/Editor/ExistingEditorValidation.cs:90)
System.Runtime.CompilerServices.AsyncVoidMethodBuilder:Start<Game.Editor.ExistingEditorValidation/<Run>d__9> (Game.Editor.ExistingEditorValidation/<Run>d__9&)
Game.Editor.ExistingEditorValidation:Run (string,string)
PipelineEvaluation.PipelineEval_d21e4709/<>c__DisplayClass0_0:<Execute>b__0 ()
UnityEditor.EditorApplication:Internal_CallUpdateFunctions () (at /Users/bokken/build/output/unity/unity/Editor/Mono/EditorApplication.cs:403)

NullReferenceException: Object reference not set to an instance of an object
Game.Editor.MatchHudV3PrefabBuilder.ConfigureCaptureState (UnityEngine.GameObject instance, System.Boolean showTransportPassengers) (at Assets/Game/Scripts/Editor/MatchHudV3PrefabBuilder.cs:2018)
Game.Editor.MatchHudV3PrefabBuilder.Capture (System.String outputPath, System.Int32 width, System.Int32 height, System.Boolean showCommandWheel, System.Boolean showTargetingState, System.Boolean showTransportPassengers, System.Boolean showTacticalFeedback, System.Boolean showBuildPlacement, System.Boolean showBuildPlacementInvalid, System.Boolean showTutorialPresentation, System.Boolean showCommandAssistant, System.Boolean showAssistantTakeover, System.Boolean showThreatAlert, System.Boolean showThreatRoutePreview, System.Boolean showM02RestrictedControls, System.Boolean applyLocalization) (at Assets/Game/Scripts/Editor/MatchHudV3PrefabBuilder.cs:1847)
Game.Editor.MatchHudV3PrefabBuilder.CaptureSelectionWheel () (at Assets/Game/Scripts/Editor/MatchHudV3PrefabBuilder.SelectionWheel.cs:33)
Game.Editor.ComicPortraitRuntimeValidation.CaptureHud (System.String directory) (at Assets/Game/Scripts/Editor/ComicPortraitRuntimeValidation.cs:68)
Game.Editor.ComicPortraitRuntimeValidation.CaptureBefore () (at Assets/Game/Scripts/Editor/ComicPortraitRuntimeValidation.cs:60)
System.Reflection.RuntimeMethodInfo.Invoke (System.Object obj, System.Reflection.BindingFlags invokeAttr, System.Reflection.Binder binder, System.Object[] parameters, System.Globalization.CultureInfo culture) (at <299d5c9ae27b4d27af003e5f456f4b13>:0)
UnityEngine.Debug:LogException(Exception)
Game.Editor.<Run>d__9:MoveNext() (at Assets/Game/Scripts/Editor/ExistingEditorValidation.cs:113)
System.Runtime.CompilerServices.AsyncVoidMethodBuilder:Start(<Run>d__9&)
Game.Editor.ExistingEditorValidation:Run(String, String)
PipelineEvaluation.<>c__DisplayClass0_0:<Execute>b__0()
UnityEditor.EditorApplication:Internal_CallUpdateFunctions() (at /Users/bokken/build/output/unity/unity/Editor/Mono/EditorApplication.cs:403)

[ExistingEditorValidation] result=Failed executeMethod=Game.Editor.ComicPortraitRuntimeValidation.CaptureBefore
UnityEngine.Debug:LogError (object)
Game.Editor.ExistingEditorValidation/<Run>d__9:MoveNext () (at Assets/Game/Scripts/Editor/ExistingEditorValidation.cs:114)
System.Runtime.CompilerServices.AsyncVoidMethodBuilder:Start<Game.Editor.ExistingEditorValidation/<Run>d__9> (Game.Editor.ExistingEditorValidation/<Run>d__9&)
Game.Editor.ExistingEditorValidation:Run (string,string)
PipelineEvaluation.PipelineEval_d21e4709/<>c__DisplayClass0_0:<Execute>b__0 ()
UnityEditor.EditorApplication:Internal_CallUpdateFunctions () (at /Users/bokken/build/output/unity/unity/Editor/Mono/EditorApplication.cs:403)

