[ExistingEditorValidation] project=/Users/farhad/Projects/WarlineCapture/Assets executeMethod=Game.Editor.CH05M04LastCorridorIntegration.BuildCore
UnityEngine.Debug:Log (object)
Game.Editor.ExistingEditorValidation/<Run>d__9:MoveNext () (at Assets/Game/Scripts/Editor/ExistingEditorValidation.cs:90)
System.Runtime.CompilerServices.AsyncVoidMethodBuilder:Start<Game.Editor.ExistingEditorValidation/<Run>d__9> (Game.Editor.ExistingEditorValidation/<Run>d__9&)
Game.Editor.ExistingEditorValidation:Run (string,string)
PipelineEvaluation.PipelineEval_bdd521e1/<>c__DisplayClass0_0:<Execute>b__0 ()
UnityEditor.EditorApplication:Internal_CallUpdateFunctions () (at /Users/bokken/build/output/unity/unity/Editor/Mono/EditorApplication.cs:403)

[LastCorridorBuilderRevision] source=urban-logistics-v1-two-artery-lanes canonicalMovementMask=Preserved explicitMoves=Required
UnityEngine.Debug:Log (object)
Game.Editor.CH05M04LastCorridorConfigBuilder:ReportBuilderRevision () (at Assets/Game/Scripts/Editor/CH05M04LastCorridorConfigBuilder.cs:44)
Game.Editor.CH05M04LastCorridorConfigBuilder:Build () (at Assets/Game/Scripts/Editor/CH05M04LastCorridorConfigBuilder.cs:57)
Game.Editor.CH05M04LastCorridorIntegration:BuildCore () (at Assets/Game/Scripts/Editor/CH05M04LastCorridorIntegration.cs:11)
System.Reflection.MethodBase:Invoke (object,object[])
Game.Editor.ExistingEditorValidation/<Run>d__9:MoveNext () (at Assets/Game/Scripts/Editor/ExistingEditorValidation.cs:92)
System.Runtime.CompilerServices.AsyncVoidMethodBuilder:Start<Game.Editor.ExistingEditorValidation/<Run>d__9> (Game.Editor.ExistingEditorValidation/<Run>d__9&)
Game.Editor.ExistingEditorValidation:Run (string,string)
PipelineEvaluation.PipelineEval_bdd521e1/<>c__DisplayClass0_0:<Execute>b__0 ()
UnityEditor.EditorApplication:Internal_CallUpdateFunctions () (at /Users/bokken/build/output/unity/unity/Editor/Mono/EditorApplication.cs:403)

Loaded 1 ExamplePackConfig assets
UnityEngine.Debug:Log (object)
SyntyPackageHelper:LoadSyntyPackageHelperConfigs () (at Assets/Synty/SyntyPackageHelper/Editor/SyntyPackageHelper.cs:46)
SyntyPackageHelper:OnProjectChanged () (at Assets/Synty/SyntyPackageHelper/Editor/SyntyPackageHelper.cs:55)
UnityEditor.AssetDatabase:Refresh ()
Game.Editor.CH05M04LastCorridorConfigBuilder:Build () (at Assets/Game/Scripts/Editor/CH05M04LastCorridorConfigBuilder.cs:59)
Game.Editor.CH05M04LastCorridorIntegration:BuildCore () (at Assets/Game/Scripts/Editor/CH05M04LastCorridorIntegration.cs:11)
System.Reflection.MethodBase:Invoke (object,object[])
Game.Editor.ExistingEditorValidation/<Run>d__9:MoveNext () (at Assets/Game/Scripts/Editor/ExistingEditorValidation.cs:92)
System.Runtime.CompilerServices.AsyncVoidMethodBuilder:Start<Game.Editor.ExistingEditorValidation/<Run>d__9> (Game.Editor.ExistingEditorValidation/<Run>d__9&)
Game.Editor.ExistingEditorValidation:Run (string,string)
PipelineEvaluation.PipelineEval_bdd521e1/<>c__DisplayClass0_0:<Execute>b__0 ()
UnityEditor.EditorApplication:Internal_CallUpdateFunctions () (at /Users/bokken/build/output/unity/unity/Editor/Mono/EditorApplication.cs:403)

[LastCorridorAcceptedMigration] convertedRenderOnly=8160 retiredAccepted=8546 removedAuthoredVehicles=22 cropAndStaticMask=PendingPhysicalPass
UnityEngine.Debug:Log (object)
Game.Editor.CH05M04LastCorridorConfigBuilder:MigrateAcceptedPresentation (UnityEngine.SceneManagement.Scene) (at Assets/Game/Scripts/Editor/CH05M04LastCorridorConfigBuilder.cs:266)
Game.Editor.CH05M04LastCorridorConfigBuilder:BuildPhysicalMap () (at Assets/Game/Scripts/Editor/CH05M04LastCorridorConfigBuilder.cs:118)
Game.Editor.CH05M04LastCorridorConfigBuilder:Build () (at Assets/Game/Scripts/Editor/CH05M04LastCorridorConfigBuilder.cs:61)
Game.Editor.CH05M04LastCorridorIntegration:BuildCore () (at Assets/Game/Scripts/Editor/CH05M04LastCorridorIntegration.cs:11)
System.Reflection.MethodBase:Invoke (object,object[])
Game.Editor.ExistingEditorValidation/<Run>d__9:MoveNext () (at Assets/Game/Scripts/Editor/ExistingEditorValidation.cs:92)
System.Runtime.CompilerServices.AsyncVoidMethodBuilder:Start<Game.Editor.ExistingEditorValidation/<Run>d__9> (Game.Editor.ExistingEditorValidation/<Run>d__9&)
Game.Editor.ExistingEditorValidation:Run (string,string)
PipelineEvaluation.PipelineEval_bdd521e1/<>c__DisplayClass0_0:<Execute>b__0 ()
UnityEditor.EditorApplication:Internal_CallUpdateFunctions () (at /Users/bokken/build/output/unity/unity/Editor/Mono/EditorApplication.cs:403)

[LastCorridorNativeOwnership] result=Passed repairedGameplayIdentities=111 owners=317 renderOnly=2655 identities=2972 Grid=1 Surface=1 counts=GlobalReadinessContract
UnityEngine.Debug:Log (object)
Game.Editor.CH05M04LastCorridorConfigBuilder:ConfigureNativeOwnership (UnityEngine.SceneManagement.Scene) (at Assets/Game/Scripts/Editor/CH05M04LastCorridorConfigBuilder.cs:232)
Game.Editor.CH05M04LastCorridorConfigBuilder:BuildPhysicalMap () (at Assets/Game/Scripts/Editor/CH05M04LastCorridorConfigBuilder.cs:160)
Game.Editor.CH05M04LastCorridorConfigBuilder:Build () (at Assets/Game/Scripts/Editor/CH05M04LastCorridorConfigBuilder.cs:61)
Game.Editor.CH05M04LastCorridorIntegration:BuildCore () (at Assets/Game/Scripts/Editor/CH05M04LastCorridorIntegration.cs:11)
System.Reflection.MethodBase:Invoke (object,object[])
Game.Editor.ExistingEditorValidation/<Run>d__9:MoveNext () (at Assets/Game/Scripts/Editor/ExistingEditorValidation.cs:92)
System.Runtime.CompilerServices.AsyncVoidMethodBuilder:Start<Game.Editor.ExistingEditorValidation/<Run>d__9> (Game.Editor.ExistingEditorValidation/<Run>d__9&)
Game.Editor.ExistingEditorValidation:Run (string,string)
PipelineEvaluation.PipelineEval_bdd521e1/<>c__DisplayClass0_0:<Execute>b__0 ()
UnityEditor.EditorApplication:Internal_CallUpdateFunctions () (at /Users/bokken/build/output/unity/unity/Editor/Mono/EditorApplication.cs:403)

[LastCorridorMinimap] result=Passed mode=NativeURP crop=860,300,440,220 blackUniformGate=Passed
UnityEngine.Debug:Log (object)
Game.Editor.CH05M04LastCorridorConfigBuilder:CreateMinimap (UnityEngine.SceneManagement.Scene) (at Assets/Game/Scripts/Editor/CH05M04LastCorridorConfigBuilder.cs:356)
Game.Editor.CH05M04LastCorridorConfigBuilder:BuildPhysicalMap () (at Assets/Game/Scripts/Editor/CH05M04LastCorridorConfigBuilder.cs:167)
Game.Editor.CH05M04LastCorridorConfigBuilder:Build () (at Assets/Game/Scripts/Editor/CH05M04LastCorridorConfigBuilder.cs:61)
Game.Editor.CH05M04LastCorridorIntegration:BuildCore () (at Assets/Game/Scripts/Editor/CH05M04LastCorridorIntegration.cs:11)
System.Reflection.MethodBase:Invoke (object,object[])
Game.Editor.ExistingEditorValidation/<Run>d__9:MoveNext () (at Assets/Game/Scripts/Editor/ExistingEditorValidation.cs:92)
System.Runtime.CompilerServices.AsyncVoidMethodBuilder:Start<Game.Editor.ExistingEditorValidation/<Run>d__9> (Game.Editor.ExistingEditorValidation/<Run>d__9&)
Game.Editor.ExistingEditorValidation:Run (string,string)
PipelineEvaluation.PipelineEval_bdd521e1/<>c__DisplayClass0_0:<Execute>b__0 ()
UnityEditor.EditorApplication:Internal_CallUpdateFunctions () (at /Users/bokken/build/output/unity/unity/Editor/Mono/EditorApplication.cs:403)

[LastCorridorCivicClearance] result=Passed serviceLots=2 productionLots=2 reserveLots=2 healthOwners=RuntimeBuildingPlacement
UnityEngine.Debug:Log (object)
Game.Editor.CH05M04LastCorridorConfigBuilder:ValidateCivicClearance (UnityEngine.SceneManagement.Scene) (at Assets/Game/Scripts/Editor/CH05M04LastCorridorConfigBuilder.cs:300)
Game.Editor.CH05M04LastCorridorConfigBuilder:BuildPhysicalMap () (at Assets/Game/Scripts/Editor/CH05M04LastCorridorConfigBuilder.cs:169)
Game.Editor.CH05M04LastCorridorConfigBuilder:Build () (at Assets/Game/Scripts/Editor/CH05M04LastCorridorConfigBuilder.cs:61)
Game.Editor.CH05M04LastCorridorIntegration:BuildCore () (at Assets/Game/Scripts/Editor/CH05M04LastCorridorIntegration.cs:11)
System.Reflection.MethodBase:Invoke (object,object[])
Game.Editor.ExistingEditorValidation/<Run>d__9:MoveNext () (at Assets/Game/Scripts/Editor/ExistingEditorValidation.cs:92)
System.Runtime.CompilerServices.AsyncVoidMethodBuilder:Start<Game.Editor.ExistingEditorValidation/<Run>d__9> (Game.Editor.ExistingEditorValidation/<Run>d__9&)
Game.Editor.ExistingEditorValidation:Run (string,string)
PipelineEvaluation.PipelineEval_bdd521e1/<>c__DisplayClass0_0:<Execute>b__0 ()
UnityEditor.EditorApplication:Internal_CallUpdateFunctions () (at /Users/bokken/build/output/unity/unity/Editor/Mono/EditorApplication.cs:403)

[LastCorridorRoutes] result=Passed deliveryLanes=2x301x5 laneGap=12m sameArtery=true rearCarrierLane=103x5 buildLots=3 grid=440x220 combinedOwnerSurfaceMask=true
UnityEngine.Debug:Log (object)
Game.Editor.CH05M04LastCorridorConfigBuilder:ValidateRoutes () (at Assets/Game/Scripts/Editor/CH05M04LastCorridorConfigBuilder.cs:465)
Game.Editor.CH05M04LastCorridorConfigBuilder:BuildPhysicalMap () (at Assets/Game/Scripts/Editor/CH05M04LastCorridorConfigBuilder.cs:199)
Game.Editor.CH05M04LastCorridorConfigBuilder:Build () (at Assets/Game/Scripts/Editor/CH05M04LastCorridorConfigBuilder.cs:61)
Game.Editor.CH05M04LastCorridorIntegration:BuildCore () (at Assets/Game/Scripts/Editor/CH05M04LastCorridorIntegration.cs:11)
System.Reflection.MethodBase:Invoke (object,object[])
Game.Editor.ExistingEditorValidation/<Run>d__9:MoveNext () (at Assets/Game/Scripts/Editor/ExistingEditorValidation.cs:92)
System.Runtime.CompilerServices.AsyncVoidMethodBuilder:Start<Game.Editor.ExistingEditorValidation/<Run>d__9> (Game.Editor.ExistingEditorValidation/<Run>d__9&)
Game.Editor.ExistingEditorValidation:Run (string,string)
PipelineEvaluation.PipelineEval_bdd521e1/<>c__DisplayClass0_0:<Execute>b__0 ()
UnityEditor.EditorApplication:Internal_CallUpdateFunctions () (at /Users/bokken/build/output/unity/unity/Editor/Mono/EditorApplication.cs:403)

[LastCorridorMap] result=Passed removedStatic=41985 identities=2972 sourcePreserved=true sourceContentHash=2713962f0faa2dae49805e1b7e3a1673199a2cca915334d11421b354cd8f591c derivative=39d2f7c081ff20a1759f5f3e01fa9fce040f30fb21d9f1ef7d91a21c39f559a6
UnityEngine.Debug:Log (object)
Game.Editor.CH05M04LastCorridorConfigBuilder:BuildPhysicalMap () (at Assets/Game/Scripts/Editor/CH05M04LastCorridorConfigBuilder.cs:202)
Game.Editor.CH05M04LastCorridorConfigBuilder:Build () (at Assets/Game/Scripts/Editor/CH05M04LastCorridorConfigBuilder.cs:61)
Game.Editor.CH05M04LastCorridorIntegration:BuildCore () (at Assets/Game/Scripts/Editor/CH05M04LastCorridorIntegration.cs:11)
System.Reflection.MethodBase:Invoke (object,object[])
Game.Editor.ExistingEditorValidation/<Run>d__9:MoveNext () (at Assets/Game/Scripts/Editor/ExistingEditorValidation.cs:92)
System.Runtime.CompilerServices.AsyncVoidMethodBuilder:Start<Game.Editor.ExistingEditorValidation/<Run>d__9> (Game.Editor.ExistingEditorValidation/<Run>d__9&)
Game.Editor.ExistingEditorValidation:Run (string,string)
PipelineEvaluation.PipelineEval_bdd521e1/<>c__DisplayClass0_0:<Execute>b__0 ()
UnityEditor.EditorApplication:Internal_CallUpdateFunctions () (at /Users/bokken/build/output/unity/unity/Editor/Mono/EditorApplication.cs:403)

[LastCorridorSupportContext] result=Passed scope=mission,map,source finiteFuel=ownedReserve protected=civicReceiving+staff route=authored allowed=existing-unlocked readiness=preserved
UnityEngine.Debug:Log (object)
Game.Editor.CH05M04LastCorridorConfigBuilder:BuildSupportContext (bool) (at Assets/Game/Scripts/Editor/CH05M04LastCorridorConfigBuilder.Support.cs:56)
Game.Editor.CH05M04LastCorridorConfigBuilder:Build () (at Assets/Game/Scripts/Editor/CH05M04LastCorridorConfigBuilder.cs:61)
Game.Editor.CH05M04LastCorridorIntegration:BuildCore () (at Assets/Game/Scripts/Editor/CH05M04LastCorridorIntegration.cs:11)
System.Reflection.MethodBase:Invoke (object,object[])
Game.Editor.ExistingEditorValidation/<Run>d__9:MoveNext () (at Assets/Game/Scripts/Editor/ExistingEditorValidation.cs:92)
System.Runtime.CompilerServices.AsyncVoidMethodBuilder:Start<Game.Editor.ExistingEditorValidation/<Run>d__9> (Game.Editor.ExistingEditorValidation/<Run>d__9&)
Game.Editor.ExistingEditorValidation:Run (string,string)
PipelineEvaluation.PipelineEval_bdd521e1/<>c__DisplayClass0_0:<Execute>b__0 ()
UnityEditor.EditorApplication:Internal_CallUpdateFunctions () (at /Users/bokken/build/output/unity/unity/Editor/Mono/EditorApplication.cs:403)

[LastCorridorConfig] result=Passed deliveryCategories=5 connectedGroundChoices=2 finiteDepots=2 originals=26
UnityEngine.Debug:Log (object)
Game.Editor.CH05M04LastCorridorConfigBuilder:Build () (at Assets/Game/Scripts/Editor/CH05M04LastCorridorConfigBuilder.cs:63)
Game.Editor.CH05M04LastCorridorIntegration:BuildCore () (at Assets/Game/Scripts/Editor/CH05M04LastCorridorIntegration.cs:11)
System.Reflection.MethodBase:Invoke (object,object[])
Game.Editor.ExistingEditorValidation/<Run>d__9:MoveNext () (at Assets/Game/Scripts/Editor/ExistingEditorValidation.cs:92)
System.Runtime.CompilerServices.AsyncVoidMethodBuilder:Start<Game.Editor.ExistingEditorValidation/<Run>d__9> (Game.Editor.ExistingEditorValidation/<Run>d__9&)
Game.Editor.ExistingEditorValidation:Run (string,string)
PipelineEvaluation.PipelineEval_bdd521e1/<>c__DisplayClass0_0:<Execute>b__0 ()
UnityEditor.EditorApplication:Internal_CallUpdateFunctions () (at /Users/bokken/build/output/unity/unity/Editor/Mono/EditorApplication.cs:403)

[LastCorridorMedia] result=Passed comics=3 dialogueCrops=7 installedVoices=0 mode=caption-only
UnityEngine.Debug:Log (object)
Game.Editor.CH05M04LastCorridorNarrativeBuilder:ConfigureMedia () (at Assets/Game/Scripts/Editor/CH05M04LastCorridorNarrativeBuilder.cs:85)
Game.Editor.CH05M04LastCorridorNarrativeBuilder:BuildNarrativeCore () (at Assets/Game/Scripts/Editor/CH05M04LastCorridorNarrativeBuilder.cs:38)
Game.Editor.CH05M04LastCorridorNarrativeBuilder:BuildWithoutVoices () (at Assets/Game/Scripts/Editor/CH05M04LastCorridorNarrativeBuilder.cs:31)
Game.Editor.CH05M04LastCorridorIntegration:FinishPrepared () (at Assets/Game/Scripts/Editor/CH05M04LastCorridorIntegration.cs:18)
Game.Editor.CH05M04LastCorridorIntegration:BuildCore () (at Assets/Game/Scripts/Editor/CH05M04LastCorridorIntegration.cs:12)
System.Reflection.MethodBase:Invoke (object,object[])
Game.Editor.ExistingEditorValidation/<Run>d__9:MoveNext () (at Assets/Game/Scripts/Editor/ExistingEditorValidation.cs:92)
System.Runtime.CompilerServices.AsyncVoidMethodBuilder:Start<Game.Editor.ExistingEditorValidation/<Run>d__9> (Game.Editor.ExistingEditorValidation/<Run>d__9&)
Game.Editor.ExistingEditorValidation:Run (string,string)
PipelineEvaluation.PipelineEval_bdd521e1/<>c__DisplayClass0_0:<Execute>b__0 ()
UnityEditor.EditorApplication:Internal_CallUpdateFunctions () (at /Users/bokken/build/output/unity/unity/Editor/Mono/EditorApplication.cs:403)

[CampaignComicCoverage] result=Passed mission=seq.ch05.m04. dialogueStates=7 aspects=2
UnityEngine.Debug:Log (object)
Game.Editor.CampaignMissionComicCoverageValidation:ValidateMission (string,string) (at Assets/Game/Scripts/Editor/CampaignMissionComicCoverageValidation.cs:55)
Game.Editor.CampaignMissionComicCoverageValidation:ValidateMissionDistinct (string,string) (at Assets/Game/Scripts/Editor/CampaignMissionComicCoverageValidation.cs:60)
Game.Editor.CH05M04LastCorridorNarrativeBuilder:BuildNarrativeCore () (at Assets/Game/Scripts/Editor/CH05M04LastCorridorNarrativeBuilder.cs:46)
Game.Editor.CH05M04LastCorridorNarrativeBuilder:BuildWithoutVoices () (at Assets/Game/Scripts/Editor/CH05M04LastCorridorNarrativeBuilder.cs:31)
Game.Editor.CH05M04LastCorridorIntegration:FinishPrepared () (at Assets/Game/Scripts/Editor/CH05M04LastCorridorIntegration.cs:18)
Game.Editor.CH05M04LastCorridorIntegration:BuildCore () (at Assets/Game/Scripts/Editor/CH05M04LastCorridorIntegration.cs:12)
System.Reflection.MethodBase:Invoke (object,object[])
Game.Editor.ExistingEditorValidation/<Run>d__9:MoveNext () (at Assets/Game/Scripts/Editor/ExistingEditorValidation.cs:92)
System.Runtime.CompilerServices.AsyncVoidMethodBuilder:Start<Game.Editor.ExistingEditorValidation/<Run>d__9> (Game.Editor.ExistingEditorValidation/<Run>d__9&)
Game.Editor.ExistingEditorValidation:Run (string,string)
PipelineEvaluation.PipelineEval_bdd521e1/<>c__DisplayClass0_0:<Execute>b__0 ()
UnityEditor.EditorApplication:Internal_CallUpdateFunctions () (at /Users/bokken/build/output/unity/unity/Editor/Mono/EditorApplication.cs:403)

[CampaignComicDistinctness] result=Passed mission=seq.ch05.m04. dialogueStates=7 distinct16x9=7 distinct20x9=7
UnityEngine.Debug:Log (object)
Game.Editor.CampaignMissionComicCoverageValidation:ValidateMissionDistinct (string,string) (at Assets/Game/Scripts/Editor/CampaignMissionComicCoverageValidation.cs:64)
Game.Editor.CH05M04LastCorridorNarrativeBuilder:BuildNarrativeCore () (at Assets/Game/Scripts/Editor/CH05M04LastCorridorNarrativeBuilder.cs:46)
Game.Editor.CH05M04LastCorridorNarrativeBuilder:BuildWithoutVoices () (at Assets/Game/Scripts/Editor/CH05M04LastCorridorNarrativeBuilder.cs:31)
Game.Editor.CH05M04LastCorridorIntegration:FinishPrepared () (at Assets/Game/Scripts/Editor/CH05M04LastCorridorIntegration.cs:18)
Game.Editor.CH05M04LastCorridorIntegration:BuildCore () (at Assets/Game/Scripts/Editor/CH05M04LastCorridorIntegration.cs:12)
System.Reflection.MethodBase:Invoke (object,object[])
Game.Editor.ExistingEditorValidation/<Run>d__9:MoveNext () (at Assets/Game/Scripts/Editor/ExistingEditorValidation.cs:92)
System.Runtime.CompilerServices.AsyncVoidMethodBuilder:Start<Game.Editor.ExistingEditorValidation/<Run>d__9> (Game.Editor.ExistingEditorValidation/<Run>d__9&)
Game.Editor.ExistingEditorValidation:Run (string,string)
PipelineEvaluation.PipelineEval_bdd521e1/<>c__DisplayClass0_0:<Execute>b__0 ()
UnityEditor.EditorApplication:Internal_CallUpdateFunctions () (at /Users/bokken/build/output/unity/unity/Editor/Mono/EditorApplication.cs:403)

[LastCorridorNarrative] result=Passed sequences=3 dialogueStates=7 locales=en,fa-IR missionComics=3 voiceGate=Separate
UnityEngine.Debug:Log (object)
Game.Editor.CH05M04LastCorridorNarrativeBuilder:BuildNarrativeCore () (at Assets/Game/Scripts/Editor/CH05M04LastCorridorNarrativeBuilder.cs:58)
Game.Editor.CH05M04LastCorridorNarrativeBuilder:BuildWithoutVoices () (at Assets/Game/Scripts/Editor/CH05M04LastCorridorNarrativeBuilder.cs:31)
Game.Editor.CH05M04LastCorridorIntegration:FinishPrepared () (at Assets/Game/Scripts/Editor/CH05M04LastCorridorIntegration.cs:18)
Game.Editor.CH05M04LastCorridorIntegration:BuildCore () (at Assets/Game/Scripts/Editor/CH05M04LastCorridorIntegration.cs:12)
System.Reflection.MethodBase:Invoke (object,object[])
Game.Editor.ExistingEditorValidation/<Run>d__9:MoveNext () (at Assets/Game/Scripts/Editor/ExistingEditorValidation.cs:92)
System.Runtime.CompilerServices.AsyncVoidMethodBuilder:Start<Game.Editor.ExistingEditorValidation/<Run>d__9> (Game.Editor.ExistingEditorValidation/<Run>d__9&)
Game.Editor.ExistingEditorValidation:Run (string,string)
PipelineEvaluation.PipelineEval_bdd521e1/<>c__DisplayClass0_0:<Execute>b__0 ()
UnityEditor.EditorApplication:Internal_CallUpdateFunctions () (at /Users/bokken/build/output/unity/unity/Editor/Mono/EditorApplication.cs:403)

[LastCorridorNarrativeVoices] result=Pending expectedClips=14 installedClips=0 externalRequests=0 mode=caption-only nativePlayback=Pending
UnityEngine.Debug:Log (object)
Game.Editor.CH05M04LastCorridorNarrativeBuilder:BuildWithoutVoices () (at Assets/Game/Scripts/Editor/CH05M04LastCorridorNarrativeBuilder.cs:32)
Game.Editor.CH05M04LastCorridorIntegration:FinishPrepared () (at Assets/Game/Scripts/Editor/CH05M04LastCorridorIntegration.cs:18)
Game.Editor.CH05M04LastCorridorIntegration:BuildCore () (at Assets/Game/Scripts/Editor/CH05M04LastCorridorIntegration.cs:12)
System.Reflection.MethodBase:Invoke (object,object[])
Game.Editor.ExistingEditorValidation/<Run>d__9:MoveNext () (at Assets/Game/Scripts/Editor/ExistingEditorValidation.cs:92)
System.Runtime.CompilerServices.AsyncVoidMethodBuilder:Start<Game.Editor.ExistingEditorValidation/<Run>d__9> (Game.Editor.ExistingEditorValidation/<Run>d__9&)
Game.Editor.ExistingEditorValidation:Run (string,string)
PipelineEvaluation.PipelineEval_bdd521e1/<>c__DisplayClass0_0:<Execute>b__0 ()
UnityEditor.EditorApplication:Internal_CallUpdateFunctions () (at /Users/bokken/build/output/unity/unity/Editor/Mono/EditorApplication.cs:403)

[LastCorridorPresentation] result=Passed existingHud=1 newCommandButtons=0 locales=2 certifiedGroundFallback=Explicit voices=NotRequested
UnityEngine.Debug:Log (object)
Game.Editor.CH05M04LastCorridorPresentationBuilder:Build () (at Assets/Game/Scripts/Editor/CH05M04LastCorridorPresentationBuilder.cs:24)
Game.Editor.CH05M04LastCorridorIntegration:FinishPrepared () (at Assets/Game/Scripts/Editor/CH05M04LastCorridorIntegration.cs:19)
Game.Editor.CH05M04LastCorridorIntegration:BuildCore () (at Assets/Game/Scripts/Editor/CH05M04LastCorridorIntegration.cs:12)
System.Reflection.MethodBase:Invoke (object,object[])
Game.Editor.ExistingEditorValidation/<Run>d__9:MoveNext () (at Assets/Game/Scripts/Editor/ExistingEditorValidation.cs:92)
System.Runtime.CompilerServices.AsyncVoidMethodBuilder:Start<Game.Editor.ExistingEditorValidation/<Run>d__9> (Game.Editor.ExistingEditorValidation/<Run>d__9&)
Game.Editor.ExistingEditorValidation:Run (string,string)
PipelineEvaluation.PipelineEval_bdd521e1/<>c__DisplayClass0_0:<Execute>b__0 ()
UnityEditor.EditorApplication:Internal_CallUpdateFunctions () (at /Users/bokken/build/output/unity/unity/Editor/Mono/EditorApplication.cs:403)

[M01FirstContactConfigBuilder] result=Passed scope=ChapterCatalogs missions=24 maps=31
UnityEngine.Debug:Log (object)
Game.Editor.M01FirstContactConfigBuilder:RefreshChapterCatalogs () (at Assets/Game/Scripts/Editor/M01FirstContactConfigBuilder.cs:75)
Game.Editor.CH05M04LastCorridorIntegration:FinishPrepared () (at Assets/Game/Scripts/Editor/CH05M04LastCorridorIntegration.cs:20)
Game.Editor.CH05M04LastCorridorIntegration:BuildCore () (at Assets/Game/Scripts/Editor/CH05M04LastCorridorIntegration.cs:12)
System.Reflection.MethodBase:Invoke (object,object[])
Game.Editor.ExistingEditorValidation/<Run>d__9:MoveNext () (at Assets/Game/Scripts/Editor/ExistingEditorValidation.cs:92)
System.Runtime.CompilerServices.AsyncVoidMethodBuilder:Start<Game.Editor.ExistingEditorValidation/<Run>d__9> (Game.Editor.ExistingEditorValidation/<Run>d__9&)
Game.Editor.ExistingEditorValidation:Run (string,string)
PipelineEvaluation.PipelineEval_bdd521e1/<>c__DisplayClass0_0:<Execute>b__0 ()
UnityEditor.EditorApplication:Internal_CallUpdateFunctions () (at /Users/bokken/build/output/unity/unity/Editor/Mono/EditorApplication.cs:403)

[LastCorridorContentRegistration] result=Passed ownAssets=8 added=8 GUIDLookup=Supported existingEntries=Preserved
UnityEngine.Debug:Log (object)
Game.Editor.CH05M04LastCorridorContentBuilder:RegisterProductionEntries () (at Assets/Game/Scripts/Editor/CH05M04LastCorridorContentBuilder.cs:53)
Game.Editor.CH05M04LastCorridorIntegration:FinishPrepared () (at Assets/Game/Scripts/Editor/CH05M04LastCorridorIntegration.cs:21)
Game.Editor.CH05M04LastCorridorIntegration:BuildCore () (at Assets/Game/Scripts/Editor/CH05M04LastCorridorIntegration.cs:12)
System.Reflection.MethodBase:Invoke (object,object[])
Game.Editor.ExistingEditorValidation/<Run>d__9:MoveNext () (at Assets/Game/Scripts/Editor/ExistingEditorValidation.cs:92)
System.Runtime.CompilerServices.AsyncVoidMethodBuilder:Start<Game.Editor.ExistingEditorValidation/<Run>d__9> (Game.Editor.ExistingEditorValidation/<Run>d__9&)
Game.Editor.ExistingEditorValidation:Run (string,string)
PipelineEvaluation.PipelineEval_bdd521e1/<>c__DisplayClass0_0:<Execute>b__0 ()
UnityEditor.EditorApplication:Internal_CallUpdateFunctions () (at /Users/bokken/build/output/unity/unity/Editor/Mono/EditorApplication.cs:403)

[LastCorridorRoutes] result=Passed deliveryLanes=2x301x5 laneGap=12m sameArtery=true rearCarrierLane=103x5 buildLots=3 grid=440x220 combinedOwnerSurfaceMask=true
UnityEngine.Debug:Log (object)
Game.Editor.CH05M04LastCorridorConfigBuilder:ValidateRoutes () (at Assets/Game/Scripts/Editor/CH05M04LastCorridorConfigBuilder.cs:465)
Game.Editor.CH05M04LastCorridorMapValidation:Run () (at Assets/Game/Scripts/Editor/CH05M04LastCorridorMapValidation.cs:117)
Game.Editor.CH05M04LastCorridorIntegration:BuildCore () (at Assets/Game/Scripts/Editor/CH05M04LastCorridorIntegration.cs:13)
System.Reflection.MethodBase:Invoke (object,object[])
Game.Editor.ExistingEditorValidation/<Run>d__9:MoveNext () (at Assets/Game/Scripts/Editor/ExistingEditorValidation.cs:92)
System.Runtime.CompilerServices.AsyncVoidMethodBuilder:Start<Game.Editor.ExistingEditorValidation/<Run>d__9> (Game.Editor.ExistingEditorValidation/<Run>d__9&)
Game.Editor.ExistingEditorValidation:Run (string,string)
PipelineEvaluation.PipelineEval_bdd521e1/<>c__DisplayClass0_0:<Execute>b__0 ()
UnityEditor.EditorApplication:Internal_CallUpdateFunctions () (at /Users/bokken/build/output/unity/unity/Editor/Mono/EditorApplication.cs:403)

[LastCorridorMap] result=Passed identities=2972 owners=317 renderOnly=2655 roots=3 grid=440x220 sourceHashes=6 sourcePreserved=true binding=OwnExplicitLoader rebasedFootprints=Passed
UnityEngine.Debug:Log (object)
Game.Editor.CH05M04LastCorridorMapValidation:Run () (at Assets/Game/Scripts/Editor/CH05M04LastCorridorMapValidation.cs:118)
Game.Editor.CH05M04LastCorridorIntegration:BuildCore () (at Assets/Game/Scripts/Editor/CH05M04LastCorridorIntegration.cs:13)
System.Reflection.MethodBase:Invoke (object,object[])
Game.Editor.ExistingEditorValidation/<Run>d__9:MoveNext () (at Assets/Game/Scripts/Editor/ExistingEditorValidation.cs:92)
System.Runtime.CompilerServices.AsyncVoidMethodBuilder:Start<Game.Editor.ExistingEditorValidation/<Run>d__9> (Game.Editor.ExistingEditorValidation/<Run>d__9&)
Game.Editor.ExistingEditorValidation:Run (string,string)
PipelineEvaluation.PipelineEval_bdd521e1/<>c__DisplayClass0_0:<Execute>b__0 ()
UnityEditor.EditorApplication:Internal_CallUpdateFunctions () (at /Users/bokken/build/output/unity/unity/Editor/Mono/EditorApplication.cs:403)

[LastCorridorCore] result=Passed independentMap=Passed deliveryCategories=5 routes=2SameArtery voices=ExcludedByRequest captions=2Locales
UnityEngine.Debug:Log (object)
Game.Editor.CH05M04LastCorridorIntegration:BuildCore () (at Assets/Game/Scripts/Editor/CH05M04LastCorridorIntegration.cs:14)
System.Reflection.MethodBase:Invoke (object,object[])
Game.Editor.ExistingEditorValidation/<Run>d__9:MoveNext () (at Assets/Game/Scripts/Editor/ExistingEditorValidation.cs:92)
System.Runtime.CompilerServices.AsyncVoidMethodBuilder:Start<Game.Editor.ExistingEditorValidation/<Run>d__9> (Game.Editor.ExistingEditorValidation/<Run>d__9&)
Game.Editor.ExistingEditorValidation:Run (string,string)
PipelineEvaluation.PipelineEval_bdd521e1/<>c__DisplayClass0_0:<Execute>b__0 ()
UnityEditor.EditorApplication:Internal_CallUpdateFunctions () (at /Users/bokken/build/output/unity/unity/Editor/Mono/EditorApplication.cs:403)

[ExistingEditorValidation] result=Passed executeMethod=Game.Editor.CH05M04LastCorridorIntegration.BuildCore
UnityEngine.Debug:Log (object)
Game.Editor.ExistingEditorValidation/<Run>d__9:MoveNext () (at Assets/Game/Scripts/Editor/ExistingEditorValidation.cs:109)
System.Runtime.CompilerServices.AsyncVoidMethodBuilder:Start<Game.Editor.ExistingEditorValidation/<Run>d__9> (Game.Editor.ExistingEditorValidation/<Run>d__9&)
Game.Editor.ExistingEditorValidation:Run (string,string)
PipelineEvaluation.PipelineEval_bdd521e1/<>c__DisplayClass0_0:<Execute>b__0 ()
UnityEditor.EditorApplication:Internal_CallUpdateFunctions () (at /Users/bokken/build/output/unity/unity/Editor/Mono/EditorApplication.cs:403)

