[ExistingEditorValidation] project=/Users/farhad/Projects/WarlineCapture/Assets executeMethod=Game.Editor.CH05M04LastCorridorIntegration.FinishPrepared
UnityEngine.Debug:Log (object)
Game.Editor.ExistingEditorValidation/<Run>d__9:MoveNext () (at Assets/Game/Scripts/Editor/ExistingEditorValidation.cs:90)
System.Runtime.CompilerServices.AsyncVoidMethodBuilder:Start<Game.Editor.ExistingEditorValidation/<Run>d__9> (Game.Editor.ExistingEditorValidation/<Run>d__9&)
Game.Editor.ExistingEditorValidation:Run (string,string)
PipelineEvaluation.PipelineEval_b24adae2/<>c__DisplayClass0_0:<Execute>b__0 ()
UnityEditor.EditorApplication:Internal_CallUpdateFunctions () (at /Users/bokken/build/output/unity/unity/Editor/Mono/EditorApplication.cs:403)

[LastCorridorMedia] result=Passed comics=3 dialogueCrops=7 installedVoices=0 mode=caption-only
UnityEngine.Debug:Log (object)
Game.Editor.CH05M04LastCorridorNarrativeBuilder:ConfigureMedia () (at Assets/Game/Scripts/Editor/CH05M04LastCorridorNarrativeBuilder.cs:85)
Game.Editor.CH05M04LastCorridorNarrativeBuilder:BuildNarrativeCore () (at Assets/Game/Scripts/Editor/CH05M04LastCorridorNarrativeBuilder.cs:38)
Game.Editor.CH05M04LastCorridorNarrativeBuilder:BuildWithoutVoices () (at Assets/Game/Scripts/Editor/CH05M04LastCorridorNarrativeBuilder.cs:31)
Game.Editor.CH05M04LastCorridorIntegration:FinishPrepared () (at Assets/Game/Scripts/Editor/CH05M04LastCorridorIntegration.cs:18)
System.Reflection.MethodBase:Invoke (object,object[])
Game.Editor.ExistingEditorValidation/<Run>d__9:MoveNext () (at Assets/Game/Scripts/Editor/ExistingEditorValidation.cs:92)
System.Runtime.CompilerServices.AsyncVoidMethodBuilder:Start<Game.Editor.ExistingEditorValidation/<Run>d__9> (Game.Editor.ExistingEditorValidation/<Run>d__9&)
Game.Editor.ExistingEditorValidation:Run (string,string)
PipelineEvaluation.PipelineEval_b24adae2/<>c__DisplayClass0_0:<Execute>b__0 ()
UnityEditor.EditorApplication:Internal_CallUpdateFunctions () (at /Users/bokken/build/output/unity/unity/Editor/Mono/EditorApplication.cs:403)

[CampaignComicCoverage] result=Passed mission=seq.ch05.m04. dialogueStates=7 aspects=2
UnityEngine.Debug:Log (object)
Game.Editor.CampaignMissionComicCoverageValidation:ValidateMission (string,string) (at Assets/Game/Scripts/Editor/CampaignMissionComicCoverageValidation.cs:55)
Game.Editor.CampaignMissionComicCoverageValidation:ValidateMissionDistinct (string,string) (at Assets/Game/Scripts/Editor/CampaignMissionComicCoverageValidation.cs:60)
Game.Editor.CH05M04LastCorridorNarrativeBuilder:BuildNarrativeCore () (at Assets/Game/Scripts/Editor/CH05M04LastCorridorNarrativeBuilder.cs:46)
Game.Editor.CH05M04LastCorridorNarrativeBuilder:BuildWithoutVoices () (at Assets/Game/Scripts/Editor/CH05M04LastCorridorNarrativeBuilder.cs:31)
Game.Editor.CH05M04LastCorridorIntegration:FinishPrepared () (at Assets/Game/Scripts/Editor/CH05M04LastCorridorIntegration.cs:18)
System.Reflection.MethodBase:Invoke (object,object[])
Game.Editor.ExistingEditorValidation/<Run>d__9:MoveNext () (at Assets/Game/Scripts/Editor/ExistingEditorValidation.cs:92)
System.Runtime.CompilerServices.AsyncVoidMethodBuilder:Start<Game.Editor.ExistingEditorValidation/<Run>d__9> (Game.Editor.ExistingEditorValidation/<Run>d__9&)
Game.Editor.ExistingEditorValidation:Run (string,string)
PipelineEvaluation.PipelineEval_b24adae2/<>c__DisplayClass0_0:<Execute>b__0 ()
UnityEditor.EditorApplication:Internal_CallUpdateFunctions () (at /Users/bokken/build/output/unity/unity/Editor/Mono/EditorApplication.cs:403)

[CampaignComicDistinctness] result=Passed mission=seq.ch05.m04. dialogueStates=7 distinct16x9=7 distinct20x9=7
UnityEngine.Debug:Log (object)
Game.Editor.CampaignMissionComicCoverageValidation:ValidateMissionDistinct (string,string) (at Assets/Game/Scripts/Editor/CampaignMissionComicCoverageValidation.cs:64)
Game.Editor.CH05M04LastCorridorNarrativeBuilder:BuildNarrativeCore () (at Assets/Game/Scripts/Editor/CH05M04LastCorridorNarrativeBuilder.cs:46)
Game.Editor.CH05M04LastCorridorNarrativeBuilder:BuildWithoutVoices () (at Assets/Game/Scripts/Editor/CH05M04LastCorridorNarrativeBuilder.cs:31)
Game.Editor.CH05M04LastCorridorIntegration:FinishPrepared () (at Assets/Game/Scripts/Editor/CH05M04LastCorridorIntegration.cs:18)
System.Reflection.MethodBase:Invoke (object,object[])
Game.Editor.ExistingEditorValidation/<Run>d__9:MoveNext () (at Assets/Game/Scripts/Editor/ExistingEditorValidation.cs:92)
System.Runtime.CompilerServices.AsyncVoidMethodBuilder:Start<Game.Editor.ExistingEditorValidation/<Run>d__9> (Game.Editor.ExistingEditorValidation/<Run>d__9&)
Game.Editor.ExistingEditorValidation:Run (string,string)
PipelineEvaluation.PipelineEval_b24adae2/<>c__DisplayClass0_0:<Execute>b__0 ()
UnityEditor.EditorApplication:Internal_CallUpdateFunctions () (at /Users/bokken/build/output/unity/unity/Editor/Mono/EditorApplication.cs:403)

[LastCorridorNarrative] result=Passed sequences=3 dialogueStates=7 locales=en,fa-IR missionComics=3 voiceGate=Separate
UnityEngine.Debug:Log (object)
Game.Editor.CH05M04LastCorridorNarrativeBuilder:BuildNarrativeCore () (at Assets/Game/Scripts/Editor/CH05M04LastCorridorNarrativeBuilder.cs:58)
Game.Editor.CH05M04LastCorridorNarrativeBuilder:BuildWithoutVoices () (at Assets/Game/Scripts/Editor/CH05M04LastCorridorNarrativeBuilder.cs:31)
Game.Editor.CH05M04LastCorridorIntegration:FinishPrepared () (at Assets/Game/Scripts/Editor/CH05M04LastCorridorIntegration.cs:18)
System.Reflection.MethodBase:Invoke (object,object[])
Game.Editor.ExistingEditorValidation/<Run>d__9:MoveNext () (at Assets/Game/Scripts/Editor/ExistingEditorValidation.cs:92)
System.Runtime.CompilerServices.AsyncVoidMethodBuilder:Start<Game.Editor.ExistingEditorValidation/<Run>d__9> (Game.Editor.ExistingEditorValidation/<Run>d__9&)
Game.Editor.ExistingEditorValidation:Run (string,string)
PipelineEvaluation.PipelineEval_b24adae2/<>c__DisplayClass0_0:<Execute>b__0 ()
UnityEditor.EditorApplication:Internal_CallUpdateFunctions () (at /Users/bokken/build/output/unity/unity/Editor/Mono/EditorApplication.cs:403)

[LastCorridorNarrativeVoices] result=Pending expectedClips=14 installedClips=0 externalRequests=0 mode=caption-only nativePlayback=Pending
UnityEngine.Debug:Log (object)
Game.Editor.CH05M04LastCorridorNarrativeBuilder:BuildWithoutVoices () (at Assets/Game/Scripts/Editor/CH05M04LastCorridorNarrativeBuilder.cs:32)
Game.Editor.CH05M04LastCorridorIntegration:FinishPrepared () (at Assets/Game/Scripts/Editor/CH05M04LastCorridorIntegration.cs:18)
System.Reflection.MethodBase:Invoke (object,object[])
Game.Editor.ExistingEditorValidation/<Run>d__9:MoveNext () (at Assets/Game/Scripts/Editor/ExistingEditorValidation.cs:92)
System.Runtime.CompilerServices.AsyncVoidMethodBuilder:Start<Game.Editor.ExistingEditorValidation/<Run>d__9> (Game.Editor.ExistingEditorValidation/<Run>d__9&)
Game.Editor.ExistingEditorValidation:Run (string,string)
PipelineEvaluation.PipelineEval_b24adae2/<>c__DisplayClass0_0:<Execute>b__0 ()
UnityEditor.EditorApplication:Internal_CallUpdateFunctions () (at /Users/bokken/build/output/unity/unity/Editor/Mono/EditorApplication.cs:403)

[LastCorridorPresentation] result=Passed existingHud=1 newCommandButtons=0 locales=2 certifiedGroundFallback=Explicit voices=NotRequested
UnityEngine.Debug:Log (object)
Game.Editor.CH05M04LastCorridorPresentationBuilder:Build () (at Assets/Game/Scripts/Editor/CH05M04LastCorridorPresentationBuilder.cs:24)
Game.Editor.CH05M04LastCorridorIntegration:FinishPrepared () (at Assets/Game/Scripts/Editor/CH05M04LastCorridorIntegration.cs:19)
System.Reflection.MethodBase:Invoke (object,object[])
Game.Editor.ExistingEditorValidation/<Run>d__9:MoveNext () (at Assets/Game/Scripts/Editor/ExistingEditorValidation.cs:92)
System.Runtime.CompilerServices.AsyncVoidMethodBuilder:Start<Game.Editor.ExistingEditorValidation/<Run>d__9> (Game.Editor.ExistingEditorValidation/<Run>d__9&)
Game.Editor.ExistingEditorValidation:Run (string,string)
PipelineEvaluation.PipelineEval_b24adae2/<>c__DisplayClass0_0:<Execute>b__0 ()
UnityEditor.EditorApplication:Internal_CallUpdateFunctions () (at /Users/bokken/build/output/unity/unity/Editor/Mono/EditorApplication.cs:403)

[M01FirstContactConfigBuilder] result=Passed scope=ChapterCatalogs missions=24 maps=31
UnityEngine.Debug:Log (object)
Game.Editor.M01FirstContactConfigBuilder:RefreshChapterCatalogs () (at Assets/Game/Scripts/Editor/M01FirstContactConfigBuilder.cs:75)
Game.Editor.CH05M04LastCorridorIntegration:FinishPrepared () (at Assets/Game/Scripts/Editor/CH05M04LastCorridorIntegration.cs:20)
System.Reflection.MethodBase:Invoke (object,object[])
Game.Editor.ExistingEditorValidation/<Run>d__9:MoveNext () (at Assets/Game/Scripts/Editor/ExistingEditorValidation.cs:92)
System.Runtime.CompilerServices.AsyncVoidMethodBuilder:Start<Game.Editor.ExistingEditorValidation/<Run>d__9> (Game.Editor.ExistingEditorValidation/<Run>d__9&)
Game.Editor.ExistingEditorValidation:Run (string,string)
PipelineEvaluation.PipelineEval_b24adae2/<>c__DisplayClass0_0:<Execute>b__0 ()
UnityEditor.EditorApplication:Internal_CallUpdateFunctions () (at /Users/bokken/build/output/unity/unity/Editor/Mono/EditorApplication.cs:403)

[LastCorridorContentRegistration] result=Passed ownAssets=8 added=0 GUIDLookup=Supported existingEntries=Preserved
UnityEngine.Debug:Log (object)
Game.Editor.CH05M04LastCorridorContentBuilder:RegisterProductionEntries () (at Assets/Game/Scripts/Editor/CH05M04LastCorridorContentBuilder.cs:53)
Game.Editor.CH05M04LastCorridorIntegration:FinishPrepared () (at Assets/Game/Scripts/Editor/CH05M04LastCorridorIntegration.cs:21)
System.Reflection.MethodBase:Invoke (object,object[])
Game.Editor.ExistingEditorValidation/<Run>d__9:MoveNext () (at Assets/Game/Scripts/Editor/ExistingEditorValidation.cs:92)
System.Runtime.CompilerServices.AsyncVoidMethodBuilder:Start<Game.Editor.ExistingEditorValidation/<Run>d__9> (Game.Editor.ExistingEditorValidation/<Run>d__9&)
Game.Editor.ExistingEditorValidation:Run (string,string)
PipelineEvaluation.PipelineEval_b24adae2/<>c__DisplayClass0_0:<Execute>b__0 ()
UnityEditor.EditorApplication:Internal_CallUpdateFunctions () (at /Users/bokken/build/output/unity/unity/Editor/Mono/EditorApplication.cs:403)

[ExistingEditorValidation] result=Passed executeMethod=Game.Editor.CH05M04LastCorridorIntegration.FinishPrepared
UnityEngine.Debug:Log (object)
Game.Editor.ExistingEditorValidation/<Run>d__9:MoveNext () (at Assets/Game/Scripts/Editor/ExistingEditorValidation.cs:109)
System.Runtime.CompilerServices.AsyncVoidMethodBuilder:Start<Game.Editor.ExistingEditorValidation/<Run>d__9> (Game.Editor.ExistingEditorValidation/<Run>d__9&)
Game.Editor.ExistingEditorValidation:Run (string,string)
PipelineEvaluation.PipelineEval_b24adae2/<>c__DisplayClass0_0:<Execute>b__0 ()
UnityEditor.EditorApplication:Internal_CallUpdateFunctions () (at /Users/bokken/build/output/unity/unity/Editor/Mono/EditorApplication.cs:403)

