[ExistingEditorValidation] project=/Users/farhad/Projects/WarlineCapture/Assets executeMethod=Game.Editor.SupportPopupNativeCapture.Run
UnityEngine.Debug:Log (object)
Game.Editor.ExistingEditorValidation:Run (string,string) (at Assets/Game/Scripts/Editor/ExistingEditorValidation.cs:33)
PipelineEvaluation.PipelineEval_68f57b65/<>c__DisplayClass0_0:<Execute>b__0 ()
UnityEditor.EditorApplication:Internal_CallUpdateFunctions () (at /Users/bokken/build/output/unity/unity/Editor/Mono/EditorApplication.cs:403)

[SupportAbilityCatalogBuilder] result=Passed abilities=4 policies=25 productionEnabled=0 hash=34a07c6da8da9dcfe74d7b8ed284f3bd4a5bbeaa3bd913c197842f7a11b2e1c4
UnityEngine.Debug:Log (object)
Game.Editor.SupportAbilityCatalogBuilder:Build () (at Assets/Game/Scripts/Editor/SupportAbilityCatalogBuilder.cs:62)
Game.Editor.SupportPopupPrefabBuilder:Build () (at Assets/Game/Scripts/Editor/SupportPopupPrefabBuilder.cs:25)
Game.Editor.SupportPopupNativeCapture:Run () (at Assets/Game/Scripts/Editor/SupportPopupNativeCapture.cs:21)
System.Reflection.MethodBase:Invoke (object,object[])
Game.Editor.ExistingEditorValidation:Run (string,string) (at Assets/Game/Scripts/Editor/ExistingEditorValidation.cs:34)
PipelineEvaluation.PipelineEval_68f57b65/<>c__DisplayClass0_0:<Execute>b__0 ()
UnityEditor.EditorApplication:Internal_CallUpdateFunctions () (at /Users/bokken/build/output/unity/unity/Editor/Mono/EditorApplication.cs:403)

[SupportPopupRegistration] result=Passed shells=1
UnityEngine.Debug:Log (object)
Game.Editor.SupportPopupPrefabBuilder:Register () (at Assets/Game/Scripts/Editor/SupportPopupPrefabBuilder.cs:138)
Game.Editor.SupportPopupPrefabBuilder:Build () (at Assets/Game/Scripts/Editor/SupportPopupPrefabBuilder.cs:73)
Game.Editor.SupportPopupNativeCapture:Run () (at Assets/Game/Scripts/Editor/SupportPopupNativeCapture.cs:21)
System.Reflection.MethodBase:Invoke (object,object[])
Game.Editor.ExistingEditorValidation:Run (string,string) (at Assets/Game/Scripts/Editor/ExistingEditorValidation.cs:34)
PipelineEvaluation.PipelineEval_68f57b65/<>c__DisplayClass0_0:<Execute>b__0 ()
UnityEditor.EditorApplication:Internal_CallUpdateFunctions () (at /Users/bokken/build/output/unity/unity/Editor/Mono/EditorApplication.cs:403)

[SupportPopupPrefabBuilder] result=Passed cards=4 sourceArt=existing aria=PlayStop popup=fullscreen
UnityEngine.Debug:Log (object)
Game.Editor.SupportPopupPrefabBuilder:Build () (at Assets/Game/Scripts/Editor/SupportPopupPrefabBuilder.cs:74)
Game.Editor.SupportPopupNativeCapture:Run () (at Assets/Game/Scripts/Editor/SupportPopupNativeCapture.cs:21)
System.Reflection.MethodBase:Invoke (object,object[])
Game.Editor.ExistingEditorValidation:Run (string,string) (at Assets/Game/Scripts/Editor/ExistingEditorValidation.cs:34)
PipelineEvaluation.PipelineEval_68f57b65/<>c__DisplayClass0_0:<Execute>b__0 ()
UnityEditor.EditorApplication:Internal_CallUpdateFunctions () (at /Users/bokken/build/output/unity/unity/Editor/Mono/EditorApplication.cs:403)

InvalidOperationException: Support panel exceeds en capture bounds.
Game.Editor.SupportPopupNativeCapture.Capture (System.String locale, System.Int32 width, System.Int32 height) (at Assets/Game/Scripts/Editor/SupportPopupNativeCapture.cs:62)
Game.Editor.SupportPopupNativeCapture.Run () (at Assets/Game/Scripts/Editor/SupportPopupNativeCapture.cs:35)
System.Reflection.RuntimeMethodInfo.Invoke (System.Object obj, System.Reflection.BindingFlags invokeAttr, System.Reflection.Binder binder, System.Object[] parameters, System.Globalization.CultureInfo culture) (at <299d5c9ae27b4d27af003e5f456f4b13>:0)
UnityEngine.Debug:LogException(Exception)
Game.Editor.ExistingEditorValidation:Run(String, String) (at Assets/Game/Scripts/Editor/ExistingEditorValidation.cs:41)
PipelineEvaluation.<>c__DisplayClass0_0:<Execute>b__0()
UnityEditor.EditorApplication:Internal_CallUpdateFunctions() (at /Users/bokken/build/output/unity/unity/Editor/Mono/EditorApplication.cs:403)

[ExistingEditorValidation] result=Failed executeMethod=Game.Editor.SupportPopupNativeCapture.Run
UnityEngine.Debug:LogError (object)
Game.Editor.ExistingEditorValidation:Run (string,string) (at Assets/Game/Scripts/Editor/ExistingEditorValidation.cs:42)
PipelineEvaluation.PipelineEval_68f57b65/<>c__DisplayClass0_0:<Execute>b__0 ()
UnityEditor.EditorApplication:Internal_CallUpdateFunctions () (at /Users/bokken/build/output/unity/unity/Editor/Mono/EditorApplication.cs:403)

