[ExistingEditorValidation] project=/Users/farhad/Projects/WarlineCapture/Assets executeMethod=Game.Tests.Editor.SupportSmokeSliceValidation.RunFocusedValidation
UnityEngine.Debug:Log (object)
Game.Editor.ExistingEditorValidation:Run (string,string) (at Assets/Game/Scripts/Editor/ExistingEditorValidation.cs:33)
PipelineEvaluation.PipelineEval_8928767a/<>c__DisplayClass0_0:<Execute>b__0 ()
UnityEditor.EditorApplication:Internal_CallUpdateFunctions () (at /Users/bokken/build/output/unity/unity/Editor/Mono/EditorApplication.cs:403)

[SupportAbilityCatalogBuilder] result=Passed abilities=4 policies=25 productionEnabled=0 hash=34a07c6da8da9dcfe74d7b8ed284f3bd4a5bbeaa3bd913c197842f7a11b2e1c4
UnityEngine.Debug:Log (object)
Game.Editor.SupportAbilityCatalogBuilder:Build () (at Assets/Game/Scripts/Editor/SupportAbilityCatalogBuilder.cs:62)
Game.Editor.SupportPopupPrefabBuilder:Build () (at Assets/Game/Scripts/Editor/SupportPopupPrefabBuilder.cs:25)
Game.Tests.Editor.SupportConfigValidation:RunFocusedValidation () (at Assets/Tests/Editor/Support/SupportConfigValidation.cs:16)
Game.Tests.Editor.SupportSmokeSliceValidation:Run (System.Action) (at Assets/Tests/Editor/Support/SupportSmokeSliceValidation.cs:23)
Game.Tests.Editor.SupportSmokeSliceValidation:RunFocusedValidation () (at Assets/Tests/Editor/Support/SupportSmokeSliceValidation.cs:14)
System.Reflection.MethodBase:Invoke (object,object[])
Game.Editor.ExistingEditorValidation:Run (string,string) (at Assets/Game/Scripts/Editor/ExistingEditorValidation.cs:34)
PipelineEvaluation.PipelineEval_8928767a/<>c__DisplayClass0_0:<Execute>b__0 ()
UnityEditor.EditorApplication:Internal_CallUpdateFunctions () (at /Users/bokken/build/output/unity/unity/Editor/Mono/EditorApplication.cs:403)

[SupportPopupRegistration] result=Passed shells=1
UnityEngine.Debug:Log (object)
Game.Editor.SupportPopupPrefabBuilder:Register () (at Assets/Game/Scripts/Editor/SupportPopupPrefabBuilder.cs:138)
Game.Editor.SupportPopupPrefabBuilder:Build () (at Assets/Game/Scripts/Editor/SupportPopupPrefabBuilder.cs:73)
Game.Tests.Editor.SupportConfigValidation:RunFocusedValidation () (at Assets/Tests/Editor/Support/SupportConfigValidation.cs:16)
Game.Tests.Editor.SupportSmokeSliceValidation:Run (System.Action) (at Assets/Tests/Editor/Support/SupportSmokeSliceValidation.cs:23)
Game.Tests.Editor.SupportSmokeSliceValidation:RunFocusedValidation () (at Assets/Tests/Editor/Support/SupportSmokeSliceValidation.cs:14)
System.Reflection.MethodBase:Invoke (object,object[])
Game.Editor.ExistingEditorValidation:Run (string,string) (at Assets/Game/Scripts/Editor/ExistingEditorValidation.cs:34)
PipelineEvaluation.PipelineEval_8928767a/<>c__DisplayClass0_0:<Execute>b__0 ()
UnityEditor.EditorApplication:Internal_CallUpdateFunctions () (at /Users/bokken/build/output/unity/unity/Editor/Mono/EditorApplication.cs:403)

[SupportPopupPrefabBuilder] result=Passed cards=4 sourceArt=existing aria=PlayStop popup=fullscreen
UnityEngine.Debug:Log (object)
Game.Editor.SupportPopupPrefabBuilder:Build () (at Assets/Game/Scripts/Editor/SupportPopupPrefabBuilder.cs:74)
Game.Tests.Editor.SupportConfigValidation:RunFocusedValidation () (at Assets/Tests/Editor/Support/SupportConfigValidation.cs:16)
Game.Tests.Editor.SupportSmokeSliceValidation:Run (System.Action) (at Assets/Tests/Editor/Support/SupportSmokeSliceValidation.cs:23)
Game.Tests.Editor.SupportSmokeSliceValidation:RunFocusedValidation () (at Assets/Tests/Editor/Support/SupportSmokeSliceValidation.cs:14)
System.Reflection.MethodBase:Invoke (object,object[])
Game.Editor.ExistingEditorValidation:Run (string,string) (at Assets/Game/Scripts/Editor/ExistingEditorValidation.cs:34)
PipelineEvaluation.PipelineEval_8928767a/<>c__DisplayClass0_0:<Execute>b__0 ()
UnityEditor.EditorApplication:Internal_CallUpdateFunctions () (at /Users/bokken/build/output/unity/unity/Editor/Mono/EditorApplication.cs:403)

[SupportConfigValidation] result=Passed tests=1 catalog=4 policies=25
UnityEngine.Debug:Log (object)
Game.Tests.Editor.SupportConfigValidation:RunFocusedValidation () (at Assets/Tests/Editor/Support/SupportConfigValidation.cs:17)
Game.Tests.Editor.SupportSmokeSliceValidation:Run (System.Action) (at Assets/Tests/Editor/Support/SupportSmokeSliceValidation.cs:23)
Game.Tests.Editor.SupportSmokeSliceValidation:RunFocusedValidation () (at Assets/Tests/Editor/Support/SupportSmokeSliceValidation.cs:14)
System.Reflection.MethodBase:Invoke (object,object[])
Game.Editor.ExistingEditorValidation:Run (string,string) (at Assets/Game/Scripts/Editor/ExistingEditorValidation.cs:34)
PipelineEvaluation.PipelineEval_8928767a/<>c__DisplayClass0_0:<Execute>b__0 ()
UnityEditor.EditorApplication:Internal_CallUpdateFunctions () (at /Users/bokken/build/output/unity/unity/Editor/Mono/EditorApplication.cs:403)

[SupportRuntimeValidation] result=Passed tests=4
UnityEngine.Debug:Log (object)
Game.Tests.Editor.SupportRuntimeValidation:RunFocusedValidation () (at Assets/Tests/Editor/Support/SupportRuntimeValidation.cs:18)
Game.Tests.Editor.SupportSmokeSliceValidation:Run (System.Action) (at Assets/Tests/Editor/Support/SupportSmokeSliceValidation.cs:23)
Game.Tests.Editor.SupportSmokeSliceValidation:RunFocusedValidation () (at Assets/Tests/Editor/Support/SupportSmokeSliceValidation.cs:14)
System.Reflection.MethodBase:Invoke (object,object[])
Game.Editor.ExistingEditorValidation:Run (string,string) (at Assets/Game/Scripts/Editor/ExistingEditorValidation.cs:34)
PipelineEvaluation.PipelineEval_8928767a/<>c__DisplayClass0_0:<Execute>b__0 ()
UnityEditor.EditorApplication:Internal_CallUpdateFunctions () (at /Users/bokken/build/output/unity/unity/Editor/Mono/EditorApplication.cs:403)

[SupportSmokeValidation] result=Passed tests=4
UnityEngine.Debug:Log (object)
Game.Tests.Editor.SupportSmokeValidation:RunFocusedValidation () (at Assets/Tests/Editor/Support/SupportSmokeValidation.cs:18)
Game.Tests.Editor.SupportSmokeSliceValidation:Run (System.Action) (at Assets/Tests/Editor/Support/SupportSmokeSliceValidation.cs:23)
Game.Tests.Editor.SupportSmokeSliceValidation:RunFocusedValidation () (at Assets/Tests/Editor/Support/SupportSmokeSliceValidation.cs:15)
System.Reflection.MethodBase:Invoke (object,object[])
Game.Editor.ExistingEditorValidation:Run (string,string) (at Assets/Game/Scripts/Editor/ExistingEditorValidation.cs:34)
PipelineEvaluation.PipelineEval_8928767a/<>c__DisplayClass0_0:<Execute>b__0 ()
UnityEditor.EditorApplication:Internal_CallUpdateFunctions () (at /Users/bokken/build/output/unity/unity/Editor/Mono/EditorApplication.cs:403)

[SupportUiAriaValidation] result=Passed tests=5
UnityEngine.Debug:Log (object)
Game.Tests.Editor.SupportUiAriaValidation:RunFocusedValidation () (at Assets/Tests/Editor/Support/SupportUiAriaValidation.cs:23)
Game.Tests.Editor.SupportSmokeSliceValidation:Run (System.Action) (at Assets/Tests/Editor/Support/SupportSmokeSliceValidation.cs:23)
Game.Tests.Editor.SupportSmokeSliceValidation:RunFocusedValidation () (at Assets/Tests/Editor/Support/SupportSmokeSliceValidation.cs:15)
System.Reflection.MethodBase:Invoke (object,object[])
Game.Editor.ExistingEditorValidation:Run (string,string) (at Assets/Game/Scripts/Editor/ExistingEditorValidation.cs:34)
PipelineEvaluation.PipelineEval_8928767a/<>c__DisplayClass0_0:<Execute>b__0 ()
UnityEditor.EditorApplication:Internal_CallUpdateFunctions () (at /Users/bokken/build/output/unity/unity/Editor/Mono/EditorApplication.cs:403)

AssertionException:   `Game.UI.Runtime` must not reference `Game.Components`. Composition owns ECS component reads and maps them into UI contracts.
  Expected: False
  But was:  True

NUnit.Framework.Assert.That[TActual] (TActual actual, NUnit.Framework.Constraints.IResolveConstraint expression, System.String message, System.Object[] args) (at <8b63e8ac0a4746599ed207982825ae6c>:0)
NUnit.Framework.Assert.IsFalse (System.Boolean condition, System.String message, System.Object[] args) (at <8b63e8ac0a4746599ed207982825ae6c>:0)
ScriptArchitectureAlignmentContractTests.UiRuntimeAssemblyMustNotReferenceComponentsAssembly () (at Assets/Tests/Editor/ScriptArchitectureAlignmentContractTests.cs:585)
ScriptArchitectureAlignmentContractTests.RunAssemblyBoundaryValidation () (at Assets/Tests/Editor/ScriptArchitectureAlignmentContractTests.cs:357)
UnityEngine.Debug:LogException(Exception)
ScriptArchitectureAlignmentContractTests:RunAssemblyBoundaryValidation() (at Assets/Tests/Editor/ScriptArchitectureAlignmentContractTests.cs:376)
Game.Tests.Editor.SupportSmokeSliceValidation:Run(Action) (at Assets/Tests/Editor/Support/SupportSmokeSliceValidation.cs:23)
Game.Tests.Editor.SupportSmokeSliceValidation:RunFocusedValidation() (at Assets/Tests/Editor/Support/SupportSmokeSliceValidation.cs:16)
System.Reflection.MethodBase:Invoke(Object, Object[])
Game.Editor.ExistingEditorValidation:Run(String, String) (at Assets/Game/Scripts/Editor/ExistingEditorValidation.cs:34)
PipelineEvaluation.<>c__DisplayClass0_0:<Execute>b__0()
UnityEditor.EditorApplication:Internal_CallUpdateFunctions() (at /Users/bokken/build/output/unity/unity/Editor/Mono/EditorApplication.cs:403)

[ScriptArchitectureBoundaryValidation] result=Failed
UnityEngine.Debug:LogError (object)
ScriptArchitectureAlignmentContractTests:RunAssemblyBoundaryValidation () (at Assets/Tests/Editor/ScriptArchitectureAlignmentContractTests.cs:377)
Game.Tests.Editor.SupportSmokeSliceValidation:Run (System.Action) (at Assets/Tests/Editor/Support/SupportSmokeSliceValidation.cs:23)
Game.Tests.Editor.SupportSmokeSliceValidation:RunFocusedValidation () (at Assets/Tests/Editor/Support/SupportSmokeSliceValidation.cs:16)
System.Reflection.MethodBase:Invoke (object,object[])
Game.Editor.ExistingEditorValidation:Run (string,string) (at Assets/Game/Scripts/Editor/ExistingEditorValidation.cs:34)
PipelineEvaluation.PipelineEval_8928767a/<>c__DisplayClass0_0:<Execute>b__0 ()
UnityEditor.EditorApplication:Internal_CallUpdateFunctions () (at /Users/bokken/build/output/unity/unity/Editor/Mono/EditorApplication.cs:403)

AssertionException:   ScriptArchitectureAlignmentContractTests
  Expected: 0
  But was:  1

NUnit.Framework.Assert.That[TActual] (TActual actual, NUnit.Framework.Constraints.IResolveConstraint expression, System.String message, System.Object[] args) (at <8b63e8ac0a4746599ed207982825ae6c>:0)
NUnit.Framework.Assert.AreEqual (System.Object expected, System.Object actual, System.String message, System.Object[] args) (at <8b63e8ac0a4746599ed207982825ae6c>:0)
Game.Tests.Editor.SupportSmokeSliceValidation.Run (System.Action action) (at Assets/Tests/Editor/Support/SupportSmokeSliceValidation.cs:23)
Game.Tests.Editor.SupportSmokeSliceValidation.RunFocusedValidation () (at Assets/Tests/Editor/Support/SupportSmokeSliceValidation.cs:16)
UnityEngine.Debug:LogException(Exception)
Game.Tests.Editor.SupportSmokeSliceValidation:RunFocusedValidation() (at Assets/Tests/Editor/Support/SupportSmokeSliceValidation.cs:20)
System.Reflection.MethodBase:Invoke(Object, Object[])
Game.Editor.ExistingEditorValidation:Run(String, String) (at Assets/Game/Scripts/Editor/ExistingEditorValidation.cs:34)
PipelineEvaluation.<>c__DisplayClass0_0:<Execute>b__0()
UnityEditor.EditorApplication:Internal_CallUpdateFunctions() (at /Users/bokken/build/output/unity/unity/Editor/Mono/EditorApplication.cs:403)

[SupportSmokeSliceValidation] result=Failed
UnityEngine.Debug:LogError (object)
Game.Tests.Editor.SupportSmokeSliceValidation:RunFocusedValidation () (at Assets/Tests/Editor/Support/SupportSmokeSliceValidation.cs:20)
System.Reflection.MethodBase:Invoke (object,object[])
Game.Editor.ExistingEditorValidation:Run (string,string) (at Assets/Game/Scripts/Editor/ExistingEditorValidation.cs:34)
PipelineEvaluation.PipelineEval_8928767a/<>c__DisplayClass0_0:<Execute>b__0 ()
UnityEditor.EditorApplication:Internal_CallUpdateFunctions () (at /Users/bokken/build/output/unity/unity/Editor/Mono/EditorApplication.cs:403)

AssertionException:   ScriptArchitectureAlignmentContractTests
  Expected: 0
  But was:  1

NUnit.Framework.Assert.That[TActual] (TActual actual, NUnit.Framework.Constraints.IResolveConstraint expression, System.String message, System.Object[] args) (at <8b63e8ac0a4746599ed207982825ae6c>:0)
NUnit.Framework.Assert.AreEqual (System.Object expected, System.Object actual, System.String message, System.Object[] args) (at <8b63e8ac0a4746599ed207982825ae6c>:0)
Game.Tests.Editor.SupportSmokeSliceValidation.Run (System.Action action) (at Assets/Tests/Editor/Support/SupportSmokeSliceValidation.cs:23)
Game.Tests.Editor.SupportSmokeSliceValidation.RunFocusedValidation () (at Assets/Tests/Editor/Support/SupportSmokeSliceValidation.cs:20)
System.Reflection.RuntimeMethodInfo.Invoke (System.Object obj, System.Reflection.BindingFlags invokeAttr, System.Reflection.Binder binder, System.Object[] parameters, System.Globalization.CultureInfo culture) (at <299d5c9ae27b4d27af003e5f456f4b13>:0)
UnityEngine.Debug:LogException(Exception)
Game.Editor.ExistingEditorValidation:Run(String, String) (at Assets/Game/Scripts/Editor/ExistingEditorValidation.cs:41)
PipelineEvaluation.<>c__DisplayClass0_0:<Execute>b__0()
UnityEditor.EditorApplication:Internal_CallUpdateFunctions() (at /Users/bokken/build/output/unity/unity/Editor/Mono/EditorApplication.cs:403)

[ExistingEditorValidation] result=Failed executeMethod=Game.Tests.Editor.SupportSmokeSliceValidation.RunFocusedValidation
UnityEngine.Debug:LogError (object)
Game.Editor.ExistingEditorValidation:Run (string,string) (at Assets/Game/Scripts/Editor/ExistingEditorValidation.cs:42)
PipelineEvaluation.PipelineEval_8928767a/<>c__DisplayClass0_0:<Execute>b__0 ()
UnityEditor.EditorApplication:Internal_CallUpdateFunctions () (at /Users/bokken/build/output/unity/unity/Editor/Mono/EditorApplication.cs:403)

