[ExistingEditorValidation] project=/Users/farhad/Projects/WarlineCapture/Assets executeMethod=Game.Tests.Editor.SupportParatrooperValidation.RunFocusedValidation
UnityEngine.Debug:Log (object)
Game.Editor.ExistingEditorValidation/<Run>d__0:MoveNext () (at Assets/Game/Scripts/Editor/ExistingEditorValidation.cs:34)
System.Runtime.CompilerServices.AsyncVoidMethodBuilder:Start<Game.Editor.ExistingEditorValidation/<Run>d__0> (Game.Editor.ExistingEditorValidation/<Run>d__0&)
Game.Editor.ExistingEditorValidation:Run (string,string)
PipelineEvaluation.PipelineEval_63a6a5d6/<>c__DisplayClass0_0:<Execute>b__0 ()
UnityEditor.EditorApplication:Internal_CallUpdateFunctions () (at /Users/bokken/build/output/unity/unity/Editor/Mono/EditorApplication.cs:403)

AssertionException:   Expected: False
  But was:  True

NUnit.Framework.Assert.That[TActual] (TActual actual, NUnit.Framework.Constraints.IResolveConstraint expression, System.String message, System.Object[] args) (at <8b63e8ac0a4746599ed207982825ae6c>:0)
NUnit.Framework.Assert.IsFalse (System.Boolean condition) (at <8b63e8ac0a4746599ed207982825ae6c>:0)
Game.Tests.Editor.SupportParatrooperValidation.BlockedFirstReleaseRestoresExactly () (at Assets/Tests/Editor/Support/SupportParatrooperValidation.cs:68)
Game.Tests.Editor.SupportParatrooperValidation.RunFocusedValidation () (at Assets/Tests/Editor/Support/SupportParatrooperValidation.cs:45)
UnityEngine.Debug:LogException(Exception)
Game.Tests.Editor.SupportParatrooperValidation:RunFocusedValidation() (at Assets/Tests/Editor/Support/SupportParatrooperValidation.cs:46)
System.Reflection.MethodBase:Invoke(Object, Object[])
Game.Editor.<Run>d__0:MoveNext() (at Assets/Game/Scripts/Editor/ExistingEditorValidation.cs:35)
System.Runtime.CompilerServices.AsyncVoidMethodBuilder:Start(<Run>d__0&)
Game.Editor.ExistingEditorValidation:Run(String, String)
PipelineEvaluation.<>c__DisplayClass0_0:<Execute>b__0()
UnityEditor.EditorApplication:Internal_CallUpdateFunctions() (at /Users/bokken/build/output/unity/unity/Editor/Mono/EditorApplication.cs:403)

[SupportParatrooperValidation] result=Failed
UnityEngine.Debug:LogError (object)
Game.Tests.Editor.SupportParatrooperValidation:RunFocusedValidation () (at Assets/Tests/Editor/Support/SupportParatrooperValidation.cs:46)
System.Reflection.MethodBase:Invoke (object,object[])
Game.Editor.ExistingEditorValidation/<Run>d__0:MoveNext () (at Assets/Game/Scripts/Editor/ExistingEditorValidation.cs:35)
System.Runtime.CompilerServices.AsyncVoidMethodBuilder:Start<Game.Editor.ExistingEditorValidation/<Run>d__0> (Game.Editor.ExistingEditorValidation/<Run>d__0&)
Game.Editor.ExistingEditorValidation:Run (string,string)
PipelineEvaluation.PipelineEval_63a6a5d6/<>c__DisplayClass0_0:<Execute>b__0 ()
UnityEditor.EditorApplication:Internal_CallUpdateFunctions () (at /Users/bokken/build/output/unity/unity/Editor/Mono/EditorApplication.cs:403)

AssertionException:   Expected: False
  But was:  True

NUnit.Framework.Assert.That[TActual] (TActual actual, NUnit.Framework.Constraints.IResolveConstraint expression, System.String message, System.Object[] args) (at <8b63e8ac0a4746599ed207982825ae6c>:0)
NUnit.Framework.Assert.IsFalse (System.Boolean condition) (at <8b63e8ac0a4746599ed207982825ae6c>:0)
Game.Tests.Editor.SupportParatrooperValidation.BlockedFirstReleaseRestoresExactly () (at Assets/Tests/Editor/Support/SupportParatrooperValidation.cs:68)
Game.Tests.Editor.SupportParatrooperValidation.RunFocusedValidation () (at Assets/Tests/Editor/Support/SupportParatrooperValidation.cs:46)
System.Reflection.RuntimeMethodInfo.Invoke (System.Object obj, System.Reflection.BindingFlags invokeAttr, System.Reflection.Binder binder, System.Object[] parameters, System.Globalization.CultureInfo culture) (at <299d5c9ae27b4d27af003e5f456f4b13>:0)
UnityEngine.Debug:LogException(Exception)
Game.Editor.<Run>d__0:MoveNext() (at Assets/Game/Scripts/Editor/ExistingEditorValidation.cs:46)
System.Runtime.CompilerServices.AsyncVoidMethodBuilder:Start(<Run>d__0&)
Game.Editor.ExistingEditorValidation:Run(String, String)
PipelineEvaluation.<>c__DisplayClass0_0:<Execute>b__0()
UnityEditor.EditorApplication:Internal_CallUpdateFunctions() (at /Users/bokken/build/output/unity/unity/Editor/Mono/EditorApplication.cs:403)

[ExistingEditorValidation] result=Failed executeMethod=Game.Tests.Editor.SupportParatrooperValidation.RunFocusedValidation
UnityEngine.Debug:LogError (object)
Game.Editor.ExistingEditorValidation/<Run>d__0:MoveNext () (at Assets/Game/Scripts/Editor/ExistingEditorValidation.cs:47)
System.Runtime.CompilerServices.AsyncVoidMethodBuilder:Start<Game.Editor.ExistingEditorValidation/<Run>d__0> (Game.Editor.ExistingEditorValidation/<Run>d__0&)
Game.Editor.ExistingEditorValidation:Run (string,string)
PipelineEvaluation.PipelineEval_63a6a5d6/<>c__DisplayClass0_0:<Execute>b__0 ()
UnityEditor.EditorApplication:Internal_CallUpdateFunctions () (at /Users/bokken/build/output/unity/unity/Editor/Mono/EditorApplication.cs:403)

