[ExistingEditorValidation] project=/Users/farhad/Projects/WarlineCapture/Assets executeMethod=Game.Tests.Editor.SupportUiAriaValidation.RunFocusedValidation
UnityEngine.Debug:Log (object)
Game.Editor.ExistingEditorValidation/<Run>d__0:MoveNext () (at Assets/Game/Scripts/Editor/ExistingEditorValidation.cs:34)
System.Runtime.CompilerServices.AsyncVoidMethodBuilder:Start<Game.Editor.ExistingEditorValidation/<Run>d__0> (Game.Editor.ExistingEditorValidation/<Run>d__0&)
Game.Editor.ExistingEditorValidation:Run (string,string)
PipelineEvaluation.PipelineEval_a0935ce8/<>c__DisplayClass0_0:<Execute>b__0 ()
UnityEditor.EditorApplication:Internal_CallUpdateFunctions () (at /Users/bokken/build/output/unity/unity/Editor/Mono/EditorApplication.cs:403)

ArgumentException: A component with type:Game.Components.SupportCollectionFeedbackComponent has not been added to the entity. Entities Journaling may be able to help determine more information. Please enable Entities Journaling for a more helpful error message.
Unity.Entities.EntityComponentStore.AssertEntityHasComponent (Unity.Entities.Entity entity, Unity.Entities.ComponentType componentType) (at ./Library/PackageCache/com.unity.entities@bab66ffaba49/Unity.Entities/EntityComponentStoreDebug.cs:342)
Unity.Entities.EntityComponentStore.AssertEntityHasComponent (Unity.Entities.Entity entity, Unity.Entities.TypeIndex componentTypeIndex) (at ./Library/PackageCache/com.unity.entities@bab66ffaba49/Unity.Entities/EntityComponentStoreDebug.cs:364)
Unity.Entities.EntityDataAccess.SetComponentData[T] (Unity.Entities.Entity entity, T componentData, Unity.Entities.SystemHandle& originSystem) (at ./Library/PackageCache/com.unity.entities@bab66ffaba49/Unity.Entities/EntityDataAccess.cs:1274)
Unity.Entities.EntityManager.SetComponentData[T] (Unity.Entities.Entity entity, T componentData) (at ./Library/PackageCache/com.unity.entities@bab66ffaba49/Unity.Entities/EntityManager.cs:477)
Game.UI.Shell.Ecs.UiShellEcsGateway.Game.UI.Contracts.IUiSupportGateway.SelectSupport (System.Byte kind) (at Assets/Game/Scripts/UI/Shell/Ecs/UiShellEcsGateway.Support.cs:86)
Game.UI.Runtime.UiShellRuntimeGateway.SelectSupport (System.Byte kind) (at Assets/Game/Scripts/UI/Shell/UiShellRuntimeGateway.Support.cs:9)
Game.Tests.Editor.SupportUiAriaValidation.Preview () (at Assets/Tests/Editor/Support/SupportUiAriaValidation.cs:48)
Game.Tests.Editor.SupportUiAriaValidation+<>c.<PreviewAndCameraNeverSpendOrIssueOrders>b__4_0 (Game.Tests.Editor.SupportValidationFixture f, Unity.Entities.Entity store) (at Assets/Tests/Editor/Support/SupportUiAriaValidation.cs:53)
Game.Tests.Editor.SupportUiAriaValidation.WithGateway (System.Action`2[T1,T2] action) (at Assets/Tests/Editor/Support/SupportUiAriaValidation.cs:34)
Game.Tests.Editor.SupportUiAriaValidation.PreviewAndCameraNeverSpendOrIssueOrders () (at Assets/Tests/Editor/Support/SupportUiAriaValidation.cs:51)
Game.Tests.Editor.SupportUiAriaValidation.RunFocusedValidation () (at Assets/Tests/Editor/Support/SupportUiAriaValidation.cs:21)
UnityEngine.Debug:LogException(Exception)
Game.Tests.Editor.SupportUiAriaValidation:RunFocusedValidation() (at Assets/Tests/Editor/Support/SupportUiAriaValidation.cs:25)
System.Reflection.MethodBase:Invoke(Object, Object[])
Game.Editor.<Run>d__0:MoveNext() (at Assets/Game/Scripts/Editor/ExistingEditorValidation.cs:35)
System.Runtime.CompilerServices.AsyncVoidMethodBuilder:Start(<Run>d__0&)
Game.Editor.ExistingEditorValidation:Run(String, String)
PipelineEvaluation.<>c__DisplayClass0_0:<Execute>b__0()
UnityEditor.EditorApplication:Internal_CallUpdateFunctions() (at /Users/bokken/build/output/unity/unity/Editor/Mono/EditorApplication.cs:403)

[SupportUiAriaValidation] result=Failed
UnityEngine.Debug:LogError (object)
Game.Tests.Editor.SupportUiAriaValidation:RunFocusedValidation () (at Assets/Tests/Editor/Support/SupportUiAriaValidation.cs:25)
System.Reflection.MethodBase:Invoke (object,object[])
Game.Editor.ExistingEditorValidation/<Run>d__0:MoveNext () (at Assets/Game/Scripts/Editor/ExistingEditorValidation.cs:35)
System.Runtime.CompilerServices.AsyncVoidMethodBuilder:Start<Game.Editor.ExistingEditorValidation/<Run>d__0> (Game.Editor.ExistingEditorValidation/<Run>d__0&)
Game.Editor.ExistingEditorValidation:Run (string,string)
PipelineEvaluation.PipelineEval_a0935ce8/<>c__DisplayClass0_0:<Execute>b__0 ()
UnityEditor.EditorApplication:Internal_CallUpdateFunctions () (at /Users/bokken/build/output/unity/unity/Editor/Mono/EditorApplication.cs:403)

ArgumentException: A component with type:Game.Components.SupportCollectionFeedbackComponent has not been added to the entity. Entities Journaling may be able to help determine more information. Please enable Entities Journaling for a more helpful error message.
Unity.Entities.EntityComponentStore.AssertEntityHasComponent (Unity.Entities.Entity entity, Unity.Entities.ComponentType componentType) (at ./Library/PackageCache/com.unity.entities@bab66ffaba49/Unity.Entities/EntityComponentStoreDebug.cs:342)
Unity.Entities.EntityComponentStore.AssertEntityHasComponent (Unity.Entities.Entity entity, Unity.Entities.TypeIndex componentTypeIndex) (at ./Library/PackageCache/com.unity.entities@bab66ffaba49/Unity.Entities/EntityComponentStoreDebug.cs:364)
Unity.Entities.EntityDataAccess.SetComponentData[T] (Unity.Entities.Entity entity, T componentData, Unity.Entities.SystemHandle& originSystem) (at ./Library/PackageCache/com.unity.entities@bab66ffaba49/Unity.Entities/EntityDataAccess.cs:1274)
Unity.Entities.EntityManager.SetComponentData[T] (Unity.Entities.Entity entity, T componentData) (at ./Library/PackageCache/com.unity.entities@bab66ffaba49/Unity.Entities/EntityManager.cs:477)
Game.UI.Shell.Ecs.UiShellEcsGateway.Game.UI.Contracts.IUiSupportGateway.SelectSupport (System.Byte kind) (at Assets/Game/Scripts/UI/Shell/Ecs/UiShellEcsGateway.Support.cs:86)
Game.UI.Runtime.UiShellRuntimeGateway.SelectSupport (System.Byte kind) (at Assets/Game/Scripts/UI/Shell/UiShellRuntimeGateway.Support.cs:9)
Game.Tests.Editor.SupportUiAriaValidation.Preview () (at Assets/Tests/Editor/Support/SupportUiAriaValidation.cs:48)
Game.Tests.Editor.SupportUiAriaValidation+<>c.<PreviewAndCameraNeverSpendOrIssueOrders>b__4_0 (Game.Tests.Editor.SupportValidationFixture f, Unity.Entities.Entity store) (at Assets/Tests/Editor/Support/SupportUiAriaValidation.cs:53)
Game.Tests.Editor.SupportUiAriaValidation.WithGateway (System.Action`2[T1,T2] action) (at Assets/Tests/Editor/Support/SupportUiAriaValidation.cs:34)
Game.Tests.Editor.SupportUiAriaValidation.PreviewAndCameraNeverSpendOrIssueOrders () (at Assets/Tests/Editor/Support/SupportUiAriaValidation.cs:51)
Game.Tests.Editor.SupportUiAriaValidation.RunFocusedValidation () (at Assets/Tests/Editor/Support/SupportUiAriaValidation.cs:25)
System.Reflection.RuntimeMethodInfo.Invoke (System.Object obj, System.Reflection.BindingFlags invokeAttr, System.Reflection.Binder binder, System.Object[] parameters, System.Globalization.CultureInfo culture) (at <299d5c9ae27b4d27af003e5f456f4b13>:0)
UnityEngine.Debug:LogException(Exception)
Game.Editor.<Run>d__0:MoveNext() (at Assets/Game/Scripts/Editor/ExistingEditorValidation.cs:46)
System.Runtime.CompilerServices.AsyncVoidMethodBuilder:Start(<Run>d__0&)
Game.Editor.ExistingEditorValidation:Run(String, String)
PipelineEvaluation.<>c__DisplayClass0_0:<Execute>b__0()
UnityEditor.EditorApplication:Internal_CallUpdateFunctions() (at /Users/bokken/build/output/unity/unity/Editor/Mono/EditorApplication.cs:403)

[ExistingEditorValidation] result=Failed executeMethod=Game.Tests.Editor.SupportUiAriaValidation.RunFocusedValidation
UnityEngine.Debug:LogError (object)
Game.Editor.ExistingEditorValidation/<Run>d__0:MoveNext () (at Assets/Game/Scripts/Editor/ExistingEditorValidation.cs:47)
System.Runtime.CompilerServices.AsyncVoidMethodBuilder:Start<Game.Editor.ExistingEditorValidation/<Run>d__0> (Game.Editor.ExistingEditorValidation/<Run>d__0&)
Game.Editor.ExistingEditorValidation:Run (string,string)
PipelineEvaluation.PipelineEval_a0935ce8/<>c__DisplayClass0_0:<Execute>b__0 ()
UnityEditor.EditorApplication:Internal_CallUpdateFunctions () (at /Users/bokken/build/output/unity/unity/Editor/Mono/EditorApplication.cs:403)

