[ExistingEditorValidation] project=/Users/farhad/Projects/WarlineCapture/Assets executeMethod=UnitTransportValidationTests.RunBatchValidation
UnityEngine.Debug:Log (object)
Game.Editor.ExistingEditorValidation/<Run>d__0:MoveNext () (at Assets/Game/Scripts/Editor/ExistingEditorValidation.cs:34)
System.Runtime.CompilerServices.AsyncVoidMethodBuilder:Start<Game.Editor.ExistingEditorValidation/<Run>d__0> (Game.Editor.ExistingEditorValidation/<Run>d__0&)
Game.Editor.ExistingEditorValidation:Run (string,string)
PipelineEvaluation.PipelineEval_6885983a/<>c__DisplayClass0_0:<Execute>b__0 ()
UnityEditor.EditorApplication:Internal_CallUpdateFunctions () (at /Users/bokken/build/output/unity/unity/Editor/Mono/EditorApplication.cs:403)

[UnitTransportValidation] result=Passed tests=88
UnityEngine.Debug:Log (object)
UnitTransportValidationTests:RunBatchValidation () (at Assets/Tests/Editor/UnitTransportValidationTests.cs:136)
System.Reflection.MethodBase:Invoke (object,object[])
Game.Editor.ExistingEditorValidation/<Run>d__0:MoveNext () (at Assets/Game/Scripts/Editor/ExistingEditorValidation.cs:35)
System.Runtime.CompilerServices.AsyncVoidMethodBuilder:Start<Game.Editor.ExistingEditorValidation/<Run>d__0> (Game.Editor.ExistingEditorValidation/<Run>d__0&)
Game.Editor.ExistingEditorValidation:Run (string,string)
PipelineEvaluation.PipelineEval_6885983a/<>c__DisplayClass0_0:<Execute>b__0 ()
UnityEditor.EditorApplication:Internal_CallUpdateFunctions () (at /Users/bokken/build/output/unity/unity/Editor/Mono/EditorApplication.cs:403)

[ExistingEditorValidation] result=Passed executeMethod=UnitTransportValidationTests.RunBatchValidation
UnityEngine.Debug:Log (object)
Game.Editor.ExistingEditorValidation/<Run>d__0:MoveNext () (at Assets/Game/Scripts/Editor/ExistingEditorValidation.cs:42)
System.Runtime.CompilerServices.AsyncVoidMethodBuilder:Start<Game.Editor.ExistingEditorValidation/<Run>d__0> (Game.Editor.ExistingEditorValidation/<Run>d__0&)
Game.Editor.ExistingEditorValidation:Run (string,string)
PipelineEvaluation.PipelineEval_6885983a/<>c__DisplayClass0_0:<Execute>b__0 ()
UnityEditor.EditorApplication:Internal_CallUpdateFunctions () (at /Users/bokken/build/output/unity/unity/Editor/Mono/EditorApplication.cs:403)

