[ExistingEditorValidation] project=/Users/farhad/Projects/WarlineCapture/Assets executeMethod=Game.Tests.Editor.SupportSmokeSliceValidation.RunSupportOnlyValidation
UnityEngine.Debug:Log (object)
Game.Editor.ExistingEditorValidation/<Run>d__0:MoveNext () (at Assets/Game/Scripts/Editor/ExistingEditorValidation.cs:34)
System.Runtime.CompilerServices.AsyncVoidMethodBuilder:Start<Game.Editor.ExistingEditorValidation/<Run>d__0> (Game.Editor.ExistingEditorValidation/<Run>d__0&)
Game.Editor.ExistingEditorValidation:Run (string,string)
PipelineEvaluation.PipelineEval_927fb351/<>c__DisplayClass0_0:<Execute>b__0 ()
UnityEditor.EditorApplication:Internal_CallUpdateFunctions () (at /Users/bokken/build/output/unity/unity/Editor/Mono/EditorApplication.cs:403)

[SupportAbilityCatalogBuilder] result=Passed abilities=4 policies=25 productionEnabled=0 hash=34a07c6da8da9dcfe74d7b8ed284f3bd4a5bbeaa3bd913c197842f7a11b2e1c4
UnityEngine.Debug:Log (object)
Game.Editor.SupportAbilityCatalogBuilder:Build () (at Assets/Game/Scripts/Editor/SupportAbilityCatalogBuilder.cs:62)
Game.Editor.SupportPopupPrefabBuilder:Build () (at Assets/Game/Scripts/Editor/SupportPopupPrefabBuilder.cs:25)
Game.Tests.Editor.SupportConfigValidation:RunFocusedValidation () (at Assets/Tests/Editor/Support/SupportConfigValidation.cs:18)
Game.Tests.Editor.SupportSmokeSliceValidation:Run (System.Action) (at Assets/Tests/Editor/Support/SupportSmokeSliceValidation.cs:34)
Game.Tests.Editor.SupportSmokeSliceValidation:RunSupportOnlyValidation () (at Assets/Tests/Editor/Support/SupportSmokeSliceValidation.cs:14)
System.Reflection.MethodBase:Invoke (object,object[])
Game.Editor.ExistingEditorValidation/<Run>d__0:MoveNext () (at Assets/Game/Scripts/Editor/ExistingEditorValidation.cs:35)
System.Runtime.CompilerServices.AsyncVoidMethodBuilder:Start<Game.Editor.ExistingEditorValidation/<Run>d__0> (Game.Editor.ExistingEditorValidation/<Run>d__0&)
Game.Editor.ExistingEditorValidation:Run (string,string)
PipelineEvaluation.PipelineEval_927fb351/<>c__DisplayClass0_0:<Execute>b__0 ()
UnityEditor.EditorApplication:Internal_CallUpdateFunctions () (at /Users/bokken/build/output/unity/unity/Editor/Mono/EditorApplication.cs:403)

[SupportPopupRegistration] result=Passed shells=1
UnityEngine.Debug:Log (object)
Game.Editor.SupportPopupPrefabBuilder:Register () (at Assets/Game/Scripts/Editor/SupportPopupPrefabBuilder.cs:138)
Game.Editor.SupportPopupPrefabBuilder:Build () (at Assets/Game/Scripts/Editor/SupportPopupPrefabBuilder.cs:73)
Game.Tests.Editor.SupportConfigValidation:RunFocusedValidation () (at Assets/Tests/Editor/Support/SupportConfigValidation.cs:18)
Game.Tests.Editor.SupportSmokeSliceValidation:Run (System.Action) (at Assets/Tests/Editor/Support/SupportSmokeSliceValidation.cs:34)
Game.Tests.Editor.SupportSmokeSliceValidation:RunSupportOnlyValidation () (at Assets/Tests/Editor/Support/SupportSmokeSliceValidation.cs:14)
System.Reflection.MethodBase:Invoke (object,object[])
Game.Editor.ExistingEditorValidation/<Run>d__0:MoveNext () (at Assets/Game/Scripts/Editor/ExistingEditorValidation.cs:35)
System.Runtime.CompilerServices.AsyncVoidMethodBuilder:Start<Game.Editor.ExistingEditorValidation/<Run>d__0> (Game.Editor.ExistingEditorValidation/<Run>d__0&)
Game.Editor.ExistingEditorValidation:Run (string,string)
PipelineEvaluation.PipelineEval_927fb351/<>c__DisplayClass0_0:<Execute>b__0 ()
UnityEditor.EditorApplication:Internal_CallUpdateFunctions () (at /Users/bokken/build/output/unity/unity/Editor/Mono/EditorApplication.cs:403)

Unable to parse file Assets/Game/Resources/Localization/V3UiLocalizationCatalog.asset: [Parser Failure at line 9475: Expect ':' between key and value within mapping]

UnityEditor.AssetDatabase:LoadAssetAtPath<Game.Configs.GameLocalizationCatalog> (string)
Game.Editor.SupportPopupPrefabBuilder:InstallCopy () (at Assets/Game/Scripts/Editor/SupportPopupPrefabBuilder.cs:142)
Game.Editor.SupportPopupPrefabBuilder:Build () (at Assets/Game/Scripts/Editor/SupportPopupPrefabBuilder.cs:73)
Game.Tests.Editor.SupportConfigValidation:RunFocusedValidation () (at Assets/Tests/Editor/Support/SupportConfigValidation.cs:18)
Game.Tests.Editor.SupportSmokeSliceValidation:Run (System.Action) (at Assets/Tests/Editor/Support/SupportSmokeSliceValidation.cs:34)
Game.Tests.Editor.SupportSmokeSliceValidation:RunSupportOnlyValidation () (at Assets/Tests/Editor/Support/SupportSmokeSliceValidation.cs:14)
System.Reflection.MethodBase:Invoke (object,object[])
Game.Editor.ExistingEditorValidation/<Run>d__0:MoveNext () (at Assets/Game/Scripts/Editor/ExistingEditorValidation.cs:35)
System.Runtime.CompilerServices.AsyncVoidMethodBuilder:Start<Game.Editor.ExistingEditorValidation/<Run>d__0> (Game.Editor.ExistingEditorValidation/<Run>d__0&)
Game.Editor.ExistingEditorValidation:Run (string,string)
PipelineEvaluation.PipelineEval_927fb351/<>c__DisplayClass0_0:<Execute>b__0 ()
UnityEditor.EditorApplication:Internal_CallUpdateFunctions ()

[SupportPopupPrefabBuilder] result=Passed cards=4 sourceArt=existing aria=PlayStop popup=fullscreen
UnityEngine.Debug:Log (object)
Game.Editor.SupportPopupPrefabBuilder:Build () (at Assets/Game/Scripts/Editor/SupportPopupPrefabBuilder.cs:74)
Game.Tests.Editor.SupportConfigValidation:RunFocusedValidation () (at Assets/Tests/Editor/Support/SupportConfigValidation.cs:18)
Game.Tests.Editor.SupportSmokeSliceValidation:Run (System.Action) (at Assets/Tests/Editor/Support/SupportSmokeSliceValidation.cs:34)
Game.Tests.Editor.SupportSmokeSliceValidation:RunSupportOnlyValidation () (at Assets/Tests/Editor/Support/SupportSmokeSliceValidation.cs:14)
System.Reflection.MethodBase:Invoke (object,object[])
Game.Editor.ExistingEditorValidation/<Run>d__0:MoveNext () (at Assets/Game/Scripts/Editor/ExistingEditorValidation.cs:35)
System.Runtime.CompilerServices.AsyncVoidMethodBuilder:Start<Game.Editor.ExistingEditorValidation/<Run>d__0> (Game.Editor.ExistingEditorValidation/<Run>d__0&)
Game.Editor.ExistingEditorValidation:Run (string,string)
PipelineEvaluation.PipelineEval_927fb351/<>c__DisplayClass0_0:<Execute>b__0 ()
UnityEditor.EditorApplication:Internal_CallUpdateFunctions () (at /Users/bokken/build/output/unity/unity/Editor/Mono/EditorApplication.cs:403)

[SupportConfigValidation] result=Passed tests=2 catalog=4 policies=25
UnityEngine.Debug:Log (object)
Game.Tests.Editor.SupportConfigValidation:RunFocusedValidation () (at Assets/Tests/Editor/Support/SupportConfigValidation.cs:19)
Game.Tests.Editor.SupportSmokeSliceValidation:Run (System.Action) (at Assets/Tests/Editor/Support/SupportSmokeSliceValidation.cs:34)
Game.Tests.Editor.SupportSmokeSliceValidation:RunSupportOnlyValidation () (at Assets/Tests/Editor/Support/SupportSmokeSliceValidation.cs:14)
System.Reflection.MethodBase:Invoke (object,object[])
Game.Editor.ExistingEditorValidation/<Run>d__0:MoveNext () (at Assets/Game/Scripts/Editor/ExistingEditorValidation.cs:35)
System.Runtime.CompilerServices.AsyncVoidMethodBuilder:Start<Game.Editor.ExistingEditorValidation/<Run>d__0> (Game.Editor.ExistingEditorValidation/<Run>d__0&)
Game.Editor.ExistingEditorValidation:Run (string,string)
PipelineEvaluation.PipelineEval_927fb351/<>c__DisplayClass0_0:<Execute>b__0 ()
UnityEditor.EditorApplication:Internal_CallUpdateFunctions () (at /Users/bokken/build/output/unity/unity/Editor/Mono/EditorApplication.cs:403)

[SupportRuntimeValidation] result=Passed tests=5
UnityEngine.Debug:Log (object)
Game.Tests.Editor.SupportRuntimeValidation:RunFocusedValidation () (at Assets/Tests/Editor/Support/SupportRuntimeValidation.cs:18)
Game.Tests.Editor.SupportSmokeSliceValidation:Run (System.Action) (at Assets/Tests/Editor/Support/SupportSmokeSliceValidation.cs:34)
Game.Tests.Editor.SupportSmokeSliceValidation:RunSupportOnlyValidation () (at Assets/Tests/Editor/Support/SupportSmokeSliceValidation.cs:14)
System.Reflection.MethodBase:Invoke (object,object[])
Game.Editor.ExistingEditorValidation/<Run>d__0:MoveNext () (at Assets/Game/Scripts/Editor/ExistingEditorValidation.cs:35)
System.Runtime.CompilerServices.AsyncVoidMethodBuilder:Start<Game.Editor.ExistingEditorValidation/<Run>d__0> (Game.Editor.ExistingEditorValidation/<Run>d__0&)
Game.Editor.ExistingEditorValidation:Run (string,string)
PipelineEvaluation.PipelineEval_927fb351/<>c__DisplayClass0_0:<Execute>b__0 ()
UnityEditor.EditorApplication:Internal_CallUpdateFunctions () (at /Users/bokken/build/output/unity/unity/Editor/Mono/EditorApplication.cs:403)

[SupportSmokeValidation] result=Passed tests=4
UnityEngine.Debug:Log (object)
Game.Tests.Editor.SupportSmokeValidation:RunFocusedValidation () (at Assets/Tests/Editor/Support/SupportSmokeValidation.cs:18)
Game.Tests.Editor.SupportSmokeSliceValidation:Run (System.Action) (at Assets/Tests/Editor/Support/SupportSmokeSliceValidation.cs:34)
Game.Tests.Editor.SupportSmokeSliceValidation:RunSupportOnlyValidation () (at Assets/Tests/Editor/Support/SupportSmokeSliceValidation.cs:15)
System.Reflection.MethodBase:Invoke (object,object[])
Game.Editor.ExistingEditorValidation/<Run>d__0:MoveNext () (at Assets/Game/Scripts/Editor/ExistingEditorValidation.cs:35)
System.Runtime.CompilerServices.AsyncVoidMethodBuilder:Start<Game.Editor.ExistingEditorValidation/<Run>d__0> (Game.Editor.ExistingEditorValidation/<Run>d__0&)
Game.Editor.ExistingEditorValidation:Run (string,string)
PipelineEvaluation.PipelineEval_927fb351/<>c__DisplayClass0_0:<Execute>b__0 ()
UnityEditor.EditorApplication:Internal_CallUpdateFunctions () (at /Users/bokken/build/output/unity/unity/Editor/Mono/EditorApplication.cs:403)

[SupportUiAriaValidation] result=Passed tests=5
UnityEngine.Debug:Log (object)
Game.Tests.Editor.SupportUiAriaValidation:RunFocusedValidation () (at Assets/Tests/Editor/Support/SupportUiAriaValidation.cs:23)
Game.Tests.Editor.SupportSmokeSliceValidation:Run (System.Action) (at Assets/Tests/Editor/Support/SupportSmokeSliceValidation.cs:34)
Game.Tests.Editor.SupportSmokeSliceValidation:RunSupportOnlyValidation () (at Assets/Tests/Editor/Support/SupportSmokeSliceValidation.cs:15)
System.Reflection.MethodBase:Invoke (object,object[])
Game.Editor.ExistingEditorValidation/<Run>d__0:MoveNext () (at Assets/Game/Scripts/Editor/ExistingEditorValidation.cs:35)
System.Runtime.CompilerServices.AsyncVoidMethodBuilder:Start<Game.Editor.ExistingEditorValidation/<Run>d__0> (Game.Editor.ExistingEditorValidation/<Run>d__0&)
Game.Editor.ExistingEditorValidation:Run (string,string)
PipelineEvaluation.PipelineEval_927fb351/<>c__DisplayClass0_0:<Execute>b__0 ()
UnityEditor.EditorApplication:Internal_CallUpdateFunctions () (at /Users/bokken/build/output/unity/unity/Editor/Mono/EditorApplication.cs:403)

[SupportAutomatedValidation] result=Passed readiness=automated-only repositoryArchitecture=separate
UnityEngine.Debug:Log (object)
Game.Tests.Editor.SupportSmokeSliceValidation:RunSupportOnlyValidation () (at Assets/Tests/Editor/Support/SupportSmokeSliceValidation.cs:16)
System.Reflection.MethodBase:Invoke (object,object[])
Game.Editor.ExistingEditorValidation/<Run>d__0:MoveNext () (at Assets/Game/Scripts/Editor/ExistingEditorValidation.cs:35)
System.Runtime.CompilerServices.AsyncVoidMethodBuilder:Start<Game.Editor.ExistingEditorValidation/<Run>d__0> (Game.Editor.ExistingEditorValidation/<Run>d__0&)
Game.Editor.ExistingEditorValidation:Run (string,string)
PipelineEvaluation.PipelineEval_927fb351/<>c__DisplayClass0_0:<Execute>b__0 ()
UnityEditor.EditorApplication:Internal_CallUpdateFunctions () (at /Users/bokken/build/output/unity/unity/Editor/Mono/EditorApplication.cs:403)

[ExistingEditorValidation] result=Passed executeMethod=Game.Tests.Editor.SupportSmokeSliceValidation.RunSupportOnlyValidation
UnityEngine.Debug:Log (object)
Game.Editor.ExistingEditorValidation/<Run>d__0:MoveNext () (at Assets/Game/Scripts/Editor/ExistingEditorValidation.cs:42)
System.Runtime.CompilerServices.AsyncVoidMethodBuilder:Start<Game.Editor.ExistingEditorValidation/<Run>d__0> (Game.Editor.ExistingEditorValidation/<Run>d__0&)
Game.Editor.ExistingEditorValidation:Run (string,string)
PipelineEvaluation.PipelineEval_927fb351/<>c__DisplayClass0_0:<Execute>b__0 ()
UnityEditor.EditorApplication:Internal_CallUpdateFunctions () (at /Users/bokken/build/output/unity/unity/Editor/Mono/EditorApplication.cs:403)

