[ExistingEditorValidation] project=/Users/farhad/Projects/WarlineCapture/Assets executeMethod=Game.Editor.CH05M01CitywideAlertIntegration.Build
UnityEngine.Debug:Log (object)
Game.Editor.ExistingEditorValidation/<Run>d__9:MoveNext () (at Assets/Game/Scripts/Editor/ExistingEditorValidation.cs:90)
System.Runtime.CompilerServices.AsyncVoidMethodBuilder:Start<Game.Editor.ExistingEditorValidation/<Run>d__9> (Game.Editor.ExistingEditorValidation/<Run>d__9&)
Game.Editor.ExistingEditorValidation:Run (string,string)
PipelineEvaluation.PipelineEval_8508e135/<>c__DisplayClass0_0:<Execute>b__0 ()
UnityEditor.EditorApplication:Internal_CallUpdateFunctions () (at /Users/bokken/build/output/unity/unity/Editor/Mono/EditorApplication.cs:403)

Assertion failed on expression: 'm_DisallowAutoRefresh >= 0'
UnityEditor.AssetDatabase:Refresh ()
Game.Editor.CH05M01CitywideAlertConfigBuilder:Build () (at Assets/Game/Scripts/Editor/CH05M01CitywideAlertConfigBuilder.cs:55)
Game.Editor.CH05M01CitywideAlertIntegration:Build () (at Assets/Game/Scripts/Editor/CH05M01CitywideAlertIntegration.cs:9)
System.Reflection.MethodBase:Invoke (object,object[])
Game.Editor.ExistingEditorValidation/<Run>d__9:MoveNext () (at Assets/Game/Scripts/Editor/ExistingEditorValidation.cs:92)
System.Runtime.CompilerServices.AsyncVoidMethodBuilder:Start<Game.Editor.ExistingEditorValidation/<Run>d__9> (Game.Editor.ExistingEditorValidation/<Run>d__9&)
Game.Editor.ExistingEditorValidation:Run (string,string)
PipelineEvaluation.PipelineEval_8508e135/<>c__DisplayClass0_0:<Execute>b__0 ()
UnityEditor.EditorApplication:Internal_CallUpdateFunctions ()

Loaded 1 ExamplePackConfig assets
UnityEngine.Debug:Log (object)
SyntyPackageHelper:LoadSyntyPackageHelperConfigs () (at Assets/Synty/SyntyPackageHelper/Editor/SyntyPackageHelper.cs:46)
SyntyPackageHelper:OnProjectChanged () (at Assets/Synty/SyntyPackageHelper/Editor/SyntyPackageHelper.cs:55)
UnityEditor.AssetDatabase:Refresh ()
Game.Editor.CH05M01CitywideAlertConfigBuilder:Build () (at Assets/Game/Scripts/Editor/CH05M01CitywideAlertConfigBuilder.cs:55)
Game.Editor.CH05M01CitywideAlertIntegration:Build () (at Assets/Game/Scripts/Editor/CH05M01CitywideAlertIntegration.cs:9)
System.Reflection.MethodBase:Invoke (object,object[])
Game.Editor.ExistingEditorValidation/<Run>d__9:MoveNext () (at Assets/Game/Scripts/Editor/ExistingEditorValidation.cs:92)
System.Runtime.CompilerServices.AsyncVoidMethodBuilder:Start<Game.Editor.ExistingEditorValidation/<Run>d__9> (Game.Editor.ExistingEditorValidation/<Run>d__9&)
Game.Editor.ExistingEditorValidation:Run (string,string)
PipelineEvaluation.PipelineEval_8508e135/<>c__DisplayClass0_0:<Execute>b__0 ()
UnityEditor.EditorApplication:Internal_CallUpdateFunctions () (at /Users/bokken/build/output/unity/unity/Editor/Mono/EditorApplication.cs:403)

Assertion failed on expression: 'm_DisallowAutoRefresh >= 0'
UnityEditor.AssetDatabase:Refresh ()
Game.Editor.CH05M01CitywideAlertConfigBuilder:Build () (at Assets/Game/Scripts/Editor/CH05M01CitywideAlertConfigBuilder.cs:55)
Game.Editor.CH05M01CitywideAlertIntegration:Build () (at Assets/Game/Scripts/Editor/CH05M01CitywideAlertIntegration.cs:9)
System.Reflection.MethodBase:Invoke (object,object[])
Game.Editor.ExistingEditorValidation/<Run>d__9:MoveNext () (at Assets/Game/Scripts/Editor/ExistingEditorValidation.cs:92)
System.Runtime.CompilerServices.AsyncVoidMethodBuilder:Start<Game.Editor.ExistingEditorValidation/<Run>d__9> (Game.Editor.ExistingEditorValidation/<Run>d__9&)
Game.Editor.ExistingEditorValidation:Run (string,string)
PipelineEvaluation.PipelineEval_8508e135/<>c__DisplayClass0_0:<Execute>b__0 ()
UnityEditor.EditorApplication:Internal_CallUpdateFunctions ()

Assertion failed on expression: 'm_DisallowAutoRefresh >= 0'
UnityEditor.AssetDatabase:Refresh ()
Game.Editor.CH05M01CitywideAlertConfigBuilder:BuildBuildingPrefabs () (at Assets/Game/Scripts/Editor/CH05M01CitywideAlertConfigBuilder.Scenario.cs:15)
Game.Editor.CH05M01CitywideAlertConfigBuilder:Build () (at Assets/Game/Scripts/Editor/CH05M01CitywideAlertConfigBuilder.cs:57)
Game.Editor.CH05M01CitywideAlertIntegration:Build () (at Assets/Game/Scripts/Editor/CH05M01CitywideAlertIntegration.cs:9)
System.Reflection.MethodBase:Invoke (object,object[])
Game.Editor.ExistingEditorValidation/<Run>d__9:MoveNext () (at Assets/Game/Scripts/Editor/ExistingEditorValidation.cs:92)
System.Runtime.CompilerServices.AsyncVoidMethodBuilder:Start<Game.Editor.ExistingEditorValidation/<Run>d__9> (Game.Editor.ExistingEditorValidation/<Run>d__9&)
Game.Editor.ExistingEditorValidation:Run (string,string)
PipelineEvaluation.PipelineEval_8508e135/<>c__DisplayClass0_0:<Execute>b__0 ()
UnityEditor.EditorApplication:Internal_CallUpdateFunctions ()

Assertion failed on expression: 'm_DisallowAutoRefresh >= 0'
UnityEditor.AssetDatabase:Refresh ()
Game.Editor.CH05M01CitywideAlertConfigBuilder:BuildBuildingPrefabs () (at Assets/Game/Scripts/Editor/CH05M01CitywideAlertConfigBuilder.Scenario.cs:15)
Game.Editor.CH05M01CitywideAlertConfigBuilder:Build () (at Assets/Game/Scripts/Editor/CH05M01CitywideAlertConfigBuilder.cs:57)
Game.Editor.CH05M01CitywideAlertIntegration:Build () (at Assets/Game/Scripts/Editor/CH05M01CitywideAlertIntegration.cs:9)
System.Reflection.MethodBase:Invoke (object,object[])
Game.Editor.ExistingEditorValidation/<Run>d__9:MoveNext () (at Assets/Game/Scripts/Editor/ExistingEditorValidation.cs:92)
System.Runtime.CompilerServices.AsyncVoidMethodBuilder:Start<Game.Editor.ExistingEditorValidation/<Run>d__9> (Game.Editor.ExistingEditorValidation/<Run>d__9&)
Game.Editor.ExistingEditorValidation:Run (string,string)
PipelineEvaluation.PipelineEval_8508e135/<>c__DisplayClass0_0:<Execute>b__0 ()
UnityEditor.EditorApplication:Internal_CallUpdateFunctions ()

Assertion failed on expression: 'm_DisallowAutoRefresh >= 0'
UnityEditor.PrefabUtility:SaveAsPrefabAsset (UnityEngine.GameObject,string)
Game.Editor.CH05M01CitywideAlertConfigBuilder:CloneBuilding (string,string,string,string,int,int,System.Nullable`1<UnityEngine.Vector2Int>) (at Assets/Game/Scripts/Editor/CH05M01CitywideAlertConfigBuilder.Scenario.cs:34)
Game.Editor.CH05M01CitywideAlertConfigBuilder:BuildBuildingPrefabs () (at Assets/Game/Scripts/Editor/CH05M01CitywideAlertConfigBuilder.Scenario.cs:16)
Game.Editor.CH05M01CitywideAlertConfigBuilder:Build () (at Assets/Game/Scripts/Editor/CH05M01CitywideAlertConfigBuilder.cs:57)
Game.Editor.CH05M01CitywideAlertIntegration:Build () (at Assets/Game/Scripts/Editor/CH05M01CitywideAlertIntegration.cs:9)
System.Reflection.MethodBase:Invoke (object,object[])
Game.Editor.ExistingEditorValidation/<Run>d__9:MoveNext () (at Assets/Game/Scripts/Editor/ExistingEditorValidation.cs:92)
System.Runtime.CompilerServices.AsyncVoidMethodBuilder:Start<Game.Editor.ExistingEditorValidation/<Run>d__9> (Game.Editor.ExistingEditorValidation/<Run>d__9&)
Game.Editor.ExistingEditorValidation:Run (string,string)
PipelineEvaluation.PipelineEval_8508e135/<>c__DisplayClass0_0:<Execute>b__0 ()
UnityEditor.EditorApplication:Internal_CallUpdateFunctions ()

Assertion failed on expression: 'm_DisallowAutoRefresh >= 0'
UnityEditor.PrefabUtility:SaveAsPrefabAsset (UnityEngine.GameObject,string)
Game.Editor.CH05M01CitywideAlertConfigBuilder:CloneBuilding (string,string,string,string,int,int,System.Nullable`1<UnityEngine.Vector2Int>) (at Assets/Game/Scripts/Editor/CH05M01CitywideAlertConfigBuilder.Scenario.cs:34)
Game.Editor.CH05M01CitywideAlertConfigBuilder:BuildBuildingPrefabs () (at Assets/Game/Scripts/Editor/CH05M01CitywideAlertConfigBuilder.Scenario.cs:16)
Game.Editor.CH05M01CitywideAlertConfigBuilder:Build () (at Assets/Game/Scripts/Editor/CH05M01CitywideAlertConfigBuilder.cs:57)
Game.Editor.CH05M01CitywideAlertIntegration:Build () (at Assets/Game/Scripts/Editor/CH05M01CitywideAlertIntegration.cs:9)
System.Reflection.MethodBase:Invoke (object,object[])
Game.Editor.ExistingEditorValidation/<Run>d__9:MoveNext () (at Assets/Game/Scripts/Editor/ExistingEditorValidation.cs:92)
System.Runtime.CompilerServices.AsyncVoidMethodBuilder:Start<Game.Editor.ExistingEditorValidation/<Run>d__9> (Game.Editor.ExistingEditorValidation/<Run>d__9&)
Game.Editor.ExistingEditorValidation:Run (string,string)
PipelineEvaluation.PipelineEval_8508e135/<>c__DisplayClass0_0:<Execute>b__0 ()
UnityEditor.EditorApplication:Internal_CallUpdateFunctions ()

Assertion failed on expression: 'm_DisallowAutoRefresh >= 0'
UnityEditor.PrefabUtility:SaveAsPrefabAsset (UnityEngine.GameObject,string)
Game.Editor.CH05M01CitywideAlertConfigBuilder:CloneBuilding (string,string,string,string,int,int,System.Nullable`1<UnityEngine.Vector2Int>) (at Assets/Game/Scripts/Editor/CH05M01CitywideAlertConfigBuilder.Scenario.cs:34)
Game.Editor.CH05M01CitywideAlertConfigBuilder:BuildBuildingPrefabs () (at Assets/Game/Scripts/Editor/CH05M01CitywideAlertConfigBuilder.Scenario.cs:17)
Game.Editor.CH05M01CitywideAlertConfigBuilder:Build () (at Assets/Game/Scripts/Editor/CH05M01CitywideAlertConfigBuilder.cs:57)
Game.Editor.CH05M01CitywideAlertIntegration:Build () (at Assets/Game/Scripts/Editor/CH05M01CitywideAlertIntegration.cs:9)
System.Reflection.MethodBase:Invoke (object,object[])
Game.Editor.ExistingEditorValidation/<Run>d__9:MoveNext () (at Assets/Game/Scripts/Editor/ExistingEditorValidation.cs:92)
System.Runtime.CompilerServices.AsyncVoidMethodBuilder:Start<Game.Editor.ExistingEditorValidation/<Run>d__9> (Game.Editor.ExistingEditorValidation/<Run>d__9&)
Game.Editor.ExistingEditorValidation:Run (string,string)
PipelineEvaluation.PipelineEval_8508e135/<>c__DisplayClass0_0:<Execute>b__0 ()
UnityEditor.EditorApplication:Internal_CallUpdateFunctions ()

Assertion failed on expression: 'm_DisallowAutoRefresh >= 0'
UnityEditor.PrefabUtility:SaveAsPrefabAsset (UnityEngine.GameObject,string)
Game.Editor.CH05M01CitywideAlertConfigBuilder:CloneBuilding (string,string,string,string,int,int,System.Nullable`1<UnityEngine.Vector2Int>) (at Assets/Game/Scripts/Editor/CH05M01CitywideAlertConfigBuilder.Scenario.cs:34)
Game.Editor.CH05M01CitywideAlertConfigBuilder:BuildBuildingPrefabs () (at Assets/Game/Scripts/Editor/CH05M01CitywideAlertConfigBuilder.Scenario.cs:17)
Game.Editor.CH05M01CitywideAlertConfigBuilder:Build () (at Assets/Game/Scripts/Editor/CH05M01CitywideAlertConfigBuilder.cs:57)
Game.Editor.CH05M01CitywideAlertIntegration:Build () (at Assets/Game/Scripts/Editor/CH05M01CitywideAlertIntegration.cs:9)
System.Reflection.MethodBase:Invoke (object,object[])
Game.Editor.ExistingEditorValidation/<Run>d__9:MoveNext () (at Assets/Game/Scripts/Editor/ExistingEditorValidation.cs:92)
System.Runtime.CompilerServices.AsyncVoidMethodBuilder:Start<Game.Editor.ExistingEditorValidation/<Run>d__9> (Game.Editor.ExistingEditorValidation/<Run>d__9&)
Game.Editor.ExistingEditorValidation:Run (string,string)
PipelineEvaluation.PipelineEval_8508e135/<>c__DisplayClass0_0:<Execute>b__0 ()
UnityEditor.EditorApplication:Internal_CallUpdateFunctions ()

Assertion failed on expression: 'm_DisallowAutoRefresh >= 0'
UnityEditor.PrefabUtility:SaveAsPrefabAsset (UnityEngine.GameObject,string)
Game.Editor.CH05M01CitywideAlertConfigBuilder:CloneBuilding (string,string,string,string,int,int,System.Nullable`1<UnityEngine.Vector2Int>) (at Assets/Game/Scripts/Editor/CH05M01CitywideAlertConfigBuilder.Scenario.cs:34)
Game.Editor.CH05M01CitywideAlertConfigBuilder:BuildBuildingPrefabs () (at Assets/Game/Scripts/Editor/CH05M01CitywideAlertConfigBuilder.Scenario.cs:18)
Game.Editor.CH05M01CitywideAlertConfigBuilder:Build () (at Assets/Game/Scripts/Editor/CH05M01CitywideAlertConfigBuilder.cs:57)
Game.Editor.CH05M01CitywideAlertIntegration:Build () (at Assets/Game/Scripts/Editor/CH05M01CitywideAlertIntegration.cs:9)
System.Reflection.MethodBase:Invoke (object,object[])
Game.Editor.ExistingEditorValidation/<Run>d__9:MoveNext () (at Assets/Game/Scripts/Editor/ExistingEditorValidation.cs:92)
System.Runtime.CompilerServices.AsyncVoidMethodBuilder:Start<Game.Editor.ExistingEditorValidation/<Run>d__9> (Game.Editor.ExistingEditorValidation/<Run>d__9&)
Game.Editor.ExistingEditorValidation:Run (string,string)
PipelineEvaluation.PipelineEval_8508e135/<>c__DisplayClass0_0:<Execute>b__0 ()
UnityEditor.EditorApplication:Internal_CallUpdateFunctions ()

Assertion failed on expression: 'm_DisallowAutoRefresh >= 0'
UnityEditor.PrefabUtility:SaveAsPrefabAsset (UnityEngine.GameObject,string)
Game.Editor.CH05M01CitywideAlertConfigBuilder:CloneBuilding (string,string,string,string,int,int,System.Nullable`1<UnityEngine.Vector2Int>) (at Assets/Game/Scripts/Editor/CH05M01CitywideAlertConfigBuilder.Scenario.cs:34)
Game.Editor.CH05M01CitywideAlertConfigBuilder:BuildBuildingPrefabs () (at Assets/Game/Scripts/Editor/CH05M01CitywideAlertConfigBuilder.Scenario.cs:18)
Game.Editor.CH05M01CitywideAlertConfigBuilder:Build () (at Assets/Game/Scripts/Editor/CH05M01CitywideAlertConfigBuilder.cs:57)
Game.Editor.CH05M01CitywideAlertIntegration:Build () (at Assets/Game/Scripts/Editor/CH05M01CitywideAlertIntegration.cs:9)
System.Reflection.MethodBase:Invoke (object,object[])
Game.Editor.ExistingEditorValidation/<Run>d__9:MoveNext () (at Assets/Game/Scripts/Editor/ExistingEditorValidation.cs:92)
System.Runtime.CompilerServices.AsyncVoidMethodBuilder:Start<Game.Editor.ExistingEditorValidation/<Run>d__9> (Game.Editor.ExistingEditorValidation/<Run>d__9&)
Game.Editor.ExistingEditorValidation:Run (string,string)
PipelineEvaluation.PipelineEval_8508e135/<>c__DisplayClass0_0:<Execute>b__0 ()
UnityEditor.EditorApplication:Internal_CallUpdateFunctions ()

Assertion failed on expression: 'm_DisallowAutoRefresh >= 0'
UnityEditor.AssetDatabase:CreateAsset (UnityEngine.Object,string)
Game.Editor.CH05M01CitywideAlertConfigBuilder:Clone<Game.Configs.MapSurfaceDataAsset> (string,string) (at Assets/Game/Scripts/Editor/CH05M01CitywideAlertConfigBuilder.cs:301)
Game.Editor.CH05M01CitywideAlertConfigBuilder:BuildSurface (bool[]) (at Assets/Game/Scripts/Editor/CH05M01CitywideAlertConfigBuilder.cs:242)
Game.Editor.CH05M01CitywideAlertConfigBuilder:BuildPhysicalMap () (at Assets/Game/Scripts/Editor/CH05M01CitywideAlertConfigBuilder.cs:132)
Game.Editor.CH05M01CitywideAlertConfigBuilder:Build () (at Assets/Game/Scripts/Editor/CH05M01CitywideAlertConfigBuilder.cs:57)
Game.Editor.CH05M01CitywideAlertIntegration:Build () (at Assets/Game/Scripts/Editor/CH05M01CitywideAlertIntegration.cs:9)
System.Reflection.MethodBase:Invoke (object,object[])
Game.Editor.ExistingEditorValidation/<Run>d__9:MoveNext () (at Assets/Game/Scripts/Editor/ExistingEditorValidation.cs:92)
System.Runtime.CompilerServices.AsyncVoidMethodBuilder:Start<Game.Editor.ExistingEditorValidation/<Run>d__9> (Game.Editor.ExistingEditorValidation/<Run>d__9&)
Game.Editor.ExistingEditorValidation:Run (string,string)
PipelineEvaluation.PipelineEval_8508e135/<>c__DisplayClass0_0:<Execute>b__0 ()
UnityEditor.EditorApplication:Internal_CallUpdateFunctions ()

Assertion failed on expression: 'm_DisallowAutoRefresh >= 0'
UnityEditor.AssetDatabase:CreateAsset (UnityEngine.Object,string)
Game.Editor.CH05M01CitywideAlertConfigBuilder:Clone<Game.Configs.MapSurfaceDataAsset> (string,string) (at Assets/Game/Scripts/Editor/CH05M01CitywideAlertConfigBuilder.cs:301)
Game.Editor.CH05M01CitywideAlertConfigBuilder:BuildSurface (bool[]) (at Assets/Game/Scripts/Editor/CH05M01CitywideAlertConfigBuilder.cs:242)
Game.Editor.CH05M01CitywideAlertConfigBuilder:BuildPhysicalMap () (at Assets/Game/Scripts/Editor/CH05M01CitywideAlertConfigBuilder.cs:132)
Game.Editor.CH05M01CitywideAlertConfigBuilder:Build () (at Assets/Game/Scripts/Editor/CH05M01CitywideAlertConfigBuilder.cs:57)
Game.Editor.CH05M01CitywideAlertIntegration:Build () (at Assets/Game/Scripts/Editor/CH05M01CitywideAlertIntegration.cs:9)
System.Reflection.MethodBase:Invoke (object,object[])
Game.Editor.ExistingEditorValidation/<Run>d__9:MoveNext () (at Assets/Game/Scripts/Editor/ExistingEditorValidation.cs:92)
System.Runtime.CompilerServices.AsyncVoidMethodBuilder:Start<Game.Editor.ExistingEditorValidation/<Run>d__9> (Game.Editor.ExistingEditorValidation/<Run>d__9&)
Game.Editor.ExistingEditorValidation:Run (string,string)
PipelineEvaluation.PipelineEval_8508e135/<>c__DisplayClass0_0:<Execute>b__0 ()
UnityEditor.EditorApplication:Internal_CallUpdateFunctions ()

Assertion failed on expression: 'm_DisallowAutoRefresh >= 0'
UnityEditor.AssetDatabase:CreateAsset (UnityEngine.Object,string)
Game.Editor.CH05M01CitywideAlertConfigBuilder:Clone<Game.Configs.GridAuthoringSceneConfigAsset> (string,string) (at Assets/Game/Scripts/Editor/CH05M01CitywideAlertConfigBuilder.cs:301)
Game.Editor.CH05M01CitywideAlertConfigBuilder:BuildSurface (bool[]) (at Assets/Game/Scripts/Editor/CH05M01CitywideAlertConfigBuilder.cs:243)
Game.Editor.CH05M01CitywideAlertConfigBuilder:BuildPhysicalMap () (at Assets/Game/Scripts/Editor/CH05M01CitywideAlertConfigBuilder.cs:132)
Game.Editor.CH05M01CitywideAlertConfigBuilder:Build () (at Assets/Game/Scripts/Editor/CH05M01CitywideAlertConfigBuilder.cs:57)
Game.Editor.CH05M01CitywideAlertIntegration:Build () (at Assets/Game/Scripts/Editor/CH05M01CitywideAlertIntegration.cs:9)
System.Reflection.MethodBase:Invoke (object,object[])
Game.Editor.ExistingEditorValidation/<Run>d__9:MoveNext () (at Assets/Game/Scripts/Editor/ExistingEditorValidation.cs:92)
System.Runtime.CompilerServices.AsyncVoidMethodBuilder:Start<Game.Editor.ExistingEditorValidation/<Run>d__9> (Game.Editor.ExistingEditorValidation/<Run>d__9&)
Game.Editor.ExistingEditorValidation:Run (string,string)
PipelineEvaluation.PipelineEval_8508e135/<>c__DisplayClass0_0:<Execute>b__0 ()
UnityEditor.EditorApplication:Internal_CallUpdateFunctions ()

Assertion failed on expression: 'm_DisallowAutoRefresh >= 0'
UnityEditor.AssetDatabase:CreateAsset (UnityEngine.Object,string)
Game.Editor.CH05M01CitywideAlertConfigBuilder:Clone<Game.Configs.GridAuthoringSceneConfigAsset> (string,string) (at Assets/Game/Scripts/Editor/CH05M01CitywideAlertConfigBuilder.cs:301)
Game.Editor.CH05M01CitywideAlertConfigBuilder:BuildSurface (bool[]) (at Assets/Game/Scripts/Editor/CH05M01CitywideAlertConfigBuilder.cs:243)
Game.Editor.CH05M01CitywideAlertConfigBuilder:BuildPhysicalMap () (at Assets/Game/Scripts/Editor/CH05M01CitywideAlertConfigBuilder.cs:132)
Game.Editor.CH05M01CitywideAlertConfigBuilder:Build () (at Assets/Game/Scripts/Editor/CH05M01CitywideAlertConfigBuilder.cs:57)
Game.Editor.CH05M01CitywideAlertIntegration:Build () (at Assets/Game/Scripts/Editor/CH05M01CitywideAlertIntegration.cs:9)
System.Reflection.MethodBase:Invoke (object,object[])
Game.Editor.ExistingEditorValidation/<Run>d__9:MoveNext () (at Assets/Game/Scripts/Editor/ExistingEditorValidation.cs:92)
System.Runtime.CompilerServices.AsyncVoidMethodBuilder:Start<Game.Editor.ExistingEditorValidation/<Run>d__9> (Game.Editor.ExistingEditorValidation/<Run>d__9&)
Game.Editor.ExistingEditorValidation:Run (string,string)
PipelineEvaluation.PipelineEval_8508e135/<>c__DisplayClass0_0:<Execute>b__0 ()
UnityEditor.EditorApplication:Internal_CallUpdateFunctions ()

Assertion failed on expression: 'm_DisallowAutoRefresh >= 0'
UnityEngine.StackTraceUtility:ExtractStackTrace ()
Game.Editor.CH05M01CitywideAlertConfigBuilder:BuildSurface (bool[]) (at Assets/Game/Scripts/Editor/CH05M01CitywideAlertConfigBuilder.cs:243)
Game.Editor.CH05M01CitywideAlertConfigBuilder:BuildPhysicalMap () (at Assets/Game/Scripts/Editor/CH05M01CitywideAlertConfigBuilder.cs:132)
Game.Editor.CH05M01CitywideAlertConfigBuilder:Build () (at Assets/Game/Scripts/Editor/CH05M01CitywideAlertConfigBuilder.cs:57)
Game.Editor.CH05M01CitywideAlertIntegration:Build () (at Assets/Game/Scripts/Editor/CH05M01CitywideAlertIntegration.cs:9)
System.Reflection.MethodBase:Invoke (object,object[])
Game.Editor.ExistingEditorValidation/<Run>d__9:MoveNext () (at Assets/Game/Scripts/Editor/ExistingEditorValidation.cs:92)
System.Runtime.CompilerServices.AsyncVoidMethodBuilder:Start<Game.Editor.ExistingEditorValidation/<Run>d__9> (Game.Editor.ExistingEditorValidation/<Run>d__9&)
Game.Editor.ExistingEditorValidation:Run (string,string)
PipelineEvaluation.PipelineEval_8508e135/<>c__DisplayClass0_0:<Execute>b__0 ()
UnityEditor.EditorApplication:Internal_CallUpdateFunctions ()

Assertion failed on expression: 'm_DisallowAutoRefresh >= 0'
UnityEngine.StackTraceUtility:ExtractStackTrace ()
Game.Editor.CH05M01CitywideAlertConfigBuilder:BuildSurface (bool[]) (at Assets/Game/Scripts/Editor/CH05M01CitywideAlertConfigBuilder.cs:243)
Game.Editor.CH05M01CitywideAlertConfigBuilder:BuildPhysicalMap () (at Assets/Game/Scripts/Editor/CH05M01CitywideAlertConfigBuilder.cs:132)
Game.Editor.CH05M01CitywideAlertConfigBuilder:Build () (at Assets/Game/Scripts/Editor/CH05M01CitywideAlertConfigBuilder.cs:57)
Game.Editor.CH05M01CitywideAlertIntegration:Build () (at Assets/Game/Scripts/Editor/CH05M01CitywideAlertIntegration.cs:9)
System.Reflection.MethodBase:Invoke (object,object[])
Game.Editor.ExistingEditorValidation/<Run>d__9:MoveNext () (at Assets/Game/Scripts/Editor/ExistingEditorValidation.cs:92)
System.Runtime.CompilerServices.AsyncVoidMethodBuilder:Start<Game.Editor.ExistingEditorValidation/<Run>d__9> (Game.Editor.ExistingEditorValidation/<Run>d__9&)
Game.Editor.ExistingEditorValidation:Run (string,string)
PipelineEvaluation.PipelineEval_8508e135/<>c__DisplayClass0_0:<Execute>b__0 ()
UnityEditor.EditorApplication:Internal_CallUpdateFunctions ()

UnassignedReferenceException: The variable destroyedVisualRoot of OperationMapBuildingAuthoring has not been assigned.
You probably need to assign the destroyedVisualRoot variable of the OperationMapBuildingAuthoring script in the inspector.
UnityEngine.Object+MarshalledUnityObject.TryThrowEditorNullExceptionObject (UnityEngine.Object unityObj, System.String parameterName) (at /Users/bokken/build/output/unity/unity/Runtime/Export/Scripting/UnityEngineObject.bindings.cs:1163)
UnityEngine.Bindings.ThrowHelper.ThrowNullReferenceException (System.Object obj) (at /Users/bokken/build/output/unity/unity/Runtime/Export/Scripting/BindingsHelpers.cs:61)
UnityEngine.GameObject.get_transform () (at <00af853db50849c486851ef9e11577ae>:0)
Game.Editor.CH05M01CitywideAlertConfigBuilder.CreateMinimap (UnityEngine.SceneManagement.Scene scene) (at Assets/Game/Scripts/Editor/CH05M01CitywideAlertConfigBuilder.cs:213)
Game.Editor.CH05M01CitywideAlertConfigBuilder.BuildPhysicalMap () (at Assets/Game/Scripts/Editor/CH05M01CitywideAlertConfigBuilder.cs:153)
Game.Editor.CH05M01CitywideAlertConfigBuilder.Build () (at Assets/Game/Scripts/Editor/CH05M01CitywideAlertConfigBuilder.cs:57)
Game.Editor.CH05M01CitywideAlertIntegration.Build () (at Assets/Game/Scripts/Editor/CH05M01CitywideAlertIntegration.cs:9)
System.Reflection.RuntimeMethodInfo.Invoke (System.Object obj, System.Reflection.BindingFlags invokeAttr, System.Reflection.Binder binder, System.Object[] parameters, System.Globalization.CultureInfo culture) (at <299d5c9ae27b4d27af003e5f456f4b13>:0)
UnityEngine.Debug:LogException(Exception)
Game.Editor.<Run>d__9:MoveNext() (at Assets/Game/Scripts/Editor/ExistingEditorValidation.cs:113)
System.Runtime.CompilerServices.AsyncVoidMethodBuilder:Start(<Run>d__9&)
Game.Editor.ExistingEditorValidation:Run(String, String)
PipelineEvaluation.<>c__DisplayClass0_0:<Execute>b__0()
UnityEditor.EditorApplication:Internal_CallUpdateFunctions() (at /Users/bokken/build/output/unity/unity/Editor/Mono/EditorApplication.cs:403)

[ExistingEditorValidation] result=Failed executeMethod=Game.Editor.CH05M01CitywideAlertIntegration.Build
UnityEngine.Debug:LogError (object)
Game.Editor.ExistingEditorValidation/<Run>d__9:MoveNext () (at Assets/Game/Scripts/Editor/ExistingEditorValidation.cs:114)
System.Runtime.CompilerServices.AsyncVoidMethodBuilder:Start<Game.Editor.ExistingEditorValidation/<Run>d__9> (Game.Editor.ExistingEditorValidation/<Run>d__9&)
Game.Editor.ExistingEditorValidation:Run (string,string)
PipelineEvaluation.PipelineEval_8508e135/<>c__DisplayClass0_0:<Execute>b__0 ()
UnityEditor.EditorApplication:Internal_CallUpdateFunctions () (at /Users/bokken/build/output/unity/unity/Editor/Mono/EditorApplication.cs:403)

