[ExistingEditorValidation] project=/Users/farhad/Projects/WarlineCapture/Assets executeMethod=Game.Editor.CH05M01CitywideAlertIntegration.Build
UnityEngine.Debug:Log (object)
Game.Editor.ExistingEditorValidation/<Run>d__9:MoveNext () (at Assets/Game/Scripts/Editor/ExistingEditorValidation.cs:90)
System.Runtime.CompilerServices.AsyncVoidMethodBuilder:Start<Game.Editor.ExistingEditorValidation/<Run>d__9> (Game.Editor.ExistingEditorValidation/<Run>d__9&)
Game.Editor.ExistingEditorValidation:Run (string,string)
PipelineEvaluation.PipelineEval_f497f45e/<>c__DisplayClass0_0:<Execute>b__0 ()
UnityEditor.EditorApplication:Internal_CallUpdateFunctions () (at /Users/bokken/build/output/unity/unity/Editor/Mono/EditorApplication.cs:403)

Loaded 1 ExamplePackConfig assets
UnityEngine.Debug:Log (object)
SyntyPackageHelper:LoadSyntyPackageHelperConfigs () (at Assets/Synty/SyntyPackageHelper/Editor/SyntyPackageHelper.cs:46)
SyntyPackageHelper:OnProjectChanged () (at Assets/Synty/SyntyPackageHelper/Editor/SyntyPackageHelper.cs:55)
UnityEditor.AssetDatabase:ImportAsset (string,UnityEditor.ImportAssetOptions)
Game.Editor.CH05M01CitywideAlertConfigBuilder:CreateMinimap (UnityEngine.SceneManagement.Scene) (at Assets/Game/Scripts/Editor/CH05M01CitywideAlertConfigBuilder.cs:221)
Game.Editor.CH05M01CitywideAlertConfigBuilder:BuildPhysicalMap () (at Assets/Game/Scripts/Editor/CH05M01CitywideAlertConfigBuilder.cs:153)
Game.Editor.CH05M01CitywideAlertConfigBuilder:Build () (at Assets/Game/Scripts/Editor/CH05M01CitywideAlertConfigBuilder.cs:57)
Game.Editor.CH05M01CitywideAlertIntegration:Build () (at Assets/Game/Scripts/Editor/CH05M01CitywideAlertIntegration.cs:9)
System.Reflection.MethodBase:Invoke (object,object[])
Game.Editor.ExistingEditorValidation/<Run>d__9:MoveNext () (at Assets/Game/Scripts/Editor/ExistingEditorValidation.cs:92)
System.Runtime.CompilerServices.AsyncVoidMethodBuilder:Start<Game.Editor.ExistingEditorValidation/<Run>d__9> (Game.Editor.ExistingEditorValidation/<Run>d__9&)
Game.Editor.ExistingEditorValidation:Run (string,string)
PipelineEvaluation.PipelineEval_f497f45e/<>c__DisplayClass0_0:<Execute>b__0 ()
UnityEditor.EditorApplication:Internal_CallUpdateFunctions () (at /Users/bokken/build/output/unity/unity/Editor/Mono/EditorApplication.cs:403)

[CitywideAlertCivicClearance] result=Passed serviceLots=2 productionLots=2 reserveLots=2 healthOwners=RuntimeBuildingPlacement
UnityEngine.Debug:Log (object)
Game.Editor.CH05M01CitywideAlertConfigBuilder:ValidateCivicClearance (UnityEngine.SceneManagement.Scene) (at Assets/Game/Scripts/Editor/CH05M01CitywideAlertConfigBuilder.cs:206)
Game.Editor.CH05M01CitywideAlertConfigBuilder:BuildPhysicalMap () (at Assets/Game/Scripts/Editor/CH05M01CitywideAlertConfigBuilder.cs:155)
Game.Editor.CH05M01CitywideAlertConfigBuilder:Build () (at Assets/Game/Scripts/Editor/CH05M01CitywideAlertConfigBuilder.cs:57)
Game.Editor.CH05M01CitywideAlertIntegration:Build () (at Assets/Game/Scripts/Editor/CH05M01CitywideAlertIntegration.cs:9)
System.Reflection.MethodBase:Invoke (object,object[])
Game.Editor.ExistingEditorValidation/<Run>d__9:MoveNext () (at Assets/Game/Scripts/Editor/ExistingEditorValidation.cs:92)
System.Runtime.CompilerServices.AsyncVoidMethodBuilder:Start<Game.Editor.ExistingEditorValidation/<Run>d__9> (Game.Editor.ExistingEditorValidation/<Run>d__9&)
Game.Editor.ExistingEditorValidation:Run (string,string)
PipelineEvaluation.PipelineEval_f497f45e/<>c__DisplayClass0_0:<Execute>b__0 ()
UnityEditor.EditorApplication:Internal_CallUpdateFunctions () (at /Users/bokken/build/output/unity/unity/Editor/Mono/EditorApplication.cs:403)

InvalidOperationException: Citywide response boulevard blocked: 875
Game.Editor.CH05M01CitywideAlertConfigBuilder.ValidateRoutes () (at Assets/Game/Scripts/Editor/CH05M01CitywideAlertConfigBuilder.cs:284)
Game.Editor.CH05M01CitywideAlertConfigBuilder.BuildPhysicalMap () (at Assets/Game/Scripts/Editor/CH05M01CitywideAlertConfigBuilder.cs:185)
Game.Editor.CH05M01CitywideAlertConfigBuilder.Build () (at Assets/Game/Scripts/Editor/CH05M01CitywideAlertConfigBuilder.cs:57)
Game.Editor.CH05M01CitywideAlertIntegration.Build () (at Assets/Game/Scripts/Editor/CH05M01CitywideAlertIntegration.cs:9)
System.Reflection.RuntimeMethodInfo.Invoke (System.Object obj, System.Reflection.BindingFlags invokeAttr, System.Reflection.Binder binder, System.Object[] parameters, System.Globalization.CultureInfo culture) (at <299d5c9ae27b4d27af003e5f456f4b13>:0)
UnityEngine.Debug:LogException(Exception)
Game.Editor.<Run>d__9:MoveNext() (at Assets/Game/Scripts/Editor/ExistingEditorValidation.cs:113)
System.Runtime.CompilerServices.AsyncVoidMethodBuilder:Start(<Run>d__9&)
Game.Editor.ExistingEditorValidation:Run(String, String)
PipelineEvaluation.<>c__DisplayClass0_0:<Execute>b__0()
UnityEditor.EditorApplication:Internal_CallUpdateFunctions() (at /Users/bokken/build/output/unity/unity/Editor/Mono/EditorApplication.cs:403)

[ExistingEditorValidation] result=Failed executeMethod=Game.Editor.CH05M01CitywideAlertIntegration.Build
UnityEngine.Debug:LogError (object)
Game.Editor.ExistingEditorValidation/<Run>d__9:MoveNext () (at Assets/Game/Scripts/Editor/ExistingEditorValidation.cs:114)
System.Runtime.CompilerServices.AsyncVoidMethodBuilder:Start<Game.Editor.ExistingEditorValidation/<Run>d__9> (Game.Editor.ExistingEditorValidation/<Run>d__9&)
Game.Editor.ExistingEditorValidation:Run (string,string)
PipelineEvaluation.PipelineEval_f497f45e/<>c__DisplayClass0_0:<Execute>b__0 ()
UnityEditor.EditorApplication:Internal_CallUpdateFunctions () (at /Users/bokken/build/output/unity/unity/Editor/Mono/EditorApplication.cs:403)

