[ExistingEditorValidation] project=/Users/farhad/Projects/WarlineCapture/Assets executeMethod=Game.Editor.CH05M01CitywideAlertIntegration.Build
UnityEngine.Debug:Log (object)
Game.Editor.ExistingEditorValidation/<Run>d__9:MoveNext () (at Assets/Game/Scripts/Editor/ExistingEditorValidation.cs:90)
System.Runtime.CompilerServices.AsyncVoidMethodBuilder:Start<Game.Editor.ExistingEditorValidation/<Run>d__9> (Game.Editor.ExistingEditorValidation/<Run>d__9&)
Game.Editor.ExistingEditorValidation:Run (string,string)
PipelineEvaluation.PipelineEval_0e3c588c/<>c__DisplayClass0_0:<Execute>b__0 ()
UnityEditor.EditorApplication:Internal_CallUpdateFunctions () (at /Users/bokken/build/output/unity/unity/Editor/Mono/EditorApplication.cs:403)

[CitywideAlertBuilderRevision] source=urban-civic-v2-source-mask-explicit-moves canonicalMovementMask=Preserved explicitMoves=Required
UnityEngine.Debug:Log (object)
Game.Editor.CH05M01CitywideAlertConfigBuilder:ReportBuilderRevision () (at Assets/Game/Scripts/Editor/CH05M01CitywideAlertConfigBuilder.cs:42)
Game.Editor.CH05M01CitywideAlertConfigBuilder:Build () (at Assets/Game/Scripts/Editor/CH05M01CitywideAlertConfigBuilder.cs:55)
Game.Editor.CH05M01CitywideAlertIntegration:Build () (at Assets/Game/Scripts/Editor/CH05M01CitywideAlertIntegration.cs:9)
System.Reflection.MethodBase:Invoke (object,object[])
Game.Editor.ExistingEditorValidation/<Run>d__9:MoveNext () (at Assets/Game/Scripts/Editor/ExistingEditorValidation.cs:92)
System.Runtime.CompilerServices.AsyncVoidMethodBuilder:Start<Game.Editor.ExistingEditorValidation/<Run>d__9> (Game.Editor.ExistingEditorValidation/<Run>d__9&)
Game.Editor.ExistingEditorValidation:Run (string,string)
PipelineEvaluation.PipelineEval_0e3c588c/<>c__DisplayClass0_0:<Execute>b__0 ()
UnityEditor.EditorApplication:Internal_CallUpdateFunctions () (at /Users/bokken/build/output/unity/unity/Editor/Mono/EditorApplication.cs:403)

[CitywideAlertCivicClearance] result=Passed serviceLots=2 productionLots=2 reserveLots=2 healthOwners=RuntimeBuildingPlacement
UnityEngine.Debug:Log (object)
Game.Editor.CH05M01CitywideAlertConfigBuilder:ValidateCivicClearance (UnityEngine.SceneManagement.Scene) (at Assets/Game/Scripts/Editor/CH05M01CitywideAlertConfigBuilder.cs:216)
Game.Editor.CH05M01CitywideAlertConfigBuilder:BuildPhysicalMap () (at Assets/Game/Scripts/Editor/CH05M01CitywideAlertConfigBuilder.cs:165)
Game.Editor.CH05M01CitywideAlertConfigBuilder:Build () (at Assets/Game/Scripts/Editor/CH05M01CitywideAlertConfigBuilder.cs:59)
Game.Editor.CH05M01CitywideAlertIntegration:Build () (at Assets/Game/Scripts/Editor/CH05M01CitywideAlertIntegration.cs:9)
System.Reflection.MethodBase:Invoke (object,object[])
Game.Editor.ExistingEditorValidation/<Run>d__9:MoveNext () (at Assets/Game/Scripts/Editor/ExistingEditorValidation.cs:92)
System.Runtime.CompilerServices.AsyncVoidMethodBuilder:Start<Game.Editor.ExistingEditorValidation/<Run>d__9> (Game.Editor.ExistingEditorValidation/<Run>d__9&)
Game.Editor.ExistingEditorValidation:Run (string,string)
PipelineEvaluation.PipelineEval_0e3c588c/<>c__DisplayClass0_0:<Execute>b__0 ()
UnityEditor.EditorApplication:Internal_CallUpdateFunctions () (at /Users/bokken/build/output/unity/unity/Editor/Mono/EditorApplication.cs:403)

[CitywideAlertRoutes] result=Passed boulevard=401x7 independentInfantryEgress=2x75x3 buildLots=6 grid=440x220 combinedOwnerSurfaceMask=true
UnityEngine.Debug:Log (object)
Game.Editor.CH05M01CitywideAlertConfigBuilder:ValidateRoutes () (at Assets/Game/Scripts/Editor/CH05M01CitywideAlertConfigBuilder.cs:302)
Game.Editor.CH05M01CitywideAlertConfigBuilder:BuildPhysicalMap () (at Assets/Game/Scripts/Editor/CH05M01CitywideAlertConfigBuilder.cs:195)
Game.Editor.CH05M01CitywideAlertConfigBuilder:Build () (at Assets/Game/Scripts/Editor/CH05M01CitywideAlertConfigBuilder.cs:59)
Game.Editor.CH05M01CitywideAlertIntegration:Build () (at Assets/Game/Scripts/Editor/CH05M01CitywideAlertIntegration.cs:9)
System.Reflection.MethodBase:Invoke (object,object[])
Game.Editor.ExistingEditorValidation/<Run>d__9:MoveNext () (at Assets/Game/Scripts/Editor/ExistingEditorValidation.cs:92)
System.Runtime.CompilerServices.AsyncVoidMethodBuilder:Start<Game.Editor.ExistingEditorValidation/<Run>d__9> (Game.Editor.ExistingEditorValidation/<Run>d__9&)
Game.Editor.ExistingEditorValidation:Run (string,string)
PipelineEvaluation.PipelineEval_0e3c588c/<>c__DisplayClass0_0:<Execute>b__0 ()
UnityEditor.EditorApplication:Internal_CallUpdateFunctions () (at /Users/bokken/build/output/unity/unity/Editor/Mono/EditorApplication.cs:403)

[CitywideAlertMap] result=Passed removedStatic=35351 identities=1335 sourcePreserved=true sourceContentHash=2713962f0faa2dae49805e1b7e3a1673199a2cca915334d11421b354cd8f591c derivative=73f48d3455b67d67d7ad384d96375e420c8b936b6135675e1945c518ecef326c
UnityEngine.Debug:Log (object)
Game.Editor.CH05M01CitywideAlertConfigBuilder:BuildPhysicalMap () (at Assets/Game/Scripts/Editor/CH05M01CitywideAlertConfigBuilder.cs:198)
Game.Editor.CH05M01CitywideAlertConfigBuilder:Build () (at Assets/Game/Scripts/Editor/CH05M01CitywideAlertConfigBuilder.cs:59)
Game.Editor.CH05M01CitywideAlertIntegration:Build () (at Assets/Game/Scripts/Editor/CH05M01CitywideAlertIntegration.cs:9)
System.Reflection.MethodBase:Invoke (object,object[])
Game.Editor.ExistingEditorValidation/<Run>d__9:MoveNext () (at Assets/Game/Scripts/Editor/ExistingEditorValidation.cs:92)
System.Runtime.CompilerServices.AsyncVoidMethodBuilder:Start<Game.Editor.ExistingEditorValidation/<Run>d__9> (Game.Editor.ExistingEditorValidation/<Run>d__9&)
Game.Editor.ExistingEditorValidation:Run (string,string)
PipelineEvaluation.PipelineEval_0e3c588c/<>c__DisplayClass0_0:<Execute>b__0 ()
UnityEditor.EditorApplication:Internal_CallUpdateFunctions () (at /Users/bokken/build/output/unity/unity/Editor/Mono/EditorApplication.cs:403)

Loaded 1 ExamplePackConfig assets
UnityEngine.Debug:Log (object)
SyntyPackageHelper:LoadSyntyPackageHelperConfigs () (at Assets/Synty/SyntyPackageHelper/Editor/SyntyPackageHelper.cs:46)
SyntyPackageHelper:OnProjectChanged () (at Assets/Synty/SyntyPackageHelper/Editor/SyntyPackageHelper.cs:55)
UnityEditor.AssetDatabase:CreateAsset (UnityEngine.Object,string)
Game.Editor.CH05M01CitywideAlertConfigBuilder:Clone<Game.Configs.ScenarioSetupConfig> (string,string) (at Assets/Game/Scripts/Editor/CH05M01CitywideAlertConfigBuilder.cs:314)
Game.Editor.CH05M01CitywideAlertConfigBuilder:BuildScenario () (at Assets/Game/Scripts/Editor/CH05M01CitywideAlertConfigBuilder.Scenario.cs:46)
Game.Editor.CH05M01CitywideAlertConfigBuilder:Build () (at Assets/Game/Scripts/Editor/CH05M01CitywideAlertConfigBuilder.cs:59)
Game.Editor.CH05M01CitywideAlertIntegration:Build () (at Assets/Game/Scripts/Editor/CH05M01CitywideAlertIntegration.cs:9)
System.Reflection.MethodBase:Invoke (object,object[])
Game.Editor.ExistingEditorValidation/<Run>d__9:MoveNext () (at Assets/Game/Scripts/Editor/ExistingEditorValidation.cs:92)
System.Runtime.CompilerServices.AsyncVoidMethodBuilder:Start<Game.Editor.ExistingEditorValidation/<Run>d__9> (Game.Editor.ExistingEditorValidation/<Run>d__9&)
Game.Editor.ExistingEditorValidation:Run (string,string)
PipelineEvaluation.PipelineEval_0e3c588c/<>c__DisplayClass0_0:<Execute>b__0 ()
UnityEditor.EditorApplication:Internal_CallUpdateFunctions () (at /Users/bokken/build/output/unity/unity/Editor/Mono/EditorApplication.cs:403)

[CitywideAlertSupportContext] result=Passed scope=mission,map,source finiteFuel=ownedReserve protected=clinic+utility route=authored allowed=existing-unlocked readiness=preserved
UnityEngine.Debug:Log (object)
Game.Editor.CH05M01CitywideAlertConfigBuilder:BuildSupportContext () (at Assets/Game/Scripts/Editor/CH05M01CitywideAlertConfigBuilder.Support.cs:46)
Game.Editor.CH05M01CitywideAlertConfigBuilder:Build () (at Assets/Game/Scripts/Editor/CH05M01CitywideAlertConfigBuilder.cs:59)
Game.Editor.CH05M01CitywideAlertIntegration:Build () (at Assets/Game/Scripts/Editor/CH05M01CitywideAlertIntegration.cs:9)
System.Reflection.MethodBase:Invoke (object,object[])
Game.Editor.ExistingEditorValidation/<Run>d__9:MoveNext () (at Assets/Game/Scripts/Editor/ExistingEditorValidation.cs:92)
System.Runtime.CompilerServices.AsyncVoidMethodBuilder:Start<Game.Editor.ExistingEditorValidation/<Run>d__9> (Game.Editor.ExistingEditorValidation/<Run>d__9&)
Game.Editor.ExistingEditorValidation:Run (string,string)
PipelineEvaluation.PipelineEval_0e3c588c/<>c__DisplayClass0_0:<Execute>b__0 ()
UnityEditor.EditorApplication:Internal_CallUpdateFunctions () (at /Users/bokken/build/output/unity/unity/Editor/Mono/EditorApplication.cs:403)

[CitywideAlertConfig] result=Passed civicFronts=2 producers=2 reserves=2 originals=27 realServices=true
UnityEngine.Debug:Log (object)
Game.Editor.CH05M01CitywideAlertConfigBuilder:Build () (at Assets/Game/Scripts/Editor/CH05M01CitywideAlertConfigBuilder.cs:61)
Game.Editor.CH05M01CitywideAlertIntegration:Build () (at Assets/Game/Scripts/Editor/CH05M01CitywideAlertIntegration.cs:9)
System.Reflection.MethodBase:Invoke (object,object[])
Game.Editor.ExistingEditorValidation/<Run>d__9:MoveNext () (at Assets/Game/Scripts/Editor/ExistingEditorValidation.cs:92)
System.Runtime.CompilerServices.AsyncVoidMethodBuilder:Start<Game.Editor.ExistingEditorValidation/<Run>d__9> (Game.Editor.ExistingEditorValidation/<Run>d__9&)
Game.Editor.ExistingEditorValidation:Run (string,string)
PipelineEvaluation.PipelineEval_0e3c588c/<>c__DisplayClass0_0:<Execute>b__0 ()
UnityEditor.EditorApplication:Internal_CallUpdateFunctions () (at /Users/bokken/build/output/unity/unity/Editor/Mono/EditorApplication.cs:403)

[CitywideAlertMedia] result=Passed comics=4 dialogueCrops=14 voices=28 mode=voiced
UnityEngine.Debug:Log (object)
Game.Editor.CH05M01CitywideAlertNarrativeBuilder:ConfigureMedia () (at Assets/Game/Scripts/Editor/CH05M01CitywideAlertNarrativeBuilder.cs:156)
Game.Editor.CH05M01CitywideAlertNarrativeBuilder:BuildAndInstall () (at Assets/Game/Scripts/Editor/CH05M01CitywideAlertNarrativeBuilder.cs:79)
Game.Editor.CH05M01CitywideAlertIntegration:Finish () (at Assets/Game/Scripts/Editor/CH05M01CitywideAlertIntegration.cs:14)
Game.Editor.CH05M01CitywideAlertIntegration:Build () (at Assets/Game/Scripts/Editor/CH05M01CitywideAlertIntegration.cs:10)
System.Reflection.MethodBase:Invoke (object,object[])
Game.Editor.ExistingEditorValidation/<Run>d__9:MoveNext () (at Assets/Game/Scripts/Editor/ExistingEditorValidation.cs:92)
System.Runtime.CompilerServices.AsyncVoidMethodBuilder:Start<Game.Editor.ExistingEditorValidation/<Run>d__9> (Game.Editor.ExistingEditorValidation/<Run>d__9&)
Game.Editor.ExistingEditorValidation:Run (string,string)
PipelineEvaluation.PipelineEval_0e3c588c/<>c__DisplayClass0_0:<Execute>b__0 ()
UnityEditor.EditorApplication:Internal_CallUpdateFunctions () (at /Users/bokken/build/output/unity/unity/Editor/Mono/EditorApplication.cs:403)

Main Object Name 'CH05M01_CitywideAlert_brief' does not match filename 'CH05M01_CitywideAlert_Narrative'
UnityEditor.AddressableAssets.Settings.AddressableAssetSettings:CreateGroup (string,bool,bool,bool,System.Collections.Generic.List`1<UnityEditor.AddressableAssets.Settings.AddressableAssetGroupSchema>,System.Type[])
Game.Editor.CH05M01CitywideAlertNarrativeBuilder:SetPanel (Game.Configs.NarrativeStateRecord,string,string,bool,int) (at Assets/Game/Scripts/Editor/CH05M01CitywideAlertNarrativeBuilder.cs:227)
Game.Editor.CH05M01CitywideAlertNarrativeBuilder:ConfigureSequence (string,Game.Configs.CitywideAlertNarrativeLine[],string,Game.Configs.NarrativeSequenceConfig) (at Assets/Game/Scripts/Editor/CH05M01CitywideAlertNarrativeBuilder.cs:213)
Game.Editor.CH05M01CitywideAlertNarrativeBuilder:BuildAndInstall () (at Assets/Game/Scripts/Editor/CH05M01CitywideAlertNarrativeBuilder.cs:85)
Game.Editor.CH05M01CitywideAlertIntegration:Finish () (at Assets/Game/Scripts/Editor/CH05M01CitywideAlertIntegration.cs:14)
Game.Editor.CH05M01CitywideAlertIntegration:Build () (at Assets/Game/Scripts/Editor/CH05M01CitywideAlertIntegration.cs:10)
System.Reflection.MethodBase:Invoke (object,object[])
Game.Editor.ExistingEditorValidation/<Run>d__9:MoveNext () (at Assets/Game/Scripts/Editor/ExistingEditorValidation.cs:92)
System.Runtime.CompilerServices.AsyncVoidMethodBuilder:Start<Game.Editor.ExistingEditorValidation/<Run>d__9> (Game.Editor.ExistingEditorValidation/<Run>d__9&)
Game.Editor.ExistingEditorValidation:Run (string,string)
PipelineEvaluation.PipelineEval_0e3c588c/<>c__DisplayClass0_0:<Execute>b__0 ()
UnityEditor.EditorApplication:Internal_CallUpdateFunctions ()

Main Object Name 'CH05M01_CitywideAlert_brief' does not match filename 'CH05M01_CitywideAlert_Narrative'
UnityEngine.StackTraceUtility:ExtractStackTrace ()
Game.Editor.CH05M01CitywideAlertNarrativeBuilder:BuildAndInstall () (at Assets/Game/Scripts/Editor/CH05M01CitywideAlertNarrativeBuilder.cs:86)
Game.Editor.CH05M01CitywideAlertIntegration:Finish () (at Assets/Game/Scripts/Editor/CH05M01CitywideAlertIntegration.cs:14)
Game.Editor.CH05M01CitywideAlertIntegration:Build () (at Assets/Game/Scripts/Editor/CH05M01CitywideAlertIntegration.cs:10)
System.Reflection.MethodBase:Invoke (object,object[])
Game.Editor.ExistingEditorValidation/<Run>d__9:MoveNext () (at Assets/Game/Scripts/Editor/ExistingEditorValidation.cs:92)
System.Runtime.CompilerServices.AsyncVoidMethodBuilder:Start<Game.Editor.ExistingEditorValidation/<Run>d__9> (Game.Editor.ExistingEditorValidation/<Run>d__9&)
Game.Editor.ExistingEditorValidation:Run (string,string)
PipelineEvaluation.PipelineEval_0e3c588c/<>c__DisplayClass0_0:<Execute>b__0 ()
UnityEditor.EditorApplication:Internal_CallUpdateFunctions ()

[CampaignComicCoverage] result=Passed mission=seq.ch05.m01. dialogueStates=7 aspects=2
UnityEngine.Debug:Log (object)
Game.Editor.CampaignMissionComicCoverageValidation:ValidateMission (string,string) (at Assets/Game/Scripts/Editor/CampaignMissionComicCoverageValidation.cs:55)
Game.Editor.CampaignMissionComicCoverageValidation:ValidateMissionDistinct (string,string) (at Assets/Game/Scripts/Editor/CampaignMissionComicCoverageValidation.cs:60)
Game.Editor.CH05M01CitywideAlertNarrativeBuilder:BuildAndInstall () (at Assets/Game/Scripts/Editor/CH05M01CitywideAlertNarrativeBuilder.cs:87)
Game.Editor.CH05M01CitywideAlertIntegration:Finish () (at Assets/Game/Scripts/Editor/CH05M01CitywideAlertIntegration.cs:14)
Game.Editor.CH05M01CitywideAlertIntegration:Build () (at Assets/Game/Scripts/Editor/CH05M01CitywideAlertIntegration.cs:10)
System.Reflection.MethodBase:Invoke (object,object[])
Game.Editor.ExistingEditorValidation/<Run>d__9:MoveNext () (at Assets/Game/Scripts/Editor/ExistingEditorValidation.cs:92)
System.Runtime.CompilerServices.AsyncVoidMethodBuilder:Start<Game.Editor.ExistingEditorValidation/<Run>d__9> (Game.Editor.ExistingEditorValidation/<Run>d__9&)
Game.Editor.ExistingEditorValidation:Run (string,string)
PipelineEvaluation.PipelineEval_0e3c588c/<>c__DisplayClass0_0:<Execute>b__0 ()
UnityEditor.EditorApplication:Internal_CallUpdateFunctions () (at /Users/bokken/build/output/unity/unity/Editor/Mono/EditorApplication.cs:403)

[CampaignComicDistinctness] result=Passed mission=seq.ch05.m01. dialogueStates=7 distinct16x9=7 distinct20x9=7
UnityEngine.Debug:Log (object)
Game.Editor.CampaignMissionComicCoverageValidation:ValidateMissionDistinct (string,string) (at Assets/Game/Scripts/Editor/CampaignMissionComicCoverageValidation.cs:64)
Game.Editor.CH05M01CitywideAlertNarrativeBuilder:BuildAndInstall () (at Assets/Game/Scripts/Editor/CH05M01CitywideAlertNarrativeBuilder.cs:87)
Game.Editor.CH05M01CitywideAlertIntegration:Finish () (at Assets/Game/Scripts/Editor/CH05M01CitywideAlertIntegration.cs:14)
Game.Editor.CH05M01CitywideAlertIntegration:Build () (at Assets/Game/Scripts/Editor/CH05M01CitywideAlertIntegration.cs:10)
System.Reflection.MethodBase:Invoke (object,object[])
Game.Editor.ExistingEditorValidation/<Run>d__9:MoveNext () (at Assets/Game/Scripts/Editor/ExistingEditorValidation.cs:92)
System.Runtime.CompilerServices.AsyncVoidMethodBuilder:Start<Game.Editor.ExistingEditorValidation/<Run>d__9> (Game.Editor.ExistingEditorValidation/<Run>d__9&)
Game.Editor.ExistingEditorValidation:Run (string,string)
PipelineEvaluation.PipelineEval_0e3c588c/<>c__DisplayClass0_0:<Execute>b__0 ()
UnityEditor.EditorApplication:Internal_CallUpdateFunctions () (at /Users/bokken/build/output/unity/unity/Editor/Mono/EditorApplication.cs:403)

[CampaignComicCoverage] result=Passed mission=seq.ch05.open.citywide_command dialogueStates=7 aspects=2
UnityEngine.Debug:Log (object)
Game.Editor.CampaignMissionComicCoverageValidation:ValidateMission (string,string) (at Assets/Game/Scripts/Editor/CampaignMissionComicCoverageValidation.cs:55)
Game.Editor.CampaignMissionComicCoverageValidation:ValidateMissionDistinct (string,string) (at Assets/Game/Scripts/Editor/CampaignMissionComicCoverageValidation.cs:60)
Game.Editor.CH05M01CitywideAlertNarrativeBuilder:BuildAndInstall () (at Assets/Game/Scripts/Editor/CH05M01CitywideAlertNarrativeBuilder.cs:88)
Game.Editor.CH05M01CitywideAlertIntegration:Finish () (at Assets/Game/Scripts/Editor/CH05M01CitywideAlertIntegration.cs:14)
Game.Editor.CH05M01CitywideAlertIntegration:Build () (at Assets/Game/Scripts/Editor/CH05M01CitywideAlertIntegration.cs:10)
System.Reflection.MethodBase:Invoke (object,object[])
Game.Editor.ExistingEditorValidation/<Run>d__9:MoveNext () (at Assets/Game/Scripts/Editor/ExistingEditorValidation.cs:92)
System.Runtime.CompilerServices.AsyncVoidMethodBuilder:Start<Game.Editor.ExistingEditorValidation/<Run>d__9> (Game.Editor.ExistingEditorValidation/<Run>d__9&)
Game.Editor.ExistingEditorValidation:Run (string,string)
PipelineEvaluation.PipelineEval_0e3c588c/<>c__DisplayClass0_0:<Execute>b__0 ()
UnityEditor.EditorApplication:Internal_CallUpdateFunctions () (at /Users/bokken/build/output/unity/unity/Editor/Mono/EditorApplication.cs:403)

[CampaignComicDistinctness] result=Passed mission=seq.ch05.open.citywide_command dialogueStates=7 distinct16x9=7 distinct20x9=7
UnityEngine.Debug:Log (object)
Game.Editor.CampaignMissionComicCoverageValidation:ValidateMissionDistinct (string,string) (at Assets/Game/Scripts/Editor/CampaignMissionComicCoverageValidation.cs:64)
Game.Editor.CH05M01CitywideAlertNarrativeBuilder:BuildAndInstall () (at Assets/Game/Scripts/Editor/CH05M01CitywideAlertNarrativeBuilder.cs:88)
Game.Editor.CH05M01CitywideAlertIntegration:Finish () (at Assets/Game/Scripts/Editor/CH05M01CitywideAlertIntegration.cs:14)
Game.Editor.CH05M01CitywideAlertIntegration:Build () (at Assets/Game/Scripts/Editor/CH05M01CitywideAlertIntegration.cs:10)
System.Reflection.MethodBase:Invoke (object,object[])
Game.Editor.ExistingEditorValidation/<Run>d__9:MoveNext () (at Assets/Game/Scripts/Editor/ExistingEditorValidation.cs:92)
System.Runtime.CompilerServices.AsyncVoidMethodBuilder:Start<Game.Editor.ExistingEditorValidation/<Run>d__9> (Game.Editor.ExistingEditorValidation/<Run>d__9&)
Game.Editor.ExistingEditorValidation:Run (string,string)
PipelineEvaluation.PipelineEval_0e3c588c/<>c__DisplayClass0_0:<Execute>b__0 ()
UnityEditor.EditorApplication:Internal_CallUpdateFunctions () (at /Users/bokken/build/output/unity/unity/Editor/Mono/EditorApplication.cs:403)

[CitywideAlertNarrative] result=Passed sequences=4 dialogueStates=14 locales=en,fa-IR missionComics=3 chapterOpeningPanels=7
UnityEngine.Debug:Log (object)
Game.Editor.CH05M01CitywideAlertNarrativeBuilder:BuildAndInstall () (at Assets/Game/Scripts/Editor/CH05M01CitywideAlertNarrativeBuilder.cs:100)
Game.Editor.CH05M01CitywideAlertIntegration:Finish () (at Assets/Game/Scripts/Editor/CH05M01CitywideAlertIntegration.cs:14)
Game.Editor.CH05M01CitywideAlertIntegration:Build () (at Assets/Game/Scripts/Editor/CH05M01CitywideAlertIntegration.cs:10)
System.Reflection.MethodBase:Invoke (object,object[])
Game.Editor.ExistingEditorValidation/<Run>d__9:MoveNext () (at Assets/Game/Scripts/Editor/ExistingEditorValidation.cs:92)
System.Runtime.CompilerServices.AsyncVoidMethodBuilder:Start<Game.Editor.ExistingEditorValidation/<Run>d__9> (Game.Editor.ExistingEditorValidation/<Run>d__9&)
Game.Editor.ExistingEditorValidation:Run (string,string)
PipelineEvaluation.PipelineEval_0e3c588c/<>c__DisplayClass0_0:<Execute>b__0 ()
UnityEditor.EditorApplication:Internal_CallUpdateFunctions () (at /Users/bokken/build/output/unity/unity/Editor/Mono/EditorApplication.cs:403)

[CitywideAlertPresentation] result=Passed existingHud=1 newCommandButtons=0 locales=2 markers=approved-style
UnityEngine.Debug:Log (object)
Game.Editor.CH05M01CitywideAlertPresentationBuilder:Build () (at Assets/Game/Scripts/Editor/CH05M01CitywideAlertPresentationBuilder.cs:20)
Game.Editor.CH05M01CitywideAlertIntegration:Finish () (at Assets/Game/Scripts/Editor/CH05M01CitywideAlertIntegration.cs:15)
Game.Editor.CH05M01CitywideAlertIntegration:Build () (at Assets/Game/Scripts/Editor/CH05M01CitywideAlertIntegration.cs:10)
System.Reflection.MethodBase:Invoke (object,object[])
Game.Editor.ExistingEditorValidation/<Run>d__9:MoveNext () (at Assets/Game/Scripts/Editor/ExistingEditorValidation.cs:92)
System.Runtime.CompilerServices.AsyncVoidMethodBuilder:Start<Game.Editor.ExistingEditorValidation/<Run>d__9> (Game.Editor.ExistingEditorValidation/<Run>d__9&)
Game.Editor.ExistingEditorValidation:Run (string,string)
PipelineEvaluation.PipelineEval_0e3c588c/<>c__DisplayClass0_0:<Execute>b__0 ()
UnityEditor.EditorApplication:Internal_CallUpdateFunctions () (at /Users/bokken/build/output/unity/unity/Editor/Mono/EditorApplication.cs:403)

[M01FirstContactConfigBuilder] result=Passed scope=ChapterCatalogs missions=20 maps=27
UnityEngine.Debug:Log (object)
Game.Editor.M01FirstContactConfigBuilder:RefreshChapterCatalogs () (at Assets/Game/Scripts/Editor/M01FirstContactConfigBuilder.cs:75)
Game.Editor.CH05M01CitywideAlertIntegration:Finish () (at Assets/Game/Scripts/Editor/CH05M01CitywideAlertIntegration.cs:16)
Game.Editor.CH05M01CitywideAlertIntegration:Build () (at Assets/Game/Scripts/Editor/CH05M01CitywideAlertIntegration.cs:10)
System.Reflection.MethodBase:Invoke (object,object[])
Game.Editor.ExistingEditorValidation/<Run>d__9:MoveNext () (at Assets/Game/Scripts/Editor/ExistingEditorValidation.cs:92)
System.Runtime.CompilerServices.AsyncVoidMethodBuilder:Start<Game.Editor.ExistingEditorValidation/<Run>d__9> (Game.Editor.ExistingEditorValidation/<Run>d__9&)
Game.Editor.ExistingEditorValidation:Run (string,string)
PipelineEvaluation.PipelineEval_0e3c588c/<>c__DisplayClass0_0:<Execute>b__0 ()
UnityEditor.EditorApplication:Internal_CallUpdateFunctions () (at /Users/bokken/build/output/unity/unity/Editor/Mono/EditorApplication.cs:403)

[CitywideAlertContentRegistration] result=Passed ownAssets=8 added=8 GUIDLookup=Supported existingEntries=Preserved
UnityEngine.Debug:Log (object)
Game.Editor.CH05M01CitywideAlertContentBuilder:RegisterProductionEntries () (at Assets/Game/Scripts/Editor/CH05M01CitywideAlertContentBuilder.cs:53)
Game.Editor.CH05M01CitywideAlertIntegration:Finish () (at Assets/Game/Scripts/Editor/CH05M01CitywideAlertIntegration.cs:17)
Game.Editor.CH05M01CitywideAlertIntegration:Build () (at Assets/Game/Scripts/Editor/CH05M01CitywideAlertIntegration.cs:10)
System.Reflection.MethodBase:Invoke (object,object[])
Game.Editor.ExistingEditorValidation/<Run>d__9:MoveNext () (at Assets/Game/Scripts/Editor/ExistingEditorValidation.cs:92)
System.Runtime.CompilerServices.AsyncVoidMethodBuilder:Start<Game.Editor.ExistingEditorValidation/<Run>d__9> (Game.Editor.ExistingEditorValidation/<Run>d__9&)
Game.Editor.ExistingEditorValidation:Run (string,string)
PipelineEvaluation.PipelineEval_0e3c588c/<>c__DisplayClass0_0:<Execute>b__0 ()
UnityEditor.EditorApplication:Internal_CallUpdateFunctions () (at /Users/bokken/build/output/unity/unity/Editor/Mono/EditorApplication.cs:403)

[CitywideAlertIntegration] result=Passed map=independent-bounded-urban controls=existing campaignIndex=20
UnityEngine.Debug:Log (object)
Game.Editor.CH05M01CitywideAlertIntegration:Finish () (at Assets/Game/Scripts/Editor/CH05M01CitywideAlertIntegration.cs:19)
Game.Editor.CH05M01CitywideAlertIntegration:Build () (at Assets/Game/Scripts/Editor/CH05M01CitywideAlertIntegration.cs:10)
System.Reflection.MethodBase:Invoke (object,object[])
Game.Editor.ExistingEditorValidation/<Run>d__9:MoveNext () (at Assets/Game/Scripts/Editor/ExistingEditorValidation.cs:92)
System.Runtime.CompilerServices.AsyncVoidMethodBuilder:Start<Game.Editor.ExistingEditorValidation/<Run>d__9> (Game.Editor.ExistingEditorValidation/<Run>d__9&)
Game.Editor.ExistingEditorValidation:Run (string,string)
PipelineEvaluation.PipelineEval_0e3c588c/<>c__DisplayClass0_0:<Execute>b__0 ()
UnityEditor.EditorApplication:Internal_CallUpdateFunctions () (at /Users/bokken/build/output/unity/unity/Editor/Mono/EditorApplication.cs:403)

[ExistingEditorValidation] result=Passed executeMethod=Game.Editor.CH05M01CitywideAlertIntegration.Build
UnityEngine.Debug:Log (object)
Game.Editor.ExistingEditorValidation/<Run>d__9:MoveNext () (at Assets/Game/Scripts/Editor/ExistingEditorValidation.cs:109)
System.Runtime.CompilerServices.AsyncVoidMethodBuilder:Start<Game.Editor.ExistingEditorValidation/<Run>d__9> (Game.Editor.ExistingEditorValidation/<Run>d__9&)
Game.Editor.ExistingEditorValidation:Run (string,string)
PipelineEvaluation.PipelineEval_0e3c588c/<>c__DisplayClass0_0:<Execute>b__0 ()
UnityEditor.EditorApplication:Internal_CallUpdateFunctions () (at /Users/bokken/build/output/unity/unity/Editor/Mono/EditorApplication.cs:403)

