[ExistingEditorValidation] project=/Users/farhad/Projects/WarlineCapture/Assets executeMethod=Game.Editor.CH05M01CitywideAlertIntegration.Build
UnityEngine.Debug:Log (object)
Game.Editor.ExistingEditorValidation/<Run>d__9:MoveNext () (at Assets/Game/Scripts/Editor/ExistingEditorValidation.cs:90)
System.Runtime.CompilerServices.AsyncVoidMethodBuilder:Start<Game.Editor.ExistingEditorValidation/<Run>d__9> (Game.Editor.ExistingEditorValidation/<Run>d__9&)
Game.Editor.ExistingEditorValidation:Run (string,string)
PipelineEvaluation.PipelineEval_c7ba5519/<>c__DisplayClass0_0:<Execute>b__0 ()
UnityEditor.EditorApplication:Internal_CallUpdateFunctions () (at /Users/bokken/build/output/unity/unity/Editor/Mono/EditorApplication.cs:403)

[CitywideAlertBuilderRevision] source=urban-civic-v6-qualified-reserves-independent-prefabs canonicalMovementMask=Preserved explicitMoves=Required
UnityEngine.Debug:Log (object)
Game.Editor.CH05M01CitywideAlertConfigBuilder:ReportBuilderRevision () (at Assets/Game/Scripts/Editor/CH05M01CitywideAlertConfigBuilder.cs:43)
Game.Editor.CH05M01CitywideAlertConfigBuilder:Build () (at Assets/Game/Scripts/Editor/CH05M01CitywideAlertConfigBuilder.cs:56)
Game.Editor.CH05M01CitywideAlertIntegration:Build () (at Assets/Game/Scripts/Editor/CH05M01CitywideAlertIntegration.cs:9)
System.Reflection.MethodBase:Invoke (object,object[])
Game.Editor.ExistingEditorValidation/<Run>d__9:MoveNext () (at Assets/Game/Scripts/Editor/ExistingEditorValidation.cs:92)
System.Runtime.CompilerServices.AsyncVoidMethodBuilder:Start<Game.Editor.ExistingEditorValidation/<Run>d__9> (Game.Editor.ExistingEditorValidation/<Run>d__9&)
Game.Editor.ExistingEditorValidation:Run (string,string)
PipelineEvaluation.PipelineEval_c7ba5519/<>c__DisplayClass0_0:<Execute>b__0 ()
UnityEditor.EditorApplication:Internal_CallUpdateFunctions () (at /Users/bokken/build/output/unity/unity/Editor/Mono/EditorApplication.cs:403)

[CitywideAlertAcceptedMigration] convertedRenderOnly=8160 retiredAccepted=8546 removedAuthoredVehicles=22 cropAndStaticMask=PendingPhysicalPass
UnityEngine.Debug:Log (object)
Game.Editor.CH05M01CitywideAlertConfigBuilder:MigrateAcceptedPresentation (UnityEngine.SceneManagement.Scene) (at Assets/Game/Scripts/Editor/CH05M01CitywideAlertConfigBuilder.cs:265)
Game.Editor.CH05M01CitywideAlertConfigBuilder:BuildPhysicalMap () (at Assets/Game/Scripts/Editor/CH05M01CitywideAlertConfigBuilder.cs:117)
Game.Editor.CH05M01CitywideAlertConfigBuilder:Build () (at Assets/Game/Scripts/Editor/CH05M01CitywideAlertConfigBuilder.cs:60)
Game.Editor.CH05M01CitywideAlertIntegration:Build () (at Assets/Game/Scripts/Editor/CH05M01CitywideAlertIntegration.cs:9)
System.Reflection.MethodBase:Invoke (object,object[])
Game.Editor.ExistingEditorValidation/<Run>d__9:MoveNext () (at Assets/Game/Scripts/Editor/ExistingEditorValidation.cs:92)
System.Runtime.CompilerServices.AsyncVoidMethodBuilder:Start<Game.Editor.ExistingEditorValidation/<Run>d__9> (Game.Editor.ExistingEditorValidation/<Run>d__9&)
Game.Editor.ExistingEditorValidation:Run (string,string)
PipelineEvaluation.PipelineEval_c7ba5519/<>c__DisplayClass0_0:<Execute>b__0 ()
UnityEditor.EditorApplication:Internal_CallUpdateFunctions () (at /Users/bokken/build/output/unity/unity/Editor/Mono/EditorApplication.cs:403)

[CitywideAlertNativeOwnership] result=Passed repairedGameplayIdentities=111 owners=325 renderOnly=2654 identities=2979 Grid=1 Surface=1 counts=GlobalReadinessContract
UnityEngine.Debug:Log (object)
Game.Editor.CH05M01CitywideAlertConfigBuilder:ConfigureNativeOwnership (UnityEngine.SceneManagement.Scene) (at Assets/Game/Scripts/Editor/CH05M01CitywideAlertConfigBuilder.cs:231)
Game.Editor.CH05M01CitywideAlertConfigBuilder:BuildPhysicalMap () (at Assets/Game/Scripts/Editor/CH05M01CitywideAlertConfigBuilder.cs:159)
Game.Editor.CH05M01CitywideAlertConfigBuilder:Build () (at Assets/Game/Scripts/Editor/CH05M01CitywideAlertConfigBuilder.cs:60)
Game.Editor.CH05M01CitywideAlertIntegration:Build () (at Assets/Game/Scripts/Editor/CH05M01CitywideAlertIntegration.cs:9)
System.Reflection.MethodBase:Invoke (object,object[])
Game.Editor.ExistingEditorValidation/<Run>d__9:MoveNext () (at Assets/Game/Scripts/Editor/ExistingEditorValidation.cs:92)
System.Runtime.CompilerServices.AsyncVoidMethodBuilder:Start<Game.Editor.ExistingEditorValidation/<Run>d__9> (Game.Editor.ExistingEditorValidation/<Run>d__9&)
Game.Editor.ExistingEditorValidation:Run (string,string)
PipelineEvaluation.PipelineEval_c7ba5519/<>c__DisplayClass0_0:<Execute>b__0 ()
UnityEditor.EditorApplication:Internal_CallUpdateFunctions () (at /Users/bokken/build/output/unity/unity/Editor/Mono/EditorApplication.cs:403)

[CitywideAlertMinimap] result=Passed mode=NativeURP crop=860,300,440,220 blackUniformGate=Passed
UnityEngine.Debug:Log (object)
Game.Editor.CH05M01CitywideAlertConfigBuilder:CreateMinimap (UnityEngine.SceneManagement.Scene) (at Assets/Game/Scripts/Editor/CH05M01CitywideAlertConfigBuilder.cs:355)
Game.Editor.CH05M01CitywideAlertConfigBuilder:BuildPhysicalMap () (at Assets/Game/Scripts/Editor/CH05M01CitywideAlertConfigBuilder.cs:166)
Game.Editor.CH05M01CitywideAlertConfigBuilder:Build () (at Assets/Game/Scripts/Editor/CH05M01CitywideAlertConfigBuilder.cs:60)
Game.Editor.CH05M01CitywideAlertIntegration:Build () (at Assets/Game/Scripts/Editor/CH05M01CitywideAlertIntegration.cs:9)
System.Reflection.MethodBase:Invoke (object,object[])
Game.Editor.ExistingEditorValidation/<Run>d__9:MoveNext () (at Assets/Game/Scripts/Editor/ExistingEditorValidation.cs:92)
System.Runtime.CompilerServices.AsyncVoidMethodBuilder:Start<Game.Editor.ExistingEditorValidation/<Run>d__9> (Game.Editor.ExistingEditorValidation/<Run>d__9&)
Game.Editor.ExistingEditorValidation:Run (string,string)
PipelineEvaluation.PipelineEval_c7ba5519/<>c__DisplayClass0_0:<Execute>b__0 ()
UnityEditor.EditorApplication:Internal_CallUpdateFunctions () (at /Users/bokken/build/output/unity/unity/Editor/Mono/EditorApplication.cs:403)

[CitywideAlertCivicClearance] result=Passed serviceLots=2 productionLots=2 reserveLots=2 healthOwners=RuntimeBuildingPlacement
UnityEngine.Debug:Log (object)
Game.Editor.CH05M01CitywideAlertConfigBuilder:ValidateCivicClearance (UnityEngine.SceneManagement.Scene) (at Assets/Game/Scripts/Editor/CH05M01CitywideAlertConfigBuilder.cs:299)
Game.Editor.CH05M01CitywideAlertConfigBuilder:BuildPhysicalMap () (at Assets/Game/Scripts/Editor/CH05M01CitywideAlertConfigBuilder.cs:168)
Game.Editor.CH05M01CitywideAlertConfigBuilder:Build () (at Assets/Game/Scripts/Editor/CH05M01CitywideAlertConfigBuilder.cs:60)
Game.Editor.CH05M01CitywideAlertIntegration:Build () (at Assets/Game/Scripts/Editor/CH05M01CitywideAlertIntegration.cs:9)
System.Reflection.MethodBase:Invoke (object,object[])
Game.Editor.ExistingEditorValidation/<Run>d__9:MoveNext () (at Assets/Game/Scripts/Editor/ExistingEditorValidation.cs:92)
System.Runtime.CompilerServices.AsyncVoidMethodBuilder:Start<Game.Editor.ExistingEditorValidation/<Run>d__9> (Game.Editor.ExistingEditorValidation/<Run>d__9&)
Game.Editor.ExistingEditorValidation:Run (string,string)
PipelineEvaluation.PipelineEval_c7ba5519/<>c__DisplayClass0_0:<Execute>b__0 ()
UnityEditor.EditorApplication:Internal_CallUpdateFunctions () (at /Users/bokken/build/output/unity/unity/Editor/Mono/EditorApplication.cs:403)

[CitywideAlertRoutes] result=Passed boulevard=401x7 independentInfantryEgress=2x75x3 buildLots=6 grid=440x220 combinedOwnerSurfaceMask=true
UnityEngine.Debug:Log (object)
Game.Editor.CH05M01CitywideAlertConfigBuilder:ValidateRoutes () (at Assets/Game/Scripts/Editor/CH05M01CitywideAlertConfigBuilder.cs:440)
Game.Editor.CH05M01CitywideAlertConfigBuilder:BuildPhysicalMap () (at Assets/Game/Scripts/Editor/CH05M01CitywideAlertConfigBuilder.cs:198)
Game.Editor.CH05M01CitywideAlertConfigBuilder:Build () (at Assets/Game/Scripts/Editor/CH05M01CitywideAlertConfigBuilder.cs:60)
Game.Editor.CH05M01CitywideAlertIntegration:Build () (at Assets/Game/Scripts/Editor/CH05M01CitywideAlertIntegration.cs:9)
System.Reflection.MethodBase:Invoke (object,object[])
Game.Editor.ExistingEditorValidation/<Run>d__9:MoveNext () (at Assets/Game/Scripts/Editor/ExistingEditorValidation.cs:92)
System.Runtime.CompilerServices.AsyncVoidMethodBuilder:Start<Game.Editor.ExistingEditorValidation/<Run>d__9> (Game.Editor.ExistingEditorValidation/<Run>d__9&)
Game.Editor.ExistingEditorValidation:Run (string,string)
PipelineEvaluation.PipelineEval_c7ba5519/<>c__DisplayClass0_0:<Execute>b__0 ()
UnityEditor.EditorApplication:Internal_CallUpdateFunctions () (at /Users/bokken/build/output/unity/unity/Editor/Mono/EditorApplication.cs:403)

[CitywideAlertMap] result=Passed removedStatic=41978 identities=2979 sourcePreserved=true sourceContentHash=2713962f0faa2dae49805e1b7e3a1673199a2cca915334d11421b354cd8f591c derivative=c4374956ee36e76b94dd391589af5e48ba4b3abeb222c49c3a6f83510e9f344f
UnityEngine.Debug:Log (object)
Game.Editor.CH05M01CitywideAlertConfigBuilder:BuildPhysicalMap () (at Assets/Game/Scripts/Editor/CH05M01CitywideAlertConfigBuilder.cs:201)
Game.Editor.CH05M01CitywideAlertConfigBuilder:Build () (at Assets/Game/Scripts/Editor/CH05M01CitywideAlertConfigBuilder.cs:60)
Game.Editor.CH05M01CitywideAlertIntegration:Build () (at Assets/Game/Scripts/Editor/CH05M01CitywideAlertIntegration.cs:9)
System.Reflection.MethodBase:Invoke (object,object[])
Game.Editor.ExistingEditorValidation/<Run>d__9:MoveNext () (at Assets/Game/Scripts/Editor/ExistingEditorValidation.cs:92)
System.Runtime.CompilerServices.AsyncVoidMethodBuilder:Start<Game.Editor.ExistingEditorValidation/<Run>d__9> (Game.Editor.ExistingEditorValidation/<Run>d__9&)
Game.Editor.ExistingEditorValidation:Run (string,string)
PipelineEvaluation.PipelineEval_c7ba5519/<>c__DisplayClass0_0:<Execute>b__0 ()
UnityEditor.EditorApplication:Internal_CallUpdateFunctions () (at /Users/bokken/build/output/unity/unity/Editor/Mono/EditorApplication.cs:403)

[CitywideAlertSupportContext] result=Passed scope=mission,map,source finiteFuel=ownedReserve protected=clinic+utility route=authored allowed=existing-unlocked readiness=preserved
UnityEngine.Debug:Log (object)
Game.Editor.CH05M01CitywideAlertConfigBuilder:BuildSupportContext () (at Assets/Game/Scripts/Editor/CH05M01CitywideAlertConfigBuilder.Support.cs:46)
Game.Editor.CH05M01CitywideAlertConfigBuilder:Build () (at Assets/Game/Scripts/Editor/CH05M01CitywideAlertConfigBuilder.cs:60)
Game.Editor.CH05M01CitywideAlertIntegration:Build () (at Assets/Game/Scripts/Editor/CH05M01CitywideAlertIntegration.cs:9)
System.Reflection.MethodBase:Invoke (object,object[])
Game.Editor.ExistingEditorValidation/<Run>d__9:MoveNext () (at Assets/Game/Scripts/Editor/ExistingEditorValidation.cs:92)
System.Runtime.CompilerServices.AsyncVoidMethodBuilder:Start<Game.Editor.ExistingEditorValidation/<Run>d__9> (Game.Editor.ExistingEditorValidation/<Run>d__9&)
Game.Editor.ExistingEditorValidation:Run (string,string)
PipelineEvaluation.PipelineEval_c7ba5519/<>c__DisplayClass0_0:<Execute>b__0 ()
UnityEditor.EditorApplication:Internal_CallUpdateFunctions () (at /Users/bokken/build/output/unity/unity/Editor/Mono/EditorApplication.cs:403)

[CitywideAlertConfig] result=Passed civicFronts=2 producers=2 reserves=2 originals=27 realServices=true
UnityEngine.Debug:Log (object)
Game.Editor.CH05M01CitywideAlertConfigBuilder:Build () (at Assets/Game/Scripts/Editor/CH05M01CitywideAlertConfigBuilder.cs:62)
Game.Editor.CH05M01CitywideAlertIntegration:Build () (at Assets/Game/Scripts/Editor/CH05M01CitywideAlertIntegration.cs:9)
System.Reflection.MethodBase:Invoke (object,object[])
Game.Editor.ExistingEditorValidation/<Run>d__9:MoveNext () (at Assets/Game/Scripts/Editor/ExistingEditorValidation.cs:92)
System.Runtime.CompilerServices.AsyncVoidMethodBuilder:Start<Game.Editor.ExistingEditorValidation/<Run>d__9> (Game.Editor.ExistingEditorValidation/<Run>d__9&)
Game.Editor.ExistingEditorValidation:Run (string,string)
PipelineEvaluation.PipelineEval_c7ba5519/<>c__DisplayClass0_0:<Execute>b__0 ()
UnityEditor.EditorApplication:Internal_CallUpdateFunctions () (at /Users/bokken/build/output/unity/unity/Editor/Mono/EditorApplication.cs:403)

[CitywideAlertMedia] result=Passed comics=4 dialogueCrops=14 voices=28 mode=voiced
UnityEngine.Debug:Log (object)
Game.Editor.CH05M01CitywideAlertNarrativeBuilder:ConfigureMedia () (at Assets/Game/Scripts/Editor/CH05M01CitywideAlertNarrativeBuilder.cs:156)
Game.Editor.CH05M01CitywideAlertNarrativeBuilder:BuildAndInstall () (at Assets/Game/Scripts/Editor/CH05M01CitywideAlertNarrativeBuilder.cs:79)
Game.Editor.CH05M01CitywideAlertIntegration:Finish () (at Assets/Game/Scripts/Editor/CH05M01CitywideAlertIntegration.cs:14)
Game.Editor.CH05M01CitywideAlertIntegration:Build () (at Assets/Game/Scripts/Editor/CH05M01CitywideAlertIntegration.cs:10)
System.Reflection.MethodBase:Invoke (object,object[])
Game.Editor.ExistingEditorValidation/<Run>d__9:MoveNext () (at Assets/Game/Scripts/Editor/ExistingEditorValidation.cs:92)
System.Runtime.CompilerServices.AsyncVoidMethodBuilder:Start<Game.Editor.ExistingEditorValidation/<Run>d__9> (Game.Editor.ExistingEditorValidation/<Run>d__9&)
Game.Editor.ExistingEditorValidation:Run (string,string)
PipelineEvaluation.PipelineEval_c7ba5519/<>c__DisplayClass0_0:<Execute>b__0 ()
UnityEditor.EditorApplication:Internal_CallUpdateFunctions () (at /Users/bokken/build/output/unity/unity/Editor/Mono/EditorApplication.cs:403)

[CampaignComicCoverage] result=Passed mission=seq.ch05.m01. dialogueStates=7 aspects=2
UnityEngine.Debug:Log (object)
Game.Editor.CampaignMissionComicCoverageValidation:ValidateMission (string,string) (at Assets/Game/Scripts/Editor/CampaignMissionComicCoverageValidation.cs:55)
Game.Editor.CampaignMissionComicCoverageValidation:ValidateMissionDistinct (string,string) (at Assets/Game/Scripts/Editor/CampaignMissionComicCoverageValidation.cs:60)
Game.Editor.CH05M01CitywideAlertNarrativeBuilder:BuildAndInstall () (at Assets/Game/Scripts/Editor/CH05M01CitywideAlertNarrativeBuilder.cs:87)
Game.Editor.CH05M01CitywideAlertIntegration:Finish () (at Assets/Game/Scripts/Editor/CH05M01CitywideAlertIntegration.cs:14)
Game.Editor.CH05M01CitywideAlertIntegration:Build () (at Assets/Game/Scripts/Editor/CH05M01CitywideAlertIntegration.cs:10)
System.Reflection.MethodBase:Invoke (object,object[])
Game.Editor.ExistingEditorValidation/<Run>d__9:MoveNext () (at Assets/Game/Scripts/Editor/ExistingEditorValidation.cs:92)
System.Runtime.CompilerServices.AsyncVoidMethodBuilder:Start<Game.Editor.ExistingEditorValidation/<Run>d__9> (Game.Editor.ExistingEditorValidation/<Run>d__9&)
Game.Editor.ExistingEditorValidation:Run (string,string)
PipelineEvaluation.PipelineEval_c7ba5519/<>c__DisplayClass0_0:<Execute>b__0 ()
UnityEditor.EditorApplication:Internal_CallUpdateFunctions () (at /Users/bokken/build/output/unity/unity/Editor/Mono/EditorApplication.cs:403)

[CampaignComicDistinctness] result=Passed mission=seq.ch05.m01. dialogueStates=7 distinct16x9=7 distinct20x9=7
UnityEngine.Debug:Log (object)
Game.Editor.CampaignMissionComicCoverageValidation:ValidateMissionDistinct (string,string) (at Assets/Game/Scripts/Editor/CampaignMissionComicCoverageValidation.cs:64)
Game.Editor.CH05M01CitywideAlertNarrativeBuilder:BuildAndInstall () (at Assets/Game/Scripts/Editor/CH05M01CitywideAlertNarrativeBuilder.cs:87)
Game.Editor.CH05M01CitywideAlertIntegration:Finish () (at Assets/Game/Scripts/Editor/CH05M01CitywideAlertIntegration.cs:14)
Game.Editor.CH05M01CitywideAlertIntegration:Build () (at Assets/Game/Scripts/Editor/CH05M01CitywideAlertIntegration.cs:10)
System.Reflection.MethodBase:Invoke (object,object[])
Game.Editor.ExistingEditorValidation/<Run>d__9:MoveNext () (at Assets/Game/Scripts/Editor/ExistingEditorValidation.cs:92)
System.Runtime.CompilerServices.AsyncVoidMethodBuilder:Start<Game.Editor.ExistingEditorValidation/<Run>d__9> (Game.Editor.ExistingEditorValidation/<Run>d__9&)
Game.Editor.ExistingEditorValidation:Run (string,string)
PipelineEvaluation.PipelineEval_c7ba5519/<>c__DisplayClass0_0:<Execute>b__0 ()
UnityEditor.EditorApplication:Internal_CallUpdateFunctions () (at /Users/bokken/build/output/unity/unity/Editor/Mono/EditorApplication.cs:403)

[CampaignComicCoverage] result=Passed mission=seq.ch05.open.citywide_command dialogueStates=7 aspects=2
UnityEngine.Debug:Log (object)
Game.Editor.CampaignMissionComicCoverageValidation:ValidateMission (string,string) (at Assets/Game/Scripts/Editor/CampaignMissionComicCoverageValidation.cs:55)
Game.Editor.CampaignMissionComicCoverageValidation:ValidateMissionDistinct (string,string) (at Assets/Game/Scripts/Editor/CampaignMissionComicCoverageValidation.cs:60)
Game.Editor.CH05M01CitywideAlertNarrativeBuilder:BuildAndInstall () (at Assets/Game/Scripts/Editor/CH05M01CitywideAlertNarrativeBuilder.cs:88)
Game.Editor.CH05M01CitywideAlertIntegration:Finish () (at Assets/Game/Scripts/Editor/CH05M01CitywideAlertIntegration.cs:14)
Game.Editor.CH05M01CitywideAlertIntegration:Build () (at Assets/Game/Scripts/Editor/CH05M01CitywideAlertIntegration.cs:10)
System.Reflection.MethodBase:Invoke (object,object[])
Game.Editor.ExistingEditorValidation/<Run>d__9:MoveNext () (at Assets/Game/Scripts/Editor/ExistingEditorValidation.cs:92)
System.Runtime.CompilerServices.AsyncVoidMethodBuilder:Start<Game.Editor.ExistingEditorValidation/<Run>d__9> (Game.Editor.ExistingEditorValidation/<Run>d__9&)
Game.Editor.ExistingEditorValidation:Run (string,string)
PipelineEvaluation.PipelineEval_c7ba5519/<>c__DisplayClass0_0:<Execute>b__0 ()
UnityEditor.EditorApplication:Internal_CallUpdateFunctions () (at /Users/bokken/build/output/unity/unity/Editor/Mono/EditorApplication.cs:403)

[CampaignComicDistinctness] result=Passed mission=seq.ch05.open.citywide_command dialogueStates=7 distinct16x9=7 distinct20x9=7
UnityEngine.Debug:Log (object)
Game.Editor.CampaignMissionComicCoverageValidation:ValidateMissionDistinct (string,string) (at Assets/Game/Scripts/Editor/CampaignMissionComicCoverageValidation.cs:64)
Game.Editor.CH05M01CitywideAlertNarrativeBuilder:BuildAndInstall () (at Assets/Game/Scripts/Editor/CH05M01CitywideAlertNarrativeBuilder.cs:88)
Game.Editor.CH05M01CitywideAlertIntegration:Finish () (at Assets/Game/Scripts/Editor/CH05M01CitywideAlertIntegration.cs:14)
Game.Editor.CH05M01CitywideAlertIntegration:Build () (at Assets/Game/Scripts/Editor/CH05M01CitywideAlertIntegration.cs:10)
System.Reflection.MethodBase:Invoke (object,object[])
Game.Editor.ExistingEditorValidation/<Run>d__9:MoveNext () (at Assets/Game/Scripts/Editor/ExistingEditorValidation.cs:92)
System.Runtime.CompilerServices.AsyncVoidMethodBuilder:Start<Game.Editor.ExistingEditorValidation/<Run>d__9> (Game.Editor.ExistingEditorValidation/<Run>d__9&)
Game.Editor.ExistingEditorValidation:Run (string,string)
PipelineEvaluation.PipelineEval_c7ba5519/<>c__DisplayClass0_0:<Execute>b__0 ()
UnityEditor.EditorApplication:Internal_CallUpdateFunctions () (at /Users/bokken/build/output/unity/unity/Editor/Mono/EditorApplication.cs:403)

[CitywideAlertNarrative] result=Passed sequences=4 dialogueStates=14 locales=en,fa-IR missionComics=3 chapterOpeningPanels=7
UnityEngine.Debug:Log (object)
Game.Editor.CH05M01CitywideAlertNarrativeBuilder:BuildAndInstall () (at Assets/Game/Scripts/Editor/CH05M01CitywideAlertNarrativeBuilder.cs:100)
Game.Editor.CH05M01CitywideAlertIntegration:Finish () (at Assets/Game/Scripts/Editor/CH05M01CitywideAlertIntegration.cs:14)
Game.Editor.CH05M01CitywideAlertIntegration:Build () (at Assets/Game/Scripts/Editor/CH05M01CitywideAlertIntegration.cs:10)
System.Reflection.MethodBase:Invoke (object,object[])
Game.Editor.ExistingEditorValidation/<Run>d__9:MoveNext () (at Assets/Game/Scripts/Editor/ExistingEditorValidation.cs:92)
System.Runtime.CompilerServices.AsyncVoidMethodBuilder:Start<Game.Editor.ExistingEditorValidation/<Run>d__9> (Game.Editor.ExistingEditorValidation/<Run>d__9&)
Game.Editor.ExistingEditorValidation:Run (string,string)
PipelineEvaluation.PipelineEval_c7ba5519/<>c__DisplayClass0_0:<Execute>b__0 ()
UnityEditor.EditorApplication:Internal_CallUpdateFunctions () (at /Users/bokken/build/output/unity/unity/Editor/Mono/EditorApplication.cs:403)

[CitywideAlertPresentation] result=Passed existingHud=1 newCommandButtons=0 locales=2 markers=approved-style
UnityEngine.Debug:Log (object)
Game.Editor.CH05M01CitywideAlertPresentationBuilder:Build () (at Assets/Game/Scripts/Editor/CH05M01CitywideAlertPresentationBuilder.cs:20)
Game.Editor.CH05M01CitywideAlertIntegration:Finish () (at Assets/Game/Scripts/Editor/CH05M01CitywideAlertIntegration.cs:15)
Game.Editor.CH05M01CitywideAlertIntegration:Build () (at Assets/Game/Scripts/Editor/CH05M01CitywideAlertIntegration.cs:10)
System.Reflection.MethodBase:Invoke (object,object[])
Game.Editor.ExistingEditorValidation/<Run>d__9:MoveNext () (at Assets/Game/Scripts/Editor/ExistingEditorValidation.cs:92)
System.Runtime.CompilerServices.AsyncVoidMethodBuilder:Start<Game.Editor.ExistingEditorValidation/<Run>d__9> (Game.Editor.ExistingEditorValidation/<Run>d__9&)
Game.Editor.ExistingEditorValidation:Run (string,string)
PipelineEvaluation.PipelineEval_c7ba5519/<>c__DisplayClass0_0:<Execute>b__0 ()
UnityEditor.EditorApplication:Internal_CallUpdateFunctions () (at /Users/bokken/build/output/unity/unity/Editor/Mono/EditorApplication.cs:403)

[M01FirstContactConfigBuilder] result=Passed scope=ChapterCatalogs missions=21 maps=28
UnityEngine.Debug:Log (object)
Game.Editor.M01FirstContactConfigBuilder:RefreshChapterCatalogs () (at Assets/Game/Scripts/Editor/M01FirstContactConfigBuilder.cs:75)
Game.Editor.CH05M01CitywideAlertIntegration:Finish () (at Assets/Game/Scripts/Editor/CH05M01CitywideAlertIntegration.cs:16)
Game.Editor.CH05M01CitywideAlertIntegration:Build () (at Assets/Game/Scripts/Editor/CH05M01CitywideAlertIntegration.cs:10)
System.Reflection.MethodBase:Invoke (object,object[])
Game.Editor.ExistingEditorValidation/<Run>d__9:MoveNext () (at Assets/Game/Scripts/Editor/ExistingEditorValidation.cs:92)
System.Runtime.CompilerServices.AsyncVoidMethodBuilder:Start<Game.Editor.ExistingEditorValidation/<Run>d__9> (Game.Editor.ExistingEditorValidation/<Run>d__9&)
Game.Editor.ExistingEditorValidation:Run (string,string)
PipelineEvaluation.PipelineEval_c7ba5519/<>c__DisplayClass0_0:<Execute>b__0 ()
UnityEditor.EditorApplication:Internal_CallUpdateFunctions () (at /Users/bokken/build/output/unity/unity/Editor/Mono/EditorApplication.cs:403)

[CitywideAlertContentRegistration] result=Passed ownAssets=8 added=0 GUIDLookup=Supported existingEntries=Preserved
UnityEngine.Debug:Log (object)
Game.Editor.CH05M01CitywideAlertContentBuilder:RegisterProductionEntries () (at Assets/Game/Scripts/Editor/CH05M01CitywideAlertContentBuilder.cs:53)
Game.Editor.CH05M01CitywideAlertIntegration:Finish () (at Assets/Game/Scripts/Editor/CH05M01CitywideAlertIntegration.cs:17)
Game.Editor.CH05M01CitywideAlertIntegration:Build () (at Assets/Game/Scripts/Editor/CH05M01CitywideAlertIntegration.cs:10)
System.Reflection.MethodBase:Invoke (object,object[])
Game.Editor.ExistingEditorValidation/<Run>d__9:MoveNext () (at Assets/Game/Scripts/Editor/ExistingEditorValidation.cs:92)
System.Runtime.CompilerServices.AsyncVoidMethodBuilder:Start<Game.Editor.ExistingEditorValidation/<Run>d__9> (Game.Editor.ExistingEditorValidation/<Run>d__9&)
Game.Editor.ExistingEditorValidation:Run (string,string)
PipelineEvaluation.PipelineEval_c7ba5519/<>c__DisplayClass0_0:<Execute>b__0 ()
UnityEditor.EditorApplication:Internal_CallUpdateFunctions () (at /Users/bokken/build/output/unity/unity/Editor/Mono/EditorApplication.cs:403)

[CitywideAlertIntegration] result=Passed map=independent-bounded-urban controls=existing campaignIndex=20
UnityEngine.Debug:Log (object)
Game.Editor.CH05M01CitywideAlertIntegration:Finish () (at Assets/Game/Scripts/Editor/CH05M01CitywideAlertIntegration.cs:19)
Game.Editor.CH05M01CitywideAlertIntegration:Build () (at Assets/Game/Scripts/Editor/CH05M01CitywideAlertIntegration.cs:10)
System.Reflection.MethodBase:Invoke (object,object[])
Game.Editor.ExistingEditorValidation/<Run>d__9:MoveNext () (at Assets/Game/Scripts/Editor/ExistingEditorValidation.cs:92)
System.Runtime.CompilerServices.AsyncVoidMethodBuilder:Start<Game.Editor.ExistingEditorValidation/<Run>d__9> (Game.Editor.ExistingEditorValidation/<Run>d__9&)
Game.Editor.ExistingEditorValidation:Run (string,string)
PipelineEvaluation.PipelineEval_c7ba5519/<>c__DisplayClass0_0:<Execute>b__0 ()
UnityEditor.EditorApplication:Internal_CallUpdateFunctions () (at /Users/bokken/build/output/unity/unity/Editor/Mono/EditorApplication.cs:403)

[ExistingEditorValidation] result=Passed executeMethod=Game.Editor.CH05M01CitywideAlertIntegration.Build
UnityEngine.Debug:Log (object)
Game.Editor.ExistingEditorValidation/<Run>d__9:MoveNext () (at Assets/Game/Scripts/Editor/ExistingEditorValidation.cs:109)
System.Runtime.CompilerServices.AsyncVoidMethodBuilder:Start<Game.Editor.ExistingEditorValidation/<Run>d__9> (Game.Editor.ExistingEditorValidation/<Run>d__9&)
Game.Editor.ExistingEditorValidation:Run (string,string)
PipelineEvaluation.PipelineEval_c7ba5519/<>c__DisplayClass0_0:<Execute>b__0 ()
UnityEditor.EditorApplication:Internal_CallUpdateFunctions () (at /Users/bokken/build/output/unity/unity/Editor/Mono/EditorApplication.cs:403)

