[ExistingEditorValidation] project=/Users/farhad/Projects/WarlineCapture/Assets executeMethod=Game.Editor.CH05M01CitywideAlertIntegration.RepairMinimap
UnityEngine.Debug:Log (object)
Game.Editor.ExistingEditorValidation/<Run>d__9:MoveNext () (at Assets/Game/Scripts/Editor/ExistingEditorValidation.cs:90)
System.Runtime.CompilerServices.AsyncVoidMethodBuilder:Start<Game.Editor.ExistingEditorValidation/<Run>d__9> (Game.Editor.ExistingEditorValidation/<Run>d__9&)
Game.Editor.ExistingEditorValidation:Run (string,string)
PipelineEvaluation.PipelineEval_6defb4ae/<>c__DisplayClass0_0:<Execute>b__0 ()
UnityEditor.EditorApplication:Internal_CallUpdateFunctions () (at /Users/bokken/build/output/unity/unity/Editor/Mono/EditorApplication.cs:403)

Loaded 1 ExamplePackConfig assets
UnityEngine.Debug:Log (object)
SyntyPackageHelper:LoadSyntyPackageHelperConfigs () (at Assets/Synty/SyntyPackageHelper/Editor/SyntyPackageHelper.cs:46)
SyntyPackageHelper:OnProjectChanged () (at Assets/Synty/SyntyPackageHelper/Editor/SyntyPackageHelper.cs:55)
UnityEditor.AssetDatabase:ImportAsset (string,UnityEditor.ImportAssetOptions)
Game.Editor.CH05M01CitywideAlertConfigBuilder:CreateMinimap (UnityEngine.SceneManagement.Scene) (at Assets/Game/Scripts/Editor/CH05M01CitywideAlertConfigBuilder.cs:271)
Game.Editor.CH05M01CitywideAlertConfigBuilder:RepairMinimap () (at Assets/Game/Scripts/Editor/CH05M01CitywideAlertConfigBuilder.cs:225)
Game.Editor.CH05M01CitywideAlertIntegration:RepairMinimap () (at Assets/Game/Scripts/Editor/CH05M01CitywideAlertIntegration.cs:26)
System.Reflection.MethodBase:Invoke (object,object[])
Game.Editor.ExistingEditorValidation/<Run>d__9:MoveNext () (at Assets/Game/Scripts/Editor/ExistingEditorValidation.cs:92)
System.Runtime.CompilerServices.AsyncVoidMethodBuilder:Start<Game.Editor.ExistingEditorValidation/<Run>d__9> (Game.Editor.ExistingEditorValidation/<Run>d__9&)
Game.Editor.ExistingEditorValidation:Run (string,string)
PipelineEvaluation.PipelineEval_6defb4ae/<>c__DisplayClass0_0:<Execute>b__0 ()
UnityEditor.EditorApplication:Internal_CallUpdateFunctions () (at /Users/bokken/build/output/unity/unity/Editor/Mono/EditorApplication.cs:403)

[CitywideAlertMinimap] result=Passed mode=NativeURP crop=860,300,440,220 blackUniformGate=Passed
UnityEngine.Debug:Log (object)
Game.Editor.CH05M01CitywideAlertConfigBuilder:CreateMinimap (UnityEngine.SceneManagement.Scene) (at Assets/Game/Scripts/Editor/CH05M01CitywideAlertConfigBuilder.cs:273)
Game.Editor.CH05M01CitywideAlertConfigBuilder:RepairMinimap () (at Assets/Game/Scripts/Editor/CH05M01CitywideAlertConfigBuilder.cs:225)
Game.Editor.CH05M01CitywideAlertIntegration:RepairMinimap () (at Assets/Game/Scripts/Editor/CH05M01CitywideAlertIntegration.cs:26)
System.Reflection.MethodBase:Invoke (object,object[])
Game.Editor.ExistingEditorValidation/<Run>d__9:MoveNext () (at Assets/Game/Scripts/Editor/ExistingEditorValidation.cs:92)
System.Runtime.CompilerServices.AsyncVoidMethodBuilder:Start<Game.Editor.ExistingEditorValidation/<Run>d__9> (Game.Editor.ExistingEditorValidation/<Run>d__9&)
Game.Editor.ExistingEditorValidation:Run (string,string)
PipelineEvaluation.PipelineEval_6defb4ae/<>c__DisplayClass0_0:<Execute>b__0 ()
UnityEditor.EditorApplication:Internal_CallUpdateFunctions () (at /Users/bokken/build/output/unity/unity/Editor/Mono/EditorApplication.cs:403)

[CitywideAlertMedia] result=Passed comics=4 dialogueCrops=14 voices=28 mode=voiced
UnityEngine.Debug:Log (object)
Game.Editor.CH05M01CitywideAlertNarrativeBuilder:ConfigureMedia () (at Assets/Game/Scripts/Editor/CH05M01CitywideAlertNarrativeBuilder.cs:156)
Game.Editor.CH05M01CitywideAlertNarrativeBuilder:BuildAndInstall () (at Assets/Game/Scripts/Editor/CH05M01CitywideAlertNarrativeBuilder.cs:79)
Game.Editor.CH05M01CitywideAlertIntegration:Finish () (at Assets/Game/Scripts/Editor/CH05M01CitywideAlertIntegration.cs:14)
Game.Editor.CH05M01CitywideAlertIntegration:RepairMinimap () (at Assets/Game/Scripts/Editor/CH05M01CitywideAlertIntegration.cs:26)
System.Reflection.MethodBase:Invoke (object,object[])
Game.Editor.ExistingEditorValidation/<Run>d__9:MoveNext () (at Assets/Game/Scripts/Editor/ExistingEditorValidation.cs:92)
System.Runtime.CompilerServices.AsyncVoidMethodBuilder:Start<Game.Editor.ExistingEditorValidation/<Run>d__9> (Game.Editor.ExistingEditorValidation/<Run>d__9&)
Game.Editor.ExistingEditorValidation:Run (string,string)
PipelineEvaluation.PipelineEval_6defb4ae/<>c__DisplayClass0_0:<Execute>b__0 ()
UnityEditor.EditorApplication:Internal_CallUpdateFunctions () (at /Users/bokken/build/output/unity/unity/Editor/Mono/EditorApplication.cs:403)

Main Object Name 'CH05M01_CitywideAlert_brief' does not match filename 'CH05M01_CitywideAlert_Narrative'
UnityEngine.StackTraceUtility:ExtractStackTrace ()
Game.Editor.CH05M01CitywideAlertNarrativeBuilder:BuildAndInstall () (at Assets/Game/Scripts/Editor/CH05M01CitywideAlertNarrativeBuilder.cs:86)
Game.Editor.CH05M01CitywideAlertIntegration:Finish () (at Assets/Game/Scripts/Editor/CH05M01CitywideAlertIntegration.cs:14)
Game.Editor.CH05M01CitywideAlertIntegration:RepairMinimap () (at Assets/Game/Scripts/Editor/CH05M01CitywideAlertIntegration.cs:26)
System.Reflection.MethodBase:Invoke (object,object[])
Game.Editor.ExistingEditorValidation/<Run>d__9:MoveNext () (at Assets/Game/Scripts/Editor/ExistingEditorValidation.cs:92)
System.Runtime.CompilerServices.AsyncVoidMethodBuilder:Start<Game.Editor.ExistingEditorValidation/<Run>d__9> (Game.Editor.ExistingEditorValidation/<Run>d__9&)
Game.Editor.ExistingEditorValidation:Run (string,string)
PipelineEvaluation.PipelineEval_6defb4ae/<>c__DisplayClass0_0:<Execute>b__0 ()
UnityEditor.EditorApplication:Internal_CallUpdateFunctions ()

[CampaignComicCoverage] result=Passed mission=seq.ch05.m01. dialogueStates=7 aspects=2
UnityEngine.Debug:Log (object)
Game.Editor.CampaignMissionComicCoverageValidation:ValidateMission (string,string) (at Assets/Game/Scripts/Editor/CampaignMissionComicCoverageValidation.cs:55)
Game.Editor.CampaignMissionComicCoverageValidation:ValidateMissionDistinct (string,string) (at Assets/Game/Scripts/Editor/CampaignMissionComicCoverageValidation.cs:60)
Game.Editor.CH05M01CitywideAlertNarrativeBuilder:BuildAndInstall () (at Assets/Game/Scripts/Editor/CH05M01CitywideAlertNarrativeBuilder.cs:87)
Game.Editor.CH05M01CitywideAlertIntegration:Finish () (at Assets/Game/Scripts/Editor/CH05M01CitywideAlertIntegration.cs:14)
Game.Editor.CH05M01CitywideAlertIntegration:RepairMinimap () (at Assets/Game/Scripts/Editor/CH05M01CitywideAlertIntegration.cs:26)
System.Reflection.MethodBase:Invoke (object,object[])
Game.Editor.ExistingEditorValidation/<Run>d__9:MoveNext () (at Assets/Game/Scripts/Editor/ExistingEditorValidation.cs:92)
System.Runtime.CompilerServices.AsyncVoidMethodBuilder:Start<Game.Editor.ExistingEditorValidation/<Run>d__9> (Game.Editor.ExistingEditorValidation/<Run>d__9&)
Game.Editor.ExistingEditorValidation:Run (string,string)
PipelineEvaluation.PipelineEval_6defb4ae/<>c__DisplayClass0_0:<Execute>b__0 ()
UnityEditor.EditorApplication:Internal_CallUpdateFunctions () (at /Users/bokken/build/output/unity/unity/Editor/Mono/EditorApplication.cs:403)

[CampaignComicDistinctness] result=Passed mission=seq.ch05.m01. dialogueStates=7 distinct16x9=7 distinct20x9=7
UnityEngine.Debug:Log (object)
Game.Editor.CampaignMissionComicCoverageValidation:ValidateMissionDistinct (string,string) (at Assets/Game/Scripts/Editor/CampaignMissionComicCoverageValidation.cs:64)
Game.Editor.CH05M01CitywideAlertNarrativeBuilder:BuildAndInstall () (at Assets/Game/Scripts/Editor/CH05M01CitywideAlertNarrativeBuilder.cs:87)
Game.Editor.CH05M01CitywideAlertIntegration:Finish () (at Assets/Game/Scripts/Editor/CH05M01CitywideAlertIntegration.cs:14)
Game.Editor.CH05M01CitywideAlertIntegration:RepairMinimap () (at Assets/Game/Scripts/Editor/CH05M01CitywideAlertIntegration.cs:26)
System.Reflection.MethodBase:Invoke (object,object[])
Game.Editor.ExistingEditorValidation/<Run>d__9:MoveNext () (at Assets/Game/Scripts/Editor/ExistingEditorValidation.cs:92)
System.Runtime.CompilerServices.AsyncVoidMethodBuilder:Start<Game.Editor.ExistingEditorValidation/<Run>d__9> (Game.Editor.ExistingEditorValidation/<Run>d__9&)
Game.Editor.ExistingEditorValidation:Run (string,string)
PipelineEvaluation.PipelineEval_6defb4ae/<>c__DisplayClass0_0:<Execute>b__0 ()
UnityEditor.EditorApplication:Internal_CallUpdateFunctions () (at /Users/bokken/build/output/unity/unity/Editor/Mono/EditorApplication.cs:403)

[CampaignComicCoverage] result=Passed mission=seq.ch05.open.citywide_command dialogueStates=7 aspects=2
UnityEngine.Debug:Log (object)
Game.Editor.CampaignMissionComicCoverageValidation:ValidateMission (string,string) (at Assets/Game/Scripts/Editor/CampaignMissionComicCoverageValidation.cs:55)
Game.Editor.CampaignMissionComicCoverageValidation:ValidateMissionDistinct (string,string) (at Assets/Game/Scripts/Editor/CampaignMissionComicCoverageValidation.cs:60)
Game.Editor.CH05M01CitywideAlertNarrativeBuilder:BuildAndInstall () (at Assets/Game/Scripts/Editor/CH05M01CitywideAlertNarrativeBuilder.cs:88)
Game.Editor.CH05M01CitywideAlertIntegration:Finish () (at Assets/Game/Scripts/Editor/CH05M01CitywideAlertIntegration.cs:14)
Game.Editor.CH05M01CitywideAlertIntegration:RepairMinimap () (at Assets/Game/Scripts/Editor/CH05M01CitywideAlertIntegration.cs:26)
System.Reflection.MethodBase:Invoke (object,object[])
Game.Editor.ExistingEditorValidation/<Run>d__9:MoveNext () (at Assets/Game/Scripts/Editor/ExistingEditorValidation.cs:92)
System.Runtime.CompilerServices.AsyncVoidMethodBuilder:Start<Game.Editor.ExistingEditorValidation/<Run>d__9> (Game.Editor.ExistingEditorValidation/<Run>d__9&)
Game.Editor.ExistingEditorValidation:Run (string,string)
PipelineEvaluation.PipelineEval_6defb4ae/<>c__DisplayClass0_0:<Execute>b__0 ()
UnityEditor.EditorApplication:Internal_CallUpdateFunctions () (at /Users/bokken/build/output/unity/unity/Editor/Mono/EditorApplication.cs:403)

[CampaignComicDistinctness] result=Passed mission=seq.ch05.open.citywide_command dialogueStates=7 distinct16x9=7 distinct20x9=7
UnityEngine.Debug:Log (object)
Game.Editor.CampaignMissionComicCoverageValidation:ValidateMissionDistinct (string,string) (at Assets/Game/Scripts/Editor/CampaignMissionComicCoverageValidation.cs:64)
Game.Editor.CH05M01CitywideAlertNarrativeBuilder:BuildAndInstall () (at Assets/Game/Scripts/Editor/CH05M01CitywideAlertNarrativeBuilder.cs:88)
Game.Editor.CH05M01CitywideAlertIntegration:Finish () (at Assets/Game/Scripts/Editor/CH05M01CitywideAlertIntegration.cs:14)
Game.Editor.CH05M01CitywideAlertIntegration:RepairMinimap () (at Assets/Game/Scripts/Editor/CH05M01CitywideAlertIntegration.cs:26)
System.Reflection.MethodBase:Invoke (object,object[])
Game.Editor.ExistingEditorValidation/<Run>d__9:MoveNext () (at Assets/Game/Scripts/Editor/ExistingEditorValidation.cs:92)
System.Runtime.CompilerServices.AsyncVoidMethodBuilder:Start<Game.Editor.ExistingEditorValidation/<Run>d__9> (Game.Editor.ExistingEditorValidation/<Run>d__9&)
Game.Editor.ExistingEditorValidation:Run (string,string)
PipelineEvaluation.PipelineEval_6defb4ae/<>c__DisplayClass0_0:<Execute>b__0 ()
UnityEditor.EditorApplication:Internal_CallUpdateFunctions () (at /Users/bokken/build/output/unity/unity/Editor/Mono/EditorApplication.cs:403)

[CitywideAlertNarrative] result=Passed sequences=4 dialogueStates=14 locales=en,fa-IR missionComics=3 chapterOpeningPanels=7
UnityEngine.Debug:Log (object)
Game.Editor.CH05M01CitywideAlertNarrativeBuilder:BuildAndInstall () (at Assets/Game/Scripts/Editor/CH05M01CitywideAlertNarrativeBuilder.cs:100)
Game.Editor.CH05M01CitywideAlertIntegration:Finish () (at Assets/Game/Scripts/Editor/CH05M01CitywideAlertIntegration.cs:14)
Game.Editor.CH05M01CitywideAlertIntegration:RepairMinimap () (at Assets/Game/Scripts/Editor/CH05M01CitywideAlertIntegration.cs:26)
System.Reflection.MethodBase:Invoke (object,object[])
Game.Editor.ExistingEditorValidation/<Run>d__9:MoveNext () (at Assets/Game/Scripts/Editor/ExistingEditorValidation.cs:92)
System.Runtime.CompilerServices.AsyncVoidMethodBuilder:Start<Game.Editor.ExistingEditorValidation/<Run>d__9> (Game.Editor.ExistingEditorValidation/<Run>d__9&)
Game.Editor.ExistingEditorValidation:Run (string,string)
PipelineEvaluation.PipelineEval_6defb4ae/<>c__DisplayClass0_0:<Execute>b__0 ()
UnityEditor.EditorApplication:Internal_CallUpdateFunctions () (at /Users/bokken/build/output/unity/unity/Editor/Mono/EditorApplication.cs:403)

[CitywideAlertPresentation] result=Passed existingHud=1 newCommandButtons=0 locales=2 markers=approved-style
UnityEngine.Debug:Log (object)
Game.Editor.CH05M01CitywideAlertPresentationBuilder:Build () (at Assets/Game/Scripts/Editor/CH05M01CitywideAlertPresentationBuilder.cs:20)
Game.Editor.CH05M01CitywideAlertIntegration:Finish () (at Assets/Game/Scripts/Editor/CH05M01CitywideAlertIntegration.cs:15)
Game.Editor.CH05M01CitywideAlertIntegration:RepairMinimap () (at Assets/Game/Scripts/Editor/CH05M01CitywideAlertIntegration.cs:26)
System.Reflection.MethodBase:Invoke (object,object[])
Game.Editor.ExistingEditorValidation/<Run>d__9:MoveNext () (at Assets/Game/Scripts/Editor/ExistingEditorValidation.cs:92)
System.Runtime.CompilerServices.AsyncVoidMethodBuilder:Start<Game.Editor.ExistingEditorValidation/<Run>d__9> (Game.Editor.ExistingEditorValidation/<Run>d__9&)
Game.Editor.ExistingEditorValidation:Run (string,string)
PipelineEvaluation.PipelineEval_6defb4ae/<>c__DisplayClass0_0:<Execute>b__0 ()
UnityEditor.EditorApplication:Internal_CallUpdateFunctions () (at /Users/bokken/build/output/unity/unity/Editor/Mono/EditorApplication.cs:403)

[M01FirstContactConfigBuilder] result=Passed scope=ChapterCatalogs missions=21 maps=28
UnityEngine.Debug:Log (object)
Game.Editor.M01FirstContactConfigBuilder:RefreshChapterCatalogs () (at Assets/Game/Scripts/Editor/M01FirstContactConfigBuilder.cs:75)
Game.Editor.CH05M01CitywideAlertIntegration:Finish () (at Assets/Game/Scripts/Editor/CH05M01CitywideAlertIntegration.cs:16)
Game.Editor.CH05M01CitywideAlertIntegration:RepairMinimap () (at Assets/Game/Scripts/Editor/CH05M01CitywideAlertIntegration.cs:26)
System.Reflection.MethodBase:Invoke (object,object[])
Game.Editor.ExistingEditorValidation/<Run>d__9:MoveNext () (at Assets/Game/Scripts/Editor/ExistingEditorValidation.cs:92)
System.Runtime.CompilerServices.AsyncVoidMethodBuilder:Start<Game.Editor.ExistingEditorValidation/<Run>d__9> (Game.Editor.ExistingEditorValidation/<Run>d__9&)
Game.Editor.ExistingEditorValidation:Run (string,string)
PipelineEvaluation.PipelineEval_6defb4ae/<>c__DisplayClass0_0:<Execute>b__0 ()
UnityEditor.EditorApplication:Internal_CallUpdateFunctions () (at /Users/bokken/build/output/unity/unity/Editor/Mono/EditorApplication.cs:403)

[CitywideAlertContentRegistration] result=Passed ownAssets=8 added=0 GUIDLookup=Supported existingEntries=Preserved
UnityEngine.Debug:Log (object)
Game.Editor.CH05M01CitywideAlertContentBuilder:RegisterProductionEntries () (at Assets/Game/Scripts/Editor/CH05M01CitywideAlertContentBuilder.cs:53)
Game.Editor.CH05M01CitywideAlertIntegration:Finish () (at Assets/Game/Scripts/Editor/CH05M01CitywideAlertIntegration.cs:17)
Game.Editor.CH05M01CitywideAlertIntegration:RepairMinimap () (at Assets/Game/Scripts/Editor/CH05M01CitywideAlertIntegration.cs:26)
System.Reflection.MethodBase:Invoke (object,object[])
Game.Editor.ExistingEditorValidation/<Run>d__9:MoveNext () (at Assets/Game/Scripts/Editor/ExistingEditorValidation.cs:92)
System.Runtime.CompilerServices.AsyncVoidMethodBuilder:Start<Game.Editor.ExistingEditorValidation/<Run>d__9> (Game.Editor.ExistingEditorValidation/<Run>d__9&)
Game.Editor.ExistingEditorValidation:Run (string,string)
PipelineEvaluation.PipelineEval_6defb4ae/<>c__DisplayClass0_0:<Execute>b__0 ()
UnityEditor.EditorApplication:Internal_CallUpdateFunctions () (at /Users/bokken/build/output/unity/unity/Editor/Mono/EditorApplication.cs:403)

[CitywideAlertIntegration] result=Passed map=independent-bounded-urban controls=existing campaignIndex=20
UnityEngine.Debug:Log (object)
Game.Editor.CH05M01CitywideAlertIntegration:Finish () (at Assets/Game/Scripts/Editor/CH05M01CitywideAlertIntegration.cs:19)
Game.Editor.CH05M01CitywideAlertIntegration:RepairMinimap () (at Assets/Game/Scripts/Editor/CH05M01CitywideAlertIntegration.cs:26)
System.Reflection.MethodBase:Invoke (object,object[])
Game.Editor.ExistingEditorValidation/<Run>d__9:MoveNext () (at Assets/Game/Scripts/Editor/ExistingEditorValidation.cs:92)
System.Runtime.CompilerServices.AsyncVoidMethodBuilder:Start<Game.Editor.ExistingEditorValidation/<Run>d__9> (Game.Editor.ExistingEditorValidation/<Run>d__9&)
Game.Editor.ExistingEditorValidation:Run (string,string)
PipelineEvaluation.PipelineEval_6defb4ae/<>c__DisplayClass0_0:<Execute>b__0 ()
UnityEditor.EditorApplication:Internal_CallUpdateFunctions () (at /Users/bokken/build/output/unity/unity/Editor/Mono/EditorApplication.cs:403)

[ExistingEditorValidation] result=Passed executeMethod=Game.Editor.CH05M01CitywideAlertIntegration.RepairMinimap
UnityEngine.Debug:Log (object)
Game.Editor.ExistingEditorValidation/<Run>d__9:MoveNext () (at Assets/Game/Scripts/Editor/ExistingEditorValidation.cs:109)
System.Runtime.CompilerServices.AsyncVoidMethodBuilder:Start<Game.Editor.ExistingEditorValidation/<Run>d__9> (Game.Editor.ExistingEditorValidation/<Run>d__9&)
Game.Editor.ExistingEditorValidation:Run (string,string)
PipelineEvaluation.PipelineEval_6defb4ae/<>c__DisplayClass0_0:<Execute>b__0 ()
UnityEditor.EditorApplication:Internal_CallUpdateFunctions () (at /Users/bokken/build/output/unity/unity/Editor/Mono/EditorApplication.cs:403)

