[ExistingEditorValidation] project=/Users/farhad/Projects/WarlineCapture/Assets executeMethod=Game.Editor.CH05M01CitywideAlertContentBuilder.BuildPackedContent
UnityEngine.Debug:Log (object)
Game.Editor.ExistingEditorValidation/<Run>d__9:MoveNext () (at Assets/Game/Scripts/Editor/ExistingEditorValidation.cs:90)
System.Runtime.CompilerServices.AsyncVoidMethodBuilder:Start<Game.Editor.ExistingEditorValidation/<Run>d__9> (Game.Editor.ExistingEditorValidation/<Run>d__9&)
Game.Editor.ExistingEditorValidation:Run (string,string)
PipelineEvaluation.PipelineEval_52656dfb/<>c__DisplayClass0_0:<Execute>b__0 ()
UnityEditor.EditorApplication:Internal_CallUpdateFunctions () (at /Users/bokken/build/output/unity/unity/Editor/Mono/EditorApplication.cs:403)

Main Object Name 'Game_UnitPrefabRegistry_Config' does not match filename 'UnitFixtureRegistry'
UnityEditor.AssetDatabase:SaveAssetIfDirty (UnityEngine.Object)
Game.Editor.CH05M01CitywideAlertContentBuilder:BuildUnitFixture () (at Assets/Game/Scripts/Editor/CH05M01CitywideAlertContentBuilder.cs:95)
Game.Editor.CH05M01CitywideAlertContentBuilder:BuildPackedContent () (at Assets/Game/Scripts/Editor/CH05M01CitywideAlertContentBuilder.cs:62)
System.Reflection.MethodBase:Invoke (object,object[])
Game.Editor.ExistingEditorValidation/<Run>d__9:MoveNext () (at Assets/Game/Scripts/Editor/ExistingEditorValidation.cs:92)
System.Runtime.CompilerServices.AsyncVoidMethodBuilder:Start<Game.Editor.ExistingEditorValidation/<Run>d__9> (Game.Editor.ExistingEditorValidation/<Run>d__9&)
Game.Editor.ExistingEditorValidation:Run (string,string)
PipelineEvaluation.PipelineEval_52656dfb/<>c__DisplayClass0_0:<Execute>b__0 ()
UnityEditor.EditorApplication:Internal_CallUpdateFunctions ()

[CitywideAlertUnitFixture] result=Passed uniquePrefabs=16 combinedArms=G2A+Radar+Armor+Infantry civicServiceOwners=2 production=2 Fuel=RealStorage fixtureLoadedByMission=false
UnityEngine.Debug:Log (object)
Game.Editor.CH05M01CitywideAlertContentBuilder:BuildUnitFixture () (at Assets/Game/Scripts/Editor/CH05M01CitywideAlertContentBuilder.cs:103)
Game.Editor.CH05M01CitywideAlertContentBuilder:BuildPackedContent () (at Assets/Game/Scripts/Editor/CH05M01CitywideAlertContentBuilder.cs:62)
System.Reflection.MethodBase:Invoke (object,object[])
Game.Editor.ExistingEditorValidation/<Run>d__9:MoveNext () (at Assets/Game/Scripts/Editor/ExistingEditorValidation.cs:92)
System.Runtime.CompilerServices.AsyncVoidMethodBuilder:Start<Game.Editor.ExistingEditorValidation/<Run>d__9> (Game.Editor.ExistingEditorValidation/<Run>d__9&)
Game.Editor.ExistingEditorValidation:Run (string,string)
PipelineEvaluation.PipelineEval_52656dfb/<>c__DisplayClass0_0:<Execute>b__0 ()
UnityEditor.EditorApplication:Internal_CallUpdateFunctions () (at /Users/bokken/build/output/unity/unity/Editor/Mono/EditorApplication.cs:403)

Assets/Game/Scripts/Runtime/Missions/OperationsReconStartupSystem.cs(29,84): warning CS0618: 'EntityQueryCaptureMode.AtRecord' is obsolete: 'The Capture-query-at-record feature will be removed in a future version of the Entities package. Use AtPlayback mode instead. If AtRecord semantics are required, use the query to generate a NativeArray of matching entities to process, and pass the array instead of the query. (RemovedAfter Entities 2.0)'
Assets/Game/Scripts/Runtime/Missions/OperationsReconStartupSystem.cs(30,89): warning CS0618: 'EntityQueryCaptureMode.AtRecord' is obsolete: 'The Capture-query-at-record feature will be removed in a future version of the Entities package. Use AtPlayback mode instead. If AtRecord semantics are required, use the query to generate a NativeArray of matching entities to process, and pass the array instead of the query. (RemovedAfter Entities 2.0)'
Assets/Game/Scripts/Systems/BuildingPlacementAuthoredRoadCache.cs(48,104): warning CS0618: 'FindObjectsSortMode' is obsolete: 'FindObjectsSortMode has been deprecated. Use the FindObjectsByType overloads that do not take a FindObjectsSortMode parameter.'
Assets/Game/Scripts/Systems/BuildingPlacementAuthoredRoadCache.cs(48,37): warning CS0618: 'Object.FindObjectsByType<T>(FindObjectsInactive, FindObjectsSortMode)' is obsolete: 'FindObjectsByType with FindObjectsSortMode parameter has been deprecated. Use FindObjectsByType<T>() or FindObjectsByType<T>(FindObjectsInactive) instead. InstanceID will be replaced in the future with EntityId and previous sort order cannot be maintained.'
Assets/Game/Scripts/Systems/BuildingPlacementAuthoredRoadCache.cs(48,104): warning CS0618: 'FindObjectsSortMode' is obsolete: 'FindObjectsSortMode has been deprecated. Use the FindObjectsByType overloads that do not take a FindObjectsSortMode parameter.'
Assets/Game/Scripts/Systems/BuildingPlacementAuthoredRoadCache.cs(48,37): warning CS0618: 'Object.FindObjectsByType<T>(FindObjectsInactive, FindObjectsSortMode)' is obsolete: 'FindObjectsByType with FindObjectsSortMode parameter has been deprecated. Use FindObjectsByType<T>() or FindObjectsByType<T>(FindObjectsInactive) instead. InstanceID will be replaced in the future with EntityId and previous sort order cannot be maintained.'
Loaded 1 ExamplePackConfig assets
UnityEngine.Debug:Log (object)
SyntyPackageHelper:LoadSyntyPackageHelperConfigs () (at Assets/Synty/SyntyPackageHelper/Editor/SyntyPackageHelper.cs:46)
SyntyPackageHelper:OnProjectChanged () (at Assets/Synty/SyntyPackageHelper/Editor/SyntyPackageHelper.cs:55)
UnityEditor.AddressableAssets.Settings.AddressableAssetSettings:Create (string,string,bool,bool)
Game.Editor.CH05M01CitywideAlertContentBuilder:BuildAddressables () (at Assets/Game/Scripts/Editor/CH05M01CitywideAlertContentBuilder.cs:116)
Game.Editor.CH05M01CitywideAlertContentBuilder:BuildPackedContent () (at Assets/Game/Scripts/Editor/CH05M01CitywideAlertContentBuilder.cs:71)
System.Reflection.MethodBase:Invoke (object,object[])
Game.Editor.ExistingEditorValidation/<Run>d__9:MoveNext () (at Assets/Game/Scripts/Editor/ExistingEditorValidation.cs:92)
System.Runtime.CompilerServices.AsyncVoidMethodBuilder:Start<Game.Editor.ExistingEditorValidation/<Run>d__9> (Game.Editor.ExistingEditorValidation/<Run>d__9&)
Game.Editor.ExistingEditorValidation:Run (string,string)
PipelineEvaluation.PipelineEval_52656dfb/<>c__DisplayClass0_0:<Execute>b__0 ()
UnityEditor.EditorApplication:Internal_CallUpdateFunctions () (at /Users/bokken/build/output/unity/unity/Editor/Mono/EditorApplication.cs:403)

[CitywideAlertPackedContent] result=Passed map=opmap.ch05.citywide_alert entityScene=a6ddd07d983ae4b01a2f4f65c6eafb02 fixture=2d550a175114341af90248407b221cf7 bytes=177632454 locator=GUID+CampaignAddress scope=ContentBuildOnly
UnityEngine.Debug:Log (object)
Game.Editor.CH05M01CitywideAlertContentBuilder:BuildPackedContent () (at Assets/Game/Scripts/Editor/CH05M01CitywideAlertContentBuilder.cs:79)
System.Reflection.MethodBase:Invoke (object,object[])
Game.Editor.ExistingEditorValidation/<Run>d__9:MoveNext () (at Assets/Game/Scripts/Editor/ExistingEditorValidation.cs:92)
System.Runtime.CompilerServices.AsyncVoidMethodBuilder:Start<Game.Editor.ExistingEditorValidation/<Run>d__9> (Game.Editor.ExistingEditorValidation/<Run>d__9&)
Game.Editor.ExistingEditorValidation:Run (string,string)
PipelineEvaluation.PipelineEval_52656dfb/<>c__DisplayClass0_0:<Execute>b__0 ()
UnityEditor.EditorApplication:Internal_CallUpdateFunctions () (at /Users/bokken/build/output/unity/unity/Editor/Mono/EditorApplication.cs:403)

[ExistingEditorValidation] result=Passed executeMethod=Game.Editor.CH05M01CitywideAlertContentBuilder.BuildPackedContent
UnityEngine.Debug:Log (object)
Game.Editor.ExistingEditorValidation/<Run>d__9:MoveNext () (at Assets/Game/Scripts/Editor/ExistingEditorValidation.cs:109)
System.Runtime.CompilerServices.AsyncVoidMethodBuilder:Start<Game.Editor.ExistingEditorValidation/<Run>d__9> (Game.Editor.ExistingEditorValidation/<Run>d__9&)
Game.Editor.ExistingEditorValidation:Run (string,string)
PipelineEvaluation.PipelineEval_52656dfb/<>c__DisplayClass0_0:<Execute>b__0 ()
UnityEditor.EditorApplication:Internal_CallUpdateFunctions () (at /Users/bokken/build/output/unity/unity/Editor/Mono/EditorApplication.cs:403)

