Unity Editor version:    6000.4.0f1 (8cf496087c8f)
Branch:                  6000.4/staging
Build type:              Release
Batch mode:              YES
macOS version:           Version 26.5.1 (Build 25F80)
Darwin version:          25.5.0
Architecture:            arm64
Running under Rosetta:   NO
Available memory:        16384 MB
Date:                    2026-06-23T15:11:02Z
[Licensing::Module] Trying to connect to existing licensing client channel...
[Licensing::IpcConnector] Successfully connected to: "LicenseClient-farhad" at "2026-06-23T15:11:02.401651Z"
Launching external process: /Applications/Unity/Hub/Editor/6000.4.0f1/Unity.app/Contents/Helpers/PackageManager/Server/UnityPackageManager

COMMAND LINE ARGUMENTS:
/Applications/Unity/Hub/Editor/6000.4.0f1/Unity.app/Contents/MacOS/Unity
-batchmode
-nographics
-quit
-projectPath
/Users/farhad/Projects/WarlineCapture-CodexUnity1
-executeMethod
CanvasMenuFallbackValidation.ApplyCommanderProfileTargetLockLayout
-logFile
/Users/farhad/Projects/WarlineCapture/Design/VisualLockLayered/_CanvasTargetLockVisualMatch/SCN-03_CommanderProfile/iteration_11/shadow_canvas_scn03_fullroot_builder.log
Successfully changed project path to: /Users/farhad/Projects/WarlineCapture-CodexUnity1
/Users/farhad/Projects/WarlineCapture-CodexUnity1
[UnityMemory] Configuration Parameters - Can be set up in boot.config
    "memorysetup-temp-allocator-size-gi-baking-worker=262144"
    "memorysetup-temp-allocator-size-gi-baking-worker=262144"
    "memorysetup-temp-allocator-size-gi-baking-worker=262144"
    "memorysetup-temp-allocator-size-gi-baking-worker=262144"
    "memorysetup-temp-allocator-size-gi-baking-worker=262144"
    "memorysetup-temp-allocator-size-nav-mesh-worker=65536"
    "memorysetup-temp-allocator-size-audio-worker=65536"
    "memorysetup-temp-allocator-size-cloud-worker=32768"
    "memorysetup-allocator-temp-initial-block-size-main=262144"
    "memorysetup-allocator-temp-initial-block-size-worker=262144"
    "memorysetup-temp-allocator-size-background-worker=32768"
    "memorysetup-temp-allocator-size-job-worker=262144"
    "memorysetup-temp-allocator-size-preload-manager=33554432"
    "memorysetup-temp-allocator-size-gfx=262144"
    "memorysetup-bucket-allocator-granularity=16"
    "memorysetup-bucket-allocator-bucket-count=8"
    "memorysetup-bucket-allocator-block-size=33554432"
    "memorysetup-bucket-allocator-block-count=8"
    "memorysetup-main-allocator-block-size=16777216"
    "memorysetup-thread-allocator-block-size=16777216"
    "memorysetup-gfx-main-allocator-block-size=16777216"
    "memorysetup-gfx-thread-allocator-block-size=16777216"
    "memorysetup-cache-allocator-block-size=4194304"
    "memorysetup-typetree-allocator-block-size=2097152"
    "memorysetup-profiler-bucket-allocator-granularity=16"
    "memorysetup-profiler-bucket-allocator-bucket-count=8"
    "memorysetup-profiler-bucket-allocator-block-size=33554432"
    "memorysetup-profiler-bucket-allocator-block-count=8"
    "memorysetup-profiler-allocator-block-size=16777216"
    "memorysetup-profiler-editor-allocator-block-size=1048576"
    "memorysetup-temp-allocator-size-main=16777216"
    "memorysetup-job-temp-allocator-block-size=2097152"
    "memorysetup-job-temp-allocator-block-size-background=1048576"
    "memorysetup-job-temp-allocator-reduction-small-platforms=262144"
Player connection [8301764224]  Target information:

Player connection [8301764224]  * "[IP] 192.168.2.175 [Port] 55505 [Flags] 2 [Guid] 3847738130 [EditorId] 3847738130 [Version] 1048832 [Id] OSXEditor(0,Farhads-Air-2) [Debug] 1 [PackageName] OSXEditor [ProjectName] Editor" 

Player connection [8301764224] Host joined multi-casting on [225.0.0.222:54997]...
Player connection [8301764224] Host joined alternative multi-casting on [225.0.0.222:34997]...
Input System module state changed to: Initialized.
[Physics::Module] Initialized fallback backend.
[Physics::Module] Id: 0xdecafbad
[Licensing::Client] Error: HandshakeResponse reported an error:
	ResponseCode: 505
	ResponseStatus: Unsupported protocol version '1.18.1'.
[Licensing::Module] Error: Failed to handshake to channel: "LicenseClient-farhad"
[Licensing::IpcConnector] LicenseClient-farhad channel disconnected successfully.
[Licensing::IpcConnector] Successfully connected to: "LicenseClient-farhad-6000.4.0" at "2026-06-23T15:11:02.587124Z"
[Package Manager] Connected to IPC stream "Upm-67347" after 0.1 seconds.
[Licensing::Module] Licensing is not yet initialized.
[Licensing::Client] Handshaking with LicensingClient:
  Version:                 1.18.1+9fbee8e
  Session Id:              e134b1c44358493dbcf19649eae618b0
  Correlation Id:          b5496bab61bea34570307e23e23488fe
  External correlation Id: 7076813360593427100
  Machine Id:              10T5sSSYWiUOOlqtQecUz0BYTYA=
[Licensing::Module] Successfully connected to LicensingClient on channel: "LicenseClient-farhad-6000.4.0" (connect: 0.00s, validation: 0.00s, handshake: 0.24s)
[Licensing::IpcConnector] Successfully connected to: "LicenseClient-farhad-6000.4.0-notifications" at "2026-06-23T15:11:02.823916Z"
[Licensing::Module] Error: Access token is unavailable; failed to update
[Licensing::Client] Successfully resolved entitlement details
[Licensing::Module] License group:
  Id: 2197950-UnityPersXXXX
  Product: Unity Personal
  Type: Assigned
  Expiration: Unlimited
[Licensing::Client] Successfully updated license, isAsync: True, time: 0.00
[Licensing::Client] Successfully resolved entitlement details
[Licensing::Module] Licensing Background thread has ended after 0.43s
[Licensing::Module] Licensing is initialized (took 0.21s).
[Licensing::Client] Successfully resolved entitlement details
Library Redirect Path: Library/
[Physics::Module] Selected backend.
[Physics::Module] Name: PhysX
[Physics::Module] Id: 0xf2b8ea05
[Physics::Module] SDK Version: 4.1.2
[Physics::Module] Integration Version: 1.0.0
[Physics::Module] Threading Mode: Multi-Threaded
Initialize engine version: 6000.4.0f1 (8cf496087c8f)
[Subsystems] Discovering subsystems at path /Applications/Unity/Hub/Editor/6000.4.0f1/Unity.app/Contents/Resources/UnitySubsystems
[Subsystems] Discovering subsystems at path /Users/farhad/Projects/WarlineCapture-CodexUnity1/Assets
Forcing GfxDevice: Null
GfxDevice: creating device client; kGfxThreadingModeNonThreaded
NullGfxDevice:
    Version:  NULL 1.0 [1.0]
    Renderer: Null Device
    Vendor:   Unity Technologies
Initialize mono
Mono path[0] = '/Applications/Unity/Hub/Editor/6000.4.0f1/Unity.app/Contents/Resources/Scripting/Managed'
Mono path[1] = '/Applications/Unity/Hub/Editor/6000.4.0f1/Unity.app/Contents/Resources/Scripting/MonoBleedingEdge/lib/mono/unityjit-macos'
Mono config path = '/Applications/Unity/Hub/Editor/6000.4.0f1/Unity.app/Contents/Resources/Scripting/MonoBleedingEdge/etc'
Using monoOptions --debugger-agent=transport=dt_socket,embedding=1,server=y,suspend=n,address=127.0.0.1:56347
CodeReloadManager initialized
Using cacheserver namespaces - metadata:defaultmetadata, artifacts:defaultartifacts
Using cacheserver namespaces - metadata:defaultmetadata, artifacts:defaultartifacts
ImportWorker Server TCP listen port: 0
AcceleratorClientConnectionCallback - disconnected - :0
Begin MonoManager ReloadAssembly
Registering precompiled unity dll's ...
Register platform support module: /Applications/Unity/Hub/Editor/6000.4.0f1/Unity.app/Contents/PlaybackEngines/MacStandaloneSupport/UnityEditor.OSXStandalone.Extensions.dll
Register platform support module: /Applications/Unity/Hub/Editor/6000.4.0f1/PlaybackEngines/WindowsStandaloneSupport/UnityEditor.WindowsStandalone.Extensions.dll
[Licensing::Client] Successfully resolved entitlement details
Register platform support module: /Applications/Unity/Hub/Editor/6000.4.0f1/PlaybackEngines/AndroidPlayer/UnityEditor.Android.Extensions.dll
[Licensing::Client] Successfully resolved entitlement details
Register platform support module: /Applications/Unity/Hub/Editor/6000.4.0f1/PlaybackEngines/iOSSupport/UnityEditor.iOS.Extensions.dll
Registered in 0.001500 seconds.
[usbmuxd] Start listen thread
[usbmuxd] Listen thread started
[usbmuxd] Send listen message
Native extension for iOS target not found
Native extension for Android target not found
Android Extension - Scanning For ADB Devices 59 ms
Native extension for WindowsStandalone target not found
Native extension for OSXStandalone target not found
Package Manager log level set to [2]
ScheduleIndexationOnStartup MainProcess:False IndexOnStartup:True
Mono: successfully reloaded assembly
- Finished resetting the current domain, in  0.313 seconds
Domain Reload Profiling: 527ms
	BeginReloadAssembly (48ms)
		CreateAndSetChildDomain (10ms)
	RebuildCommonClasses (18ms)
	RebuildNativeTypeToScriptingClass (7ms)
	initialDomainReloadingComplete (25ms)
	LoadAllAssembliesAndSetupDomain (115ms)
		LoadAssemblies (38ms)
		AnalyzeDomain (110ms)
			TypeCache.Refresh (109ms)
				TypeCache.ScanAssembly (100ms)
	FinalizeReload (313ms)
		SetupLoadedEditorAssemblies (0ms)
			InitializePlatformSupportModulesInManaged (140ms)
			BeforeProcessingInitializeOnLoad (48ms)
			ProcessInitializeOnLoadAttributes (49ms)
			ProcessInitializeOnLoadMethodAttributes (39ms)
[Licensing::Client] Successfully resolved entitlement details
Application.AssetDatabase Initial Refresh Start
[Package Manager] Restoring resolved packages state from cache
[Licensing::Client] Successfully resolved entitlement details
[Package Manager] Registered 65 packages:
  Packages from [https://packages.unity.com]:
    com.unity.collab-proxy@2.11.4 (location: /Users/farhad/Projects/WarlineCapture-CodexUnity1/Library/PackageCache/com.unity.collab-proxy@a5329f833fa8)
    com.unity.ide.rider@3.0.40 (location: /Users/farhad/Projects/WarlineCapture-CodexUnity1/Library/PackageCache/com.unity.ide.rider@e4950c6d131b)
    com.unity.ide.visualstudio@2.0.27 (location: /Users/farhad/Projects/WarlineCapture-CodexUnity1/Library/PackageCache/com.unity.ide.visualstudio@dc1ddd4f09b6)
    com.unity.inputsystem@1.19.0 (location: /Users/farhad/Projects/WarlineCapture-CodexUnity1/Library/PackageCache/com.unity.inputsystem@21a28c3a6c83)
    com.unity.postprocessing@3.5.4 (location: /Users/farhad/Projects/WarlineCapture-CodexUnity1/Library/PackageCache/com.unity.postprocessing@141166b789e3)
    com.unity.probuilder@6.0.9 (location: /Users/farhad/Projects/WarlineCapture-CodexUnity1/Library/PackageCache/com.unity.probuilder@1f279ab829b7)
    com.unity.serialization@3.1.2 (location: /Users/farhad/Projects/WarlineCapture-CodexUnity1/Library/PackageCache/com.unity.serialization@582cbf30bbfd)
    com.unity.timeline@1.8.11 (location: /Users/farhad/Projects/WarlineCapture-CodexUnity1/Library/PackageCache/com.unity.timeline@bfd27f8016ff)
    com.unity.visualscripting@1.9.10 (location: /Users/farhad/Projects/WarlineCapture-CodexUnity1/Library/PackageCache/com.unity.visualscripting@eb6004dcc707)
    com.unity.burst@1.8.28 (location: /Users/farhad/Projects/WarlineCapture-CodexUnity1/Library/PackageCache/com.unity.burst@07790c2d06d9)
    com.unity.searcher@4.9.4 (location: /Users/farhad/Projects/WarlineCapture-CodexUnity1/Library/PackageCache/com.unity.searcher@d45a78918735)
    com.unity.settings-manager@2.1.1 (location: /Users/farhad/Projects/WarlineCapture-CodexUnity1/Library/PackageCache/com.unity.settings-manager@0b8638c5ce86)
    com.unity.mathematics@1.3.3 (location: /Users/farhad/Projects/WarlineCapture-CodexUnity1/Library/PackageCache/com.unity.mathematics@19a9377c4ffa)
    com.unity.nuget.mono-cecil@1.11.6 (location: /Users/farhad/Projects/WarlineCapture-CodexUnity1/Library/PackageCache/com.unity.nuget.mono-cecil@ecb9724e46ff)
    com.unity.profiling.core@1.0.3 (location: /Users/farhad/Projects/WarlineCapture-CodexUnity1/Library/PackageCache/com.unity.profiling.core@8a49f7027d06)
    com.unity.scriptablebuildpipeline@2.6.1 (location: /Users/farhad/Projects/WarlineCapture-CodexUnity1/Library/PackageCache/com.unity.scriptablebuildpipeline@36e3b5898ee2)
    com.unity.test-framework.performance@3.2.0 (location: /Users/farhad/Projects/WarlineCapture-CodexUnity1/Library/PackageCache/com.unity.test-framework.performance@0840f58e4562)
  Built-in packages:
    com.unity.2d.sprite@1.0.0 (location: /Users/farhad/Projects/WarlineCapture-CodexUnity1/Library/PackageCache/com.unity.2d.sprite@929df5adbb1f)
    com.unity.entities@6.4.0 (location: /Users/farhad/Projects/WarlineCapture-CodexUnity1/Library/PackageCache/com.unity.entities@d66668920c3f)
    com.unity.entities.graphics@6.4.0 (location: /Users/farhad/Projects/WarlineCapture-CodexUnity1/Library/PackageCache/com.unity.entities.graphics@2ad17cac7401)
    com.unity.multiplayer.center@1.0.1 (location: /Users/farhad/Projects/WarlineCapture-CodexUnity1/Library/PackageCache/com.unity.multiplayer.center@f01f4ba8d00a)
    com.unity.render-pipelines.universal@17.4.0 (location: /Users/farhad/Projects/WarlineCapture-CodexUnity1/Library/PackageCache/com.unity.render-pipelines.universal@0c5162adfb45)
    com.unity.shadergraph@17.4.0 (location: /Users/farhad/Projects/WarlineCapture-CodexUnity1/Library/PackageCache/com.unity.shadergraph@c6e5f4d3afa5)
    com.unity.test-framework@1.6.0 (location: /Users/farhad/Projects/WarlineCapture-CodexUnity1/Library/PackageCache/com.unity.test-framework@629486125cfc)
    com.unity.ugui@2.0.0 (location: /Users/farhad/Projects/WarlineCapture-CodexUnity1/Library/PackageCache/com.unity.ugui@3dd2fbd8c1f1)
    com.unity.modules.accessibility@1.0.0 (location: /Users/farhad/Projects/WarlineCapture-CodexUnity1/Library/PackageCache/com.unity.modules.accessibility)
    com.unity.modules.adaptiveperformance@1.0.0 (location: /Users/farhad/Projects/WarlineCapture-CodexUnity1/Library/PackageCache/com.unity.modules.adaptiveperformance)
    com.unity.modules.ai@1.0.0 (location: /Users/farhad/Projects/WarlineCapture-CodexUnity1/Library/PackageCache/com.unity.modules.ai)
    com.unity.modules.androidjni@1.0.0 (location: /Users/farhad/Projects/WarlineCapture-CodexUnity1/Library/PackageCache/com.unity.modules.androidjni)
    com.unity.modules.animation@1.0.0 (location: /Users/farhad/Projects/WarlineCapture-CodexUnity1/Library/PackageCache/com.unity.modules.animation)
    com.unity.modules.assetbundle@1.0.0 (location: /Users/farhad/Projects/WarlineCapture-CodexUnity1/Library/PackageCache/com.unity.modules.assetbundle)
    com.unity.modules.audio@1.0.0 (location: /Users/farhad/Projects/WarlineCapture-CodexUnity1/Library/PackageCache/com.unity.modules.audio)
    com.unity.modules.cloth@1.0.0 (location: /Users/farhad/Projects/WarlineCapture-CodexUnity1/Library/PackageCache/com.unity.modules.cloth)
    com.unity.modules.director@1.0.0 (location: /Users/farhad/Projects/WarlineCapture-CodexUnity1/Library/PackageCache/com.unity.modules.director)
    com.unity.modules.imageconversion@1.0.0 (location: /Users/farhad/Projects/WarlineCapture-CodexUnity1/Library/PackageCache/com.unity.modules.imageconversion)
    com.unity.modules.imgui@1.0.0 (location: /Users/farhad/Projects/WarlineCapture-CodexUnity1/Library/PackageCache/com.unity.modules.imgui)
    com.unity.modules.jsonserialize@1.0.0 (location: /Users/farhad/Projects/WarlineCapture-CodexUnity1/Library/PackageCache/com.unity.modules.jsonserialize)
    com.unity.modules.screencapture@1.0.0 (location: /Users/farhad/Projects/WarlineCapture-CodexUnity1/Library/PackageCache/com.unity.modules.screencapture)
    com.unity.modules.tilemap@1.0.0 (location: /Users/farhad/Projects/WarlineCapture-CodexUnity1/Library/PackageCache/com.unity.modules.tilemap)
    com.unity.modules.ui@1.0.0 (location: /Users/farhad/Projects/WarlineCapture-CodexUnity1/Library/PackageCache/com.unity.modules.ui)
    com.unity.modules.uielements@1.0.0 (location: /Users/farhad/Projects/WarlineCapture-CodexUnity1/Library/PackageCache/com.unity.modules.uielements)
    com.unity.modules.umbra@1.0.0 (location: /Users/farhad/Projects/WarlineCapture-CodexUnity1/Library/PackageCache/com.unity.modules.umbra)
    com.unity.modules.unityanalytics@1.0.0 (location: /Users/farhad/Projects/WarlineCapture-CodexUnity1/Library/PackageCache/com.unity.modules.unityanalytics)
    com.unity.modules.unitywebrequest@1.0.0 (location: /Users/farhad/Projects/WarlineCapture-CodexUnity1/Library/PackageCache/com.unity.modules.unitywebrequest)
    com.unity.modules.unitywebrequestassetbundle@1.0.0 (location: /Users/farhad/Projects/WarlineCapture-CodexUnity1/Library/PackageCache/com.unity.modules.unitywebrequestassetbundle)
    com.unity.modules.unitywebrequestaudio@1.0.0 (location: /Users/farhad/Projects/WarlineCapture-CodexUnity1/Library/PackageCache/com.unity.modules.unitywebrequestaudio)
    com.unity.modules.unitywebrequesttexture@1.0.0 (location: /Users/farhad/Projects/WarlineCapture-CodexUnity1/Library/PackageCache/com.unity.modules.unitywebrequesttexture)
    com.unity.modules.unitywebrequestwww@1.0.0 (location: /Users/farhad/Projects/WarlineCapture-CodexUnity1/Library/PackageCache/com.unity.modules.unitywebrequestwww)
    com.unity.modules.vectorgraphics@1.0.0 (location: /Users/farhad/Projects/WarlineCapture-CodexUnity1/Library/PackageCache/com.unity.modules.vectorgraphics)
    com.unity.modules.vehicles@1.0.0 (location: /Users/farhad/Projects/WarlineCapture-CodexUnity1/Library/PackageCache/com.unity.modules.vehicles)
    com.unity.modules.video@1.0.0 (location: /Users/farhad/Projects/WarlineCapture-CodexUnity1/Library/PackageCache/com.unity.modules.video)
    com.unity.modules.vr@1.0.0 (location: /Users/farhad/Projects/WarlineCapture-CodexUnity1/Library/PackageCache/com.unity.modules.vr)
    com.unity.modules.wind@1.0.0 (location: /Users/farhad/Projects/WarlineCapture-CodexUnity1/Library/PackageCache/com.unity.modules.wind)
    com.unity.modules.xr@1.0.0 (location: /Users/farhad/Projects/WarlineCapture-CodexUnity1/Library/PackageCache/com.unity.modules.xr)
    com.unity.modules.physics@1.0.0 (location: /Users/farhad/Projects/WarlineCapture-CodexUnity1/Library/PackageCache/com.unity.modules.physics)
    com.unity.modules.subsystems@1.0.0 (location: /Users/farhad/Projects/WarlineCapture-CodexUnity1/Library/PackageCache/com.unity.modules.subsystems)
    com.unity.modules.hierarchycore@1.0.0 (location: /Users/farhad/Projects/WarlineCapture-CodexUnity1/Library/PackageCache/com.unity.modules.hierarchycore)
    com.unity.modules.physics2d@1.0.0 (location: /Users/farhad/Projects/WarlineCapture-CodexUnity1/Library/PackageCache/com.unity.modules.physics2d)
    com.unity.modules.particlesystem@1.0.0 (location: /Users/farhad/Projects/WarlineCapture-CodexUnity1/Library/PackageCache/com.unity.modules.particlesystem)
    com.unity.ext.nunit@2.0.5 (location: /Users/farhad/Projects/WarlineCapture-CodexUnity1/Library/PackageCache/com.unity.ext.nunit@d8c07649098d)
    com.unity.render-pipelines.core@17.4.0 (location: /Users/farhad/Projects/WarlineCapture-CodexUnity1/Library/PackageCache/com.unity.render-pipelines.core@6a60abc179f8)
    com.unity.collections@6.4.0 (location: /Users/farhad/Projects/WarlineCapture-CodexUnity1/Library/PackageCache/com.unity.collections@538ace9075bc)
    com.unity.render-pipelines.universal-config@17.4.0 (location: /Users/farhad/Projects/WarlineCapture-CodexUnity1/Library/PackageCache/com.unity.render-pipelines.universal-config@0db4263b9e6b)
    com.unity.modules.terrain@1.0.0 (location: /Users/farhad/Projects/WarlineCapture-CodexUnity1/Library/PackageCache/com.unity.modules.terrain)
  Embedded packages:
    com.sniveler-code.gpu-animation@file:/Users/farhad/Projects/WarlineCapture-CodexUnity1/Packages/com.sniveler-code.gpu-animation (location: /Users/farhad/Projects/WarlineCapture-CodexUnity1/Packages/com.sniveler-code.gpu-animation)
[Subsystems] No new subsystems found in resolved package list.
[Package Manager] Done registering packages in 0.01 seconds
Assembly reference Packages/com.unity.entities/Unity.Scenes.Editor/Internals/Properties/Unity.Properties.Internals.asmref has no target assembly definition
Assembly reference Packages/com.unity.entities/Unity.Scenes.Editor/Internals/Properties/Unity.Properties.Internals.asmref has no target assembly definition
[ScriptCompilation] Requested script compilation because: AssetDatabase observed changes in script compilation related files
info: Microsoft.Hosting.Lifetime[14]
      Now listening on: http://unix:/tmp/ilpp.sock-b4ec84c031c239252d01ca6208c174fd
info: Microsoft.Hosting.Lifetime[0]
      Application started. Press Ctrl+C to shut down.
info: Microsoft.Hosting.Lifetime[0]
      Hosting environment: Production
info: Microsoft.Hosting.Lifetime[0]
      Content root path: /Users/farhad/Projects/WarlineCapture-CodexUnity1
info: Microsoft.AspNetCore.Hosting.Diagnostics[1]
      Request starting HTTP/2 POST http://ilpp/UnityILPP.PostProcessing/Ping - application/grpc -
info: Microsoft.AspNetCore.Routing.EndpointMiddleware[0]
      Executing endpoint 'gRPC - /UnityILPP.PostProcessing/Ping'
info: Microsoft.AspNetCore.Routing.EndpointMiddleware[1]
      Executed endpoint 'gRPC - /UnityILPP.PostProcessing/Ping'
info: Microsoft.AspNetCore.Hosting.Diagnostics[2]
      Request finished HTTP/2 POST http://ilpp/UnityILPP.PostProcessing/Ping - 200 - application/grpc 15.2125ms
Starting: /Applications/Unity/Hub/Editor/6000.4.0f1/Unity.app/Contents/Resources/BuildPipeline/bee_backend --ipc --defer-dag-verification --dagfile="Library/Bee/200b0aEDbg.dag" --continue-on-failure --profile="Library/Bee/backend1.traceevents" ScriptAssemblies
WorkingDir: /Users/farhad/Projects/WarlineCapture-CodexUnity1
DisplayProgressbar: Compiling Scripts
info: Microsoft.AspNetCore.Hosting.Diagnostics[1]
      Request starting HTTP/2 POST http://ilpp/UnityILPP.PostProcessing/ConfigurePostProcessors - application/grpc -
info: Microsoft.AspNetCore.Routing.EndpointMiddleware[0]
      Executing endpoint 'gRPC - /UnityILPP.PostProcessing/ConfigurePostProcessors'
warn: Unity.ILPP.Runner.PostProcessingAssemblyLoadContext[0]
      Assembly unityeditor.ios.extensions.xcode has duplicate hint path. Ignoring "/Applications/Unity/Hub/Editor/6000.4.0f1/Unity.app/Contents/PlaybackEngines/MacStandaloneSupport/UnityEditor.iOS.Extensions.Xcode.dll" in favor of "/Applications/Unity/Hub/Editor/6000.4.0f1/PlaybackEngines/iOSSupport/UnityEditor.iOS.Extensions.Xcode.dll"
warn: Unity.ILPP.Runner.PostProcessingAssemblyLoadContext[0]
      Assembly system.runtime.interopservices.windowsruntime has duplicate hint path. Ignoring "/Applications/Unity/Hub/Editor/6000.4.0f1/Unity.app/Contents/Resources/Scripting/UnityReferenceAssemblies/unity-4.8-api/Facades/System.Runtime.InteropServices.WindowsRuntime.dll" in favor of "/Applications/Unity/Hub/Editor/6000.4.0f1/Unity.app/Contents/Resources/Scripting/NetStandard/Extensions/2.0.0/System.Runtime.InteropServices.WindowsRuntime.dll"
warn: Unity.ILPP.Runner.PostProcessingAssemblyLoadContext[0]
      Assembly system.componentmodel.composition has duplicate hint path. Ignoring "/Applications/Unity/Hub/Editor/6000.4.0f1/Unity.app/Contents/Resources/Scripting/UnityReferenceAssemblies/unity-4.8-api/System.ComponentModel.Composition.dll" in favor of "/Applications/Unity/Hub/Editor/6000.4.0f1/Unity.app/Contents/Resources/Scripting/NetStandard/compat/2.1.0/shims/netfx/System.ComponentModel.Composition.dll"
info: Unity.ILPP.Runner.PostProcessingAssemblyLoadContext[0]
      Resolved Unity.Burst.Cecil, Version=0.11.4.0, Culture=neutral, PublicKeyToken=50cebf1cceb9d05e with Library/PackageCache/com.unity.burst@07790c2d06d9/Unity.Burst.CodeGen/Unity.Burst.Cecil.dll
info: Unity.ILPP.Runner.PostProcessingAssemblyLoadContext[0]
      Resolved Mono.Cecil, Version=0.11.5.0, Culture=neutral, PublicKeyToken=50cebf1cceb9d05e with Library/PackageCache/com.unity.nuget.mono-cecil@ecb9724e46ff/Mono.Cecil.dll
info: Unity.ILPP.Runner.PostProcessingAssemblyLoadContext[0]
      Resolved Unity.Entities, Version=0.0.0.0, Culture=neutral, PublicKeyToken=null with Library/Bee/artifacts/200b0aEDbg.dag/Unity.Entities.dll
info: Microsoft.AspNetCore.Routing.EndpointMiddleware[1]
      Executed endpoint 'gRPC - /UnityILPP.PostProcessing/ConfigurePostProcessors'
info: Microsoft.AspNetCore.Hosting.Diagnostics[2]
      Request finished HTTP/2 POST http://ilpp/UnityILPP.PostProcessing/ConfigurePostProcessors - 200 - application/grpc 28.3064ms
info: Microsoft.AspNetCore.Hosting.Diagnostics[1]
      Request starting HTTP/2 POST http://ilpp/UnityILPP.PostProcessing/PostProcessAssembly - application/grpc -
info: Microsoft.AspNetCore.Hosting.Diagnostics[1]
      Request starting HTTP/2 POST http://ilpp/UnityILPP.PostProcessing/PostProcessAssembly - application/grpc -
info: Microsoft.AspNetCore.Routing.EndpointMiddleware[0]
      Executing endpoint 'gRPC - /UnityILPP.PostProcessing/PostProcessAssembly'
info: Microsoft.AspNetCore.Routing.EndpointMiddleware[0]
      Executing endpoint 'gRPC - /UnityILPP.PostProcessing/PostProcessAssembly'
info: Unity.ILPP.Runner.PostProcessingPipeline[0]
      Processing assembly Library/Bee/artifacts/200b0aEDbg.dag/Game.Tests.Editor.dll, with 135 defines and 302 references
info: Unity.ILPP.Runner.PostProcessingPipeline[0]
      Processing assembly Library/Bee/artifacts/200b0aEDbg.dag/Game.Editor.dll, with 135 defines and 314 references
info: Unity.ILPP.Runner.PostProcessingPipeline[0]
      processors: Unity.Entities.CodeGen.EntitiesILPostProcessors, Unity.Jobs.CodeGen.JobsILPostProcessor, zzzUnity.Burst.CodeGen.BurstILPostProcessor
info: Unity.ILPP.Runner.PostProcessingPipeline[0]
      processors: Unity.Entities.CodeGen.EntitiesILPostProcessors, Unity.Jobs.CodeGen.JobsILPostProcessor, zzzUnity.Burst.CodeGen.BurstILPostProcessor
info: Unity.ILPP.Runner.PostProcessingPipeline[0]
      running Unity.Entities.CodeGen.EntitiesILPostProcessors
info: Unity.ILPP.Runner.PostProcessingAssemblyLoadContext[0]
      Resolved Mono.Cecil.Rocks, Version=0.11.5.0, Culture=neutral, PublicKeyToken=50cebf1cceb9d05e with Library/PackageCache/com.unity.nuget.mono-cecil@ecb9724e46ff/Mono.Cecil.Rocks.dll
info: Unity.ILPP.Runner.PostProcessingPipeline[0]
      running Unity.Entities.CodeGen.EntitiesILPostProcessors
info: Unity.ILPP.Runner.PostProcessingAssemblyLoadContext[0]
      Resolved UnityEngine.CoreModule, Version=0.0.0.0, Culture=neutral, PublicKeyToken=null with /Applications/Unity/Hub/Editor/6000.4.0f1/Unity.app/Contents/Resources/Scripting/Managed/UnityEngine/UnityEngine.CoreModule.dll
info: Unity.ILPP.Runner.PostProcessingAssemblyLoadContext[0]
      Resolved Unity.Collections, Version=0.0.0.0, Culture=neutral, PublicKeyToken=null with Library/Bee/artifacts/200b0aEDbg.dag/Unity.Collections.dll
info: Unity.ILPP.Runner.PostProcessingAssemblyLoadContext[0]
      Resolved Unity.Burst, Version=0.0.0.0, Culture=neutral, PublicKeyToken=null with Library/Bee/artifacts/200b0aEDbg.dag/Unity.Burst.dll
info: Unity.ILPP.Runner.PostProcessingAssemblyLoadContext[0]
      Resolved Unity.Cecil.Awesome, Version=1.0.0.0, Culture=neutral, PublicKeyToken=null with Library/PackageCache/com.unity.entities@d66668920c3f/Unity.Entities.CodeGen/Unity.Cecil.Awesome.dll
  - EILPP : Game.Editor : : 372ms (~141ms)
    - EILPP : Game.Editor : GetAllComponentTypes: 15ms 
    - EILPP : Game.Editor : ComponentDataPP: 4ms 
    - EILPP : Game.Editor : StaticTypeRegistryPostProcessor: 22ms 
    - EILPP : Game.Editor : WriteAssembly: 190ms 
info: Unity.ILPP.Runner.PostProcessingPipeline[0]
      running Unity.Jobs.CodeGen.JobsILPostProcessor
  - EILPP : Game.Tests.Editor : : 382ms (~144ms)
    - EILPP : Game.Tests.Editor : Cloner: 1ms 
    - EILPP : Game.Tests.Editor : ComponentDataPP: 17ms 
    - EILPP : Game.Tests.Editor : StaticTypeRegistryPostProcessor: 20ms 
    - EILPP : Game.Tests.Editor : WriteAssembly: 200ms 
info: Unity.ILPP.Runner.PostProcessingPipeline[0]
      running Unity.Jobs.CodeGen.JobsILPostProcessor
info: Unity.ILPP.Runner.PostProcessingAssemblyLoadContext[0]
      Resolved UnityEditor.CoreModule, Version=0.0.0.0, Culture=neutral, PublicKeyToken=null with /Applications/Unity/Hub/Editor/6000.4.0f1/Unity.app/Contents/Resources/Scripting/Managed/UnityEngine/UnityEditor.CoreModule.dll
info: Unity.ILPP.Runner.PostProcessingPipeline[0]
      running zzzUnity.Burst.CodeGen.BurstILPostProcessor
info: Microsoft.AspNetCore.Routing.EndpointMiddleware[1]
      Executed endpoint 'gRPC - /UnityILPP.PostProcessing/PostProcessAssembly'
info: Microsoft.AspNetCore.Hosting.Diagnostics[2]
      Request finished HTTP/2 POST http://ilpp/UnityILPP.PostProcessing/PostProcessAssembly - 200 - application/grpc 464.2349ms
info: Unity.ILPP.Runner.PostProcessingPipeline[0]
      running zzzUnity.Burst.CodeGen.BurstILPostProcessor
info: Microsoft.AspNetCore.Routing.EndpointMiddleware[1]
      Executed endpoint 'gRPC - /UnityILPP.PostProcessing/PostProcessAssembly'
info: Microsoft.AspNetCore.Hosting.Diagnostics[2]
      Request finished HTTP/2 POST http://ilpp/UnityILPP.PostProcessing/PostProcessAssembly - 200 - application/grpc 468.1415ms
ExitCode: 0 Duration: 3s93ms
[1023/1392  0s] ILPP-Configuration Library/ilpp-configuration.nevergeneratedoutput
[1384/1392  2s] Csc Library/Bee/artifacts/200b0aEDbg.dag/Game.Editor.dll (+2 others)
[1386/1392  0s] ILPostProcess Library/Bee/artifacts/200b0aEDbg.dag/post-processed/Game.Editor.dll (+pdb)
Processing assembly Library/Bee/artifacts/200b0aEDbg.dag/Game.Editor.dll, with 135 defines and 314 references
processors: Unity.Entities.CodeGen.EntitiesILPostProcessors, Unity.Jobs.CodeGen.JobsILPostProcessor, zzzUnity.Burst.CodeGen.BurstILPostProcessor
running Unity.Entities.CodeGen.EntitiesILPostProcessors
running Unity.Jobs.CodeGen.JobsILPostProcessor
running zzzUnity.Burst.CodeGen.BurstILPostProcessor
[1387/1392  0s] ILPostProcess Library/Bee/artifacts/200b0aEDbg.dag/post-processed/Game.Tests.Editor.dll (+pdb)
Processing assembly Library/Bee/artifacts/200b0aEDbg.dag/Game.Tests.Editor.dll, with 135 defines and 302 references
processors: Unity.Entities.CodeGen.EntitiesILPostProcessors, Unity.Jobs.CodeGen.JobsILPostProcessor, zzzUnity.Burst.CodeGen.BurstILPostProcessor
running Unity.Entities.CodeGen.EntitiesILPostProcessors
running Unity.Jobs.CodeGen.JobsILPostProcessor
running zzzUnity.Burst.CodeGen.BurstILPostProcessor
[1388/1392  0s] CopyFiles Library/ScriptAssemblies/Game.Editor.dll
[1389/1392  0s] CopyFiles Library/ScriptAssemblies/Game.Editor.pdb
*** Tundra build success (3.08 seconds), 6 items updated, 1392 evaluated
AssetDatabase: script compilation time: 3.490892s
Total cache size 268255558
Total cache size after purge 268255558, took 00:00:00.1771893
Begin MonoManager ReloadAssembly
Assembly Assembly-CSharp-Editor-firstpass.dll at Library/ScriptAssemblies/Assembly-CSharp-Editor-firstpass.dll not valid. Loading of assembly skipped.
Assembly Assembly-CSharp-Editor.dll at Library/ScriptAssemblies/Assembly-CSharp-Editor.dll not valid. Loading of assembly skipped.
Assembly Assembly-CSharp-firstpass.dll at Library/ScriptAssemblies/Assembly-CSharp-firstpass.dll not valid. Loading of assembly skipped.
Assembly Assembly-CSharp.dll at Library/ScriptAssemblies/Assembly-CSharp.dll not valid. Loading of assembly skipped.
Assembly DocCodeExamples.dll at Library/ScriptAssemblies/DocCodeExamples.dll not valid. Loading of assembly skipped.
Assembly DocCodeSamples.dll at Library/ScriptAssemblies/DocCodeSamples.dll not valid. Loading of assembly skipped.
Assembly MockTests.dll at Library/ScriptAssemblies/MockTests.dll not valid. Loading of assembly skipped.
Assembly TestNewCustomAssembly.dll at Library/ScriptAssemblies/TestNewCustomAssembly.dll not valid. Loading of assembly skipped.
Assembly TypeDependencyCacheTestAssembly.dll at Library/ScriptAssemblies/TypeDependencyCacheTestAssembly.dll not valid. Loading of assembly skipped.
Assembly Unity.2D.Sprite.Package.EditorTests.dll at Library/ScriptAssemblies/Unity.2D.Sprite.Package.EditorTests.dll not valid. Loading of assembly skipped.
Assembly Unity.Burst.Tests.dll at Library/ScriptAssemblies/Unity.Burst.Tests.dll not valid. Loading of assembly skipped.
Assembly Unity.Collections.BurstCompatibilityGen.dll at Library/ScriptAssemblies/Unity.Collections.BurstCompatibilityGen.dll not valid. Loading of assembly skipped.
Assembly Unity.Collections.DocCodeSamples.dll at Library/ScriptAssemblies/Unity.Collections.DocCodeSamples.dll not valid. Loading of assembly skipped.
Assembly Unity.Collections.PerformanceTests.dll at Library/ScriptAssemblies/Unity.Collections.PerformanceTests.dll not valid. Loading of assembly skipped.
Assembly Unity.Collections.Tests.dll at Library/ScriptAssemblies/Unity.Collections.Tests.dll not valid. Loading of assembly skipped.
Assembly Unity.Collections.Tests.Playmode.dll at Library/ScriptAssemblies/Unity.Collections.Tests.Playmode.dll not valid. Loading of assembly skipped.
Assembly Unity.Entities.CodeGen.Tests.dll at Library/ScriptAssemblies/Unity.Entities.CodeGen.Tests.dll not valid. Loading of assembly skipped.
Assembly Unity.Entities.ContentDelivery.Tests.dll at Library/ScriptAssemblies/Unity.Entities.ContentDelivery.Tests.dll not valid. Loading of assembly skipped.
Assembly Unity.Entities.Editor.PerformanceTests.dll at Library/ScriptAssemblies/Unity.Entities.Editor.PerformanceTests.dll not valid. Loading of assembly skipped.
Assembly Unity.Entities.Editor.Tests.dll at Library/ScriptAssemblies/Unity.Entities.Editor.Tests.dll not valid. Loading of assembly skipped.
Assembly Unity.Entities.Graphics.Tests.dll at Library/ScriptAssemblies/Unity.Entities.Graphics.Tests.dll not valid. Loading of assembly skipped.
Assembly Unity.Entities.Hybrid.EndToEnd.Tests.dll at Library/ScriptAssemblies/Unity.Entities.Hybrid.EndToEnd.Tests.dll not valid. Loading of assembly skipped.
Assembly Unity.Entities.Hybrid.PerformanceTests.dll at Library/ScriptAssemblies/Unity.Entities.Hybrid.PerformanceTests.dll not valid. Loading of assembly skipped.
Assembly Unity.Entities.Hybrid.Tests.dll at Library/ScriptAssemblies/Unity.Entities.Hybrid.Tests.dll not valid. Loading of assembly skipped.
Assembly Unity.Entities.Hybrid.Tests.ExcludedAssembly.dll at Library/ScriptAssemblies/Unity.Entities.Hybrid.Tests.ExcludedAssembly.dll not valid. Loading of assembly skipped.
Assembly Unity.Entities.Hybrid.Tests.SeparateAssembly.dll at Library/ScriptAssemblies/Unity.Entities.Hybrid.Tests.SeparateAssembly.dll not valid. Loading of assembly skipped.
Assembly Unity.Entities.PerformanceTests.dll at Library/ScriptAssemblies/Unity.Entities.PerformanceTests.dll not valid. Loading of assembly skipped.
Assembly Unity.Entities.TestComponents.dll at Library/ScriptAssemblies/Unity.Entities.TestComponents.dll not valid. Loading of assembly skipped.
Assembly Unity.Entities.Tests.dll at Library/ScriptAssemblies/Unity.Entities.Tests.dll not valid. Loading of assembly skipped.
Assembly Unity.Entities.Tests.InAnotherAssembly.dll at Library/ScriptAssemblies/Unity.Entities.Tests.InAnotherAssembly.dll not valid. Loading of assembly skipped.
Assembly Unity.Entities.Tests.InAnotherEmptyAssembly.dll at Library/ScriptAssemblies/Unity.Entities.Tests.InAnotherEmptyAssembly.dll not valid. Loading of assembly skipped.
Assembly Unity.InputSystem.IntegrationTests.dll at Library/ScriptAssemblies/Unity.InputSystem.IntegrationTests.dll not valid. Loading of assembly skipped.
Assembly Unity.Mathematics.Extensions.Tests.dll at Library/ScriptAssemblies/Unity.Mathematics.Extensions.Tests.dll not valid. Loading of assembly skipped.
Assembly Unity.Mathematics.Tests.dll at Library/ScriptAssemblies/Unity.Mathematics.Tests.dll not valid. Loading of assembly skipped.
Assembly Unity.Multiplayer.Center.Editor.Tests.dll at Library/ScriptAssemblies/Unity.Multiplayer.Center.Editor.Tests.dll not valid. Loading of assembly skipped.
Assembly Unity.Multiplayer.Center.Tests.dll at Library/ScriptAssemblies/Unity.Multiplayer.Center.Tests.dll not valid. Loading of assembly skipped.
Assembly Unity.Nuget.Mono-Cecil.dll at Library/ScriptAssemblies/Unity.Nuget.Mono-Cecil.dll not valid. Loading of assembly skipped.
Assembly Unity.PathTracing.Editor.Tests.dll at Library/ScriptAssemblies/Unity.PathTracing.Editor.Tests.dll not valid. Loading of assembly skipped.
Assembly Unity.PathTracing.Runtime.Tests.dll at Library/ScriptAssemblies/Unity.PathTracing.Runtime.Tests.dll not valid. Loading of assembly skipped.
Assembly Unity.Postprocessing.Editor.Tests.dll at Library/ScriptAssemblies/Unity.Postprocessing.Editor.Tests.dll not valid. Loading of assembly skipped.
Assembly Unity.Postprocessing.Runtime.Tests.dll at Library/ScriptAssemblies/Unity.Postprocessing.Runtime.Tests.dll not valid. Loading of assembly skipped.
Assembly Unity.RenderPipelines.Core.Editor.Tests.dll at Library/ScriptAssemblies/Unity.RenderPipelines.Core.Editor.Tests.dll not valid. Loading of assembly skipped.
Assembly Unity.RenderPipelines.Core.Runtime.Tests.dll at Library/ScriptAssemblies/Unity.RenderPipelines.Core.Runtime.Tests.dll not valid. Loading of assembly skipped.
Assembly Unity.RenderPipelines.Universal.Config.Editor.Tests.dll at Library/ScriptAssemblies/Unity.RenderPipelines.Universal.Config.Editor.Tests.dll not valid. Loading of assembly skipped.
Assembly Unity.RenderPipelines.Universal.Editor.Tests.dll at Library/ScriptAssemblies/Unity.RenderPipelines.Universal.Editor.Tests.dll not valid. Loading of assembly skipped.
Assembly Unity.RenderPipelines.Universal.Runtime.Tests.dll at Library/ScriptAssemblies/Unity.RenderPipelines.Universal.Runtime.Tests.dll not valid. Loading of assembly skipped.
Assembly Unity.Scenes.Editor.PerformanceTests.dll at Library/ScriptAssemblies/Unity.Scenes.Editor.PerformanceTests.dll not valid. Loading of assembly skipped.
Assembly Unity.Scenes.Editor.Tests.dll at Library/ScriptAssemblies/Unity.Scenes.Editor.Tests.dll not valid. Loading of assembly skipped.
Assembly Unity.Scenes.Hybrid.Tests.dll at Library/ScriptAssemblies/Unity.Scenes.Hybrid.Tests.dll not valid. Loading of assembly skipped.
Assembly Unity.Scenes.Hybrid.Tests.Editmode.Content.dll at Library/ScriptAssemblies/Unity.Scenes.Hybrid.Tests.Editmode.Content.dll not valid. Loading of assembly skipped.
Assembly Unity.Scenes.Hybrid.Tests.Playmode.dll at Library/ScriptAssemblies/Unity.Scenes.Hybrid.Tests.Playmode.dll not valid. Loading of assembly skipped.
Assembly Unity.Scenes.PerformanceTests.dll at Library/ScriptAssemblies/Unity.Scenes.PerformanceTests.dll not valid. Loading of assembly skipped.
Assembly Unity.Scenes.Tests.dll at Library/ScriptAssemblies/Unity.Scenes.Tests.dll not valid. Loading of assembly skipped.
Assembly Unity.ScriptableBuildPipeline.Editor.Tests.dll at Library/ScriptAssemblies/Unity.ScriptableBuildPipeline.Editor.Tests.dll not valid. Loading of assembly skipped.
Assembly Unity.ScriptableBuildPipeline.Tests.dll at Library/ScriptAssemblies/Unity.ScriptableBuildPipeline.Tests.dll not valid. Loading of assembly skipped.
Assembly Unity.ScriptableBuildPipelineTests.Runtime.Tests.dll at Library/ScriptAssemblies/Unity.ScriptableBuildPipelineTests.Runtime.Tests.dll not valid. Loading of assembly skipped.
Assembly Unity.Searcher.EditorTests.dll at Library/ScriptAssemblies/Unity.Searcher.EditorTests.dll not valid. Loading of assembly skipped.
Assembly Unity.Serialization.Tests.dll at Library/ScriptAssemblies/Unity.Serialization.Tests.dll not valid. Loading of assembly skipped.
Assembly Unity.Settings.Tests.dll at Library/ScriptAssemblies/Unity.Settings.Tests.dll not valid. Loading of assembly skipped.
Assembly Unity.ShaderGraph.Editor.Tests.dll at Library/ScriptAssemblies/Unity.ShaderGraph.Editor.Tests.dll not valid. Loading of assembly skipped.
Assembly Unity.TextMeshPro.Editor.Tests.dll at Library/ScriptAssemblies/Unity.TextMeshPro.Editor.Tests.dll not valid. Loading of assembly skipped.
Assembly Unity.TextMeshPro.Tests.dll at Library/ScriptAssemblies/Unity.TextMeshPro.Tests.dll not valid. Loading of assembly skipped.
Assembly Unity.Transforms.Hybrid.Tests.dll at Library/ScriptAssemblies/Unity.Transforms.Hybrid.Tests.dll not valid. Loading of assembly skipped.
Assembly Unity.Transforms.PerformanceTests.dll at Library/ScriptAssemblies/Unity.Transforms.PerformanceTests.dll not valid. Loading of assembly skipped.
Assembly Unity.Transforms.Tests.dll at Library/ScriptAssemblies/Unity.Transforms.Tests.dll not valid. Loading of assembly skipped.
Assembly Unity.UnifiedRayTracing.Editor.Tests.dll at Library/ScriptAssemblies/Unity.UnifiedRayTracing.Editor.Tests.dll not valid. Loading of assembly skipped.
Assembly UnityEditor.UI.Common.Tests.dll at Library/ScriptAssemblies/UnityEditor.UI.Common.Tests.dll not valid. Loading of assembly skipped.
Assembly UnityEditor.UI.EditorTests.dll at Library/ScriptAssemblies/UnityEditor.UI.EditorTests.dll not valid. Loading of assembly skipped.
Assembly UnityEngine.UI.Tests.dll at Library/ScriptAssemblies/UnityEngine.UI.Tests.dll not valid. Loading of assembly skipped.
Native extension for iOS target not found
Native extension for Android target not found
Native extension for WindowsStandalone target not found
Native extension for OSXStandalone target not found
Assembly reference Packages/com.unity.entities/Unity.Scenes.Editor/Internals/Properties/Unity.Properties.Internals.asmref has no target assembly definition
TypeManager.Initialize took: 138ms
[MODES] ModeService[none].Initialize
[MODES] ModeService[none].LoadModes
[MODES] Loading mode Default (0) for mode-current-id-WarlineCapture
ScheduleIndexationOnStartup MainProcess:True IndexOnStartup:True
Mono: successfully reloaded assembly
- Finished resetting the current domain, in  6.298 seconds
Domain Reload Profiling: 6861ms
	BeginReloadAssembly (97ms)
		DisableScriptedObjects (5ms)
		CreateAndSetChildDomain (34ms)
	RebuildCommonClasses (22ms)
	RebuildNativeTypeToScriptingClass (8ms)
	initialDomainReloadingComplete (48ms)
	LoadAllAssembliesAndSetupDomain (388ms)
		LoadAssemblies (205ms)
		AnalyzeDomain (212ms)
			TypeCache.Refresh (158ms)
				TypeCache.ScanAssembly (145ms)
			BuildScriptInfoCaches (45ms)
			ResolveRequiredComponents (8ms)
	FinalizeReload (6298ms)
		SetupLoadedEditorAssemblies (0ms)
			InitializePlatformSupportModulesInManaged (23ms)
			BeforeProcessingInitializeOnLoad (170ms)
			ProcessInitializeOnLoadAttributes (2823ms)
			ProcessInitializeOnLoadMethodAttributes (3096ms)
Start importing Packages/com.unity.render-pipelines.core/Tests/Editor/UnifiedRayTracing/TraceRays.urtshader using Guid(1142bbad8b9e8c44c83a9775ff120d37) (ScriptedImporter)Launching external process: /Applications/Unity/Hub/Editor/6000.4.0f1/Unity.app/Contents/Helpers/UnityShaderCompiler
Launched and connected shader compiler UnityShaderCompiler after 0.02 seconds
 -> (Import Result ID: 'ebb8278fae9d940a35f5e207af3070d8') in 0.035734292 seconds [static and dynamic dependencies]. Details - ImportResultOutputID=717cd7e64085dba25473ed4f08a9197e DependenciesID=8324527706794a00f403ecadb6d78a37 StaticDependenciesID=b7859538b7c8061be2c1df0681a26cec 
Start importing Packages/com.unity.render-pipelines.core/Runtime/Lighting/SurfaceCache/RisEstimation.urtshader using Guid(713f6141bd66a134383b787f2eaa7c11) (ScriptedImporter) -> (Import Result ID: '56efd3f2fa3cc09d796f189df047769a') in 0.005152917 seconds [static and dynamic dependencies]. Details - ImportResultOutputID=216c93f0ab5c6a6e47b174f251bcfebd DependenciesID=8af918d024e411b24417ef31533589de StaticDependenciesID=1251c416255850dca778d66927462604 
Start importing Packages/com.unity.render-pipelines.core/Runtime/PathTracing/Shaders/LightmapShadowMaskIntegration.urtshader using Guid(d19f4f8a13b6edb48b986a47ec96402e) (ScriptedImporter) -> (Import Result ID: 'e701d1666137509c5edeac87e524ae9c') in 0.008354959 seconds [static and dynamic dependencies]. Details - ImportResultOutputID=2a21ffb88a9650a69d46557d01ebcab5 DependenciesID=1d8760dbd8f773d538c7d88165a469b6 StaticDependenciesID=dddefbaa39ba5d51a386df5433e82fa1 
Start importing Packages/com.unity.render-pipelines.core/Runtime/PathTracing/Shaders/LightmapGBufferDebug.urtshader using Guid(737a1597422c12547a8714d76a9406ec) (ScriptedImporter) -> (Import Result ID: 'b2d4864b4048dfe64d745ee87fd6b381') in 0.003165666 seconds [static and dynamic dependencies]. Details - ImportResultOutputID=5f8c58c03bf7df9f304ec3279ed20e53 DependenciesID=89ee1d43b4b00f6137a6b3aa0cad6eb1 StaticDependenciesID=62194a0448f2b8616e1214fb593272db 
Start importing Packages/com.unity.render-pipelines.core/Runtime/PathTracing/Shaders/LightmapNormalIntegration.urtshader using Guid(1451d029813b192429211be28181beab) (ScriptedImporter) -> (Import Result ID: '4cfd4f84fa716d7966ede8c4c6205462') in 0.003205542 seconds [static and dynamic dependencies]. Details - ImportResultOutputID=2655828a314da14ea6d9a75bedafbfa5 DependenciesID=8c2e004b456955e2217b3012172bd311 StaticDependenciesID=cbe3820d9825e61936c3967ec27e4e90 
Start importing Packages/com.unity.render-pipelines.core/Editor/Lighting/ProbeVolume/RenderingLayerMask/TraceRenderingLayerMask.urtshader using Guid(94a070d33e408384bafc1dea4a565df9) (ScriptedImporter) -> (Import Result ID: 'b1d9cf2c6b971e41ad4fb487bcc3402a') in 0.002933875 seconds [static and dynamic dependencies]. Details - ImportResultOutputID=141aadf048636fb8478cf16274b5a8ba DependenciesID=5739517fa1a1fd224170ad2d6cc5eb92 StaticDependenciesID=83d03f1fcc976b11b697d3bab0b97d8c 
Start importing Packages/com.unity.render-pipelines.core/Runtime/Lighting/SurfaceCache/UniformEstimation.urtshader using Guid(94a39d12848d8d64ca962a72b74e7c50) (ScriptedImporter) -> (Import Result ID: '87a9efaf8e7b7387e7db806d1fb3c14f') in 0.002984625 seconds [static and dynamic dependencies]. Details - ImportResultOutputID=f4a5dde966efae2b993081c65c7b42f5 DependenciesID=19813cff0db32443a4032127509499c6 StaticDependenciesID=f100dc97879ef35876f7ad5427566dd9 
Start importing Packages/com.unity.render-pipelines.core/Tests/Editor/UnifiedRayTracing/TraceTransparentRays.urtshader using Guid(6513c3b892e933c4f8d00c19d5c47532) (ScriptedImporter) -> (Import Result ID: '8b75a579b5a2d9ae6e78accf613e01a0') in 0.001611291 seconds [static and dynamic dependencies]. Details - ImportResultOutputID=bb8331bc588d887439b5c834aead2849 DependenciesID=7fe66f1546d3e7ad9f0b967e191781ae StaticDependenciesID=5e41b194f27d8b70c797e75555e2b1f0 
Start importing Packages/com.unity.render-pipelines.core/Runtime/PathTracing/Shaders/LightmapIndirectIntegration.urtshader using Guid(7624adbeb148b5c48ab5ab660cc2602a) (ScriptedImporter) -> (Import Result ID: 'a1cca140cba5cbb0702d61b69b49bb0f') in 0.003073458 seconds [static and dynamic dependencies]. Details - ImportResultOutputID=940a06a5df0c05cd0d0be58cb5647cc1 DependenciesID=a53f35f51360e37992ab1f86487f9ce8 StaticDependenciesID=6d19372de11b03798f093933090e79bb 
Start importing Packages/com.unity.render-pipelines.core/Runtime/PathTracing/Shaders/LightmapGBufferIntegration.urtshader using Guid(e9f4de6d1e07fb94f9a60d35b618f724) (ScriptedImporter) -> (Import Result ID: 'c051f4dc01ae95dd8f25c35dfc314c73') in 0.002468542 seconds [static and dynamic dependencies]. Details - ImportResultOutputID=44d555ab8a9fb343e441c700042b2333 DependenciesID=9d3772a95ef2febb753b18043d969943 StaticDependenciesID=66dc06979910318021783fcb4ccd3ecc 
Start importing Packages/com.unity.render-pipelines.core/Editor/Lighting/ProbeVolume/DynamicGI/DynamicGISkyOcclusion.urtshader using Guid(5a2a534753fbdb44e96c3c78b5a6999d) (ScriptedImporter) -> (Import Result ID: '758d7cf6b5d9f268e0e6e654ba878693') in 0.001950208 seconds [static and dynamic dependencies]. Details - ImportResultOutputID=15be3450d96d8637a78981796af96f85 DependenciesID=1c62e0e792af8fb2d6c6bba11b1d0e3e StaticDependenciesID=18974378deb0e4fc540e6b2321b0ff13 
Start importing Packages/com.unity.render-pipelines.core/Runtime/PathTracing/Shaders/LightmapDirectIntegration.urtshader using Guid(5bbebdef5916845478fcef13fa10d89f) (ScriptedImporter) -> (Import Result ID: '5e98a69d4053daa045b004c2f6578c59') in 0.002682875 seconds [static and dynamic dependencies]. Details - ImportResultOutputID=67663cb6b2717227f3d35a87c46bcdc6 DependenciesID=3379231fadc6e468775dc743d6cb57fa StaticDependenciesID=63188f79534be5f4b9e074ad4af5bfb7 
Start importing Packages/com.unity.render-pipelines.core/Tests/Editor/UnifiedRayTracing/TraceRaysAndFetchAttributes.urtshader using Guid(fbc59f55df2416344b008dc23753cae2) (ScriptedImporter) -> (Import Result ID: 'cabc9a5f049c3ce2c31a0260050d4eb5') in 0.00149775 seconds [static and dynamic dependencies]. Details - ImportResultOutputID=620de1a113ae5c6a39f03413c374a929 DependenciesID=015c7ebda4360780e267873ad43bc4db StaticDependenciesID=aa8291e86ea82085a643681c1c779d39 
Start importing Packages/com.unity.render-pipelines.core/Runtime/PathTracing/Shaders/LightmapAOIntegration.urtshader using Guid(1c410815c01ce1d4d82c645c0cd45747) (ScriptedImporter) -> (Import Result ID: 'cfc4a390f4e9a4277b074db4596f92a3') in 0.002596875 seconds [static and dynamic dependencies]. Details - ImportResultOutputID=96f6b4395649dd625305dc81d9089df3 DependenciesID=3fe895934755f26878120a066893d6ac StaticDependenciesID=bcaf3aac9727a2ca27155e619d011e5f 
Start importing Packages/com.unity.render-pipelines.core/Runtime/PathTracing/Shaders/ProbeIntegrationValidity.urtshader using Guid(2c32233d92a2d0745930664c087c5c9a) (ScriptedImporter) -> (Import Result ID: 'aaefdad449b0463166db48098bf3d537') in 0.002941417 seconds [static and dynamic dependencies]. Details - ImportResultOutputID=7d66cb8f19a8d87d1e29fa5e443eec25 DependenciesID=c0bc84aa81e31ca69437094f39ad61b5 StaticDependenciesID=4aea10376946a8225ccdfdec15a70dac 
Start importing Packages/com.unity.render-pipelines.core/Runtime/PathTracing/Shaders/LightmapValidityIntegration.urtshader using Guid(ace95ac84e213794891b4bd7c9b3c158) (ScriptedImporter) -> (Import Result ID: '569f58ac3fc4d6f09563e9636e3ef398') in 0.002689708 seconds [static and dynamic dependencies]. Details - ImportResultOutputID=6a35ddaa89f4adfba869f3b7e07e5685 DependenciesID=20b2044ca1562b7908258e182d4e39f4 StaticDependenciesID=46d905dacc01197a8e043a8ad4f9d21d 
Start importing Packages/com.unity.render-pipelines.core/Runtime/Lighting/SurfaceCache/RestirCandidateTemporal.urtshader using Guid(ad3a9f9982f8c4f4a839a78955e78458) (ScriptedImporter) -> (Import Result ID: '63164eeb2414223ae1ab8dae7a6d44ee') in 0.002302083 seconds [static and dynamic dependencies]. Details - ImportResultOutputID=2c92493326e5dae361bc94af9c1f918b DependenciesID=3e60db2a6abe159c41f15ca7ad673893 StaticDependenciesID=2beaac54fac463ee5ee15c00b0990d01 
Start importing Packages/com.unity.render-pipelines.core/Runtime/PathTracing/Shaders/ProbeIntegrationIndirect.urtshader using Guid(5ecdabd800f05984696f22ba95284516) (ScriptedImporter) -> (Import Result ID: '637231cd99184fd26f34839793536c88') in 0.002927875 seconds [static and dynamic dependencies]. Details - ImportResultOutputID=768d361e713928083f902d6df9b168c3 DependenciesID=a2076702d2bf6235ec62fab9216e416b StaticDependenciesID=83ecbbd61911181b4944eb7ac9eabee5 
Start importing Packages/com.unity.render-pipelines.core/Tests/Runtime/PathTracing/PathIteratorTest.urtshader using Guid(6e0b547bab30a804c8123974120d583f) (ScriptedImporter) -> (Import Result ID: '515ca8edcb8b4ceb292033aeedd7650c') in 0.002788625 seconds [static and dynamic dependencies]. Details - ImportResultOutputID=b0f92340b88a1e49649238a94d4416d9 DependenciesID=93ae65ee3dd8be86d87ca024ee54d7f9 StaticDependenciesID=cf2a33ce9b71ea08a4459556694e1323 
Start importing Packages/com.unity.render-pipelines.core/Runtime/PathTracing/Shaders/LiveGI.urtshader using Guid(ceb7a31b84722d144bbeff1c8cd88769) (ScriptedImporter) -> (Import Result ID: 'bfe0476d41bb5645d7cabeb2d67457bf') in 0.002963833 seconds [static and dynamic dependencies]. Details - ImportResultOutputID=00c57b125d65048187c731bfbe48f8bb DependenciesID=038e82187630cefabe4430800e4a8136 StaticDependenciesID=628001b751fe9fddf64a203b1446575e 
Start importing Packages/com.unity.render-pipelines.core/Runtime/PathTracing/Shaders/ProbeIntegrationOcclusion.urtshader using Guid(de3013e16d99f2746ab1735ec06a660b) (ScriptedImporter) -> (Import Result ID: '1c3e9d12850d695d5a6af625210980fb') in 0.0025535 seconds [static and dynamic dependencies]. Details - ImportResultOutputID=77b3b79ec4a237fa5bba6d918f7a78e6 DependenciesID=c42439e874817ef1ceaaaa71b7cc54fa StaticDependenciesID=183f3d853e4af89ec08f4e79696e167d 
Start importing Packages/com.unity.render-pipelines.core/Runtime/PathTracing/Shaders/ProbeIntegrationDirect.urtshader using Guid(1f9bfe60b4ad75943a5281839c1a4e5c) (ScriptedImporter) -> (Import Result ID: '0b26ed033c1c9bda01f6111f8e38bf4d') in 0.002734292 seconds [static and dynamic dependencies]. Details - ImportResultOutputID=e96492b22232b25ff4a6fe1ed49561b1 DependenciesID=0b57fc5e9e8289d7ee046090c87be820 StaticDependenciesID=d3f99f9cc1ae2c0c0147c2fa8da668fc 
Start importing Packages/com.unity.render-pipelines.core/Editor/Lighting/ProbeVolume/VirtualOffset/TraceVirtualOffset.urtshader using Guid(ff2cbab5da58bf04d82c5f34037ed123) (ScriptedImporter) -> (Import Result ID: '5ccd52b83fd9ed1ff5934bb052fec892') in 0.00206125 seconds [static and dynamic dependencies]. Details - ImportResultOutputID=f8b46ff77448b7c591bf508f27496d43 DependenciesID=d9df8b0cbd0b27df3ad52c166de3b8c7 StaticDependenciesID=f51ff46b48d84884c883ac486ebfd7f9 
Start importing Assets/Game/Prefabs/UI/Shell/Content/SCN03_CommanderProfileContent.prefab using Guid(79afaec0dd6b448b080f049c0be5f8db) (PrefabImporter) -> (Import Result ID: '070b04a18cd400b9930536f1aa371791') in 0.051678542 seconds [static and dynamic dependencies]. Details - ImportResultOutputID=c01b6642d6a5567bf5a9eb053970060e DependenciesID=87d47a4d4fa75a2a6700445c4df2f170 StaticDependenciesID=13b0cbcc5401f70a314196554a67081c 
(Values over 0.050ms)
Asset Pipeline Refresh (id=f358531da744f4edbbb0c9c6a986c540): Total: 12.208 seconds - Initiated by InitialRefreshV2(ForceSynchronousImport)
	Summary:
		Imports: total=1 (actual=1, local cache=0, cache server=0)
		Asset DB Process Time: managed=1 ms, native=7771 ms
		Asset DB Callback time: managed=248 ms, native=38 ms
		Scripting: domain reloads=1, domain reload time=564 ms, compile time=3492 ms, other=90 ms
		Project Asset Count: scripts=2387, non-scripts=15763
		Asset File Changes: new=0, changed=2, moved=0, deleted=0
		Scan Filter Count: 1
	InvokePackagesCallback: 8.005ms
	ApplyChangesToAssetFolders: 0.235ms
	Scan: 875.393ms
	OnSourceAssetsModified: 0.514ms
	CategorizeScriptCompilationAssets: 54.173ms
	ProcessAssetsWithTransientArtifactChanges: 48.690ms
	CategorizeAssets: 140.701ms
	CompileScripts: 3491.511ms
	ImportOutOfDateAssets: 6484.031ms (6303.279ms without children)
		ImportManagerImport: 176.007ms (10.623ms without children)
		ReloadNativeAssets: 0.389ms
		UnloadImportedAssets: 1.341ms
		ReloadImportedAssets: 0.614ms
		EnsureUptoDateAssetsAreRegisteredWithGuidPM: 2.329ms
		OnDemandSchedulerStart: 0.675ms
	PostProcessAllAssets: 278.620ms
		ComputeShaderImportPostprocess 16.263ms
		RaytracingShaderImportPostprocess 12.875ms
		VCAutoAddAssetPostprocess 0.423ms
		PostProcessCallbackCreateDeferredMaterials 0.065ms
		XRBuildSystem.XRAssetImported 0.063ms
		MonoPostProcessAllAssets: 248.500ms
			AssetPostprocessor.OnPostprocessAllAssets 211.331ms
			StyleCatalogPostProcessor.OnPostprocessAllAssets 15.178ms
			UniversalRenderPipelineGlobalSettingsPostprocessor.OnPostprocessAllAssets 4.338ms
			BuilderAssetPostprocessor.OnPostprocessAllAssets 2.159ms
			SceneAssetPostProcessor.OnPostprocessAllAssets 2.005ms
			ShaderGraphAssetPostProcessor.OnPostprocessAllAssets 1.514ms
			SyncVS.PostprocessSyncProject 0.892ms
			SpeedTree9Postprocessor.OnPostprocessAllAssets 0.861ms
			WindowAssetPostprocessingWatcher.OnPostprocessAllAssets 0.827ms
			AssetChangedListener.OnPostprocessAllAssets 0.660ms
			RetainedModeAssetPostprocessor.OnPostprocessAllAssets 0.485ms
			MaterialPostprocessor.OnPostprocessAllAssets 0.453ms
			PostProcessor.OnPostprocessAllAssets 0.355ms
			InputActionAssetPostprocessor.OnPostprocessAllAssets 0.319ms
			InputActionJsonNameModifierAssetProcessor.OnPostprocessAllAssets 0.281ms
			RenderPipelineGlobalSettingsPostprocessor.OnPostprocessAllAssets 0.245ms
			ArtifactBrowserPostProcessor.OnPostprocessAllAssets 0.223ms
			SpriteEditorTexturePostprocessor.OnPostprocessAllAssets 0.198ms
			TextAssetPostProcessor.OnPostprocessAllAssets 0.190ms
			TMPro_TexturePostProcessor.OnPostprocessAllAssets 0.179ms
			UVCSAssetPostprocessor.OnPostprocessAllAssets 0.173ms
			CubeLutAssetImporter.OnPostprocessAllAssets 0.143ms
			AudioMixerPostprocessor.OnPostprocessAllAssets 0.127ms
			ReferencedClipsPostProcessor.OnPostprocessAllAssets 0.125ms
			AssetEvents.OnPostprocessAllAssets 0.114ms
			TerrainToolbarOverlayPostProcessor.OnPostprocessAllAssets 0.098ms
			SpeedTreePostProcessor.OnPostprocessAllAssets 0.070ms
			ProjectSettingsPostprocessor.OnPostprocessAllAssets 0.070ms
			AssetDatabaseCallbacks.OnPostprocessAllAssets 0.065ms
			ConfigAssetsTracker.OnPostprocessAllAssets 0.063ms
			SamplePostprocessor.OnPostprocessAllAssets 0.054ms
	PostAssetChangesProfiler: 1.376ms
	UnloadStreamsBegin: 2.127ms
	PersistCurrentRevisions: 0.513ms
	GenerateScriptTypeHashes: 2.889ms
	GenerateScriptTypeSerializationHashes: 4.622ms
	Untracked: 820.989ms

Application.AssetDatabase Initial Refresh End
Shader Hidden/ChartRasterizerHardware is not supported: GPU does not support conservative rasterization
Scanning for USB devices : 0.036ms
Initializing Unity extensions:
Script 'Library/PackageCache/com.unity.test-framework@629486125cfc/Tests/TestNewCustomAssembly/TestNewCustomAssembly.asmdef' will not be compiled because it exists outside the Assets folder and does not to belong to any assembly definition file.
Script 'Library/PackageCache/com.unity.entities@d66668920c3f/Unity.Entities.Hybrid.Tests/Baking/ExcludedAssemblyTest/Unity.Entities.Hybrid.Tests.ExcludedAssembly.asmdef' will not be compiled because it exists outside the Assets folder and does not to belong to any assembly definition file.
Script 'Library/PackageCache/com.unity.mathematics@19a9377c4ffa/Tests/Unity.Mathematics.Tests.asmdef' will not be compiled because it exists outside the Assets folder and does not to belong to any assembly definition file.
Script 'Library/PackageCache/com.unity.collections@538ace9075bc/Unity.Collections.Tests/System.Runtime.CompilerServices.Unsafe/System.Runtime.CompilerServices.Unsafe.xml' will not be compiled because it exists outside the Assets folder and does not to belong to any assembly definition file.
Script 'Library/PackageCache/com.unity.entities@d66668920c3f/Unity.Entities.PerformanceTests/Unity.Entities.PerformanceTests.asmdef' will not be compiled because it exists outside the Assets folder and does not to belong to any assembly definition file.
Script 'Library/PackageCache/com.unity.entities@d66668920c3f/Unity.Entities.Tests/InAnotherEmptyAssembly/Unity.Entities.Tests.InAnotherEmptyAssembly.asmdef' will not be compiled because it exists outside the Assets folder and does not to belong to any assembly definition file.
Script 'Library/PackageCache/com.unity.entities@d66668920c3f/Unity.Transforms.PerformanceTests/Unity.Transforms.PerformanceTests.asmdef' will not be compiled because it exists outside the Assets folder and does not to belong to any assembly definition file.
Script 'Library/PackageCache/com.unity.entities@d66668920c3f/Unity.Transforms.Tests/Unity.Transforms.Tests.asmdef' will not be compiled because it exists outside the Assets folder and does not to belong to any assembly definition file.
Script 'Library/PackageCache/com.unity.collections@538ace9075bc/DocCodeSamples.Tests/DocCodeSamples.Tests.asmdef' will not be compiled because it exists outside the Assets folder and does not to belong to any assembly definition file.
Script 'Library/PackageCache/com.unity.entities@d66668920c3f/Unity.Entities.Editor.PerformanceTests/Unity.Entities.Editor.PerformanceTests.asmdef' will not be compiled because it exists outside the Assets folder and does not to belong to any assembly definition file.
Script 'Library/PackageCache/com.unity.entities@d66668920c3f/Unity.Scenes.Hybrid.Tests/Playmode/Unity.Scenes.Hybrid.Tests.Playmode.asmdef' will not be compiled because it exists outside the Assets folder and does not to belong to any assembly definition file.
Script 'Library/PackageCache/com.unity.entities@d66668920c3f/Unity.Scenes.Tests/Unity.Scenes.Tests.asmdef' will not be compiled because it exists outside the Assets folder and does not to belong to any assembly definition file.
Script 'Library/PackageCache/com.unity.entities@d66668920c3f/Unity.Scenes.Editor.Tests/TypeDependencyCacheTestAssembly/TypeDependencyCacheTestAssembly.asmdef' will not be compiled because it exists outside the Assets folder and does not to belong to any assembly definition file.
Script 'Library/PackageCache/com.unity.serialization@582cbf30bbfd/Tests/Unity.Serialization.Tests/Unity.Serialization.Tests.asmdef' will not be compiled because it exists outside the Assets folder and does not to belong to any assembly definition file.
Script 'Library/PackageCache/com.unity.scriptablebuildpipeline@36e3b5898ee2/Tests/Runtime/TestAssets/Unity.ScriptableBuildPipelineTests.Runtime.Tests.asmdef' will not be compiled because it exists outside the Assets folder and does not to belong to any assembly definition file.
Script 'Library/PackageCache/com.unity.collections@538ace9075bc/Unity.Collections.PerformanceTests/Unity.Collections.PerformanceTests.asmdef' will not be compiled because it exists outside the Assets folder and does not to belong to any assembly definition file.
Script 'Library/PackageCache/com.unity.postprocessing@141166b789e3/Tests/Runtime/Unity.Postprocessing.Runtime.Tests.asmdef' will not be compiled because it exists outside the Assets folder and does not to belong to any assembly definition file.
Script 'Library/PackageCache/com.unity.timeline@bfd27f8016ff/DocCodeExamples/DocCodeExamples.asmdef' will not be compiled because it exists outside the Assets folder and does not to belong to any assembly definition file.
Script 'Library/PackageCache/com.unity.multiplayer.center@f01f4ba8d00a/Tests/Runtime/Unity.Multiplayer.Center.Tests.asmdef' will not be compiled because it exists outside the Assets folder and does not to belong to any assembly definition file.
Script 'Library/PackageCache/com.unity.entities@d66668920c3f/Unity.Entities.Hybrid.EndToEnd.Tests/Unity.Entities.Hybrid.EndToEnd.Tests.asmdef' will not be compiled because it exists outside the Assets folder and does not to belong to any assembly definition file.
Script 'Library/PackageCache/com.unity.entities@d66668920c3f/Unity.Scenes.Hybrid.Tests/Editmode/Content/Unity.Scenes.Hybrid.Tests.Editmode.Content.asmdef' will not be compiled because it exists outside the Assets folder and does not to belong to any assembly definition file.
Script 'Library/PackageCache/com.unity.entities@d66668920c3f/Unity.Entities.Tests/Content/ContentDeliveryTests/Unity.Entities.ContentDeliveryGlobalState.Tests.asmdef' will not be compiled because it exists outside the Assets folder and does not to belong to any assembly definition file.
Script 'Library/PackageCache/com.unity.entities@d66668920c3f/Unity.Entities.Hybrid.Tests/Baking/SeparateAssembly/Unity.Entities.Hybrid.Tests.SeparateAssembly.asmdef' will not be compiled because it exists outside the Assets folder and does not to belong to any assembly definition file.
Script 'Library/PackageCache/com.unity.render-pipelines.core@6a60abc179f8/Tests/Runtime/Threading/FunctionTestsGroup.compute' will not be compiled because it exists outside the Assets folder and does not to belong to any assembly definition file.
Script 'Library/PackageCache/com.unity.entities@d66668920c3f/DocCodeSamples.Tests/DocCodeSamples.asmdef' will not be compiled because it exists outside the Assets folder and does not to belong to any assembly definition file.
Script 'Library/PackageCache/com.unity.render-pipelines.core@6a60abc179f8/Tests/Runtime/PathTracing/UniformAlbedoMetaPass.shader' will not be compiled because it exists outside the Assets folder and does not to belong to any assembly definition file.
Script 'Library/PackageCache/com.unity.ugui@3dd2fbd8c1f1/Tests/Runtime/UGUI/UnityEngine.UI.Tests.asmdef' will not be compiled because it exists outside the Assets folder and does not to belong to any assembly definition file.
Script 'Library/PackageCache/com.unity.inputsystem@21a28c3a6c83/Tests/IntegrationTests/Unity.InputSystem.IntegrationTests.asmdef' will not be compiled because it exists outside the Assets folder and does not to belong to any assembly definition file.
Script 'Library/PackageCache/com.unity.entities@d66668920c3f/Unity.Transforms.Hybrid.Tests/Unity.Transforms.Hybrid.Tests.asmdef' will not be compiled because it exists outside the Assets folder and does not to belong to any assembly definition file.
Script 'Library/PackageCache/com.unity.collections@538ace9075bc/Unity.Collections.Tests.Playmode/FixedListPlayModeTests.tt' will not be compiled because it exists outside the Assets folder and does not to belong to any assembly definition file.
Script 'Library/PackageCache/com.unity.serialization@582cbf30bbfd/Tests/Unity.Serialization.Editor.Tests/Unity.Serialization.Editor.Tests.asmdef' will not be compiled because it exists outside the Assets folder and does not to belong to any assembly definition file.
Script 'Library/PackageCache/com.unity.entities@d66668920c3f/Unity.Entities.Hybrid.PerformanceTests/Unity.Entities.Hybrid.PerformanceTests.asmdef' will not be compiled because it exists outside the Assets folder and does not to belong to any assembly definition file.
Script 'Library/PackageCache/com.unity.entities@d66668920c3f/Unity.Scenes.Hybrid.Tests/Editmode/Unity.Scenes.Hybrid.Tests.asmdef' will not be compiled because it exists outside the Assets folder and does not to belong to any assembly definition file.
Script 'Library/PackageCache/com.unity.entities@d66668920c3f/Unity.Burst.Tests/Unity.Burst.Tests.asmdef' will not be compiled because it exists outside the Assets folder and does not to belong to any assembly definition file.
Script 'Library/PackageCache/com.unity.ugui@3dd2fbd8c1f1/Tests/Runtime/TMP/Unity.TextMeshPro.Tests.asmdef' will not be compiled because it exists outside the Assets folder and does not to belong to any assembly definition file.
Script 'Library/PackageCache/com.unity.entities.graphics@2ad17cac7401/Unity.Entities.Graphics.Tests/Unity.Entities.Graphics.Tests.asmdef' will not be compiled because it exists outside the Assets folder and does not to belong to any assembly definition file.
Script 'Library/PackageCache/com.unity.render-pipelines.universal@0c5162adfb45/Tests/Runtime/Unity.RenderPipelines.Universal.Runtime.Tests.asmdef' will not be compiled because it exists outside the Assets folder and does not to belong to any assembly definition file.
Script 'Library/PackageCache/com.unity.entities@d66668920c3f/Unity.Entities.Tests/InAnotherAssembly/Unity.Entities.Tests.InAnotherAssembly.asmdef' will not be compiled because it exists outside the Assets folder and does not to belong to any assembly definition file.
Script 'Library/PackageCache/com.unity.entities@d66668920c3f/Unity.Mathematics.Extensions.Tests/Unity.Mathematics.Extensions.Tests.asmdef' will not be compiled because it exists outside the Assets folder and does not to belong to any assembly definition file.
Script 'Library/PackageCache/com.unity.scriptablebuildpipeline@36e3b5898ee2/Tests/Runtime/Unity.ScriptableBuildPipeline.Tests.asmdef' will not be compiled because it exists outside the Assets folder and does not to belong to any assembly definition file.
Script 'Library/PackageCache/com.unity.entities@d66668920c3f/Unity.Entities.Hybrid.Tests/Unity.Entities.Hybrid.Tests.asmdef' will not be compiled because it exists outside the Assets folder and does not to belong to any assembly definition file.
Script 'Library/PackageCache/com.unity.entities@d66668920c3f/Unity.Entities.Tests/Unity.Entities.Tests.asmdef' will not be compiled because it exists outside the Assets folder and does not to belong to any assembly definition file.
Script 'Library/PackageCache/com.unity.entities@d66668920c3f/Unity.Scenes.Editor.Tests/Unity.Scenes.Editor.Tests.asmdef' will not be compiled because it exists outside the Assets folder and does not to belong to any assembly definition file.
Script 'Library/PackageCache/com.unity.entities@d66668920c3f/Unity.Entities.TestComponents/Unity.TestComponents.asmdef' will not be compiled because it exists outside the Assets folder and does not to belong to any assembly definition file.
Script 'Library/PackageCache/com.unity.entities@d66668920c3f/Unity.Scenes.Editor.PerformanceTests/Unity.Scenes.Editor.PerformanceTests.asmdef' will not be compiled because it exists outside the Assets folder and does not to belong to any assembly definition file.
Script 'Library/PackageCache/com.unity.entities@d66668920c3f/Unity.Entities.CodeGen.Tests/Unity.Entities.CodeGen.Tests.asmdef' will not be compiled because it exists outside the Assets folder and does not to belong to any assembly definition file.
Script 'Library/PackageCache/com.unity.collections@538ace9075bc/Unity.Collections.BurstCompatibilityGen/Unity.Collections.BurstCompatibilityGen.asmdef' will not be compiled because it exists outside the Assets folder and does not to belong to any assembly definition file.
Script 'Library/PackageCache/com.unity.entities@d66668920c3f/Unity.Entities.Editor.Tests/Unity.Entities.Editor.Tests.asmdef' will not be compiled because it exists outside the Assets folder and does not to belong to any assembly definition file.
Script 'Library/PackageCache/com.unity.entities@d66668920c3f/Unity.Scenes.PerformanceTests/Unity.Scenes.PerformanceTests.asmdef' will not be compiled because it exists outside the Assets folder and does not to belong to any assembly definition file.
Unloading 75 Unused Serialized files (Serialized files now loaded: 0)
Unloading 9879 unused Assets / (2.1 MB). Loaded Objects now: 10304.
Memory consumption went from 409.5 MB to 407.5 MB.
Total: 8.238667 ms (FindLiveObjects: 0.296916 ms CreateObjectMapping: 0.172250 ms MarkObjects: 6.406959 ms  DeleteObjects: 1.362458 ms)

2026-06-23 17:11:17.288 Unity[67347:207252] [XcodeApplications] Failed to read NSDictionary from path p/Contents/Info.plist
Loaded scene 'Library/Unused/0cbcf561d852b408097504832e022ba8'
	Deserialize:            17.639 ms
	Integration:            33.234 ms
	Integration of assets:  4.615 ms
	Thread Wait Time:       0.003 ms
	Total Operation Time:   55.491 ms
Start importing Assets/Game/Prefabs/UI/Shell/Content/SCN03_CommanderProfileContent.prefab using Guid(79afaec0dd6b448b080f049c0be5f8db) (PrefabImporter) -> (Import Result ID: 'e2159966094cf385331bc7df55e6a9d5') in 0.01781825 seconds [static and dynamic dependencies]. Details - ImportResultOutputID=7d59090fc7c13ea44e8bb004d9e8ea33 DependenciesID=bdc81781ff948309d7147480b81fe5d6 StaticDependenciesID=367daed57a4c6e99e4f2d5f8b34ac239 
Asset Pipeline Refresh (id=32da38765d8ea465c892bd7bfc499db9): Total: 0.118 seconds - Initiated by StopAssetImportingV2(NoUpdateAssetOptions)
[CanvasCommanderProfileTargetLockLayout] result=Passed prefab=Assets/Game/Prefabs/UI/Shell/Content/SCN03_CommanderProfileContent.prefab
UnityEngine.Debug:ExtractStackTraceNoAlloc (byte*,int,string)
UnityEngine.StackTraceUtility:ExtractStackTrace () (at /Users/bokken/build/output/unity/unity/Runtime/Export/Scripting/StackTrace.cs:35)
UnityEngine.DebugLogHandler:Internal_Log (UnityEngine.LogType,UnityEngine.LogOption,string,UnityEngine.Object)
UnityEngine.DebugLogHandler:LogFormat (UnityEngine.LogType,UnityEngine.Object,string,object[])
UnityEngine.Logger:Log (UnityEngine.LogType,object)
UnityEngine.Debug:Log (object)
CanvasMenuFallbackValidation:ApplyCommanderProfileTargetLockLayout () (at Assets/Game/Scripts/Editor/CanvasMenuFallbackValidation.cs:318)

(Filename: Assets/Game/Scripts/Editor/CanvasMenuFallbackValidation.cs Line: 318)

Curl error 42: Callback aborted
Unloading 4 Unused Serialized files (Serialized files now loaded: 0)
Killing ADB server in 0.02643 seconds.
Unloading 1388 unused Assets / (42.6 MB). Loaded Objects now: 10338.
Memory consumption went from 335.9 MB to 293.4 MB.
Total: 10.184792 ms (FindLiveObjects: 0.098834 ms CreateObjectMapping: 0.112583 ms MarkObjects: 8.948792 ms  DeleteObjects: 1.024417 ms)

Thread 0x17fff7000 may have been prematurely finalized
Input System module state changed to: ShutdownInProgress.
Input Polling Thread exited.
Input System module state changed to: Shutdown.
[Physics::Module] Cleanup current backend.
[Physics::Module] Id: 0xf2b8ea05
[Licensing::IpcConnector] LicenseClient-farhad-6000.4.0-notifications channel disconnected successfully.
[Licensing::IpcConnector] LicenseClient-farhad-6000.4.0 channel disconnected successfully.
Thread 0x17044b000 may have been prematurely finalized
Thread 0x1704d7000 may have been prematurely finalized
Thread 0x1705ef000 may have been prematurely finalized
Thread 0x170563000 may have been prematurely finalized
Thread 0x17067b000 may have been prematurely finalized
Thread 0x170793000 may have been prematurely finalized
Thread 0x17081f000 may have been prematurely finalized
Thread 0x170707000 may have been prematurely finalized
AcceleratorClientConnectionCallback - disconnected - :0
info: Microsoft.Hosting.Lifetime[0]
      Application is shutting down...
Cleanup mono
CodeReloadManager destroyed
info: Unity.ILPP.Runner.PostProcessingAssemblyLoadContext[0]
      ALC ILPP context 1 is unloading
17:11:18.209 |V| RiderPlugin                    | :1                             | AppDomain.CurrentDomain.DomainUnload lifetimeDefinition.Terminate
debugger-agent: Unable to listen on 44
[usbmuxd] Stop listen thread
[usbmuxd] Error: 
[usbmuxd] Listen thread exiting
